1667  rt_sigprocmask(SIG_SETMASK, [],  <unfinished ...>
1666  recvmsg(27,  <unfinished ...>
1665  <... rt_sigprocmask resumed>NULL, 8) = 0
1275  sendmsg(30, {msg_name=NULL, msg_namelen=0, msg_iov=[{iov_base="\1\0\0\0\0\0\0\0\205\6\0\0\0\0\0\0\f\0\0\0\0\0\0\0 \0\0\0\0\0\0\0", iov_len=32}], msg_iovlen=1, msg_control=[{cmsg_len=20, cmsg_level=SOL_SOCKET, cmsg_type=SCM_RIGHTS, cmsg_data=[32]}], msg_controllen=24, msg_flags=0}, 0 <unfinished ...>
1669  lseek(34, 0, SEEK_CUR <unfinished ...>
1668  <... lseek resumed>)              = 838
1667  <... rt_sigprocmask resumed>NULL, 8) = 0
1666  <... recvmsg resumed>{msg_name=NULL, msg_namelen=0, msg_iov=[{iov_base="\1\0\0\0\0\0\0\0\203\6\0\0\0\0\0\0\n\0\0\0\0\0\0\0\34\0\0\0\0\0\0\0", iov_len=32}], msg_iovlen=1, msg_control=[{cmsg_len=20, cmsg_level=SOL_SOCKET, cmsg_type=SCM_RIGHTS, cmsg_data=[5]}], msg_controllen=24, msg_flags=0}, 0) = 32
1665  setgroups(1, [33] <unfinished ...>
1669  <... lseek resumed>)              = 838
1668  lseek(32, 0, SEEK_CUR <unfinished ...>
1667  epoll_create(512 <unfinished ...>
1666  recvmsg(27,  <unfinished ...>
1275  <... sendmsg resumed>)            = 32
1669  lseek(34, 0, SEEK_CUR <unfinished ...>
1668  <... lseek resumed>)              = 838
1667  <... epoll_create resumed>)       = 30
1666  <... recvmsg resumed>{msg_name=NULL, msg_namelen=0, msg_iov=[{iov_base="\1\0\0\0\0\0\0\0\204\6\0\0\0\0\0\0\v\0\0\0\0\0\0\0\36\0\0\0\0\0\0\0", iov_len=32}], msg_iovlen=1, msg_control=[{cmsg_len=20, cmsg_level=SOL_SOCKET, cmsg_type=SCM_RIGHTS, cmsg_data=[9]}], msg_controllen=24, msg_flags=0}, 0) = 32
1665  <... setgroups resumed>)          = 0
1669  <... lseek resumed>)              = 838
1668  lseek(32, 0, SEEK_CUR <unfinished ...>
1667  eventfd2(0, 0 <unfinished ...>
1666  recvmsg(27,  <unfinished ...>
1275  socketpair(AF_UNIX, SOCK_STREAM, 0 <unfinished ...>
1669  lseek(34, 0, SEEK_CUR <unfinished ...>
1668  <... lseek resumed>)              = 838
1667  <... eventfd2 resumed>)           = 31
1666  <... recvmsg resumed>{msg_name=NULL, msg_namelen=0, msg_iov=[{iov_base="\1\0\0\0\0\0\0\0\205\6\0\0\0\0\0\0\f\0\0\0\0\0\0\0 \0\0\0\0\0\0\0", iov_len=32}], msg_iovlen=1, msg_control=[{cmsg_len=20, cmsg_level=SOL_SOCKET, cmsg_type=SCM_RIGHTS, cmsg_data=[11]}], msg_controllen=24, msg_flags=0}, 0) = 32
1665  setuid(33 <unfinished ...>
1669  <... lseek resumed>)              = 838
1668  lseek(32, 0, SEEK_CUR <unfinished ...>
1667  epoll_ctl(30, EPOLL_CTL_ADD, 31, {EPOLLIN|EPOLLET, {u32=4073848736, u64=94811181940640}} <unfinished ...>
1666  recvmsg(27,  <unfinished ...>
1275  <... socketpair resumed>, [34, 35]) = 0
1669  lseek(34, 0, SEEK_CUR <unfinished ...>
1668  <... lseek resumed>)              = 838
1667  <... epoll_ctl resumed>)          = 0
1666  <... recvmsg resumed>{msg_namelen=0}, 0) = -1 EAGAIN (Resource temporarily unavailable)
1665  <... setuid resumed>)             = 0
1669  <... lseek resumed>)              = 838
1668  lseek(32, 0, SEEK_CUR <unfinished ...>
1667  socketpair(AF_UNIX, SOCK_STREAM, 0 <unfinished ...>
1666  epoll_wait(28,  <unfinished ...>
1275  ioctl(34, FIONBIO, [1] <unfinished ...>
1669  lseek(34, 0, SEEK_CUR <unfinished ...>
1668  <... lseek resumed>)              = 838
1667  <... socketpair resumed>, [32, 33]) = 0
1665  prctl(PR_SET_DUMPABLE, SUID_DUMP_USER <unfinished ...>
1669  <... lseek resumed>)              = 838
1668  lseek(32, 0, SEEK_CUR <unfinished ...>
1667  epoll_ctl(30, EPOLL_CTL_ADD, 32, {EPOLLIN|EPOLLRDHUP|EPOLLET, {u32=4073848736, u64=94811181940640}} <unfinished ...>
1275  <... ioctl resumed>)              = 0
1669  lseek(34, 0, SEEK_CUR <unfinished ...>
1668  <... lseek resumed>)              = 838
1667  <... epoll_ctl resumed>)          = 0
1665  <... prctl resumed>)              = 0
1669  <... lseek resumed>)              = 838
1668  lseek(32, 0, SEEK_CUR <unfinished ...>
1667  close(33 <unfinished ...>
1275  ioctl(35, FIONBIO, [1] <unfinished ...>
1669  lseek(34, 0, SEEK_CUR <unfinished ...>
1668  <... lseek resumed>)              = 838
1667  <... close resumed>)              = 0
1665  rt_sigprocmask(SIG_SETMASK, [],  <unfinished ...>
1669  <... lseek resumed>)              = 838
1668  lseek(32, 0, SEEK_CUR <unfinished ...>
1667  epoll_wait(30,  <unfinished ...>
1275  <... ioctl resumed>)              = 0
1669  lseek(34, 0, SEEK_CUR <unfinished ...>
1668  <... lseek resumed>)              = 838
1667  <... epoll_wait resumed>[{EPOLLIN|EPOLLHUP|EPOLLRDHUP, {u32=4073848736, u64=94811181940640}}], 1, 5000) = 1
1665  <... rt_sigprocmask resumed>NULL, 8) = 0
1669  <... lseek resumed>)              = 838
1668  lseek(32, 0, SEEK_CUR <unfinished ...>
1667  close(32 <unfinished ...>
1275  ioctl(34, FIOASYNC, [1] <unfinished ...>
1669  lseek(34, 0, SEEK_CUR <unfinished ...>
1668  <... lseek resumed>)              = 838
1667  <... close resumed>)              = 0
1665  epoll_create(512 <unfinished ...>
1669  <... lseek resumed>)              = 838
1668  read(32,  <unfinished ...>
1667  mmap(NULL, 241664, PROT_READ|PROT_WRITE, MAP_PRIVATE|MAP_ANONYMOUS, -1, 0 <unfinished ...>
1275  <... ioctl resumed>)              = 0
1669  lseek(34, 0, SEEK_CUR <unfinished ...>
1668  <... read resumed>"", 4096)       = 0
1667  <... mmap resumed>)               = 0x7f863d37c000
1665  <... epoll_create resumed>)       = 26
1669  <... lseek resumed>)              = 838
1668  close(32 <unfinished ...>
1667  brk(0x563af493e000 <unfinished ...>
1275  fcntl(34, F_SETOWN, 1275 <unfinished ...>
1669  lseek(34, 0, SEEK_CUR <unfinished ...>
1668  <... close resumed>)              = 0
1667  <... brk resumed>)                = 0x563af493e000
1665  eventfd2(0, 0 <unfinished ...>
1669  <... lseek resumed>)              = 838
1275  <... fcntl resumed>)              = 0
1665  <... eventfd2 resumed>)           = 27
1669  lseek(34, 0, SEEK_CUR <unfinished ...>
1668  openat(AT_FDCWD, "/etc/ld.so.cache", O_RDONLY|O_CLOEXEC <unfinished ...>
1665  epoll_ctl(26, EPOLL_CTL_ADD, 27, {EPOLLIN|EPOLLET, {u32=4073848736, u64=94811181940640}} <unfinished ...>
1275  fcntl(34, F_SETFD, FD_CLOEXEC <unfinished ...>
1669  <... lseek resumed>)              = 838
1668  <... openat resumed>)             = 32
1667  epoll_ctl(30, EPOLL_CTL_ADD, 6, {EPOLLIN|EPOLLEXCLUSIVE, {u32=1027063824, u64=140214529409040}} <unfinished ...>
1665  <... epoll_ctl resumed>)          = 0
1669  lseek(34, 0, SEEK_CUR <unfinished ...>
1668  fstat(32,  <unfinished ...>
1667  <... epoll_ctl resumed>)          = 0
1275  <... fcntl resumed>)              = 0
1669  <... lseek resumed>)              = 838
1668  <... fstat resumed>{st_dev=makedev(0x8, 0x10), st_ino=41790, st_mode=S_IFREG|0644, st_nlink=1, st_uid=0, st_gid=0, st_blksize=4096, st_blocks=72, st_size=35001, st_atime=1633351535 /* 2021-10-04T08:45:35.831212600-0400 */, st_atime_nsec=831212600, st_mtime=1633351535 /* 2021-10-04T08:45:35.761212600-0400 */, st_mtime_nsec=761212600, st_ctime=1633351535 /* 2021-10-04T08:45:35.761212600-0400 */, st_ctime_nsec=761212600}) = 0
1667  epoll_ctl(30, EPOLL_CTL_ADD, 7, {EPOLLIN|EPOLLEXCLUSIVE, {u32=1027064056, u64=140214529409272}} <unfinished ...>
1665  socketpair(AF_UNIX, SOCK_STREAM, 0 <unfinished ...>
1669  lseek(34, 0, SEEK_CUR <unfinished ...>
1668  mmap(NULL, 35001, PROT_READ, MAP_PRIVATE, 32, 0 <unfinished ...>
1667  <... epoll_ctl resumed>)          = 0
1275  fcntl(35, F_SETFD, FD_CLOEXEC <unfinished ...>
1669  <... lseek resumed>)              = 838
1668  <... mmap resumed>)               = 0x7f863f634000
1667  epoll_ctl(30, EPOLL_CTL_ADD, 8, {EPOLLIN|EPOLLEXCLUSIVE, {u32=1027064288, u64=140214529409504}} <unfinished ...>
1665  <... socketpair resumed>, [28, 29]) = 0
1669  lseek(34, 0, SEEK_CUR <unfinished ...>
1668  close(32 <unfinished ...>
1667  <... epoll_ctl resumed>)          = 0
1275  <... fcntl resumed>)              = 0
1669  <... lseek resumed>)              = 838
1668  <... close resumed>)              = 0
1667  close(9 <unfinished ...>
1665  epoll_ctl(26, EPOLL_CTL_ADD, 28, {EPOLLIN|EPOLLRDHUP|EPOLLET, {u32=4073848736, u64=94811181940640}} <unfinished ...>
1669  lseek(34, 0, SEEK_CUR <unfinished ...>
1668  openat(AT_FDCWD, "/lib/x86_64-linux-gnu/libnss_systemd.so.2", O_RDONLY|O_CLOEXEC <unfinished ...>
1667  <... close resumed>)              = 0
1275  clone(child_stack=NULL, flags=CLONE_CHILD_CLEARTID|CLONE_CHILD_SETTID|SIGCHLD <unfinished ...>
1669  <... lseek resumed>)              = 838
1668  <... openat resumed>)             = 32
1667  close(11 <unfinished ...>
1665  <... epoll_ctl resumed>)          = 0
1669  lseek(34, 0, SEEK_CUR <unfinished ...>
1668  read(32,  <unfinished ...>
1667  <... close resumed>)              = 0
1669  <... lseek resumed>)              = 838
1668  <... read resumed>"\177ELF\2\1\1\0\0\0\0\0\0\0\0\0\3\0>\0\1\0\0\0\240o\0\0\0\0\0\0@\0\0\0\0\0\0\0\330\241\3\0\0\0\0\0\0\0\0\0@\08\0\f\0@\0\35\0\34\0\1\0\0\0\4\0\0\0\0\0\0\0\0\0\0\0\0\0\0\0\0\0\0\0\0\0\0\0\0\0\0\0\300P\0\0\0\0\0\0\300P\0\0\0\0\0\0\0\20\0\0\0\0\0\0\1\0\0\0\5\0\0\0\0`\0\0\0\0\0\0\0`\0\0\0\0\0\0\0`\0\0\0\0\0\0\rS\2\0\0\0\0\0\rS\2\0\0\0\0\0\0\20\0\0\0\0\0\0\1\0\0\0\4\0\0\0\0\300\2\0\0\0\0\0\0\300\2\0\0\0\0\0\0\300\2\0\0\0\0\0\20\262\0\0\0\0\0\0\20\262\0\0\0\0\0\0\0\20\0\0\0\0\0\0\1\0\0\0\6\0\0\0\320t\3\0\0\0\0\0\320\204\3\0\0\0\0\0\320\204\3\0\0\0\0\0\300+\0\0\0\0\0\0\3304\0\0\0\0\0\0\0\20\0\0\0\0\0\0\2\0\0\0\6\0\0\0\230\231\3\0\0\0\0\0\230\251\3\0\0\0\0\0\230\251\3\0\0\0\0\0 \2\0\0\0\0\0\0 \2\0\0\0\0\0\0\10\0\0\0\0\0\0\0\4\0\0\0\4\0\0\0\340\2\0\0\0\0\0\0\340\2\0\0\0\0\0\0\340\2\0\0\0\0\0\0 \0\0\0\0\0\0\0 \0\0\0\0\0\0\0\10\0\0\0\0\0\0\0\4\0\0\0\4\0\0\0\0\3\0\0\0\0\0\0\0\3\0\0\0\0\0\0\0\3\0\0\0\0\0\0$\0\0\0\0\0\0\0$\0\0\0\0\0\0\0\4\0\0\0\0\0\0\0\7\0\0\0\4\0\0\0\320t\3\0\0\0\0\0\320\204\3\0\0\0\0\0\320\204\3\0\0\0\0\0\0\0\0\0\0\0\0\0,\0\0\0\0\0\0\0\10\0\0\0\0\0\0\0S\345td\4\0\0\0\340\2\0\0\0\0\0\0\340\2\0\0\0\0\0\0\340\2\0\0\0\0\0\0 \0\0\0\0\0\0\0 \0\0\0\0\0\0\0\10\0\0\0\0\0\0\0P\345td\4\0\0\0\30\30\3\0\0\0\0\0\30\30\3\0\0\0\0\0\30\30\3\0\0\0\0\0L\n\0\0\0\0\0\0L\n\0\0\0\0\0\0\4\0\0\0\0\0\0\0Q\345td\6\0\0\0\0\0\0\0\0\0\0\0\0\0\0\0\0\0\0\0\0\0\0\0\0\0\0\0\0\0\0\0\0\0\0\0\0\0\0\0\0\0\0\0\20\0\0\0\0\0\0\0R\345td\4\0\0\0\320t\3\0\0\0\0\0\320\204\3\0\0\0\0\0\320\204\3\0\0\0\0\0000+\0\0\0\0\0\0000+\0\0\0\0\0\0\1\0\0\0\0\0\0\0\4\0\0\0\20\0\0\0\5\0\0\0GNU\0\2\0\0\300\4\0\0\0\3\0\0\0\0\0\0\0\4\0\0\0\24\0\0\0\3\0\0\0GNU\0\206\5\245\243;&,\2073\1l\26CM\342hGWG\335\0\0\0\0\3\0\0\0\203\0\0\0\1\0\0\0\6\0\0\0\220\2I\252`H\212D", 832) = 832
1665  close(29 <unfinished ...>
1669  lseek(34, 0, SEEK_CUR <unfinished ...>
1668  fstat(32,  <unfinished ...>
1667  close(13 <unfinished ...>
1665  <... close resumed>)              = 0
1670  set_robust_list(0x7f8640178e60, 24 <unfinished ...>
1668  <... fstat resumed>{st_dev=makedev(0x8, 0x10), st_ino=19069, st_mode=S_IFREG|0644, st_nlink=1, st_uid=0, st_gid=0, st_blksize=4096, st_blocks=472, st_size=239896, st_atime=1633351717 /* 2021-10-04T08:48:37.071212600-0400 */, st_atime_nsec=71212600, st_mtime=1626894021 /* 2021-07-21T15:00:21-0400 */, st_mtime_nsec=0, st_ctime=1631636411 /* 2021-09-14T12:20:11.265926600-0400 */, st_ctime_nsec=265926600}) = 0
1667  <... close resumed>)              = 0
1665  epoll_wait(26,  <unfinished ...>
1670  <... set_robust_list resumed>)    = 0
1669  <... lseek resumed>)              = 838
1668  mmap(NULL, 244136, PROT_READ, MAP_PRIVATE|MAP_DENYWRITE, 32, 0 <unfinished ...>
1667  close(15 <unfinished ...>
1275  <... clone resumed>, child_tidptr=0x7f8640178e50) = 1670
1670  getpid( <unfinished ...>
1669  lseek(34, 0, SEEK_CUR <unfinished ...>
1668  <... mmap resumed>)               = 0x7f863d3b7000
1667  <... close resumed>)              = 0
1665  <... epoll_wait resumed>[{EPOLLIN|EPOLLHUP|EPOLLRDHUP, {u32=4073848736, u64=94811181940640}}], 1, 5000) = 1
1670  <... getpid resumed>)             = 1670
1669  <... lseek resumed>)              = 838
1668  mmap(0x7f863d3bd000, 155648, PROT_READ|PROT_EXEC, MAP_PRIVATE|MAP_FIXED|MAP_DENYWRITE, 32, 0x6000 <unfinished ...>
1667  close(17 <unfinished ...>
1275  sendmsg(3, {msg_name=NULL, msg_namelen=0, msg_iov=[{iov_base="\1\0\0\0\0\0\0\0\206\6\0\0\0\0\0\0\r\0\0\0\0\0\0\0\"\0\0\0\0\0\0\0", iov_len=32}], msg_iovlen=1, msg_control=[{cmsg_len=20, cmsg_level=SOL_SOCKET, cmsg_type=SCM_RIGHTS, cmsg_data=[34]}], msg_controllen=24, msg_flags=0}, 0 <unfinished ...>
1670  geteuid( <unfinished ...>
1669  lseek(34, 0, SEEK_CUR <unfinished ...>
1668  <... mmap resumed>)               = 0x7f863d3bd000
1667  <... close resumed>)              = 0
1665  close(28 <unfinished ...>
1670  <... geteuid resumed>)            = 0
1669  <... lseek resumed>)              = 838
1668  mmap(0x7f863d3e3000, 49152, PROT_READ, MAP_PRIVATE|MAP_FIXED|MAP_DENYWRITE, 32, 0x2c000 <unfinished ...>
1667  close(19 <unfinished ...>
1275  <... sendmsg resumed>)            = 32
1670  setgid(33 <unfinished ...>
1669  lseek(34, 0, SEEK_CUR <unfinished ...>
1668  <... mmap resumed>)               = 0x7f863d3e3000
1667  <... close resumed>)              = 0
1665  <... close resumed>)              = 0
1670  <... setgid resumed>)             = 0
1669  <... lseek resumed>)              = 838
1668  mmap(0x7f863d3ef000, 16384, PROT_READ|PROT_WRITE, MAP_PRIVATE|MAP_FIXED|MAP_DENYWRITE, 32, 0x37000 <unfinished ...>
1667  close(21 <unfinished ...>
1275  sendmsg(10, {msg_name=NULL, msg_namelen=0, msg_iov=[{iov_base="\1\0\0\0\0\0\0\0\206\6\0\0\0\0\0\0\r\0\0\0\0\0\0\0\"\0\0\0\0\0\0\0", iov_len=32}], msg_iovlen=1, msg_control=[{cmsg_len=20, cmsg_level=SOL_SOCKET, cmsg_type=SCM_RIGHTS, cmsg_data=[34]}], msg_controllen=24, msg_flags=0}, 0 <unfinished ...>
1670  openat(AT_FDCWD, "/proc/sys/kernel/ngroups_max", O_RDONLY <unfinished ...>
1669  lseek(34, 0, SEEK_CUR <unfinished ...>
1668  <... mmap resumed>)               = 0x7f863d3ef000
1667  <... close resumed>)              = 0
1665  mmap(NULL, 241664, PROT_READ|PROT_WRITE, MAP_PRIVATE|MAP_ANONYMOUS, -1, 0 <unfinished ...>
1670  <... openat resumed>)             = 36
1669  <... lseek resumed>)              = 838
1668  close(32 <unfinished ...>
1667  close(23 <unfinished ...>
1275  <... sendmsg resumed>)            = 32
1670  read(36,  <unfinished ...>
1669  lseek(34, 0, SEEK_CUR <unfinished ...>
1668  <... close resumed>)              = 0
1667  <... close resumed>)              = 0
1665  <... mmap resumed>)               = 0x7f863d37c000
1670  <... read resumed>"65536\n", 31)  = 6
1669  <... lseek resumed>)              = 838
1667  close(5 <unfinished ...>
1275  sendmsg(12, {msg_name=NULL, msg_namelen=0, msg_iov=[{iov_base="\1\0\0\0\0\0\0\0\206\6\0\0\0\0\0\0\r\0\0\0\0\0\0\0\"\0\0\0\0\0\0\0", iov_len=32}], msg_iovlen=1, msg_control=[{cmsg_len=20, cmsg_level=SOL_SOCKET, cmsg_type=SCM_RIGHTS, cmsg_data=[34]}], msg_controllen=24, msg_flags=0}, 0 <unfinished ...>
1670  close(36 <unfinished ...>
1669  lseek(34, 0, SEEK_CUR <unfinished ...>
1668  mprotect(0x7f863d3ef000, 12288, PROT_READ <unfinished ...>
1665  brk(0x563af493e000 <unfinished ...>
1667  <... close resumed>)              = 0
1670  <... close resumed>)              = 0
1669  <... lseek resumed>)              = 838
1668  <... mprotect resumed>)           = 0
1665  <... brk resumed>)                = 0x563af493e000
1275  <... sendmsg resumed>)            = 32
1670  openat(AT_FDCWD, "/etc/group", O_RDONLY|O_CLOEXEC <unfinished ...>
1669  lseek(34, 0, SEEK_CUR <unfinished ...>
1668  munmap(0x7f863f634000, 35001 <unfinished ...>
1667  close(27 <unfinished ...>
1670  <... openat resumed>)             = 36
1669  <... lseek resumed>)              = 838
1668  <... munmap resumed>)             = 0
1667  <... close resumed>)              = 0
1665  epoll_ctl(26, EPOLL_CTL_ADD, 6, {EPOLLIN|EPOLLEXCLUSIVE, {u32=1027063824, u64=140214529409040}} <unfinished ...>
1275  sendmsg(14, {msg_name=NULL, msg_namelen=0, msg_iov=[{iov_base="\1\0\0\0\0\0\0\0\206\6\0\0\0\0\0\0\r\0\0\0\0\0\0\0\"\0\0\0\0\0\0\0", iov_len=32}], msg_iovlen=1, msg_control=[{cmsg_len=20, cmsg_level=SOL_SOCKET, cmsg_type=SCM_RIGHTS, cmsg_data=[34]}], msg_controllen=24, msg_flags=0}, 0 <unfinished ...>
1670  lseek(36, 0, SEEK_CUR <unfinished ...>
1669  lseek(34, 0, SEEK_CUR <unfinished ...>
1668  rt_sigprocmask(SIG_BLOCK, [HUP USR1 USR2 PIPE ALRM CHLD TSTP URG VTALRM PROF WINCH IO],  <unfinished ...>
1667  close(28 <unfinished ...>
1665  <... epoll_ctl resumed>)          = 0
1670  <... lseek resumed>)              = 0
1669  <... lseek resumed>)              = 838
1668  <... rt_sigprocmask resumed>[HUP INT QUIT USR1 USR2 ALRM TERM CHLD WINCH IO], 8) = 0
1667  <... close resumed>)              = 0
1275  <... sendmsg resumed>)            = 32
1670  fstat(36,  <unfinished ...>
1669  lseek(34, 0, SEEK_CUR <unfinished ...>
1668  gettid( <unfinished ...>
1665  epoll_ctl(26, EPOLL_CTL_ADD, 7, {EPOLLIN|EPOLLEXCLUSIVE, {u32=1027064056, u64=140214529409272}} <unfinished ...>
1275  sendmsg(16, {msg_name=NULL, msg_namelen=0, msg_iov=[{iov_base="\1\0\0\0\0\0\0\0\206\6\0\0\0\0\0\0\r\0\0\0\0\0\0\0\"\0\0\0\0\0\0\0", iov_len=32}], msg_iovlen=1, msg_control=[{cmsg_len=20, cmsg_level=SOL_SOCKET, cmsg_type=SCM_RIGHTS, cmsg_data=[34]}], msg_controllen=24, msg_flags=0}, 0 <unfinished ...>
1670  <... fstat resumed>{st_dev=makedev(0x8, 0x10), st_ino=42400, st_mode=S_IFREG|0644, st_nlink=1, st_uid=1000, st_gid=0, st_blksize=4096, st_blocks=8, st_size=838, st_atime=1633315470 /* 2021-10-03T22:44:30.569811000-0400 */, st_atime_nsec=569811000, st_mtime=1631463555 /* 2021-09-12T12:19:15.316844700-0400 */, st_mtime_nsec=316844700, st_ctime=1631542796 /* 2021-09-13T10:19:56.578701800-0400 */, st_ctime_nsec=578701800}) = 0
1669  <... lseek resumed>)              = 838
1668  <... gettid resumed>)             = 1668
1667  epoll_ctl(30, EPOLL_CTL_ADD, 29, {EPOLLIN|EPOLLRDHUP, {u32=1027064520, u64=140214529409736}} <unfinished ...>
1665  <... epoll_ctl resumed>)          = 0
1670  read(36,  <unfinished ...>
1669  lseek(34, 0, SEEK_CUR <unfinished ...>
1668  socket(AF_UNIX, SOCK_DGRAM|SOCK_CLOEXEC, 0 <unfinished ...>
1667  <... epoll_ctl resumed>)          = 0
1665  epoll_ctl(26, EPOLL_CTL_ADD, 8, {EPOLLIN|EPOLLEXCLUSIVE, {u32=1027064288, u64=140214529409504}} <unfinished ...>
1275  <... sendmsg resumed>)            = 32
1670  <... read resumed>"root:x:0:\ndaemon:x:1:\nbin:x:2:\nsys:x:3:\nadm:x:4:syslog,ssyeda\ntty:x:5:syslog\ndisk:x:6:\nlp:x:7:\nmail:x:8:\nnews:x:9:\nuucp:x:10:\nman:x:12:\nproxy:x:13:\nkmem:x:15:\ndialout:x:20:ssyeda\nfax:x:21:\nvoice:x:22:\ncdrom:x:24:ssyeda\nfloppy:x:25:ssyeda\ntape:x:26:\nsudo:x:27:ssyeda\naudio:x:29:ssyeda\ndip:x:30:ssyeda\nwww-data:x:33:\nbackup:x:34:\noperator:x:37:\nlist:x:38:\nirc:x:39:\nsrc:x:40:\ngnats:x:41:\nshadow:x:42:\nutmp:x:43:\nvideo:x:44:ssyeda\nsasl:x:45:\nplugdev:x:46:ssyeda\nstaff:x:50:\ngames:x:60:\nusers:x:100:\nnogroup:x:65534:\nsystemd-journal:x:101:\nsystemd-network:x:102:\nsystemd-resolve:x:103:\nsystemd-timesync:x:104:\ncrontab:x:105:\nmessagebus:x:106:\ninput:x:107:\nkvm:x:108:\nrender:x:109:\nsyslog:x:110:\ntss:x:111:\nuuidd:x:112:\ntcpdump:x:113:\nssh:x:114:\nlandscape:x:115:\nadmin:x:116:\nnetdev:x:117:ssyeda\nlxd:x:118:\nssyeda:x:1000:\ndocker:x:1001:ssyeda\n", 4096) = 838
1669  <... lseek resumed>)              = 838
1668  <... socket resumed>)             = 32
1667  epoll_wait(30,  <unfinished ...>
1665  <... epoll_ctl resumed>)          = 0
1670  lseek(36, 0, SEEK_CUR <unfinished ...>
1669  lseek(34, 0, SEEK_CUR <unfinished ...>
1668  connect(32, {sa_family=AF_UNIX, sun_path=@"userdb-54d82e9aebd7a40dbf59c71de9de795f"}, 42 <unfinished ...>
1275  sendmsg(18, {msg_name=NULL, msg_namelen=0, msg_iov=[{iov_base="\1\0\0\0\0\0\0\0\206\6\0\0\0\0\0\0\r\0\0\0\0\0\0\0\"\0\0\0\0\0\0\0", iov_len=32}], msg_iovlen=1, msg_control=[{cmsg_len=20, cmsg_level=SOL_SOCKET, cmsg_type=SCM_RIGHTS, cmsg_data=[34]}], msg_controllen=24, msg_flags=0}, 0 <unfinished ...>
1670  <... lseek resumed>)              = 838
1669  <... lseek resumed>)              = 838
1668  <... connect resumed>)            = -1 ECONNREFUSED (Connection refused)
1667  <... epoll_wait resumed>[{EPOLLIN, {u32=1027064520, u64=140214529409736}}], 512, -1) = 1
1665  close(9 <unfinished ...>
1670  lseek(36, 0, SEEK_CUR <unfinished ...>
1669  lseek(34, 0, SEEK_CUR <unfinished ...>
1668  close(32 <unfinished ...>
1667  recvmsg(29,  <unfinished ...>
1275  <... sendmsg resumed>)            = 32
1665  <... close resumed>)              = 0
1670  <... lseek resumed>)              = 838
1669  <... lseek resumed>)              = 838
1668  <... close resumed>)              = 0
1667  <... recvmsg resumed>{msg_name=NULL, msg_namelen=0, msg_iov=[{iov_base="\1\0\0\0\0\0\0\0\204\6\0\0\0\0\0\0\v\0\0\0\0\0\0\0\36\0\0\0\0\0\0\0", iov_len=32}], msg_iovlen=1, msg_control=[{cmsg_len=20, cmsg_level=SOL_SOCKET, cmsg_type=SCM_RIGHTS, cmsg_data=[5]}], msg_controllen=24, msg_flags=0}, 0) = 32
1275  sendmsg(20, {msg_name=NULL, msg_namelen=0, msg_iov=[{iov_base="\1\0\0\0\0\0\0\0\206\6\0\0\0\0\0\0\r\0\0\0\0\0\0\0\"\0\0\0\0\0\0\0", iov_len=32}], msg_iovlen=1, msg_control=[{cmsg_len=20, cmsg_level=SOL_SOCKET, cmsg_type=SCM_RIGHTS, cmsg_data=[34]}], msg_controllen=24, msg_flags=0}, 0 <unfinished ...>
1670  lseek(36, 0, SEEK_CUR <unfinished ...>
1669  lseek(34, 0, SEEK_CUR <unfinished ...>
1668  openat(AT_FDCWD, "/run/systemd/userdb/", O_RDONLY|O_NONBLOCK|O_CLOEXEC|O_DIRECTORY <unfinished ...>
1667  recvmsg(29,  <unfinished ...>
1665  close(11 <unfinished ...>
1670  <... lseek resumed>)              = 838
1669  <... lseek resumed>)              = 838
1668  <... openat resumed>)             = -1 ENOENT (No such file or directory)
1667  <... recvmsg resumed>{msg_name=NULL, msg_namelen=0, msg_iov=[{iov_base="\1\0\0\0\0\0\0\0\205\6\0\0\0\0\0\0\f\0\0\0\0\0\0\0 \0\0\0\0\0\0\0", iov_len=32}], msg_iovlen=1, msg_control=[{cmsg_len=20, cmsg_level=SOL_SOCKET, cmsg_type=SCM_RIGHTS, cmsg_data=[9]}], msg_controllen=24, msg_flags=0}, 0) = 32
1275  <... sendmsg resumed>)            = 32
1665  <... close resumed>)              = 0
1670  lseek(36, 0, SEEK_CUR <unfinished ...>
1669  lseek(34, 0, SEEK_CUR <unfinished ...>
1668  rt_sigprocmask(SIG_SETMASK, [HUP INT QUIT USR1 USR2 ALRM TERM CHLD WINCH IO],  <unfinished ...>
1667  recvmsg(29,  <unfinished ...>
1275  sendmsg(22, {msg_name=NULL, msg_namelen=0, msg_iov=[{iov_base="\1\0\0\0\0\0\0\0\206\6\0\0\0\0\0\0\r\0\0\0\0\0\0\0\"\0\0\0\0\0\0\0", iov_len=32}], msg_iovlen=1, msg_control=[{cmsg_len=20, cmsg_level=SOL_SOCKET, cmsg_type=SCM_RIGHTS, cmsg_data=[34]}], msg_controllen=24, msg_flags=0}, 0 <unfinished ...>
1665  close(13 <unfinished ...>
1670  <... lseek resumed>)              = 838
1669  <... lseek resumed>)              = 838
1668  <... rt_sigprocmask resumed>NULL, 8) = 0
1667  <... recvmsg resumed>{msg_namelen=0}, 0) = -1 EAGAIN (Resource temporarily unavailable)
1275  <... sendmsg resumed>)            = 32
1670  lseek(36, 0, SEEK_CUR <unfinished ...>
1669  lseek(34, 0, SEEK_CUR <unfinished ...>
1668  setgroups(1, [33] <unfinished ...>
1667  epoll_wait(30,  <unfinished ...>
1665  <... close resumed>)              = 0
1670  <... lseek resumed>)              = 838
1669  <... lseek resumed>)              = 838
1668  <... setgroups resumed>)          = 0
1275  sendmsg(4, {msg_name=NULL, msg_namelen=0, msg_iov=[{iov_base="\1\0\0\0\0\0\0\0\206\6\0\0\0\0\0\0\r\0\0\0\0\0\0\0\"\0\0\0\0\0\0\0", iov_len=32}], msg_iovlen=1, msg_control=[{cmsg_len=20, cmsg_level=SOL_SOCKET, cmsg_type=SCM_RIGHTS, cmsg_data=[34]}], msg_controllen=24, msg_flags=0}, 0 <unfinished ...>
1670  lseek(36, 0, SEEK_CUR <unfinished ...>
1669  lseek(34, 0, SEEK_CUR <unfinished ...>
1668  setuid(33 <unfinished ...>
1665  close(15 <unfinished ...>
1670  <... lseek resumed>)              = 838
1669  <... lseek resumed>)              = 838
1668  <... setuid resumed>)             = 0
1275  <... sendmsg resumed>)            = 32
1665  <... close resumed>)              = 0
1670  lseek(36, 0, SEEK_CUR <unfinished ...>
1669  lseek(34, 0, SEEK_CUR <unfinished ...>
1668  prctl(PR_SET_DUMPABLE, SUID_DUMP_USER <unfinished ...>
1275  sendmsg(26, {msg_name=NULL, msg_namelen=0, msg_iov=[{iov_base="\1\0\0\0\0\0\0\0\206\6\0\0\0\0\0\0\r\0\0\0\0\0\0\0\"\0\0\0\0\0\0\0", iov_len=32}], msg_iovlen=1, msg_control=[{cmsg_len=20, cmsg_level=SOL_SOCKET, cmsg_type=SCM_RIGHTS, cmsg_data=[34]}], msg_controllen=24, msg_flags=0}, 0 <unfinished ...>
1670  <... lseek resumed>)              = 838
1669  <... lseek resumed>)              = 838
1668  <... prctl resumed>)              = 0
1665  close(17 <unfinished ...>
1670  lseek(36, 0, SEEK_CUR <unfinished ...>
1669  lseek(34, 0, SEEK_CUR <unfinished ...>
1668  rt_sigprocmask(SIG_SETMASK, [],  <unfinished ...>
1666  <... epoll_wait resumed>[{EPOLLIN, {u32=1027064520, u64=140214529409736}}], 512, -1) = 1
1275  <... sendmsg resumed>)            = 32
1665  <... close resumed>)              = 0
1670  <... lseek resumed>)              = 838
1669  <... lseek resumed>)              = 838
1668  <... rt_sigprocmask resumed>NULL, 8) = 0
1666  recvmsg(27,  <unfinished ...>
1275  sendmsg(28, {msg_name=NULL, msg_namelen=0, msg_iov=[{iov_base="\1\0\0\0\0\0\0\0\206\6\0\0\0\0\0\0\r\0\0\0\0\0\0\0\"\0\0\0\0\0\0\0", iov_len=32}], msg_iovlen=1, msg_control=[{cmsg_len=20, cmsg_level=SOL_SOCKET, cmsg_type=SCM_RIGHTS, cmsg_data=[34]}], msg_controllen=24, msg_flags=0}, 0 <unfinished ...>
1670  lseek(36, 0, SEEK_CUR <unfinished ...>
1669  lseek(34, 0, SEEK_CUR <unfinished ...>
1668  epoll_create(512 <unfinished ...>
1666  <... recvmsg resumed>{msg_name=NULL, msg_namelen=0, msg_iov=[{iov_base="\1\0\0\0\0\0\0\0\206\6\0\0\0\0\0\0\r\0\0\0\0\0\0\0\"\0\0\0\0\0\0\0", iov_len=32}], msg_iovlen=1, msg_control=[{cmsg_len=20, cmsg_level=SOL_SOCKET, cmsg_type=SCM_RIGHTS, cmsg_data=[13]}], msg_controllen=24, msg_flags=0}, 0) = 32
1665  close(19 <unfinished ...>
1670  <... lseek resumed>)              = 838
1669  <... lseek resumed>)              = 838
1668  <... epoll_create resumed>)       = 32
1667  <... epoll_wait resumed>[{EPOLLIN, {u32=1027064520, u64=140214529409736}}], 512, -1) = 1
1666  recvmsg(27,  <unfinished ...>
1275  <... sendmsg resumed>)            = 32
1665  <... close resumed>)              = 0
1670  lseek(36, 0, SEEK_CUR <unfinished ...>
1669  lseek(34, 0, SEEK_CUR <unfinished ...>
1668  eventfd2(0, 0 <unfinished ...>
1667  recvmsg(29,  <unfinished ...>
1666  <... recvmsg resumed>{msg_namelen=0}, 0) = -1 EAGAIN (Resource temporarily unavailable)
1275  sendmsg(30, {msg_name=NULL, msg_namelen=0, msg_iov=[{iov_base="\1\0\0\0\0\0\0\0\206\6\0\0\0\0\0\0\r\0\0\0\0\0\0\0\"\0\0\0\0\0\0\0", iov_len=32}], msg_iovlen=1, msg_control=[{cmsg_len=20, cmsg_level=SOL_SOCKET, cmsg_type=SCM_RIGHTS, cmsg_data=[34]}], msg_controllen=24, msg_flags=0}, 0 <unfinished ...>
1665  close(21 <unfinished ...>
1670  <... lseek resumed>)              = 838
1669  <... lseek resumed>)              = 838
1668  <... eventfd2 resumed>)           = 33
1667  <... recvmsg resumed>{msg_name=NULL, msg_namelen=0, msg_iov=[{iov_base="\1\0\0\0\0\0\0\0\206\6\0\0\0\0\0\0\r\0\0\0\0\0\0\0\"\0\0\0\0\0\0\0", iov_len=32}], msg_iovlen=1, msg_control=[{cmsg_len=20, cmsg_level=SOL_SOCKET, cmsg_type=SCM_RIGHTS, cmsg_data=[11]}], msg_controllen=24, msg_flags=0}, 0) = 32
1666  epoll_wait(28,  <unfinished ...>
1665  <... close resumed>)              = 0
1275  <... sendmsg resumed>)            = 32
1670  lseek(36, 0, SEEK_CUR <unfinished ...>
1669  lseek(34, 0, SEEK_CUR <unfinished ...>
1668  epoll_ctl(32, EPOLL_CTL_ADD, 33, {EPOLLIN|EPOLLET, {u32=4073848736, u64=94811181940640}} <unfinished ...>
1667  recvmsg(29,  <unfinished ...>
1665  close(23 <unfinished ...>
1275  sendmsg(32, {msg_name=NULL, msg_namelen=0, msg_iov=[{iov_base="\1\0\0\0\0\0\0\0\206\6\0\0\0\0\0\0\r\0\0\0\0\0\0\0\"\0\0\0\0\0\0\0", iov_len=32}], msg_iovlen=1, msg_control=[{cmsg_len=20, cmsg_level=SOL_SOCKET, cmsg_type=SCM_RIGHTS, cmsg_data=[34]}], msg_controllen=24, msg_flags=0}, 0 <unfinished ...>
1670  <... lseek resumed>)              = 838
1669  <... lseek resumed>)              = 838
1668  <... epoll_ctl resumed>)          = 0
1667  <... recvmsg resumed>{msg_namelen=0}, 0) = -1 EAGAIN (Resource temporarily unavailable)
1665  <... close resumed>)              = 0
1670  lseek(36, 0, SEEK_CUR <unfinished ...>
1669  lseek(34, 0, SEEK_CUR <unfinished ...>
1668  socketpair(AF_UNIX, SOCK_STREAM, 0 <unfinished ...>
1667  epoll_wait(30,  <unfinished ...>
1275  <... sendmsg resumed>)            = 32
1665  close(4 <unfinished ...>
1670  <... lseek resumed>)              = 838
1669  <... lseek resumed>)              = 838
1668  <... socketpair resumed>, [34, 35]) = 0
1275  socketpair(AF_UNIX, SOCK_STREAM, 0 <unfinished ...>
1665  <... close resumed>)              = 0
1670  lseek(36, 0, SEEK_CUR <unfinished ...>
1669  lseek(34, 0, SEEK_CUR <unfinished ...>
1668  epoll_ctl(32, EPOLL_CTL_ADD, 34, {EPOLLIN|EPOLLRDHUP|EPOLLET, {u32=4073848736, u64=94811181940640}} <unfinished ...>
1275  <... socketpair resumed>, [36, 37]) = 0
1670  <... lseek resumed>)              = 838
1669  <... lseek resumed>)              = 838
1668  <... epoll_ctl resumed>)          = 0
1665  epoll_ctl(26, EPOLL_CTL_ADD, 5, {EPOLLIN|EPOLLRDHUP, {u32=1027064520, u64=140214529409736}} <unfinished ...>
1670  lseek(36, 0, SEEK_CUR <unfinished ...>
1669  lseek(34, 0, SEEK_CUR <unfinished ...>
1668  close(35 <unfinished ...>
1275  ioctl(36, FIONBIO, [1] <unfinished ...>
1670  <... lseek resumed>)              = 838
1669  <... lseek resumed>)              = 838
1668  <... close resumed>)              = 0
1665  <... epoll_ctl resumed>)          = 0
1275  <... ioctl resumed>)              = 0
1670  lseek(36, 0, SEEK_CUR <unfinished ...>
1669  lseek(34, 0, SEEK_CUR <unfinished ...>
1668  epoll_wait(32,  <unfinished ...>
1665  epoll_wait(26,  <unfinished ...>
1670  <... lseek resumed>)              = 838
1669  <... lseek resumed>)              = 838
1668  <... epoll_wait resumed>[{EPOLLIN|EPOLLHUP|EPOLLRDHUP, {u32=4073848736, u64=94811181940640}}], 1, 5000) = 1
1275  ioctl(37, FIONBIO, [1] <unfinished ...>
1665  <... epoll_wait resumed>[{EPOLLIN, {u32=1027064520, u64=140214529409736}}], 512, -1) = 1
1670  lseek(36, 0, SEEK_CUR <unfinished ...>
1669  lseek(34, 0, SEEK_CUR <unfinished ...>
1668  close(34 <unfinished ...>
1275  <... ioctl resumed>)              = 0
1665  recvmsg(5,  <unfinished ...>
1670  <... lseek resumed>)              = 838
1669  <... lseek resumed>)              = 838
1668  <... close resumed>)              = 0
1275  ioctl(36, FIOASYNC, [1] <unfinished ...>
1670  lseek(36, 0, SEEK_CUR <unfinished ...>
1669  lseek(34, 0, SEEK_CUR <unfinished ...>
1668  mmap(NULL, 241664, PROT_READ|PROT_WRITE, MAP_PRIVATE|MAP_ANONYMOUS, -1, 0 <unfinished ...>
1665  <... recvmsg resumed>{msg_name=NULL, msg_namelen=0, msg_iov=[{iov_base="\1\0\0\0\0\0\0\0\202\6\0\0\0\0\0\0\t\0\0\0\0\0\0\0\32\0\0\0\0\0\0\0", iov_len=32}], msg_iovlen=1, msg_control=[{cmsg_len=20, cmsg_level=SOL_SOCKET, cmsg_type=SCM_RIGHTS, cmsg_data=[4]}], msg_controllen=24, msg_flags=0}, 0) = 32
1670  <... lseek resumed>)              = 838
1669  <... lseek resumed>)              = 838
1668  <... mmap resumed>)               = 0x7f863d37c000
1275  <... ioctl resumed>)              = 0
1670  lseek(36, 0, SEEK_CUR <unfinished ...>
1669  lseek(34, 0, SEEK_CUR <unfinished ...>
1668  brk(0x563af493e000 <unfinished ...>
1665  recvmsg(5,  <unfinished ...>
1670  <... lseek resumed>)              = 838
1669  <... lseek resumed>)              = 838
1668  <... brk resumed>)                = 0x563af493e000
1275  fcntl(36, F_SETOWN, 1275 <unfinished ...>
1670  lseek(36, 0, SEEK_CUR <unfinished ...>
1669  lseek(34, 0, SEEK_CUR <unfinished ...>
1665  <... recvmsg resumed>{msg_name=NULL, msg_namelen=0, msg_iov=[{iov_base="\1\0\0\0\0\0\0\0\203\6\0\0\0\0\0\0\n\0\0\0\0\0\0\0\34\0\0\0\0\0\0\0", iov_len=32}], msg_iovlen=1, msg_control=[{cmsg_len=20, cmsg_level=SOL_SOCKET, cmsg_type=SCM_RIGHTS, cmsg_data=[9]}], msg_controllen=24, msg_flags=0}, 0) = 32
1670  <... lseek resumed>)              = 838
1669  <... lseek resumed>)              = 838
1275  <... fcntl resumed>)              = 0
1670  lseek(36, 0, SEEK_CUR <unfinished ...>
1669  read(34,  <unfinished ...>
1668  epoll_ctl(32, EPOLL_CTL_ADD, 6, {EPOLLIN|EPOLLEXCLUSIVE, {u32=1027063824, u64=140214529409040}} <unfinished ...>
1665  recvmsg(5,  <unfinished ...>
1670  <... lseek resumed>)              = 838
1669  <... read resumed>"", 4096)       = 0
1668  <... epoll_ctl resumed>)          = 0
1275  fcntl(36, F_SETFD, FD_CLOEXEC <unfinished ...>
1670  lseek(36, 0, SEEK_CUR <unfinished ...>
1669  close(34 <unfinished ...>
1668  epoll_ctl(32, EPOLL_CTL_ADD, 7, {EPOLLIN|EPOLLEXCLUSIVE, {u32=1027064056, u64=140214529409272}} <unfinished ...>
1665  <... recvmsg resumed>{msg_name=NULL, msg_namelen=0, msg_iov=[{iov_base="\1\0\0\0\0\0\0\0\204\6\0\0\0\0\0\0\v\0\0\0\0\0\0\0\36\0\0\0\0\0\0\0", iov_len=32}], msg_iovlen=1, msg_control=[{cmsg_len=20, cmsg_level=SOL_SOCKET, cmsg_type=SCM_RIGHTS, cmsg_data=[11]}], msg_controllen=24, msg_flags=0}, 0) = 32
1670  <... lseek resumed>)              = 838
1669  <... close resumed>)              = 0
1668  <... epoll_ctl resumed>)          = 0
1275  <... fcntl resumed>)              = 0
1670  lseek(36, 0, SEEK_CUR <unfinished ...>
1668  epoll_ctl(32, EPOLL_CTL_ADD, 8, {EPOLLIN|EPOLLEXCLUSIVE, {u32=1027064288, u64=140214529409504}} <unfinished ...>
1665  recvmsg(5,  <unfinished ...>
1275  fcntl(37, F_SETFD, FD_CLOEXEC <unfinished ...>
1670  <... lseek resumed>)              = 838
1669  openat(AT_FDCWD, "/etc/ld.so.cache", O_RDONLY|O_CLOEXEC <unfinished ...>
1668  <... epoll_ctl resumed>)          = 0
1665  <... recvmsg resumed>{msg_name=NULL, msg_namelen=0, msg_iov=[{iov_base="\1\0\0\0\0\0\0\0\205\6\0\0\0\0\0\0\f\0\0\0\0\0\0\0 \0\0\0\0\0\0\0", iov_len=32}], msg_iovlen=1, msg_control=[{cmsg_len=20, cmsg_level=SOL_SOCKET, cmsg_type=SCM_RIGHTS, cmsg_data=[13]}], msg_controllen=24, msg_flags=0}, 0) = 32
1275  <... fcntl resumed>)              = 0
1670  lseek(36, 0, SEEK_CUR <unfinished ...>
1669  <... openat resumed>)             = 34
1668  close(9 <unfinished ...>
1665  recvmsg(5,  <unfinished ...>
1670  <... lseek resumed>)              = 838
1669  fstat(34,  <unfinished ...>
1668  <... close resumed>)              = 0
1275  clone(child_stack=NULL, flags=CLONE_CHILD_CLEARTID|CLONE_CHILD_SETTID|SIGCHLD <unfinished ...>
1670  lseek(36, 0, SEEK_CUR <unfinished ...>
1669  <... fstat resumed>{st_dev=makedev(0x8, 0x10), st_ino=41790, st_mode=S_IFREG|0644, st_nlink=1, st_uid=0, st_gid=0, st_blksize=4096, st_blocks=72, st_size=35001, st_atime=1633351535 /* 2021-10-04T08:45:35.831212600-0400 */, st_atime_nsec=831212600, st_mtime=1633351535 /* 2021-10-04T08:45:35.761212600-0400 */, st_mtime_nsec=761212600, st_ctime=1633351535 /* 2021-10-04T08:45:35.761212600-0400 */, st_ctime_nsec=761212600}) = 0
1668  close(11 <unfinished ...>
1665  <... recvmsg resumed>{msg_name=NULL, msg_namelen=0, msg_iov=[{iov_base="\1\0\0\0\0\0\0\0\206\6\0\0\0\0\0\0\r\0\0\0\0\0\0\0\"\0\0\0\0\0\0\0", iov_len=32}], msg_iovlen=1, msg_control=[{cmsg_len=20, cmsg_level=SOL_SOCKET, cmsg_type=SCM_RIGHTS, cmsg_data=[15]}], msg_controllen=24, msg_flags=0}, 0) = 32
1670  <... lseek resumed>)              = 838
1669  mmap(NULL, 35001, PROT_READ, MAP_PRIVATE, 34, 0 <unfinished ...>
1668  <... close resumed>)              = 0
1670  lseek(36, 0, SEEK_CUR <unfinished ...>
1669  <... mmap resumed>)               = 0x7f863f634000
1668  close(13 <unfinished ...>
1665  recvmsg(5,  <unfinished ...>
1671  set_robust_list(0x7f8640178e60, 24 <unfinished ...>
1670  <... lseek resumed>)              = 838
1669  close(34 <unfinished ...>
1668  <... close resumed>)              = 0
1665  <... recvmsg resumed>{msg_namelen=0}, 0) = -1 EAGAIN (Resource temporarily unavailable)
1671  <... set_robust_list resumed>)    = 0
1670  lseek(36, 0, SEEK_CUR <unfinished ...>
1669  <... close resumed>)              = 0
1668  close(15 <unfinished ...>
1275  <... clone resumed>, child_tidptr=0x7f8640178e50) = 1671
1671  getpid( <unfinished ...>
1670  <... lseek resumed>)              = 838
1669  openat(AT_FDCWD, "/lib/x86_64-linux-gnu/libnss_systemd.so.2", O_RDONLY|O_CLOEXEC <unfinished ...>
1668  <... close resumed>)              = 0
1665  epoll_wait(26,  <unfinished ...>
1671  <... getpid resumed>)             = 1671
1670  lseek(36, 0, SEEK_CUR <unfinished ...>
1669  <... openat resumed>)             = 34
1668  close(17 <unfinished ...>
1275  sendmsg(3, {msg_name=NULL, msg_namelen=0, msg_iov=[{iov_base="\1\0\0\0\0\0\0\0\207\6\0\0\0\0\0\0\16\0\0\0\0\0\0\0$\0\0\0\0\0\0\0", iov_len=32}], msg_iovlen=1, msg_control=[{cmsg_len=20, cmsg_level=SOL_SOCKET, cmsg_type=SCM_RIGHTS, cmsg_data=[36]}], msg_controllen=24, msg_flags=0}, 0 <unfinished ...>
1671  geteuid( <unfinished ...>
1670  <... lseek resumed>)              = 838
1669  read(34,  <unfinished ...>
1668  <... close resumed>)              = 0
1671  <... geteuid resumed>)            = 0
1670  lseek(36, 0, SEEK_CUR <unfinished ...>
1669  <... read resumed>"\177ELF\2\1\1\0\0\0\0\0\0\0\0\0\3\0>\0\1\0\0\0\240o\0\0\0\0\0\0@\0\0\0\0\0\0\0\330\241\3\0\0\0\0\0\0\0\0\0@\08\0\f\0@\0\35\0\34\0\1\0\0\0\4\0\0\0\0\0\0\0\0\0\0\0\0\0\0\0\0\0\0\0\0\0\0\0\0\0\0\0\300P\0\0\0\0\0\0\300P\0\0\0\0\0\0\0\20\0\0\0\0\0\0\1\0\0\0\5\0\0\0\0`\0\0\0\0\0\0\0`\0\0\0\0\0\0\0`\0\0\0\0\0\0\rS\2\0\0\0\0\0\rS\2\0\0\0\0\0\0\20\0\0\0\0\0\0\1\0\0\0\4\0\0\0\0\300\2\0\0\0\0\0\0\300\2\0\0\0\0\0\0\300\2\0\0\0\0\0\20\262\0\0\0\0\0\0\20\262\0\0\0\0\0\0\0\20\0\0\0\0\0\0\1\0\0\0\6\0\0\0\320t\3\0\0\0\0\0\320\204\3\0\0\0\0\0\320\204\3\0\0\0\0\0\300+\0\0\0\0\0\0\3304\0\0\0\0\0\0\0\20\0\0\0\0\0\0\2\0\0\0\6\0\0\0\230\231\3\0\0\0\0\0\230\251\3\0\0\0\0\0\230\251\3\0\0\0\0\0 \2\0\0\0\0\0\0 \2\0\0\0\0\0\0\10\0\0\0\0\0\0\0\4\0\0\0\4\0\0\0\340\2\0\0\0\0\0\0\340\2\0\0\0\0\0\0\340\2\0\0\0\0\0\0 \0\0\0\0\0\0\0 \0\0\0\0\0\0\0\10\0\0\0\0\0\0\0\4\0\0\0\4\0\0\0\0\3\0\0\0\0\0\0\0\3\0\0\0\0\0\0\0\3\0\0\0\0\0\0$\0\0\0\0\0\0\0$\0\0\0\0\0\0\0\4\0\0\0\0\0\0\0\7\0\0\0\4\0\0\0\320t\3\0\0\0\0\0\320\204\3\0\0\0\0\0\320\204\3\0\0\0\0\0\0\0\0\0\0\0\0\0,\0\0\0\0\0\0\0\10\0\0\0\0\0\0\0S\345td\4\0\0\0\340\2\0\0\0\0\0\0\340\2\0\0\0\0\0\0\340\2\0\0\0\0\0\0 \0\0\0\0\0\0\0 \0\0\0\0\0\0\0\10\0\0\0\0\0\0\0P\345td\4\0\0\0\30\30\3\0\0\0\0\0\30\30\3\0\0\0\0\0\30\30\3\0\0\0\0\0L\n\0\0\0\0\0\0L\n\0\0\0\0\0\0\4\0\0\0\0\0\0\0Q\345td\6\0\0\0\0\0\0\0\0\0\0\0\0\0\0\0\0\0\0\0\0\0\0\0\0\0\0\0\0\0\0\0\0\0\0\0\0\0\0\0\0\0\0\0\20\0\0\0\0\0\0\0R\345td\4\0\0\0\320t\3\0\0\0\0\0\320\204\3\0\0\0\0\0\320\204\3\0\0\0\0\0000+\0\0\0\0\0\0000+\0\0\0\0\0\0\1\0\0\0\0\0\0\0\4\0\0\0\20\0\0\0\5\0\0\0GNU\0\2\0\0\300\4\0\0\0\3\0\0\0\0\0\0\0\4\0\0\0\24\0\0\0\3\0\0\0GNU\0\206\5\245\243;&,\2073\1l\26CM\342hGWG\335\0\0\0\0\3\0\0\0\203\0\0\0\1\0\0\0\6\0\0\0\220\2I\252`H\212D", 832) = 832
1275  <... sendmsg resumed>)            = 32
1671  setgid(33 <unfinished ...>
1670  <... lseek resumed>)              = 838
1669  fstat(34,  <unfinished ...>
1668  close(19 <unfinished ...>
1671  <... setgid resumed>)             = 0
1670  lseek(36, 0, SEEK_CUR <unfinished ...>
1669  <... fstat resumed>{st_dev=makedev(0x8, 0x10), st_ino=19069, st_mode=S_IFREG|0644, st_nlink=1, st_uid=0, st_gid=0, st_blksize=4096, st_blocks=472, st_size=239896, st_atime=1633351717 /* 2021-10-04T08:48:37.071212600-0400 */, st_atime_nsec=71212600, st_mtime=1626894021 /* 2021-07-21T15:00:21-0400 */, st_mtime_nsec=0, st_ctime=1631636411 /* 2021-09-14T12:20:11.265926600-0400 */, st_ctime_nsec=265926600}) = 0
1275  sendmsg(10, {msg_name=NULL, msg_namelen=0, msg_iov=[{iov_base="\1\0\0\0\0\0\0\0\207\6\0\0\0\0\0\0\16\0\0\0\0\0\0\0$\0\0\0\0\0\0\0", iov_len=32}], msg_iovlen=1, msg_control=[{cmsg_len=20, cmsg_level=SOL_SOCKET, cmsg_type=SCM_RIGHTS, cmsg_data=[36]}], msg_controllen=24, msg_flags=0}, 0 <unfinished ...>
1671  openat(AT_FDCWD, "/proc/sys/kernel/ngroups_max", O_RDONLY <unfinished ...>
1670  <... lseek resumed>)              = 838
1669  mmap(NULL, 244136, PROT_READ, MAP_PRIVATE|MAP_DENYWRITE, 34, 0 <unfinished ...>
1668  <... close resumed>)              = 0
1671  <... openat resumed>)             = 38
1670  lseek(36, 0, SEEK_CUR <unfinished ...>
1669  <... mmap resumed>)               = 0x7f863d3b7000
1275  <... sendmsg resumed>)            = 32
1671  read(38,  <unfinished ...>
1670  <... lseek resumed>)              = 838
1669  mmap(0x7f863d3bd000, 155648, PROT_READ|PROT_EXEC, MAP_PRIVATE|MAP_FIXED|MAP_DENYWRITE, 34, 0x6000 <unfinished ...>
1668  close(21 <unfinished ...>
1671  <... read resumed>"65536\n", 31)  = 6
1670  lseek(36, 0, SEEK_CUR <unfinished ...>
1669  <... mmap resumed>)               = 0x7f863d3bd000
1275  sendmsg(12, {msg_name=NULL, msg_namelen=0, msg_iov=[{iov_base="\1\0\0\0\0\0\0\0\207\6\0\0\0\0\0\0\16\0\0\0\0\0\0\0$\0\0\0\0\0\0\0", iov_len=32}], msg_iovlen=1, msg_control=[{cmsg_len=20, cmsg_level=SOL_SOCKET, cmsg_type=SCM_RIGHTS, cmsg_data=[36]}], msg_controllen=24, msg_flags=0}, 0 <unfinished ...>
1671  close(38 <unfinished ...>
1670  <... lseek resumed>)              = 838
1669  mmap(0x7f863d3e3000, 49152, PROT_READ, MAP_PRIVATE|MAP_FIXED|MAP_DENYWRITE, 34, 0x2c000 <unfinished ...>
1668  <... close resumed>)              = 0
1671  <... close resumed>)              = 0
1670  lseek(36, 0, SEEK_CUR <unfinished ...>
1669  <... mmap resumed>)               = 0x7f863d3e3000
1275  <... sendmsg resumed>)            = 32
1671  openat(AT_FDCWD, "/etc/group", O_RDONLY|O_CLOEXEC <unfinished ...>
1670  <... lseek resumed>)              = 838
1669  mmap(0x7f863d3ef000, 16384, PROT_READ|PROT_WRITE, MAP_PRIVATE|MAP_FIXED|MAP_DENYWRITE, 34, 0x37000 <unfinished ...>
1668  close(23 <unfinished ...>
1275  sendmsg(14, {msg_name=NULL, msg_namelen=0, msg_iov=[{iov_base="\1\0\0\0\0\0\0\0\207\6\0\0\0\0\0\0\16\0\0\0\0\0\0\0$\0\0\0\0\0\0\0", iov_len=32}], msg_iovlen=1, msg_control=[{cmsg_len=20, cmsg_level=SOL_SOCKET, cmsg_type=SCM_RIGHTS, cmsg_data=[36]}], msg_controllen=24, msg_flags=0}, 0 <unfinished ...>
1671  <... openat resumed>)             = 38
1670  lseek(36, 0, SEEK_CUR <unfinished ...>
1669  <... mmap resumed>)               = 0x7f863d3ef000
1668  <... close resumed>)              = 0
1671  lseek(38, 0, SEEK_CUR <unfinished ...>
1670  <... lseek resumed>)              = 838
1669  close(34 <unfinished ...>
1275  <... sendmsg resumed>)            = 32
1671  <... lseek resumed>)              = 0
1670  lseek(36, 0, SEEK_CUR <unfinished ...>
1669  <... close resumed>)              = 0
1668  close(5 <unfinished ...>
1671  fstat(38,  <unfinished ...>
1670  <... lseek resumed>)              = 838
1275  sendmsg(16, {msg_name=NULL, msg_namelen=0, msg_iov=[{iov_base="\1\0\0\0\0\0\0\0\207\6\0\0\0\0\0\0\16\0\0\0\0\0\0\0$\0\0\0\0\0\0\0", iov_len=32}], msg_iovlen=1, msg_control=[{cmsg_len=20, cmsg_level=SOL_SOCKET, cmsg_type=SCM_RIGHTS, cmsg_data=[36]}], msg_controllen=24, msg_flags=0}, 0 <unfinished ...>
1671  <... fstat resumed>{st_dev=makedev(0x8, 0x10), st_ino=42400, st_mode=S_IFREG|0644, st_nlink=1, st_uid=1000, st_gid=0, st_blksize=4096, st_blocks=8, st_size=838, st_atime=1633315470 /* 2021-10-03T22:44:30.569811000-0400 */, st_atime_nsec=569811000, st_mtime=1631463555 /* 2021-09-12T12:19:15.316844700-0400 */, st_mtime_nsec=316844700, st_ctime=1631542796 /* 2021-09-13T10:19:56.578701800-0400 */, st_ctime_nsec=578701800}) = 0
1670  lseek(36, 0, SEEK_CUR <unfinished ...>
1669  mprotect(0x7f863d3ef000, 12288, PROT_READ <unfinished ...>
1668  <... close resumed>)              = 0
1671  read(38,  <unfinished ...>
1670  <... lseek resumed>)              = 838
1669  <... mprotect resumed>)           = 0
1275  <... sendmsg resumed>)            = 32
1670  lseek(36, 0, SEEK_CUR <unfinished ...>
1669  munmap(0x7f863f634000, 35001 <unfinished ...>
1668  close(27 <unfinished ...>
1671  <... read resumed>"root:x:0:\ndaemon:x:1:\nbin:x:2:\nsys:x:3:\nadm:x:4:syslog,ssyeda\ntty:x:5:syslog\ndisk:x:6:\nlp:x:7:\nmail:x:8:\nnews:x:9:\nuucp:x:10:\nman:x:12:\nproxy:x:13:\nkmem:x:15:\ndialout:x:20:ssyeda\nfax:x:21:\nvoice:x:22:\ncdrom:x:24:ssyeda\nfloppy:x:25:ssyeda\ntape:x:26:\nsudo:x:27:ssyeda\naudio:x:29:ssyeda\ndip:x:30:ssyeda\nwww-data:x:33:\nbackup:x:34:\noperator:x:37:\nlist:x:38:\nirc:x:39:\nsrc:x:40:\ngnats:x:41:\nshadow:x:42:\nutmp:x:43:\nvideo:x:44:ssyeda\nsasl:x:45:\nplugdev:x:46:ssyeda\nstaff:x:50:\ngames:x:60:\nusers:x:100:\nnogroup:x:65534:\nsystemd-journal:x:101:\nsystemd-network:x:102:\nsystemd-resolve:x:103:\nsystemd-timesync:x:104:\ncrontab:x:105:\nmessagebus:x:106:\ninput:x:107:\nkvm:x:108:\nrender:x:109:\nsyslog:x:110:\ntss:x:111:\nuuidd:x:112:\ntcpdump:x:113:\nssh:x:114:\nlandscape:x:115:\nadmin:x:116:\nnetdev:x:117:ssyeda\nlxd:x:118:\nssyeda:x:1000:\ndocker:x:1001:ssyeda\n", 4096) = 838
1670  <... lseek resumed>)              = 838
1669  <... munmap resumed>)             = 0
1275  sendmsg(18, {msg_name=NULL, msg_namelen=0, msg_iov=[{iov_base="\1\0\0\0\0\0\0\0\207\6\0\0\0\0\0\0\16\0\0\0\0\0\0\0$\0\0\0\0\0\0\0", iov_len=32}], msg_iovlen=1, msg_control=[{cmsg_len=20, cmsg_level=SOL_SOCKET, cmsg_type=SCM_RIGHTS, cmsg_data=[36]}], msg_controllen=24, msg_flags=0}, 0 <unfinished ...>
1671  lseek(38, 0, SEEK_CUR <unfinished ...>
1670  lseek(36, 0, SEEK_CUR <unfinished ...>
1669  rt_sigprocmask(SIG_BLOCK, [HUP USR1 USR2 PIPE ALRM CHLD TSTP URG VTALRM PROF WINCH IO],  <unfinished ...>
1668  <... close resumed>)              = 0
1671  <... lseek resumed>)              = 838
1670  <... lseek resumed>)              = 838
1669  <... rt_sigprocmask resumed>[HUP INT QUIT USR1 USR2 ALRM TERM CHLD WINCH IO], 8) = 0
1275  <... sendmsg resumed>)            = 32
1671  lseek(38, 0, SEEK_CUR <unfinished ...>
1670  lseek(36, 0, SEEK_CUR <unfinished ...>
1669  gettid( <unfinished ...>
1668  close(29 <unfinished ...>
1671  <... lseek resumed>)              = 838
1670  <... lseek resumed>)              = 838
1669  <... gettid resumed>)             = 1669
1275  sendmsg(20, {msg_name=NULL, msg_namelen=0, msg_iov=[{iov_base="\1\0\0\0\0\0\0\0\207\6\0\0\0\0\0\0\16\0\0\0\0\0\0\0$\0\0\0\0\0\0\0", iov_len=32}], msg_iovlen=1, msg_control=[{cmsg_len=20, cmsg_level=SOL_SOCKET, cmsg_type=SCM_RIGHTS, cmsg_data=[36]}], msg_controllen=24, msg_flags=0}, 0 <unfinished ...>
1671  lseek(38, 0, SEEK_CUR <unfinished ...>
1670  lseek(36, 0, SEEK_CUR <unfinished ...>
1669  socket(AF_UNIX, SOCK_DGRAM|SOCK_CLOEXEC, 0 <unfinished ...>
1668  <... close resumed>)              = 0
1670  <... lseek resumed>)              = 838
1669  <... socket resumed>)             = 34
1275  <... sendmsg resumed>)            = 32
1671  <... lseek resumed>)              = 838
1670  lseek(36, 0, SEEK_CUR <unfinished ...>
1669  connect(34, {sa_family=AF_UNIX, sun_path=@"userdb-c7626c7f2d8a7b54c59ef724a50f0138"}, 42 <unfinished ...>
1668  close(30 <unfinished ...>
1671  lseek(38, 0, SEEK_CUR <unfinished ...>
1670  <... lseek resumed>)              = 838
1669  <... connect resumed>)            = -1 ECONNREFUSED (Connection refused)
1275  sendmsg(22, {msg_name=NULL, msg_namelen=0, msg_iov=[{iov_base="\1\0\0\0\0\0\0\0\207\6\0\0\0\0\0\0\16\0\0\0\0\0\0\0$\0\0\0\0\0\0\0", iov_len=32}], msg_iovlen=1, msg_control=[{cmsg_len=20, cmsg_level=SOL_SOCKET, cmsg_type=SCM_RIGHTS, cmsg_data=[36]}], msg_controllen=24, msg_flags=0}, 0 <unfinished ...>
1671  <... lseek resumed>)              = 838
1670  lseek(36, 0, SEEK_CUR <unfinished ...>
1669  close(34 <unfinished ...>
1668  <... close resumed>)              = 0
1671  lseek(38, 0, SEEK_CUR <unfinished ...>
1670  <... lseek resumed>)              = 838
1669  <... close resumed>)              = 0
1275  <... sendmsg resumed>)            = 32
1671  <... lseek resumed>)              = 838
1670  lseek(36, 0, SEEK_CUR <unfinished ...>
1669  openat(AT_FDCWD, "/run/systemd/userdb/", O_RDONLY|O_NONBLOCK|O_CLOEXEC|O_DIRECTORY <unfinished ...>
1668  epoll_ctl(32, EPOLL_CTL_ADD, 31, {EPOLLIN|EPOLLRDHUP, {u32=1027064520, u64=140214529409736}} <unfinished ...>
1671  lseek(38, 0, SEEK_CUR <unfinished ...>
1670  <... lseek resumed>)              = 838
1669  <... openat resumed>)             = -1 ENOENT (No such file or directory)
1275  sendmsg(4, {msg_name=NULL, msg_namelen=0, msg_iov=[{iov_base="\1\0\0\0\0\0\0\0\207\6\0\0\0\0\0\0\16\0\0\0\0\0\0\0$\0\0\0\0\0\0\0", iov_len=32}], msg_iovlen=1, msg_control=[{cmsg_len=20, cmsg_level=SOL_SOCKET, cmsg_type=SCM_RIGHTS, cmsg_data=[36]}], msg_controllen=24, msg_flags=0}, 0 <unfinished ...>
1671  <... lseek resumed>)              = 838
1670  lseek(36, 0, SEEK_CUR <unfinished ...>
1669  rt_sigprocmask(SIG_SETMASK, [HUP INT QUIT USR1 USR2 ALRM TERM CHLD WINCH IO],  <unfinished ...>
1668  <... epoll_ctl resumed>)          = 0
1671  lseek(38, 0, SEEK_CUR <unfinished ...>
1670  <... lseek resumed>)              = 838
1669  <... rt_sigprocmask resumed>NULL, 8) = 0
1665  <... epoll_wait resumed>[{EPOLLIN, {u32=1027064520, u64=140214529409736}}], 512, -1) = 1
1275  <... sendmsg resumed>)            = 32
1671  <... lseek resumed>)              = 838
1670  lseek(36, 0, SEEK_CUR <unfinished ...>
1669  setgroups(1, [33] <unfinished ...>
1668  epoll_wait(32,  <unfinished ...>
1665  recvmsg(5,  <unfinished ...>
1671  lseek(38, 0, SEEK_CUR <unfinished ...>
1670  <... lseek resumed>)              = 838
1669  <... setgroups resumed>)          = 0
1668  <... epoll_wait resumed>[{EPOLLIN, {u32=1027064520, u64=140214529409736}}], 512, -1) = 1
1275  sendmsg(26, {msg_name=NULL, msg_namelen=0, msg_iov=[{iov_base="\1\0\0\0\0\0\0\0\207\6\0\0\0\0\0\0\16\0\0\0\0\0\0\0$\0\0\0\0\0\0\0", iov_len=32}], msg_iovlen=1, msg_control=[{cmsg_len=20, cmsg_level=SOL_SOCKET, cmsg_type=SCM_RIGHTS, cmsg_data=[36]}], msg_controllen=24, msg_flags=0}, 0 <unfinished ...>
1671  <... lseek resumed>)              = 838
1670  lseek(36, 0, SEEK_CUR <unfinished ...>
1669  setuid(33 <unfinished ...>
1668  recvmsg(31,  <unfinished ...>
1665  <... recvmsg resumed>{msg_name=NULL, msg_namelen=0, msg_iov=[{iov_base="\1\0\0\0\0\0\0\0\207\6\0\0\0\0\0\0\16\0\0\0\0\0\0\0$\0\0\0\0\0\0\0", iov_len=32}], msg_iovlen=1, msg_control=[{cmsg_len=20, cmsg_level=SOL_SOCKET, cmsg_type=SCM_RIGHTS, cmsg_data=[17]}], msg_controllen=24, msg_flags=0}, 0) = 32
1671  lseek(38, 0, SEEK_CUR <unfinished ...>
1670  <... lseek resumed>)              = 838
1669  <... setuid resumed>)             = 0
