1668  <... recvmsg resumed>{msg_name=NULL, msg_namelen=0, msg_iov=[{iov_base="\1\0\0\0\0\0\0\0\205\6\0\0\0\0\0\0\f\0\0\0\0\0\0\0 \0\0\0\0\0\0\0", iov_len=32}], msg_iovlen=1, msg_control=[{cmsg_len=20, cmsg_level=SOL_SOCKET, cmsg_type=SCM_RIGHTS, cmsg_data=[5]}], msg_controllen=24, msg_flags=0}, 0) = 32
1666  <... epoll_wait resumed>[{EPOLLIN, {u32=1027064520, u64=140214529409736}}], 512, -1) = 1
1275  <... sendmsg resumed>)            = 32
1671  <... lseek resumed>)              = 838
1670  lseek(36, 0, SEEK_CUR <unfinished ...>
1669  prctl(PR_SET_DUMPABLE, SUID_DUMP_USER <unfinished ...>
1668  recvmsg(31,  <unfinished ...>
1666  recvmsg(27,  <unfinished ...>
1665  recvmsg(5,  <unfinished ...>
1275  sendmsg(28, {msg_name=NULL, msg_namelen=0, msg_iov=[{iov_base="\1\0\0\0\0\0\0\0\207\6\0\0\0\0\0\0\16\0\0\0\0\0\0\0$\0\0\0\0\0\0\0", iov_len=32}], msg_iovlen=1, msg_control=[{cmsg_len=20, cmsg_level=SOL_SOCKET, cmsg_type=SCM_RIGHTS, cmsg_data=[36]}], msg_controllen=24, msg_flags=0}, 0 <unfinished ...>
1671  lseek(38, 0, SEEK_CUR <unfinished ...>
1670  <... lseek resumed>)              = 838
1669  <... prctl resumed>)              = 0
1668  <... recvmsg resumed>{msg_name=NULL, msg_namelen=0, msg_iov=[{iov_base="\1\0\0\0\0\0\0\0\206\6\0\0\0\0\0\0\r\0\0\0\0\0\0\0\"\0\0\0\0\0\0\0", iov_len=32}], msg_iovlen=1, msg_control=[{cmsg_len=20, cmsg_level=SOL_SOCKET, cmsg_type=SCM_RIGHTS, cmsg_data=[9]}], msg_controllen=24, msg_flags=0}, 0) = 32
1666  <... recvmsg resumed>{msg_name=NULL, msg_namelen=0, msg_iov=[{iov_base="\1\0\0\0\0\0\0\0\207\6\0\0\0\0\0\0\16\0\0\0\0\0\0\0$\0\0\0\0\0\0\0", iov_len=32}], msg_iovlen=1, msg_control=[{cmsg_len=20, cmsg_level=SOL_SOCKET, cmsg_type=SCM_RIGHTS, cmsg_data=[15]}], msg_controllen=24, msg_flags=0}, 0) = 32
1665  <... recvmsg resumed>{msg_namelen=0}, 0) = -1 EAGAIN (Resource temporarily unavailable)
1671  <... lseek resumed>)              = 838
1670  lseek(36, 0, SEEK_CUR <unfinished ...>
1669  rt_sigprocmask(SIG_SETMASK, [],  <unfinished ...>
1668  recvmsg(31,  <unfinished ...>
1667  <... epoll_wait resumed>[{EPOLLIN, {u32=1027064520, u64=140214529409736}}], 512, -1) = 1
1666  recvmsg(27,  <unfinished ...>
1665  epoll_wait(26,  <unfinished ...>
1275  <... sendmsg resumed>)            = 32
1671  lseek(38, 0, SEEK_CUR <unfinished ...>
1670  <... lseek resumed>)              = 838
1669  <... rt_sigprocmask resumed>NULL, 8) = 0
1668  <... recvmsg resumed>{msg_namelen=0}, 0) = -1 EAGAIN (Resource temporarily unavailable)
1667  recvmsg(29,  <unfinished ...>
1666  <... recvmsg resumed>{msg_namelen=0}, 0) = -1 EAGAIN (Resource temporarily unavailable)
1671  <... lseek resumed>)              = 838
1670  lseek(36, 0, SEEK_CUR <unfinished ...>
1669  epoll_create(512 <unfinished ...>
1668  epoll_wait(32,  <unfinished ...>
1667  <... recvmsg resumed>{msg_name=NULL, msg_namelen=0, msg_iov=[{iov_base="\1\0\0\0\0\0\0\0\207\6\0\0\0\0\0\0\16\0\0\0\0\0\0\0$\0\0\0\0\0\0\0", iov_len=32}], msg_iovlen=1, msg_control=[{cmsg_len=20, cmsg_level=SOL_SOCKET, cmsg_type=SCM_RIGHTS, cmsg_data=[13]}], msg_controllen=24, msg_flags=0}, 0) = 32
1275  sendmsg(30, {msg_name=NULL, msg_namelen=0, msg_iov=[{iov_base="\1\0\0\0\0\0\0\0\207\6\0\0\0\0\0\0\16\0\0\0\0\0\0\0$\0\0\0\0\0\0\0", iov_len=32}], msg_iovlen=1, msg_control=[{cmsg_len=20, cmsg_level=SOL_SOCKET, cmsg_type=SCM_RIGHTS, cmsg_data=[36]}], msg_controllen=24, msg_flags=0}, 0 <unfinished ...>
1671  lseek(38, 0, SEEK_CUR <unfinished ...>
1670  <... lseek resumed>)              = 838
1669  <... epoll_create resumed>)       = 34
1667  recvmsg(29,  <unfinished ...>
1666  epoll_wait(28,  <unfinished ...>
1671  <... lseek resumed>)              = 838
1670  lseek(36, 0, SEEK_CUR <unfinished ...>
1669  eventfd2(0, 0 <unfinished ...>
1668  <... epoll_wait resumed>[{EPOLLIN, {u32=1027064520, u64=140214529409736}}], 512, -1) = 1
1667  <... recvmsg resumed>{msg_namelen=0}, 0) = -1 EAGAIN (Resource temporarily unavailable)
1275  <... sendmsg resumed>)            = 32
1671  lseek(38, 0, SEEK_CUR <unfinished ...>
1670  <... lseek resumed>)              = 838
1669  <... eventfd2 resumed>)           = 35
1668  recvmsg(31,  <unfinished ...>
1667  epoll_wait(30,  <unfinished ...>
1671  <... lseek resumed>)              = 838
1670  lseek(36, 0, SEEK_CUR <unfinished ...>
1669  epoll_ctl(34, EPOLL_CTL_ADD, 35, {EPOLLIN|EPOLLET, {u32=4073848736, u64=94811181940640}} <unfinished ...>
1668  <... recvmsg resumed>{msg_name=NULL, msg_namelen=0, msg_iov=[{iov_base="\1\0\0\0\0\0\0\0\207\6\0\0\0\0\0\0\16\0\0\0\0\0\0\0$\0\0\0\0\0\0\0", iov_len=32}], msg_iovlen=1, msg_control=[{cmsg_len=20, cmsg_level=SOL_SOCKET, cmsg_type=SCM_RIGHTS, cmsg_data=[11]}], msg_controllen=24, msg_flags=0}, 0) = 32
1275  sendmsg(32, {msg_name=NULL, msg_namelen=0, msg_iov=[{iov_base="\1\0\0\0\0\0\0\0\207\6\0\0\0\0\0\0\16\0\0\0\0\0\0\0$\0\0\0\0\0\0\0", iov_len=32}], msg_iovlen=1, msg_control=[{cmsg_len=20, cmsg_level=SOL_SOCKET, cmsg_type=SCM_RIGHTS, cmsg_data=[36]}], msg_controllen=24, msg_flags=0}, 0 <unfinished ...>
1671  lseek(38, 0, SEEK_CUR <unfinished ...>
1670  <... lseek resumed>)              = 838
1669  <... epoll_ctl resumed>)          = 0
1668  recvmsg(31,  <unfinished ...>
1671  <... lseek resumed>)              = 838
1670  lseek(36, 0, SEEK_CUR <unfinished ...>
1669  socketpair(AF_UNIX, SOCK_STREAM, 0 <unfinished ...>
1275  <... sendmsg resumed>)            = 32
1671  lseek(38, 0, SEEK_CUR <unfinished ...>
1670  <... lseek resumed>)              = 838
1669  <... socketpair resumed>, [36, 37]) = 0
1668  <... recvmsg resumed>{msg_namelen=0}, 0) = -1 EAGAIN (Resource temporarily unavailable)
1671  <... lseek resumed>)              = 838
1670  lseek(36, 0, SEEK_CUR <unfinished ...>
1669  epoll_ctl(34, EPOLL_CTL_ADD, 36, {EPOLLIN|EPOLLRDHUP|EPOLLET, {u32=4073848736, u64=94811181940640}} <unfinished ...>
1275  sendmsg(34, {msg_name=NULL, msg_namelen=0, msg_iov=[{iov_base="\1\0\0\0\0\0\0\0\207\6\0\0\0\0\0\0\16\0\0\0\0\0\0\0$\0\0\0\0\0\0\0", iov_len=32}], msg_iovlen=1, msg_control=[{cmsg_len=20, cmsg_level=SOL_SOCKET, cmsg_type=SCM_RIGHTS, cmsg_data=[36]}], msg_controllen=24, msg_flags=0}, 0 <unfinished ...>
1671  lseek(38, 0, SEEK_CUR <unfinished ...>
1670  <... lseek resumed>)              = 838
1669  <... epoll_ctl resumed>)          = 0
1668  epoll_wait(32,  <unfinished ...>
1671  <... lseek resumed>)              = 838
1670  lseek(36, 0, SEEK_CUR <unfinished ...>
1669  close(37 <unfinished ...>
1275  <... sendmsg resumed>)            = 32
1671  lseek(38, 0, SEEK_CUR <unfinished ...>
1670  <... lseek resumed>)              = 838
1669  <... close resumed>)              = 0
1671  <... lseek resumed>)              = 838
1670  lseek(36, 0, SEEK_CUR <unfinished ...>
1275  socketpair(AF_UNIX, SOCK_STREAM, 0 <unfinished ...>
1671  lseek(38, 0, SEEK_CUR <unfinished ...>
1670  <... lseek resumed>)              = 838
1669  epoll_wait(34,  <unfinished ...>
1671  <... lseek resumed>)              = 838
1670  lseek(36, 0, SEEK_CUR <unfinished ...>
1275  <... socketpair resumed>, [38, 39]) = 0
1671  lseek(38, 0, SEEK_CUR <unfinished ...>
1670  <... lseek resumed>)              = 838
1669  <... epoll_wait resumed>[{EPOLLIN|EPOLLHUP|EPOLLRDHUP, {u32=4073848736, u64=94811181940640}}], 1, 5000) = 1
1671  <... lseek resumed>)              = 838
1670  lseek(36, 0, SEEK_CUR <unfinished ...>
1275  ioctl(38, FIONBIO, [1] <unfinished ...>
1671  lseek(38, 0, SEEK_CUR <unfinished ...>
1670  <... lseek resumed>)              = 838
1669  close(36 <unfinished ...>
1671  <... lseek resumed>)              = 838
1670  lseek(36, 0, SEEK_CUR <unfinished ...>
1275  <... ioctl resumed>)              = 0
1671  lseek(38, 0, SEEK_CUR <unfinished ...>
1670  <... lseek resumed>)              = 838
1669  <... close resumed>)              = 0
1671  <... lseek resumed>)              = 838
1670  lseek(36, 0, SEEK_CUR <unfinished ...>
1275  ioctl(39, FIONBIO, [1] <unfinished ...>
1671  lseek(38, 0, SEEK_CUR <unfinished ...>
1670  <... lseek resumed>)              = 838
1669  mmap(NULL, 241664, PROT_READ|PROT_WRITE, MAP_PRIVATE|MAP_ANONYMOUS, -1, 0 <unfinished ...>
1671  <... lseek resumed>)              = 838
1670  lseek(36, 0, SEEK_CUR <unfinished ...>
1275  <... ioctl resumed>)              = 0
1671  lseek(38, 0, SEEK_CUR <unfinished ...>
1670  <... lseek resumed>)              = 838
1669  <... mmap resumed>)               = 0x7f863d37c000
1671  <... lseek resumed>)              = 838
1670  read(36,  <unfinished ...>
1275  ioctl(38, FIOASYNC, [1] <unfinished ...>
1671  lseek(38, 0, SEEK_CUR <unfinished ...>
1670  <... read resumed>"", 4096)       = 0
1669  brk(0x563af493e000 <unfinished ...>
1671  <... lseek resumed>)              = 838
1670  close(36 <unfinished ...>
1275  <... ioctl resumed>)              = 0
1671  lseek(38, 0, SEEK_CUR <unfinished ...>
1670  <... close resumed>)              = 0
1669  <... brk resumed>)                = 0x563af493e000
1671  <... lseek resumed>)              = 838
1275  fcntl(38, F_SETOWN, 1275 <unfinished ...>
1671  lseek(38, 0, SEEK_CUR <unfinished ...>
1275  <... fcntl resumed>)              = 0
1671  <... lseek resumed>)              = 838
1670  openat(AT_FDCWD, "/etc/ld.so.cache", O_RDONLY|O_CLOEXEC <unfinished ...>
1671  lseek(38, 0, SEEK_CUR <unfinished ...>
1669  epoll_ctl(34, EPOLL_CTL_ADD, 6, {EPOLLIN|EPOLLEXCLUSIVE, {u32=1027063824, u64=140214529409040}} <unfinished ...>
1275  fcntl(38, F_SETFD, FD_CLOEXEC <unfinished ...>
1671  <... lseek resumed>)              = 838
1670  <... openat resumed>)             = 36
1669  <... epoll_ctl resumed>)          = 0
1671  lseek(38, 0, SEEK_CUR <unfinished ...>
1670  fstat(36,  <unfinished ...>
1275  <... fcntl resumed>)              = 0
1671  <... lseek resumed>)              = 838
1670  <... fstat resumed>{st_dev=makedev(0x8, 0x10), st_ino=41790, st_mode=S_IFREG|0644, st_nlink=1, st_uid=0, st_gid=0, st_blksize=4096, st_blocks=72, st_size=35001, st_atime=1633351535 /* 2021-10-04T08:45:35.831212600-0400 */, st_atime_nsec=831212600, st_mtime=1633351535 /* 2021-10-04T08:45:35.761212600-0400 */, st_mtime_nsec=761212600, st_ctime=1633351535 /* 2021-10-04T08:45:35.761212600-0400 */, st_ctime_nsec=761212600}) = 0
1669  epoll_ctl(34, EPOLL_CTL_ADD, 7, {EPOLLIN|EPOLLEXCLUSIVE, {u32=1027064056, u64=140214529409272}} <unfinished ...>
1671  lseek(38, 0, SEEK_CUR <unfinished ...>
1670  mmap(NULL, 35001, PROT_READ, MAP_PRIVATE, 36, 0 <unfinished ...>
1275  fcntl(39, F_SETFD, FD_CLOEXEC <unfinished ...>
1671  <... lseek resumed>)              = 838
1670  <... mmap resumed>)               = 0x7f863f634000
1669  <... epoll_ctl resumed>)          = 0
1671  lseek(38, 0, SEEK_CUR <unfinished ...>
1670  close(36 <unfinished ...>
1275  <... fcntl resumed>)              = 0
1671  <... lseek resumed>)              = 838
1670  <... close resumed>)              = 0
1669  epoll_ctl(34, EPOLL_CTL_ADD, 8, {EPOLLIN|EPOLLEXCLUSIVE, {u32=1027064288, u64=140214529409504}} <unfinished ...>
1671  lseek(38, 0, SEEK_CUR <unfinished ...>
1670  openat(AT_FDCWD, "/lib/x86_64-linux-gnu/libnss_systemd.so.2", O_RDONLY|O_CLOEXEC <unfinished ...>
1275  clone(child_stack=NULL, flags=CLONE_CHILD_CLEARTID|CLONE_CHILD_SETTID|SIGCHLD <unfinished ...>
1671  <... lseek resumed>)              = 838
1670  <... openat resumed>)             = 36
1669  <... epoll_ctl resumed>)          = 0
1671  lseek(38, 0, SEEK_CUR <unfinished ...>
1670  read(36,  <unfinished ...>
1671  <... lseek resumed>)              = 838
1669  close(9 <unfinished ...>
1671  lseek(38, 0, SEEK_CUR <unfinished ...>
1670  <... read resumed>"\177ELF\2\1\1\0\0\0\0\0\0\0\0\0\3\0>\0\1\0\0\0\240o\0\0\0\0\0\0@\0\0\0\0\0\0\0\330\241\3\0\0\0\0\0\0\0\0\0@\08\0\f\0@\0\35\0\34\0\1\0\0\0\4\0\0\0\0\0\0\0\0\0\0\0\0\0\0\0\0\0\0\0\0\0\0\0\0\0\0\0\300P\0\0\0\0\0\0\300P\0\0\0\0\0\0\0\20\0\0\0\0\0\0\1\0\0\0\5\0\0\0\0`\0\0\0\0\0\0\0`\0\0\0\0\0\0\0`\0\0\0\0\0\0\rS\2\0\0\0\0\0\rS\2\0\0\0\0\0\0\20\0\0\0\0\0\0\1\0\0\0\4\0\0\0\0\300\2\0\0\0\0\0\0\300\2\0\0\0\0\0\0\300\2\0\0\0\0\0\20\262\0\0\0\0\0\0\20\262\0\0\0\0\0\0\0\20\0\0\0\0\0\0\1\0\0\0\6\0\0\0\320t\3\0\0\0\0\0\320\204\3\0\0\0\0\0\320\204\3\0\0\0\0\0\300+\0\0\0\0\0\0\3304\0\0\0\0\0\0\0\20\0\0\0\0\0\0\2\0\0\0\6\0\0\0\230\231\3\0\0\0\0\0\230\251\3\0\0\0\0\0\230\251\3\0\0\0\0\0 \2\0\0\0\0\0\0 \2\0\0\0\0\0\0\10\0\0\0\0\0\0\0\4\0\0\0\4\0\0\0\340\2\0\0\0\0\0\0\340\2\0\0\0\0\0\0\340\2\0\0\0\0\0\0 \0\0\0\0\0\0\0 \0\0\0\0\0\0\0\10\0\0\0\0\0\0\0\4\0\0\0\4\0\0\0\0\3\0\0\0\0\0\0\0\3\0\0\0\0\0\0\0\3\0\0\0\0\0\0$\0\0\0\0\0\0\0$\0\0\0\0\0\0\0\4\0\0\0\0\0\0\0\7\0\0\0\4\0\0\0\320t\3\0\0\0\0\0\320\204\3\0\0\0\0\0\320\204\3\0\0\0\0\0\0\0\0\0\0\0\0\0,\0\0\0\0\0\0\0\10\0\0\0\0\0\0\0S\345td\4\0\0\0\340\2\0\0\0\0\0\0\340\2\0\0\0\0\0\0\340\2\0\0\0\0\0\0 \0\0\0\0\0\0\0 \0\0\0\0\0\0\0\10\0\0\0\0\0\0\0P\345td\4\0\0\0\30\30\3\0\0\0\0\0\30\30\3\0\0\0\0\0\30\30\3\0\0\0\0\0L\n\0\0\0\0\0\0L\n\0\0\0\0\0\0\4\0\0\0\0\0\0\0Q\345td\6\0\0\0\0\0\0\0\0\0\0\0\0\0\0\0\0\0\0\0\0\0\0\0\0\0\0\0\0\0\0\0\0\0\0\0\0\0\0\0\0\0\0\0\20\0\0\0\0\0\0\0R\345td\4\0\0\0\320t\3\0\0\0\0\0\320\204\3\0\0\0\0\0\320\204\3\0\0\0\0\0000+\0\0\0\0\0\0000+\0\0\0\0\0\0\1\0\0\0\0\0\0\0\4\0\0\0\20\0\0\0\5\0\0\0GNU\0\2\0\0\300\4\0\0\0\3\0\0\0\0\0\0\0\4\0\0\0\24\0\0\0\3\0\0\0GNU\0\206\5\245\243;&,\2073\1l\26CM\342hGWG\335\0\0\0\0\3\0\0\0\203\0\0\0\1\0\0\0\6\0\0\0\220\2I\252`H\212D", 832) = 832
1669  <... close resumed>)              = 0
1671  <... lseek resumed>)              = 838
1670  fstat(36,  <unfinished ...>
1669  close(11 <unfinished ...>
1672  set_robust_list(0x7f8640178e60, 24 <unfinished ...>
1671  lseek(38, 0, SEEK_CUR <unfinished ...>
1670  <... fstat resumed>{st_dev=makedev(0x8, 0x10), st_ino=19069, st_mode=S_IFREG|0644, st_nlink=1, st_uid=0, st_gid=0, st_blksize=4096, st_blocks=472, st_size=239896, st_atime=1633351717 /* 2021-10-04T08:48:37.071212600-0400 */, st_atime_nsec=71212600, st_mtime=1626894021 /* 2021-07-21T15:00:21-0400 */, st_mtime_nsec=0, st_ctime=1631636411 /* 2021-09-14T12:20:11.265926600-0400 */, st_ctime_nsec=265926600}) = 0
1669  <... close resumed>)              = 0
1672  <... set_robust_list resumed>)    = 0
1671  <... lseek resumed>)              = 838
1275  <... clone resumed>, child_tidptr=0x7f8640178e50) = 1672
1672  getpid( <unfinished ...>
1671  lseek(38, 0, SEEK_CUR <unfinished ...>
1670  mmap(NULL, 244136, PROT_READ, MAP_PRIVATE|MAP_DENYWRITE, 36, 0 <unfinished ...>
1669  close(13 <unfinished ...>
1672  <... getpid resumed>)             = 1672
1671  <... lseek resumed>)              = 838
1670  <... mmap resumed>)               = 0x7f863d3b7000
1275  sendmsg(3, {msg_name=NULL, msg_namelen=0, msg_iov=[{iov_base="\1\0\0\0\0\0\0\0\210\6\0\0\0\0\0\0\17\0\0\0\0\0\0\0&\0\0\0\0\0\0\0", iov_len=32}], msg_iovlen=1, msg_control=[{cmsg_len=20, cmsg_level=SOL_SOCKET, cmsg_type=SCM_RIGHTS, cmsg_data=[38]}], msg_controllen=24, msg_flags=0}, 0 <unfinished ...>
1669  <... close resumed>)              = 0
1672  geteuid( <unfinished ...>
1671  lseek(38, 0, SEEK_CUR <unfinished ...>
1670  mmap(0x7f863d3bd000, 155648, PROT_READ|PROT_EXEC, MAP_PRIVATE|MAP_FIXED|MAP_DENYWRITE, 36, 0x6000 <unfinished ...>
1275  <... sendmsg resumed>)            = 32
1672  <... geteuid resumed>)            = 0
1671  <... lseek resumed>)              = 838
1670  <... mmap resumed>)               = 0x7f863d3bd000
1669  close(15 <unfinished ...>
1672  setgid(33 <unfinished ...>
1671  lseek(38, 0, SEEK_CUR <unfinished ...>
1670  mmap(0x7f863d3e3000, 49152, PROT_READ, MAP_PRIVATE|MAP_FIXED|MAP_DENYWRITE, 36, 0x2c000 <unfinished ...>
1275  sendmsg(10, {msg_name=NULL, msg_namelen=0, msg_iov=[{iov_base="\1\0\0\0\0\0\0\0\210\6\0\0\0\0\0\0\17\0\0\0\0\0\0\0&\0\0\0\0\0\0\0", iov_len=32}], msg_iovlen=1, msg_control=[{cmsg_len=20, cmsg_level=SOL_SOCKET, cmsg_type=SCM_RIGHTS, cmsg_data=[38]}], msg_controllen=24, msg_flags=0}, 0 <unfinished ...>
1669  <... close resumed>)              = 0
1672  <... setgid resumed>)             = 0
1671  <... lseek resumed>)              = 838
1670  <... mmap resumed>)               = 0x7f863d3e3000
1275  <... sendmsg resumed>)            = 32
1672  openat(AT_FDCWD, "/proc/sys/kernel/ngroups_max", O_RDONLY <unfinished ...>
1671  lseek(38, 0, SEEK_CUR <unfinished ...>
1670  mmap(0x7f863d3ef000, 16384, PROT_READ|PROT_WRITE, MAP_PRIVATE|MAP_FIXED|MAP_DENYWRITE, 36, 0x37000 <unfinished ...>
1669  close(17 <unfinished ...>
1672  <... openat resumed>)             = 40
1671  <... lseek resumed>)              = 838
1670  <... mmap resumed>)               = 0x7f863d3ef000
1275  sendmsg(12, {msg_name=NULL, msg_namelen=0, msg_iov=[{iov_base="\1\0\0\0\0\0\0\0\210\6\0\0\0\0\0\0\17\0\0\0\0\0\0\0&\0\0\0\0\0\0\0", iov_len=32}], msg_iovlen=1, msg_control=[{cmsg_len=20, cmsg_level=SOL_SOCKET, cmsg_type=SCM_RIGHTS, cmsg_data=[38]}], msg_controllen=24, msg_flags=0}, 0 <unfinished ...>
1672  read(40,  <unfinished ...>
1671  lseek(38, 0, SEEK_CUR <unfinished ...>
1670  close(36 <unfinished ...>
1669  <... close resumed>)              = 0
1672  <... read resumed>"65536\n", 31)  = 6
1671  <... lseek resumed>)              = 838
1670  <... close resumed>)              = 0
1275  <... sendmsg resumed>)            = 32
1672  close(40 <unfinished ...>
1671  lseek(38, 0, SEEK_CUR <unfinished ...>
1669  close(19 <unfinished ...>
1672  <... close resumed>)              = 0
1671  <... lseek resumed>)              = 838
1670  mprotect(0x7f863d3ef000, 12288, PROT_READ <unfinished ...>
1275  sendmsg(14, {msg_name=NULL, msg_namelen=0, msg_iov=[{iov_base="\1\0\0\0\0\0\0\0\210\6\0\0\0\0\0\0\17\0\0\0\0\0\0\0&\0\0\0\0\0\0\0", iov_len=32}], msg_iovlen=1, msg_control=[{cmsg_len=20, cmsg_level=SOL_SOCKET, cmsg_type=SCM_RIGHTS, cmsg_data=[38]}], msg_controllen=24, msg_flags=0}, 0 <unfinished ...>
1669  <... close resumed>)              = 0
1672  openat(AT_FDCWD, "/etc/group", O_RDONLY|O_CLOEXEC <unfinished ...>
1671  lseek(38, 0, SEEK_CUR <unfinished ...>
1670  <... mprotect resumed>)           = 0
1275  <... sendmsg resumed>)            = 32
1672  <... openat resumed>)             = 40
1671  <... lseek resumed>)              = 838
1670  munmap(0x7f863f634000, 35001 <unfinished ...>
1669  close(21 <unfinished ...>
1672  lseek(40, 0, SEEK_CUR <unfinished ...>
1671  lseek(38, 0, SEEK_CUR <unfinished ...>
1275  sendmsg(16, {msg_name=NULL, msg_namelen=0, msg_iov=[{iov_base="\1\0\0\0\0\0\0\0\210\6\0\0\0\0\0\0\17\0\0\0\0\0\0\0&\0\0\0\0\0\0\0", iov_len=32}], msg_iovlen=1, msg_control=[{cmsg_len=20, cmsg_level=SOL_SOCKET, cmsg_type=SCM_RIGHTS, cmsg_data=[38]}], msg_controllen=24, msg_flags=0}, 0 <unfinished ...>
1672  <... lseek resumed>)              = 0
1671  <... lseek resumed>)              = 838
1670  <... munmap resumed>)             = 0
1669  <... close resumed>)              = 0
1672  fstat(40,  <unfinished ...>
1671  lseek(38, 0, SEEK_CUR <unfinished ...>
1670  rt_sigprocmask(SIG_BLOCK, [HUP USR1 USR2 PIPE ALRM CHLD TSTP URG VTALRM PROF WINCH IO],  <unfinished ...>
1275  <... sendmsg resumed>)            = 32
1669  close(23 <unfinished ...>
1672  <... fstat resumed>{st_dev=makedev(0x8, 0x10), st_ino=42400, st_mode=S_IFREG|0644, st_nlink=1, st_uid=1000, st_gid=0, st_blksize=4096, st_blocks=8, st_size=838, st_atime=1633315470 /* 2021-10-03T22:44:30.569811000-0400 */, st_atime_nsec=569811000, st_mtime=1631463555 /* 2021-09-12T12:19:15.316844700-0400 */, st_mtime_nsec=316844700, st_ctime=1631542796 /* 2021-09-13T10:19:56.578701800-0400 */, st_ctime_nsec=578701800}) = 0
1671  <... lseek resumed>)              = 838
1670  <... rt_sigprocmask resumed>[HUP INT QUIT USR1 USR2 ALRM TERM CHLD WINCH IO], 8) = 0
1275  sendmsg(18, {msg_name=NULL, msg_namelen=0, msg_iov=[{iov_base="\1\0\0\0\0\0\0\0\210\6\0\0\0\0\0\0\17\0\0\0\0\0\0\0&\0\0\0\0\0\0\0", iov_len=32}], msg_iovlen=1, msg_control=[{cmsg_len=20, cmsg_level=SOL_SOCKET, cmsg_type=SCM_RIGHTS, cmsg_data=[38]}], msg_controllen=24, msg_flags=0}, 0 <unfinished ...>
1669  <... close resumed>)              = 0
1672  read(40,  <unfinished ...>
1671  lseek(38, 0, SEEK_CUR <unfinished ...>
1670  gettid( <unfinished ...>
1275  <... sendmsg resumed>)            = 32
1672  <... read resumed>"root:x:0:\ndaemon:x:1:\nbin:x:2:\nsys:x:3:\nadm:x:4:syslog,ssyeda\ntty:x:5:syslog\ndisk:x:6:\nlp:x:7:\nmail:x:8:\nnews:x:9:\nuucp:x:10:\nman:x:12:\nproxy:x:13:\nkmem:x:15:\ndialout:x:20:ssyeda\nfax:x:21:\nvoice:x:22:\ncdrom:x:24:ssyeda\nfloppy:x:25:ssyeda\ntape:x:26:\nsudo:x:27:ssyeda\naudio:x:29:ssyeda\ndip:x:30:ssyeda\nwww-data:x:33:\nbackup:x:34:\noperator:x:37:\nlist:x:38:\nirc:x:39:\nsrc:x:40:\ngnats:x:41:\nshadow:x:42:\nutmp:x:43:\nvideo:x:44:ssyeda\nsasl:x:45:\nplugdev:x:46:ssyeda\nstaff:x:50:\ngames:x:60:\nusers:x:100:\nnogroup:x:65534:\nsystemd-journal:x:101:\nsystemd-network:x:102:\nsystemd-resolve:x:103:\nsystemd-timesync:x:104:\ncrontab:x:105:\nmessagebus:x:106:\ninput:x:107:\nkvm:x:108:\nrender:x:109:\nsyslog:x:110:\ntss:x:111:\nuuidd:x:112:\ntcpdump:x:113:\nssh:x:114:\nlandscape:x:115:\nadmin:x:116:\nnetdev:x:117:ssyeda\nlxd:x:118:\nssyeda:x:1000:\ndocker:x:1001:ssyeda\n", 4096) = 838
1671  <... lseek resumed>)              = 838
1670  <... gettid resumed>)             = 1670
1669  close(5 <unfinished ...>
1672  lseek(40, 0, SEEK_CUR <unfinished ...>
1671  lseek(38, 0, SEEK_CUR <unfinished ...>
1670  socket(AF_UNIX, SOCK_DGRAM|SOCK_CLOEXEC, 0 <unfinished ...>
1669  <... close resumed>)              = 0
1275  sendmsg(20, {msg_name=NULL, msg_namelen=0, msg_iov=[{iov_base="\1\0\0\0\0\0\0\0\210\6\0\0\0\0\0\0\17\0\0\0\0\0\0\0&\0\0\0\0\0\0\0", iov_len=32}], msg_iovlen=1, msg_control=[{cmsg_len=20, cmsg_level=SOL_SOCKET, cmsg_type=SCM_RIGHTS, cmsg_data=[38]}], msg_controllen=24, msg_flags=0}, 0 <unfinished ...>
1672  <... lseek resumed>)              = 838
1671  <... lseek resumed>)              = 838
1670  <... socket resumed>)             = 36
1669  close(27 <unfinished ...>
1672  lseek(40, 0, SEEK_CUR <unfinished ...>
1671  lseek(38, 0, SEEK_CUR <unfinished ...>
1670  connect(36, {sa_family=AF_UNIX, sun_path=@"userdb-6b65bdd60a2fa0776ccb77577397a14a"}, 42 <unfinished ...>
1275  <... sendmsg resumed>)            = 32
1672  <... lseek resumed>)              = 838
1671  <... lseek resumed>)              = 838
1670  <... connect resumed>)            = -1 ECONNREFUSED (Connection refused)
1669  <... close resumed>)              = 0
1672  lseek(40, 0, SEEK_CUR <unfinished ...>
1671  lseek(38, 0, SEEK_CUR <unfinished ...>
1670  close(36 <unfinished ...>
1275  sendmsg(22, {msg_name=NULL, msg_namelen=0, msg_iov=[{iov_base="\1\0\0\0\0\0\0\0\210\6\0\0\0\0\0\0\17\0\0\0\0\0\0\0&\0\0\0\0\0\0\0", iov_len=32}], msg_iovlen=1, msg_control=[{cmsg_len=20, cmsg_level=SOL_SOCKET, cmsg_type=SCM_RIGHTS, cmsg_data=[38]}], msg_controllen=24, msg_flags=0}, 0 <unfinished ...>
1672  <... lseek resumed>)              = 838
1671  <... lseek resumed>)              = 838
1670  <... close resumed>)              = 0
1669  close(29 <unfinished ...>
1672  lseek(40, 0, SEEK_CUR <unfinished ...>
1671  lseek(38, 0, SEEK_CUR <unfinished ...>
1670  openat(AT_FDCWD, "/run/systemd/userdb/", O_RDONLY|O_NONBLOCK|O_CLOEXEC|O_DIRECTORY <unfinished ...>
1275  <... sendmsg resumed>)            = 32
1672  <... lseek resumed>)              = 838
1671  <... lseek resumed>)              = 838
1670  <... openat resumed>)             = -1 ENOENT (No such file or directory)
1669  <... close resumed>)              = 0
1672  lseek(40, 0, SEEK_CUR <unfinished ...>
1671  lseek(38, 0, SEEK_CUR <unfinished ...>
1670  rt_sigprocmask(SIG_SETMASK, [HUP INT QUIT USR1 USR2 ALRM TERM CHLD WINCH IO],  <unfinished ...>
1275  sendmsg(4, {msg_name=NULL, msg_namelen=0, msg_iov=[{iov_base="\1\0\0\0\0\0\0\0\210\6\0\0\0\0\0\0\17\0\0\0\0\0\0\0&\0\0\0\0\0\0\0", iov_len=32}], msg_iovlen=1, msg_control=[{cmsg_len=20, cmsg_level=SOL_SOCKET, cmsg_type=SCM_RIGHTS, cmsg_data=[38]}], msg_controllen=24, msg_flags=0}, 0 <unfinished ...>
1672  <... lseek resumed>)              = 838
1671  <... lseek resumed>)              = 838
1670  <... rt_sigprocmask resumed>NULL, 8) = 0
1669  close(31 <unfinished ...>
1672  lseek(40, 0, SEEK_CUR <unfinished ...>
1671  lseek(38, 0, SEEK_CUR <unfinished ...>
1670  setgroups(1, [33] <unfinished ...>
1665  <... epoll_wait resumed>[{EPOLLIN, {u32=1027064520, u64=140214529409736}}], 512, -1) = 1
1275  <... sendmsg resumed>)            = 32
1672  <... lseek resumed>)              = 838
1671  <... lseek resumed>)              = 838
1670  <... setgroups resumed>)          = 0
1669  <... close resumed>)              = 0
1665  recvmsg(5,  <unfinished ...>
1672  lseek(40, 0, SEEK_CUR <unfinished ...>
1671  lseek(38, 0, SEEK_CUR <unfinished ...>
1670  setuid(33 <unfinished ...>
1669  close(32 <unfinished ...>
1275  sendmsg(26, {msg_name=NULL, msg_namelen=0, msg_iov=[{iov_base="\1\0\0\0\0\0\0\0\210\6\0\0\0\0\0\0\17\0\0\0\0\0\0\0&\0\0\0\0\0\0\0", iov_len=32}], msg_iovlen=1, msg_control=[{cmsg_len=20, cmsg_level=SOL_SOCKET, cmsg_type=SCM_RIGHTS, cmsg_data=[38]}], msg_controllen=24, msg_flags=0}, 0 <unfinished ...>
1672  <... lseek resumed>)              = 838
1671  <... lseek resumed>)              = 838
1670  <... setuid resumed>)             = 0
1669  <... close resumed>)              = 0
1665  <... recvmsg resumed>{msg_name=NULL, msg_namelen=0, msg_iov=[{iov_base="\1\0\0\0\0\0\0\0\210\6\0\0\0\0\0\0\17\0\0\0\0\0\0\0&\0\0\0\0\0\0\0", iov_len=32}], msg_iovlen=1, msg_control=[{cmsg_len=20, cmsg_level=SOL_SOCKET, cmsg_type=SCM_RIGHTS, cmsg_data=[19]}], msg_controllen=24, msg_flags=0}, 0) = 32
1672  lseek(40, 0, SEEK_CUR <unfinished ...>
1671  lseek(38, 0, SEEK_CUR <unfinished ...>
1670  prctl(PR_SET_DUMPABLE, SUID_DUMP_USER <unfinished ...>
1669  epoll_ctl(34, EPOLL_CTL_ADD, 33, {EPOLLIN|EPOLLRDHUP, {u32=1027064520, u64=140214529409736}} <unfinished ...>
1666  <... epoll_wait resumed>[{EPOLLIN, {u32=1027064520, u64=140214529409736}}], 512, -1) = 1
1275  <... sendmsg resumed>)            = 32
1672  <... lseek resumed>)              = 838
1671  <... lseek resumed>)              = 838
1670  <... prctl resumed>)              = 0
1669  <... epoll_ctl resumed>)          = 0
1666  recvmsg(27,  <unfinished ...>
1665  recvmsg(5,  <unfinished ...>
1672  lseek(40, 0, SEEK_CUR <unfinished ...>
1671  lseek(38, 0, SEEK_CUR <unfinished ...>
1670  rt_sigprocmask(SIG_SETMASK, [],  <unfinished ...>
1669  epoll_wait(34,  <unfinished ...>
1666  <... recvmsg resumed>{msg_name=NULL, msg_namelen=0, msg_iov=[{iov_base="\1\0\0\0\0\0\0\0\210\6\0\0\0\0\0\0\17\0\0\0\0\0\0\0&\0\0\0\0\0\0\0", iov_len=32}], msg_iovlen=1, msg_control=[{cmsg_len=20, cmsg_level=SOL_SOCKET, cmsg_type=SCM_RIGHTS, cmsg_data=[17]}], msg_controllen=24, msg_flags=0}, 0) = 32
1275  sendmsg(28, {msg_name=NULL, msg_namelen=0, msg_iov=[{iov_base="\1\0\0\0\0\0\0\0\210\6\0\0\0\0\0\0\17\0\0\0\0\0\0\0&\0\0\0\0\0\0\0", iov_len=32}], msg_iovlen=1, msg_control=[{cmsg_len=20, cmsg_level=SOL_SOCKET, cmsg_type=SCM_RIGHTS, cmsg_data=[38]}], msg_controllen=24, msg_flags=0}, 0 <unfinished ...>
1672  <... lseek resumed>)              = 838
1671  <... lseek resumed>)              = 838
1670  <... rt_sigprocmask resumed>NULL, 8) = 0
1669  <... epoll_wait resumed>[{EPOLLIN, {u32=1027064520, u64=140214529409736}}], 512, -1) = 1
1666  recvmsg(27,  <unfinished ...>
1665  <... recvmsg resumed>{msg_namelen=0}, 0) = -1 EAGAIN (Resource temporarily unavailable)
1672  lseek(40, 0, SEEK_CUR <unfinished ...>
1671  lseek(38, 0, SEEK_CUR <unfinished ...>
1670  epoll_create(512 <unfinished ...>
1669  recvmsg(33,  <unfinished ...>
1667  <... epoll_wait resumed>[{EPOLLIN, {u32=1027064520, u64=140214529409736}}], 512, -1) = 1
1666  <... recvmsg resumed>{msg_namelen=0}, 0) = -1 EAGAIN (Resource temporarily unavailable)
1275  <... sendmsg resumed>)            = 32
1672  <... lseek resumed>)              = 838
1671  <... lseek resumed>)              = 838
1670  <... epoll_create resumed>)       = 36
1669  <... recvmsg resumed>{msg_name=NULL, msg_namelen=0, msg_iov=[{iov_base="\1\0\0\0\0\0\0\0\206\6\0\0\0\0\0\0\r\0\0\0\0\0\0\0\"\0\0\0\0\0\0\0", iov_len=32}], msg_iovlen=1, msg_control=[{cmsg_len=20, cmsg_level=SOL_SOCKET, cmsg_type=SCM_RIGHTS, cmsg_data=[5]}], msg_controllen=24, msg_flags=0}, 0) = 32
1667  recvmsg(29,  <unfinished ...>
1666  epoll_wait(28,  <unfinished ...>
1665  epoll_wait(26,  <unfinished ...>
1672  lseek(40, 0, SEEK_CUR <unfinished ...>
1671  lseek(38, 0, SEEK_CUR <unfinished ...>
1670  eventfd2(0, 0 <unfinished ...>
1669  recvmsg(33,  <unfinished ...>
1667  <... recvmsg resumed>{msg_name=NULL, msg_namelen=0, msg_iov=[{iov_base="\1\0\0\0\0\0\0\0\210\6\0\0\0\0\0\0\17\0\0\0\0\0\0\0&\0\0\0\0\0\0\0", iov_len=32}], msg_iovlen=1, msg_control=[{cmsg_len=20, cmsg_level=SOL_SOCKET, cmsg_type=SCM_RIGHTS, cmsg_data=[15]}], msg_controllen=24, msg_flags=0}, 0) = 32
1275  sendmsg(30, {msg_name=NULL, msg_namelen=0, msg_iov=[{iov_base="\1\0\0\0\0\0\0\0\210\6\0\0\0\0\0\0\17\0\0\0\0\0\0\0&\0\0\0\0\0\0\0", iov_len=32}], msg_iovlen=1, msg_control=[{cmsg_len=20, cmsg_level=SOL_SOCKET, cmsg_type=SCM_RIGHTS, cmsg_data=[38]}], msg_controllen=24, msg_flags=0}, 0 <unfinished ...>
1672  <... lseek resumed>)              = 838
1671  <... lseek resumed>)              = 838
1670  <... eventfd2 resumed>)           = 37
1669  <... recvmsg resumed>{msg_name=NULL, msg_namelen=0, msg_iov=[{iov_base="\1\0\0\0\0\0\0\0\207\6\0\0\0\0\0\0\16\0\0\0\0\0\0\0$\0\0\0\0\0\0\0", iov_len=32}], msg_iovlen=1, msg_control=[{cmsg_len=20, cmsg_level=SOL_SOCKET, cmsg_type=SCM_RIGHTS, cmsg_data=[9]}], msg_controllen=24, msg_flags=0}, 0) = 32
1667  recvmsg(29,  <unfinished ...>
1672  lseek(40, 0, SEEK_CUR <unfinished ...>
1671  lseek(38, 0, SEEK_CUR <unfinished ...>
1670  epoll_ctl(36, EPOLL_CTL_ADD, 37, {EPOLLIN|EPOLLET, {u32=4073848736, u64=94811181940640}} <unfinished ...>
1669  recvmsg(33,  <unfinished ...>
1668  <... epoll_wait resumed>[{EPOLLIN, {u32=1027064520, u64=140214529409736}}], 512, -1) = 1
1275  <... sendmsg resumed>)            = 32
1672  <... lseek resumed>)              = 838
1671  <... lseek resumed>)              = 838
1670  <... epoll_ctl resumed>)          = 0
1669  <... recvmsg resumed>{msg_namelen=0}, 0) = -1 EAGAIN (Resource temporarily unavailable)
1668  recvmsg(31,  <unfinished ...>
1667  <... recvmsg resumed>{msg_namelen=0}, 0) = -1 EAGAIN (Resource temporarily unavailable)
1672  lseek(40, 0, SEEK_CUR <unfinished ...>
1671  lseek(38, 0, SEEK_CUR <unfinished ...>
1670  socketpair(AF_UNIX, SOCK_STREAM, 0 <unfinished ...>
1669  epoll_wait(34,  <unfinished ...>
1668  <... recvmsg resumed>{msg_name=NULL, msg_namelen=0, msg_iov=[{iov_base="\1\0\0\0\0\0\0\0\210\6\0\0\0\0\0\0\17\0\0\0\0\0\0\0&\0\0\0\0\0\0\0", iov_len=32}], msg_iovlen=1, msg_control=[{cmsg_len=20, cmsg_level=SOL_SOCKET, cmsg_type=SCM_RIGHTS, cmsg_data=[13]}], msg_controllen=24, msg_flags=0}, 0) = 32
1275  sendmsg(32, {msg_name=NULL, msg_namelen=0, msg_iov=[{iov_base="\1\0\0\0\0\0\0\0\210\6\0\0\0\0\0\0\17\0\0\0\0\0\0\0&\0\0\0\0\0\0\0", iov_len=32}], msg_iovlen=1, msg_control=[{cmsg_len=20, cmsg_level=SOL_SOCKET, cmsg_type=SCM_RIGHTS, cmsg_data=[38]}], msg_controllen=24, msg_flags=0}, 0 <unfinished ...>
1672  <... lseek resumed>)              = 838
1671  <... lseek resumed>)              = 838
1670  <... socketpair resumed>, [38, 39]) = 0
1668  recvmsg(31,  <unfinished ...>
1667  epoll_wait(30,  <unfinished ...>
1672  lseek(40, 0, SEEK_CUR <unfinished ...>
1671  lseek(38, 0, SEEK_CUR <unfinished ...>
1670  epoll_ctl(36, EPOLL_CTL_ADD, 38, {EPOLLIN|EPOLLRDHUP|EPOLLET, {u32=4073848736, u64=94811181940640}} <unfinished ...>
1669  <... epoll_wait resumed>[{EPOLLIN, {u32=1027064520, u64=140214529409736}}], 512, -1) = 1
1668  <... recvmsg resumed>{msg_namelen=0}, 0) = -1 EAGAIN (Resource temporarily unavailable)
1275  <... sendmsg resumed>)            = 32
1672  <... lseek resumed>)              = 838
1671  <... lseek resumed>)              = 838
1670  <... epoll_ctl resumed>)          = 0
1669  recvmsg(33,  <unfinished ...>
1668  epoll_wait(32,  <unfinished ...>
1672  lseek(40, 0, SEEK_CUR <unfinished ...>
1671  lseek(38, 0, SEEK_CUR <unfinished ...>
1670  close(39 <unfinished ...>
1669  <... recvmsg resumed>{msg_name=NULL, msg_namelen=0, msg_iov=[{iov_base="\1\0\0\0\0\0\0\0\210\6\0\0\0\0\0\0\17\0\0\0\0\0\0\0&\0\0\0\0\0\0\0", iov_len=32}], msg_iovlen=1, msg_control=[{cmsg_len=20, cmsg_level=SOL_SOCKET, cmsg_type=SCM_RIGHTS, cmsg_data=[11]}], msg_controllen=24, msg_flags=0}, 0) = 32
1275  sendmsg(34, {msg_name=NULL, msg_namelen=0, msg_iov=[{iov_base="\1\0\0\0\0\0\0\0\210\6\0\0\0\0\0\0\17\0\0\0\0\0\0\0&\0\0\0\0\0\0\0", iov_len=32}], msg_iovlen=1, msg_control=[{cmsg_len=20, cmsg_level=SOL_SOCKET, cmsg_type=SCM_RIGHTS, cmsg_data=[38]}], msg_controllen=24, msg_flags=0}, 0 <unfinished ...>
1672  <... lseek resumed>)              = 838
1671  <... lseek resumed>)              = 838
1670  <... close resumed>)              = 0
1669  recvmsg(33,  <unfinished ...>
1672  lseek(40, 0, SEEK_CUR <unfinished ...>
1671  read(38,  <unfinished ...>
1670  epoll_wait(36,  <unfinished ...>
1275  <... sendmsg resumed>)            = 32
1672  <... lseek resumed>)              = 838
1671  <... read resumed>"", 4096)       = 0
1670  <... epoll_wait resumed>[{EPOLLIN|EPOLLHUP|EPOLLRDHUP, {u32=4073848736, u64=94811181940640}}], 1, 5000) = 1
1669  <... recvmsg resumed>{msg_namelen=0}, 0) = -1 EAGAIN (Resource temporarily unavailable)
1672  lseek(40, 0, SEEK_CUR <unfinished ...>
1671  close(38 <unfinished ...>
1670  close(38 <unfinished ...>
1275  sendmsg(36, {msg_name=NULL, msg_namelen=0, msg_iov=[{iov_base="\1\0\0\0\0\0\0\0\210\6\0\0\0\0\0\0\17\0\0\0\0\0\0\0&\0\0\0\0\0\0\0", iov_len=32}], msg_iovlen=1, msg_control=[{cmsg_len=20, cmsg_level=SOL_SOCKET, cmsg_type=SCM_RIGHTS, cmsg_data=[38]}], msg_controllen=24, msg_flags=0}, 0 <unfinished ...>
1672  <... lseek resumed>)              = 838
1671  <... close resumed>)              = 0
1670  <... close resumed>)              = 0
1669  epoll_wait(34,  <unfinished ...>
1672  lseek(40, 0, SEEK_CUR <unfinished ...>
1670  mmap(NULL, 241664, PROT_READ|PROT_WRITE, MAP_PRIVATE|MAP_ANONYMOUS, -1, 0 <unfinished ...>
1275  <... sendmsg resumed>)            = 32
1672  <... lseek resumed>)              = 838
1671  openat(AT_FDCWD, "/etc/ld.so.cache", O_RDONLY|O_CLOEXEC <unfinished ...>
1670  <... mmap resumed>)               = 0x7f863d37c000
1672  lseek(40, 0, SEEK_CUR <unfinished ...>
1671  <... openat resumed>)             = 38
1275  clock_nanosleep(CLOCK_REALTIME, 0, {tv_sec=0, tv_nsec=100000000},  <unfinished ...>
1672  <... lseek resumed>)              = 838
1671  fstat(38,  <unfinished ...>
1670  brk(0x563af493e000 <unfinished ...>
1672  lseek(40, 0, SEEK_CUR <unfinished ...>
1671  <... fstat resumed>{st_dev=makedev(0x8, 0x10), st_ino=41790, st_mode=S_IFREG|0644, st_nlink=1, st_uid=0, st_gid=0, st_blksize=4096, st_blocks=72, st_size=35001, st_atime=1633351535 /* 2021-10-04T08:45:35.831212600-0400 */, st_atime_nsec=831212600, st_mtime=1633351535 /* 2021-10-04T08:45:35.761212600-0400 */, st_mtime_nsec=761212600, st_ctime=1633351535 /* 2021-10-04T08:45:35.761212600-0400 */, st_ctime_nsec=761212600}) = 0
1672  <... lseek resumed>)              = 838
1670  <... brk resumed>)                = 0x563af493e000
1672  lseek(40, 0, SEEK_CUR <unfinished ...>
1671  mmap(NULL, 35001, PROT_READ, MAP_PRIVATE, 38, 0 <unfinished ...>
1672  <... lseek resumed>)              = 838
1671  <... mmap resumed>)               = 0x7f863f634000
1672  lseek(40, 0, SEEK_CUR <unfinished ...>
1671  close(38 <unfinished ...>
1672  <... lseek resumed>)              = 838
1670  epoll_ctl(36, EPOLL_CTL_ADD, 6, {EPOLLIN|EPOLLEXCLUSIVE, {u32=1027063824, u64=140214529409040}} <unfinished ...>
1672  lseek(40, 0, SEEK_CUR <unfinished ...>
1671  <... close resumed>)              = 0
1672  <... lseek resumed>)              = 838
1670  <... epoll_ctl resumed>)          = 0
1672  lseek(40, 0, SEEK_CUR <unfinished ...>
1671  openat(AT_FDCWD, "/lib/x86_64-linux-gnu/libnss_systemd.so.2", O_RDONLY|O_CLOEXEC <unfinished ...>
1672  <... lseek resumed>)              = 838
1670  epoll_ctl(36, EPOLL_CTL_ADD, 7, {EPOLLIN|EPOLLEXCLUSIVE, {u32=1027064056, u64=140214529409272}} <unfinished ...>
1672  lseek(40, 0, SEEK_CUR <unfinished ...>
1671  <... openat resumed>)             = 38
1672  <... lseek resumed>)              = 838
1670  <... epoll_ctl resumed>)          = 0
1672  lseek(40, 0, SEEK_CUR <unfinished ...>
1671  read(38,  <unfinished ...>
1672  <... lseek resumed>)              = 838
1670  epoll_ctl(36, EPOLL_CTL_ADD, 8, {EPOLLIN|EPOLLEXCLUSIVE, {u32=1027064288, u64=140214529409504}} <unfinished ...>
1672  lseek(40, 0, SEEK_CUR <unfinished ...>
1671  <... read resumed>"\177ELF\2\1\1\0\0\0\0\0\0\0\0\0\3\0>\0\1\0\0\0\240o\0\0\0\0\0\0@\0\0\0\0\0\0\0\330\241\3\0\0\0\0\0\0\0\0\0@\08\0\f\0@\0\35\0\34\0\1\0\0\0\4\0\0\0\0\0\0\0\0\0\0\0\0\0\0\0\0\0\0\0\0\0\0\0\0\0\0\0\300P\0\0\0\0\0\0\300P\0\0\0\0\0\0\0\20\0\0\0\0\0\0\1\0\0\0\5\0\0\0\0`\0\0\0\0\0\0\0`\0\0\0\0\0\0\0`\0\0\0\0\0\0\rS\2\0\0\0\0\0\rS\2\0\0\0\0\0\0\20\0\0\0\0\0\0\1\0\0\0\4\0\0\0\0\300\2\0\0\0\0\0\0\300\2\0\0\0\0\0\0\300\2\0\0\0\0\0\20\262\0\0\0\0\0\0\20\262\0\0\0\0\0\0\0\20\0\0\0\0\0\0\1\0\0\0\6\0\0\0\320t\3\0\0\0\0\0\320\204\3\0\0\0\0\0\320\204\3\0\0\0\0\0\300+\0\0\0\0\0\0\3304\0\0\0\0\0\0\0\20\0\0\0\0\0\0\2\0\0\0\6\0\0\0\230\231\3\0\0\0\0\0\230\251\3\0\0\0\0\0\230\251\3\0\0\0\0\0 \2\0\0\0\0\0\0 \2\0\0\0\0\0\0\10\0\0\0\0\0\0\0\4\0\0\0\4\0\0\0\340\2\0\0\0\0\0\0\340\2\0\0\0\0\0\0\340\2\0\0\0\0\0\0 \0\0\0\0\0\0\0 \0\0\0\0\0\0\0\10\0\0\0\0\0\0\0\4\0\0\0\4\0\0\0\0\3\0\0\0\0\0\0\0\3\0\0\0\0\0\0\0\3\0\0\0\0\0\0$\0\0\0\0\0\0\0$\0\0\0\0\0\0\0\4\0\0\0\0\0\0\0\7\0\0\0\4\0\0\0\320t\3\0\0\0\0\0\320\204\3\0\0\0\0\0\320\204\3\0\0\0\0\0\0\0\0\0\0\0\0\0,\0\0\0\0\0\0\0\10\0\0\0\0\0\0\0S\345td\4\0\0\0\340\2\0\0\0\0\0\0\340\2\0\0\0\0\0\0\340\2\0\0\0\0\0\0 \0\0\0\0\0\0\0 \0\0\0\0\0\0\0\10\0\0\0\0\0\0\0P\345td\4\0\0\0\30\30\3\0\0\0\0\0\30\30\3\0\0\0\0\0\30\30\3\0\0\0\0\0L\n\0\0\0\0\0\0L\n\0\0\0\0\0\0\4\0\0\0\0\0\0\0Q\345td\6\0\0\0\0\0\0\0\0\0\0\0\0\0\0\0\0\0\0\0\0\0\0\0\0\0\0\0\0\0\0\0\0\0\0\0\0\0\0\0\0\0\0\0\20\0\0\0\0\0\0\0R\345td\4\0\0\0\320t\3\0\0\0\0\0\320\204\3\0\0\0\0\0\320\204\3\0\0\0\0\0000+\0\0\0\0\0\0000+\0\0\0\0\0\0\1\0\0\0\0\0\0\0\4\0\0\0\20\0\0\0\5\0\0\0GNU\0\2\0\0\300\4\0\0\0\3\0\0\0\0\0\0\0\4\0\0\0\24\0\0\0\3\0\0\0GNU\0\206\5\245\243;&,\2073\1l\26CM\342hGWG\335\0\0\0\0\3\0\0\0\203\0\0\0\1\0\0\0\6\0\0\0\220\2I\252`H\212D", 832) = 832
1672  <... lseek resumed>)              = 838
1670  <... epoll_ctl resumed>)          = 0
1672  lseek(40, 0, SEEK_CUR <unfinished ...>
1671  fstat(38,  <unfinished ...>
1672  <... lseek resumed>)              = 838
1670  close(9 <unfinished ...>
1672  lseek(40, 0, SEEK_CUR <unfinished ...>
1671  <... fstat resumed>{st_dev=makedev(0x8, 0x10), st_ino=19069, st_mode=S_IFREG|0644, st_nlink=1, st_uid=0, st_gid=0, st_blksize=4096, st_blocks=472, st_size=239896, st_atime=1633351717 /* 2021-10-04T08:48:37.071212600-0400 */, st_atime_nsec=71212600, st_mtime=1626894021 /* 2021-07-21T15:00:21-0400 */, st_mtime_nsec=0, st_ctime=1631636411 /* 2021-09-14T12:20:11.265926600-0400 */, st_ctime_nsec=265926600}) = 0
1672  <... lseek resumed>)              = 838
1670  <... close resumed>)              = 0
1672  lseek(40, 0, SEEK_CUR <unfinished ...>
1671  mmap(NULL, 244136, PROT_READ, MAP_PRIVATE|MAP_DENYWRITE, 38, 0 <unfinished ...>
1672  <... lseek resumed>)              = 838
1670  close(11 <unfinished ...>
1672  lseek(40, 0, SEEK_CUR <unfinished ...>
1671  <... mmap resumed>)               = 0x7f863d3b7000
1672  <... lseek resumed>)              = 838
1670  <... close resumed>)              = 0
1672  lseek(40, 0, SEEK_CUR <unfinished ...>
1671  mmap(0x7f863d3bd000, 155648, PROT_READ|PROT_EXEC, MAP_PRIVATE|MAP_FIXED|MAP_DENYWRITE, 38, 0x6000 <unfinished ...>
1672  <... lseek resumed>)              = 838
1670  close(13 <unfinished ...>
1672  lseek(40, 0, SEEK_CUR <unfinished ...>
1671  <... mmap resumed>)               = 0x7f863d3bd000
1672  <... lseek resumed>)              = 838
1670  <... close resumed>)              = 0
1672  lseek(40, 0, SEEK_CUR <unfinished ...>
1671  mmap(0x7f863d3e3000, 49152, PROT_READ, MAP_PRIVATE|MAP_FIXED|MAP_DENYWRITE, 38, 0x2c000 <unfinished ...>
1672  <... lseek resumed>)              = 838
1670  close(15 <unfinished ...>
1672  lseek(40, 0, SEEK_CUR <unfinished ...>
1671  <... mmap resumed>)               = 0x7f863d3e3000
1672  <... lseek resumed>)              = 838
1670  <... close resumed>)              = 0
1672  lseek(40, 0, SEEK_CUR <unfinished ...>
1671  mmap(0x7f863d3ef000, 16384, PROT_READ|PROT_WRITE, MAP_PRIVATE|MAP_FIXED|MAP_DENYWRITE, 38, 0x37000 <unfinished ...>
1672  <... lseek resumed>)              = 838
1670  close(17 <unfinished ...>
1672  lseek(40, 0, SEEK_CUR <unfinished ...>
1671  <... mmap resumed>)               = 0x7f863d3ef000
1672  <... lseek resumed>)              = 838
1670  <... close resumed>)              = 0
1672  lseek(40, 0, SEEK_CUR <unfinished ...>
1671  close(38 <unfinished ...>
1672  <... lseek resumed>)              = 838
1670  close(19 <unfinished ...>
1672  lseek(40, 0, SEEK_CUR <unfinished ...>
1671  <... close resumed>)              = 0
1672  <... lseek resumed>)              = 838
1670  <... close resumed>)              = 0
1672  lseek(40, 0, SEEK_CUR <unfinished ...>
1670  close(21 <unfinished ...>
1672  <... lseek resumed>)              = 838
1671  mprotect(0x7f863d3ef000, 12288, PROT_READ <unfinished ...>
1672  lseek(40, 0, SEEK_CUR <unfinished ...>
1670  <... close resumed>)              = 0
1672  <... lseek resumed>)              = 838
1671  <... mprotect resumed>)           = 0
1672  lseek(40, 0, SEEK_CUR <unfinished ...>
1670  close(23 <unfinished ...>
1672  <... lseek resumed>)              = 838
1671  munmap(0x7f863f634000, 35001 <unfinished ...>
1672  lseek(40, 0, SEEK_CUR <unfinished ...>
1670  <... close resumed>)              = 0
1672  <... lseek resumed>)              = 838
1671  <... munmap resumed>)             = 0
1672  lseek(40, 0, SEEK_CUR <unfinished ...>
1670  close(5 <unfinished ...>
1672  <... lseek resumed>)              = 838
1671  rt_sigprocmask(SIG_BLOCK, [HUP USR1 USR2 PIPE ALRM CHLD TSTP URG VTALRM PROF WINCH IO],  <unfinished ...>
1672  lseek(40, 0, SEEK_CUR <unfinished ...>
1670  <... close resumed>)              = 0
1672  <... lseek resumed>)              = 838
1671  <... rt_sigprocmask resumed>[HUP INT QUIT USR1 USR2 ALRM TERM CHLD WINCH IO], 8) = 0
1672  lseek(40, 0, SEEK_CUR <unfinished ...>
1670  close(27 <unfinished ...>
1671  gettid( <unfinished ...>
1672  <... lseek resumed>)              = 838
1670  <... close resumed>)              = 0
1672  lseek(40, 0, SEEK_CUR <unfinished ...>
1671  <... gettid resumed>)             = 1671
1670  close(29 <unfinished ...>
1672  <... lseek resumed>)              = 838
1671  socket(AF_UNIX, SOCK_DGRAM|SOCK_CLOEXEC, 0 <unfinished ...>
1672  lseek(40, 0, SEEK_CUR <unfinished ...>
1670  <... close resumed>)              = 0
1672  <... lseek resumed>)              = 838
1671  <... socket resumed>)             = 38
1672  lseek(40, 0, SEEK_CUR <unfinished ...>
1670  close(31 <unfinished ...>
1672  <... lseek resumed>)              = 838
1671  connect(38, {sa_family=AF_UNIX, sun_path=@"userdb-7884646d7ac5da372df4431ab8204825"}, 42 <unfinished ...>
1672  lseek(40, 0, SEEK_CUR <unfinished ...>
1670  <... close resumed>)              = 0
1672  <... lseek resumed>)              = 838
1671  <... connect resumed>)            = -1 ECONNREFUSED (Connection refused)
1672  lseek(40, 0, SEEK_CUR <unfinished ...>
1670  close(33 <unfinished ...>
1672  <... lseek resumed>)              = 838
1671  close(38 <unfinished ...>
1672  lseek(40, 0, SEEK_CUR <unfinished ...>
1670  <... close resumed>)              = 0
1672  <... lseek resumed>)              = 838
1671  <... close resumed>)              = 0
1672  lseek(40, 0, SEEK_CUR <unfinished ...>
1670  close(34 <unfinished ...>
1672  <... lseek resumed>)              = 838
1671  openat(AT_FDCWD, "/run/systemd/userdb/", O_RDONLY|O_NONBLOCK|O_CLOEXEC|O_DIRECTORY <unfinished ...>
1672  lseek(40, 0, SEEK_CUR <unfinished ...>
1670  <... close resumed>)              = 0
1672  <... lseek resumed>)              = 838
1671  <... openat resumed>)             = -1 ENOENT (No such file or directory)
1672  lseek(40, 0, SEEK_CUR <unfinished ...>
1670  epoll_ctl(36, EPOLL_CTL_ADD, 35, {EPOLLIN|EPOLLRDHUP, {u32=1027064520, u64=140214529409736}} <unfinished ...>
1672  <... lseek resumed>)              = 838
1671  rt_sigprocmask(SIG_SETMASK, [HUP INT QUIT USR1 USR2 ALRM TERM CHLD WINCH IO],  <unfinished ...>
1672  lseek(40, 0, SEEK_CUR <unfinished ...>
1670  <... epoll_ctl resumed>)          = 0
1672  <... lseek resumed>)              = 838
1671  <... rt_sigprocmask resumed>NULL, 8) = 0
1672  lseek(40, 0, SEEK_CUR <unfinished ...>
1670  epoll_wait(36,  <unfinished ...>
1672  <... lseek resumed>)              = 838
1671  setgroups(1, [33] <unfinished ...>
1672  lseek(40, 0, SEEK_CUR <unfinished ...>
1670  <... epoll_wait resumed>[{EPOLLIN, {u32=1027064520, u64=140214529409736}}], 512, -1) = 1
1672  <... lseek resumed>)              = 838
1671  <... setgroups resumed>)          = 0
1672  lseek(40, 0, SEEK_CUR <unfinished ...>
1670  recvmsg(35,  <unfinished ...>
1672  <... lseek resumed>)              = 838
1671  setuid(33 <unfinished ...>
1672  read(40,  <unfinished ...>
1670  <... recvmsg resumed>{msg_name=NULL, msg_namelen=0, msg_iov=[{iov_base="\1\0\0\0\0\0\0\0\207\6\0\0\0\0\0\0\16\0\0\0\0\0\0\0$\0\0\0\0\0\0\0", iov_len=32}], msg_iovlen=1, msg_control=[{cmsg_len=20, cmsg_level=SOL_SOCKET, cmsg_type=SCM_RIGHTS, cmsg_data=[5]}], msg_controllen=24, msg_flags=0}, 0) = 32
1672  <... read resumed>"", 4096)       = 0
1671  <... setuid resumed>)             = 0
1672  close(40 <unfinished ...>
1670  recvmsg(35,  <unfinished ...>
1672  <... close resumed>)              = 0
1671  prctl(PR_SET_DUMPABLE, SUID_DUMP_USER <unfinished ...>
1670  <... recvmsg resumed>{msg_name=NULL, msg_namelen=0, msg_iov=[{iov_base="\1\0\0\0\0\0\0\0\210\6\0\0\0\0\0\0\17\0\0\0\0\0\0\0&\0\0\0\0\0\0\0", iov_len=32}], msg_iovlen=1, msg_control=[{cmsg_len=20, cmsg_level=SOL_SOCKET, cmsg_type=SCM_RIGHTS, cmsg_data=[9]}], msg_controllen=24, msg_flags=0}, 0) = 32
1671  <... prctl resumed>)              = 0
1670  recvmsg(35,  <unfinished ...>
1671  rt_sigprocmask(SIG_SETMASK, [],  <unfinished ...>
1672  openat(AT_FDCWD, "/etc/ld.so.cache", O_RDONLY|O_CLOEXEC <unfinished ...>
1670  <... recvmsg resumed>{msg_namelen=0}, 0) = -1 EAGAIN (Resource temporarily unavailable)
1672  <... openat resumed>)             = 40
1671  <... rt_sigprocmask resumed>NULL, 8) = 0
1672  fstat(40,  <unfinished ...>
1670  epoll_wait(36,  <unfinished ...>
1672  <... fstat resumed>{st_dev=makedev(0x8, 0x10), st_ino=41790, st_mode=S_IFREG|0644, st_nlink=1, st_uid=0, st_gid=0, st_blksize=4096, st_blocks=72, st_size=35001, st_atime=1633351535 /* 2021-10-04T08:45:35.831212600-0400 */, st_atime_nsec=831212600, st_mtime=1633351535 /* 2021-10-04T08:45:35.761212600-0400 */, st_mtime_nsec=761212600, st_ctime=1633351535 /* 2021-10-04T08:45:35.761212600-0400 */, st_ctime_nsec=761212600}) = 0
1671  epoll_create(512 <unfinished ...>
1672  mmap(NULL, 35001, PROT_READ, MAP_PRIVATE, 40, 0 <unfinished ...>
1671  <... epoll_create resumed>)       = 38
1672  <... mmap resumed>)               = 0x7f863f634000
1671  eventfd2(0, 0 <unfinished ...>
1672  close(40 <unfinished ...>
1671  <... eventfd2 resumed>)           = 39
1672  <... close resumed>)              = 0
1671  epoll_ctl(38, EPOLL_CTL_ADD, 39, {EPOLLIN|EPOLLET, {u32=4073848736, u64=94811181940640}} <unfinished ...>
1672  openat(AT_FDCWD, "/lib/x86_64-linux-gnu/libnss_systemd.so.2", O_RDONLY|O_CLOEXEC <unfinished ...>
1671  <... epoll_ctl resumed>)          = 0
1672  <... openat resumed>)             = 40
1671  socketpair(AF_UNIX, SOCK_STREAM, 0 <unfinished ...>
1672  read(40,  <unfinished ...>
1671  <... socketpair resumed>, [40, 41]) = 0
1672  <... read resumed>"\177ELF\2\1\1\0\0\0\0\0\0\0\0\0\3\0>\0\1\0\0\0\240o\0\0\0\0\0\0@\0\0\0\0\0\0\0\330\241\3\0\0\0\0\0\0\0\0\0@\08\0\f\0@\0\35\0\34\0\1\0\0\0\4\0\0\0\0\0\0\0\0\0\0\0\0\0\0\0\0\0\0\0\0\0\0\0\0\0\0\0\300P\0\0\0\0\0\0\300P\0\0\0\0\0\0\0\20\0\0\0\0\0\0\1\0\0\0\5\0\0\0\0`\0\0\0\0\0\0\0`\0\0\0\0\0\0\0`\0\0\0\0\0\0\rS\2\0\0\0\0\0\rS\2\0\0\0\0\0\0\20\0\0\0\0\0\0\1\0\0\0\4\0\0\0\0\300\2\0\0\0\0\0\0\300\2\0\0\0\0\0\0\300\2\0\0\0\0\0\20\262\0\0\0\0\0\0\20\262\0\0\0\0\0\0\0\20\0\0\0\0\0\0\1\0\0\0\6\0\0\0\320t\3\0\0\0\0\0\320\204\3\0\0\0\0\0\320\204\3\0\0\0\0\0\300+\0\0\0\0\0\0\3304\0\0\0\0\0\0\0\20\0\0\0\0\0\0\2\0\0\0\6\0\0\0\230\231\3\0\0\0\0\0\230\251\3\0\0\0\0\0\230\251\3\0\0\0\0\0 \2\0\0\0\0\0\0 \2\0\0\0\0\0\0\10\0\0\0\0\0\0\0\4\0\0\0\4\0\0\0\340\2\0\0\0\0\0\0\340\2\0\0\0\0\0\0\340\2\0\0\0\0\0\0 \0\0\0\0\0\0\0 \0\0\0\0\0\0\0\10\0\0\0\0\0\0\0\4\0\0\0\4\0\0\0\0\3\0\0\0\0\0\0\0\3\0\0\0\0\0\0\0\3\0\0\0\0\0\0$\0\0\0\0\0\0\0$\0\0\0\0\0\0\0\4\0\0\0\0\0\0\0\7\0\0\0\4\0\0\0\320t\3\0\0\0\0\0\320\204\3\0\0\0\0\0\320\204\3\0\0\0\0\0\0\0\0\0\0\0\0\0,\0\0\0\0\0\0\0\10\0\0\0\0\0\0\0S\345td\4\0\0\0\340\2\0\0\0\0\0\0\340\2\0\0\0\0\0\0\340\2\0\0\0\0\0\0 \0\0\0\0\0\0\0 \0\0\0\0\0\0\0\10\0\0\0\0\0\0\0P\345td\4\0\0\0\30\30\3\0\0\0\0\0\30\30\3\0\0\0\0\0\30\30\3\0\0\0\0\0L\n\0\0\0\0\0\0L\n\0\0\0\0\0\0\4\0\0\0\0\0\0\0Q\345td\6\0\0\0\0\0\0\0\0\0\0\0\0\0\0\0\0\0\0\0\0\0\0\0\0\0\0\0\0\0\0\0\0\0\0\0\0\0\0\0\0\0\0\0\20\0\0\0\0\0\0\0R\345td\4\0\0\0\320t\3\0\0\0\0\0\320\204\3\0\0\0\0\0\320\204\3\0\0\0\0\0000+\0\0\0\0\0\0000+\0\0\0\0\0\0\1\0\0\0\0\0\0\0\4\0\0\0\20\0\0\0\5\0\0\0GNU\0\2\0\0\300\4\0\0\0\3\0\0\0\0\0\0\0\4\0\0\0\24\0\0\0\3\0\0\0GNU\0\206\5\245\243;&,\2073\1l\26CM\342hGWG\335\0\0\0\0\3\0\0\0\203\0\0\0\1\0\0\0\6\0\0\0\220\2I\252`H\212D", 832) = 832
1671  epoll_ctl(38, EPOLL_CTL_ADD, 40, {EPOLLIN|EPOLLRDHUP|EPOLLET, {u32=4073848736, u64=94811181940640}} <unfinished ...>
1672  fstat(40,  <unfinished ...>
1671  <... epoll_ctl resumed>)          = 0
