1275  sendmsg(26, {msg_name=NULL, msg_namelen=0, msg_iov=[{iov_base="\2\0\0\0\0\0\0\0\2\5\0\0\0\0\0\0\5\0\0\0\0\0\0\0\377\377\377\377\0\0\0\0", iov_len=32}], msg_iovlen=1, msg_controllen=0, msg_flags=0}, 0 <unfinished ...>
1665  <... recvmsg resumed>{msg_name=NULL, msg_namelen=0, msg_iov=[{iov_base="\2\0\0\0\0\0\0\0\2\5\0\0\0\0\0\0\5\0\0\0\0\0\0\0\377\377\377\377\0\0\0\0", iov_len=32}], msg_iovlen=1, msg_controllen=0, msg_flags=0}, 0) = 32
1666  <... epoll_wait resumed>[{EPOLLIN, {u32=1027064520, u64=140214529409736}}], 512, -1) = 1
1275  <... sendmsg resumed>)            = 32
1666  recvmsg(27,  <unfinished ...>
1665  close(18 <unfinished ...>
1666  <... recvmsg resumed>{msg_name=NULL, msg_namelen=0, msg_iov=[{iov_base="\2\0\0\0\0\0\0\0\2\5\0\0\0\0\0\0\5\0\0\0\0\0\0\0\377\377\377\377\0\0\0\0", iov_len=32}], msg_iovlen=1, msg_controllen=0, msg_flags=0}, 0) = 32
1275  sendmsg(28, {msg_name=NULL, msg_namelen=0, msg_iov=[{iov_base="\2\0\0\0\0\0\0\0\2\5\0\0\0\0\0\0\5\0\0\0\0\0\0\0\377\377\377\377\0\0\0\0", iov_len=32}], msg_iovlen=1, msg_controllen=0, msg_flags=0}, 0 <unfinished ...>
1666  close(18 <unfinished ...>
1665  <... close resumed>)              = 0
1667  <... epoll_wait resumed>[{EPOLLIN, {u32=1027064520, u64=140214529409736}}], 512, -1) = 1
1666  <... close resumed>)              = 0
1275  <... sendmsg resumed>)            = 32
1667  recvmsg(29,  <unfinished ...>
1666  recvmsg(27,  <unfinished ...>
1665  recvmsg(5,  <unfinished ...>
1667  <... recvmsg resumed>{msg_name=NULL, msg_namelen=0, msg_iov=[{iov_base="\2\0\0\0\0\0\0\0\2\5\0\0\0\0\0\0\5\0\0\0\0\0\0\0\377\377\377\377\0\0\0\0", iov_len=32}], msg_iovlen=1, msg_controllen=0, msg_flags=0}, 0) = 32
1666  <... recvmsg resumed>{msg_namelen=0}, 0) = -1 EAGAIN (Resource temporarily unavailable)
1275  sendmsg(30, {msg_name=NULL, msg_namelen=0, msg_iov=[{iov_base="\2\0\0\0\0\0\0\0\2\5\0\0\0\0\0\0\5\0\0\0\0\0\0\0\377\377\377\377\0\0\0\0", iov_len=32}], msg_iovlen=1, msg_controllen=0, msg_flags=0}, 0 <unfinished ...>
1667  close(18 <unfinished ...>
1666  epoll_wait(28,  <unfinished ...>
1665  <... recvmsg resumed>{msg_namelen=0}, 0) = -1 EAGAIN (Resource temporarily unavailable)
1668  <... epoll_wait resumed>[{EPOLLIN, {u32=1027064520, u64=140214529409736}}], 512, -1) = 1
1667  <... close resumed>)              = 0
1275  <... sendmsg resumed>)            = 32
1668  recvmsg(31,  <unfinished ...>
1667  recvmsg(29,  <unfinished ...>
1665  epoll_wait(26,  <unfinished ...>
1668  <... recvmsg resumed>{msg_name=NULL, msg_namelen=0, msg_iov=[{iov_base="\2\0\0\0\0\0\0\0\2\5\0\0\0\0\0\0\5\0\0\0\0\0\0\0\377\377\377\377\0\0\0\0", iov_len=32}], msg_iovlen=1, msg_controllen=0, msg_flags=0}, 0) = 32
1667  <... recvmsg resumed>{msg_namelen=0}, 0) = -1 EAGAIN (Resource temporarily unavailable)
1275  sendmsg(32, {msg_name=NULL, msg_namelen=0, msg_iov=[{iov_base="\2\0\0\0\0\0\0\0\2\5\0\0\0\0\0\0\5\0\0\0\0\0\0\0\377\377\377\377\0\0\0\0", iov_len=32}], msg_iovlen=1, msg_controllen=0, msg_flags=0}, 0 <unfinished ...>
1668  close(18 <unfinished ...>
1667  epoll_wait(30,  <unfinished ...>
1669  <... epoll_wait resumed>[{EPOLLIN, {u32=1027064520, u64=140214529409736}}], 512, -1) = 1
1668  <... close resumed>)              = 0
1275  <... sendmsg resumed>)            = 32
1669  recvmsg(33,  <unfinished ...>
1668  recvmsg(31,  <unfinished ...>
1669  <... recvmsg resumed>{msg_name=NULL, msg_namelen=0, msg_iov=[{iov_base="\2\0\0\0\0\0\0\0\2\5\0\0\0\0\0\0\5\0\0\0\0\0\0\0\377\377\377\377\0\0\0\0", iov_len=32}], msg_iovlen=1, msg_controllen=0, msg_flags=0}, 0) = 32
1275  sendmsg(34, {msg_name=NULL, msg_namelen=0, msg_iov=[{iov_base="\2\0\0\0\0\0\0\0\2\5\0\0\0\0\0\0\5\0\0\0\0\0\0\0\377\377\377\377\0\0\0\0", iov_len=32}], msg_iovlen=1, msg_controllen=0, msg_flags=0}, 0 <unfinished ...>
1669  close(18 <unfinished ...>
1668  <... recvmsg resumed>{msg_namelen=0}, 0) = -1 EAGAIN (Resource temporarily unavailable)
1670  <... epoll_wait resumed>[{EPOLLIN, {u32=1027064520, u64=140214529409736}}], 512, -1) = 1
1669  <... close resumed>)              = 0
1275  <... sendmsg resumed>)            = 32
1670  recvmsg(35,  <unfinished ...>
1669  recvmsg(33,  <unfinished ...>
1668  epoll_wait(32,  <unfinished ...>
1670  <... recvmsg resumed>{msg_name=NULL, msg_namelen=0, msg_iov=[{iov_base="\2\0\0\0\0\0\0\0\2\5\0\0\0\0\0\0\5\0\0\0\0\0\0\0\377\377\377\377\0\0\0\0", iov_len=32}], msg_iovlen=1, msg_controllen=0, msg_flags=0}, 0) = 32
1669  <... recvmsg resumed>{msg_namelen=0}, 0) = -1 EAGAIN (Resource temporarily unavailable)
1275  sendmsg(36, {msg_name=NULL, msg_namelen=0, msg_iov=[{iov_base="\2\0\0\0\0\0\0\0\2\5\0\0\0\0\0\0\5\0\0\0\0\0\0\0\377\377\377\377\0\0\0\0", iov_len=32}], msg_iovlen=1, msg_controllen=0, msg_flags=0}, 0 <unfinished ...>
1670  close(18 <unfinished ...>
1669  epoll_wait(34,  <unfinished ...>
1670  <... close resumed>)              = 0
1275  <... sendmsg resumed>)            = 32
1671  <... epoll_wait resumed>[{EPOLLIN, {u32=1027064520, u64=140214529409736}}], 512, -1) = 1
1670  recvmsg(35,  <unfinished ...>
1671  recvmsg(37,  <unfinished ...>
1275  sendmsg(38, {msg_name=NULL, msg_namelen=0, msg_iov=[{iov_base="\2\0\0\0\0\0\0\0\2\5\0\0\0\0\0\0\5\0\0\0\0\0\0\0\377\377\377\377\0\0\0\0", iov_len=32}], msg_iovlen=1, msg_controllen=0, msg_flags=0}, 0 <unfinished ...>
1671  <... recvmsg resumed>{msg_name=NULL, msg_namelen=0, msg_iov=[{iov_base="\2\0\0\0\0\0\0\0\2\5\0\0\0\0\0\0\5\0\0\0\0\0\0\0\377\377\377\377\0\0\0\0", iov_len=32}], msg_iovlen=1, msg_controllen=0, msg_flags=0}, 0) = 32
1670  <... recvmsg resumed>{msg_namelen=0}, 0) = -1 EAGAIN (Resource temporarily unavailable)
1672  <... epoll_wait resumed>[{EPOLLIN, {u32=1027064520, u64=140214529409736}}], 512, -1) = 1
1671  close(18 <unfinished ...>
1275  <... sendmsg resumed>)            = 32
1672  recvmsg(39,  <unfinished ...>
1671  <... close resumed>)              = 0
1670  epoll_wait(36,  <unfinished ...>
1672  <... recvmsg resumed>{msg_name=NULL, msg_namelen=0, msg_iov=[{iov_base="\2\0\0\0\0\0\0\0\2\5\0\0\0\0\0\0\5\0\0\0\0\0\0\0\377\377\377\377\0\0\0\0", iov_len=32}], msg_iovlen=1, msg_controllen=0, msg_flags=0}, 0) = 32
1671  recvmsg(37,  <unfinished ...>
1275  close(20 <unfinished ...>
1672  close(18 <unfinished ...>
1671  <... recvmsg resumed>{msg_namelen=0}, 0) = -1 EAGAIN (Resource temporarily unavailable)
1672  <... close resumed>)              = 0
1275  <... close resumed>)              = 0
1672  recvmsg(39,  <unfinished ...>
1671  epoll_wait(38,  <unfinished ...>
1672  <... recvmsg resumed>{msg_namelen=0}, 0) = -1 EAGAIN (Resource temporarily unavailable)
1275  close(21 <unfinished ...>
1672  epoll_wait(40,  <unfinished ...>
1275  <... close resumed>)              = 0
1275  sendmsg(4, {msg_name=NULL, msg_namelen=0, msg_iov=[{iov_base="\2\0\0\0\0\0\0\0\3\5\0\0\0\0\0\0\6\0\0\0\0\0\0\0\377\377\377\377\0\0\0\0", iov_len=32}], msg_iovlen=1, msg_controllen=0, msg_flags=0}, 0 <unfinished ...>
1665  <... epoll_wait resumed>[{EPOLLIN, {u32=1027064520, u64=140214529409736}}], 512, -1) = 1
1275  <... sendmsg resumed>)            = 32
1665  recvmsg(5,  <unfinished ...>
1275  sendmsg(26, {msg_name=NULL, msg_namelen=0, msg_iov=[{iov_base="\2\0\0\0\0\0\0\0\3\5\0\0\0\0\0\0\6\0\0\0\0\0\0\0\377\377\377\377\0\0\0\0", iov_len=32}], msg_iovlen=1, msg_controllen=0, msg_flags=0}, 0 <unfinished ...>
1665  <... recvmsg resumed>{msg_name=NULL, msg_namelen=0, msg_iov=[{iov_base="\2\0\0\0\0\0\0\0\3\5\0\0\0\0\0\0\6\0\0\0\0\0\0\0\377\377\377\377\0\0\0\0", iov_len=32}], msg_iovlen=1, msg_controllen=0, msg_flags=0}, 0) = 32
1666  <... epoll_wait resumed>[{EPOLLIN, {u32=1027064520, u64=140214529409736}}], 512, -1) = 1
1275  <... sendmsg resumed>)            = 32
1666  recvmsg(27,  <unfinished ...>
1665  close(20 <unfinished ...>
1275  sendmsg(28, {msg_name=NULL, msg_namelen=0, msg_iov=[{iov_base="\2\0\0\0\0\0\0\0\3\5\0\0\0\0\0\0\6\0\0\0\0\0\0\0\377\377\377\377\0\0\0\0", iov_len=32}], msg_iovlen=1, msg_controllen=0, msg_flags=0}, 0 <unfinished ...>
1666  <... recvmsg resumed>{msg_name=NULL, msg_namelen=0, msg_iov=[{iov_base="\2\0\0\0\0\0\0\0\3\5\0\0\0\0\0\0\6\0\0\0\0\0\0\0\377\377\377\377\0\0\0\0", iov_len=32}], msg_iovlen=1, msg_controllen=0, msg_flags=0}, 0) = 32
1665  <... close resumed>)              = 0
1667  <... epoll_wait resumed>[{EPOLLIN, {u32=1027064520, u64=140214529409736}}], 512, -1) = 1
1666  close(20 <unfinished ...>
1275  <... sendmsg resumed>)            = 32
1667  recvmsg(29,  <unfinished ...>
1666  <... close resumed>)              = 0
1665  recvmsg(5,  <unfinished ...>
1667  <... recvmsg resumed>{msg_name=NULL, msg_namelen=0, msg_iov=[{iov_base="\2\0\0\0\0\0\0\0\3\5\0\0\0\0\0\0\6\0\0\0\0\0\0\0\377\377\377\377\0\0\0\0", iov_len=32}], msg_iovlen=1, msg_controllen=0, msg_flags=0}, 0) = 32
1666  recvmsg(27,  <unfinished ...>
1275  sendmsg(30, {msg_name=NULL, msg_namelen=0, msg_iov=[{iov_base="\2\0\0\0\0\0\0\0\3\5\0\0\0\0\0\0\6\0\0\0\0\0\0\0\377\377\377\377\0\0\0\0", iov_len=32}], msg_iovlen=1, msg_controllen=0, msg_flags=0}, 0 <unfinished ...>
1667  close(20 <unfinished ...>
1666  <... recvmsg resumed>{msg_namelen=0}, 0) = -1 EAGAIN (Resource temporarily unavailable)
1665  <... recvmsg resumed>{msg_namelen=0}, 0) = -1 EAGAIN (Resource temporarily unavailable)
1668  <... epoll_wait resumed>[{EPOLLIN, {u32=1027064520, u64=140214529409736}}], 512, -1) = 1
1667  <... close resumed>)              = 0
1666  epoll_wait(28,  <unfinished ...>
1275  <... sendmsg resumed>)            = 32
1668  recvmsg(31,  <unfinished ...>
1667  recvmsg(29,  <unfinished ...>
1665  epoll_wait(26,  <unfinished ...>
1668  <... recvmsg resumed>{msg_name=NULL, msg_namelen=0, msg_iov=[{iov_base="\2\0\0\0\0\0\0\0\3\5\0\0\0\0\0\0\6\0\0\0\0\0\0\0\377\377\377\377\0\0\0\0", iov_len=32}], msg_iovlen=1, msg_controllen=0, msg_flags=0}, 0) = 32
1667  <... recvmsg resumed>{msg_namelen=0}, 0) = -1 EAGAIN (Resource temporarily unavailable)
1275  sendmsg(32, {msg_name=NULL, msg_namelen=0, msg_iov=[{iov_base="\2\0\0\0\0\0\0\0\3\5\0\0\0\0\0\0\6\0\0\0\0\0\0\0\377\377\377\377\0\0\0\0", iov_len=32}], msg_iovlen=1, msg_controllen=0, msg_flags=0}, 0 <unfinished ...>
1668  close(20 <unfinished ...>
1667  epoll_wait(30,  <unfinished ...>
1275  <... sendmsg resumed>)            = 32
1669  <... epoll_wait resumed>[{EPOLLIN, {u32=1027064520, u64=140214529409736}}], 512, -1) = 1
1668  <... close resumed>)              = 0
1669  recvmsg(33,  <unfinished ...>
1275  sendmsg(34, {msg_name=NULL, msg_namelen=0, msg_iov=[{iov_base="\2\0\0\0\0\0\0\0\3\5\0\0\0\0\0\0\6\0\0\0\0\0\0\0\377\377\377\377\0\0\0\0", iov_len=32}], msg_iovlen=1, msg_controllen=0, msg_flags=0}, 0 <unfinished ...>
1669  <... recvmsg resumed>{msg_name=NULL, msg_namelen=0, msg_iov=[{iov_base="\2\0\0\0\0\0\0\0\3\5\0\0\0\0\0\0\6\0\0\0\0\0\0\0\377\377\377\377\0\0\0\0", iov_len=32}], msg_iovlen=1, msg_controllen=0, msg_flags=0}, 0) = 32
1668  recvmsg(31,  <unfinished ...>
1670  <... epoll_wait resumed>[{EPOLLIN, {u32=1027064520, u64=140214529409736}}], 512, -1) = 1
1669  close(20 <unfinished ...>
1275  <... sendmsg resumed>)            = 32
1670  recvmsg(35,  <unfinished ...>
1669  <... close resumed>)              = 0
1668  <... recvmsg resumed>{msg_namelen=0}, 0) = -1 EAGAIN (Resource temporarily unavailable)
1670  <... recvmsg resumed>{msg_name=NULL, msg_namelen=0, msg_iov=[{iov_base="\2\0\0\0\0\0\0\0\3\5\0\0\0\0\0\0\6\0\0\0\0\0\0\0\377\377\377\377\0\0\0\0", iov_len=32}], msg_iovlen=1, msg_controllen=0, msg_flags=0}, 0) = 32
1669  recvmsg(33,  <unfinished ...>
1275  sendmsg(36, {msg_name=NULL, msg_namelen=0, msg_iov=[{iov_base="\2\0\0\0\0\0\0\0\3\5\0\0\0\0\0\0\6\0\0\0\0\0\0\0\377\377\377\377\0\0\0\0", iov_len=32}], msg_iovlen=1, msg_controllen=0, msg_flags=0}, 0 <unfinished ...>
1670  close(20 <unfinished ...>
1669  <... recvmsg resumed>{msg_namelen=0}, 0) = -1 EAGAIN (Resource temporarily unavailable)
1668  epoll_wait(32,  <unfinished ...>
1671  <... epoll_wait resumed>[{EPOLLIN, {u32=1027064520, u64=140214529409736}}], 512, -1) = 1
1670  <... close resumed>)              = 0
1669  epoll_wait(34,  <unfinished ...>
1275  <... sendmsg resumed>)            = 32
1671  recvmsg(37,  <unfinished ...>
1670  recvmsg(35,  <unfinished ...>
1671  <... recvmsg resumed>{msg_name=NULL, msg_namelen=0, msg_iov=[{iov_base="\2\0\0\0\0\0\0\0\3\5\0\0\0\0\0\0\6\0\0\0\0\0\0\0\377\377\377\377\0\0\0\0", iov_len=32}], msg_iovlen=1, msg_controllen=0, msg_flags=0}, 0) = 32
1275  sendmsg(38, {msg_name=NULL, msg_namelen=0, msg_iov=[{iov_base="\2\0\0\0\0\0\0\0\3\5\0\0\0\0\0\0\6\0\0\0\0\0\0\0\377\377\377\377\0\0\0\0", iov_len=32}], msg_iovlen=1, msg_controllen=0, msg_flags=0}, 0 <unfinished ...>
1671  close(20 <unfinished ...>
1670  <... recvmsg resumed>{msg_namelen=0}, 0) = -1 EAGAIN (Resource temporarily unavailable)
1672  <... epoll_wait resumed>[{EPOLLIN, {u32=1027064520, u64=140214529409736}}], 512, -1) = 1
1671  <... close resumed>)              = 0
1275  <... sendmsg resumed>)            = 32
1672  recvmsg(39,  <unfinished ...>
1671  recvmsg(37,  <unfinished ...>
1670  epoll_wait(36,  <unfinished ...>
1275  close(22 <unfinished ...>
1672  <... recvmsg resumed>{msg_name=NULL, msg_namelen=0, msg_iov=[{iov_base="\2\0\0\0\0\0\0\0\3\5\0\0\0\0\0\0\6\0\0\0\0\0\0\0\377\377\377\377\0\0\0\0", iov_len=32}], msg_iovlen=1, msg_controllen=0, msg_flags=0}, 0) = 32
1671  <... recvmsg resumed>{msg_namelen=0}, 0) = -1 EAGAIN (Resource temporarily unavailable)
1672  close(20 <unfinished ...>
1275  <... close resumed>)              = 0
1672  <... close resumed>)              = 0
1671  epoll_wait(38,  <unfinished ...>
1672  recvmsg(39,  <unfinished ...>
1275  close(23 <unfinished ...>
1672  <... recvmsg resumed>{msg_namelen=0}, 0) = -1 EAGAIN (Resource temporarily unavailable)
1275  <... close resumed>)              = 0
1672  epoll_wait(40,  <unfinished ...>
1275  sendmsg(4, {msg_name=NULL, msg_namelen=0, msg_iov=[{iov_base="\2\0\0\0\0\0\0\0\4\5\0\0\0\0\0\0\7\0\0\0\0\0\0\0\377\377\377\377\0\0\0\0", iov_len=32}], msg_iovlen=1, msg_controllen=0, msg_flags=0}, 0 <unfinished ...>
1665  <... epoll_wait resumed>[{EPOLLIN, {u32=1027064520, u64=140214529409736}}], 512, -1) = 1
1275  <... sendmsg resumed>)            = 32
1665  recvmsg(5,  <unfinished ...>
1275  sendmsg(26, {msg_name=NULL, msg_namelen=0, msg_iov=[{iov_base="\2\0\0\0\0\0\0\0\4\5\0\0\0\0\0\0\7\0\0\0\0\0\0\0\377\377\377\377\0\0\0\0", iov_len=32}], msg_iovlen=1, msg_controllen=0, msg_flags=0}, 0 <unfinished ...>
1665  <... recvmsg resumed>{msg_name=NULL, msg_namelen=0, msg_iov=[{iov_base="\2\0\0\0\0\0\0\0\4\5\0\0\0\0\0\0\7\0\0\0\0\0\0\0\377\377\377\377\0\0\0\0", iov_len=32}], msg_iovlen=1, msg_controllen=0, msg_flags=0}, 0) = 32
1666  <... epoll_wait resumed>[{EPOLLIN, {u32=1027064520, u64=140214529409736}}], 512, -1) = 1
1665  close(22 <unfinished ...>
1275  <... sendmsg resumed>)            = 32
1666  recvmsg(27,  <unfinished ...>
1665  <... close resumed>)              = 0
1275  sendmsg(28, {msg_name=NULL, msg_namelen=0, msg_iov=[{iov_base="\2\0\0\0\0\0\0\0\4\5\0\0\0\0\0\0\7\0\0\0\0\0\0\0\377\377\377\377\0\0\0\0", iov_len=32}], msg_iovlen=1, msg_controllen=0, msg_flags=0}, 0 <unfinished ...>
1666  <... recvmsg resumed>{msg_name=NULL, msg_namelen=0, msg_iov=[{iov_base="\2\0\0\0\0\0\0\0\4\5\0\0\0\0\0\0\7\0\0\0\0\0\0\0\377\377\377\377\0\0\0\0", iov_len=32}], msg_iovlen=1, msg_controllen=0, msg_flags=0}, 0) = 32
1665  recvmsg(5,  <unfinished ...>
1667  <... epoll_wait resumed>[{EPOLLIN, {u32=1027064520, u64=140214529409736}}], 512, -1) = 1
1666  close(22 <unfinished ...>
1275  <... sendmsg resumed>)            = 32
1667  recvmsg(29,  <unfinished ...>
1666  <... close resumed>)              = 0
1665  <... recvmsg resumed>{msg_namelen=0}, 0) = -1 EAGAIN (Resource temporarily unavailable)
1667  <... recvmsg resumed>{msg_name=NULL, msg_namelen=0, msg_iov=[{iov_base="\2\0\0\0\0\0\0\0\4\5\0\0\0\0\0\0\7\0\0\0\0\0\0\0\377\377\377\377\0\0\0\0", iov_len=32}], msg_iovlen=1, msg_controllen=0, msg_flags=0}, 0) = 32
1666  recvmsg(27,  <unfinished ...>
1275  sendmsg(30, {msg_name=NULL, msg_namelen=0, msg_iov=[{iov_base="\2\0\0\0\0\0\0\0\4\5\0\0\0\0\0\0\7\0\0\0\0\0\0\0\377\377\377\377\0\0\0\0", iov_len=32}], msg_iovlen=1, msg_controllen=0, msg_flags=0}, 0 <unfinished ...>
1667  close(22 <unfinished ...>
1666  <... recvmsg resumed>{msg_namelen=0}, 0) = -1 EAGAIN (Resource temporarily unavailable)
1665  epoll_wait(26,  <unfinished ...>
1668  <... epoll_wait resumed>[{EPOLLIN, {u32=1027064520, u64=140214529409736}}], 512, -1) = 1
1667  <... close resumed>)              = 0
1666  epoll_wait(28,  <unfinished ...>
1275  <... sendmsg resumed>)            = 32
1668  recvmsg(31,  <unfinished ...>
1667  recvmsg(29,  <unfinished ...>
1668  <... recvmsg resumed>{msg_name=NULL, msg_namelen=0, msg_iov=[{iov_base="\2\0\0\0\0\0\0\0\4\5\0\0\0\0\0\0\7\0\0\0\0\0\0\0\377\377\377\377\0\0\0\0", iov_len=32}], msg_iovlen=1, msg_controllen=0, msg_flags=0}, 0) = 32
1667  <... recvmsg resumed>{msg_namelen=0}, 0) = -1 EAGAIN (Resource temporarily unavailable)
1275  sendmsg(32, {msg_name=NULL, msg_namelen=0, msg_iov=[{iov_base="\2\0\0\0\0\0\0\0\4\5\0\0\0\0\0\0\7\0\0\0\0\0\0\0\377\377\377\377\0\0\0\0", iov_len=32}], msg_iovlen=1, msg_controllen=0, msg_flags=0}, 0 <unfinished ...>
1668  close(22 <unfinished ...>
1667  epoll_wait(30,  <unfinished ...>
1668  <... close resumed>)              = 0
1275  <... sendmsg resumed>)            = 32
1669  <... epoll_wait resumed>[{EPOLLIN, {u32=1027064520, u64=140214529409736}}], 512, -1) = 1
1668  recvmsg(31,  <unfinished ...>
1669  recvmsg(33,  <unfinished ...>
1275  sendmsg(34, {msg_name=NULL, msg_namelen=0, msg_iov=[{iov_base="\2\0\0\0\0\0\0\0\4\5\0\0\0\0\0\0\7\0\0\0\0\0\0\0\377\377\377\377\0\0\0\0", iov_len=32}], msg_iovlen=1, msg_controllen=0, msg_flags=0}, 0 <unfinished ...>
1669  <... recvmsg resumed>{msg_name=NULL, msg_namelen=0, msg_iov=[{iov_base="\2\0\0\0\0\0\0\0\4\5\0\0\0\0\0\0\7\0\0\0\0\0\0\0\377\377\377\377\0\0\0\0", iov_len=32}], msg_iovlen=1, msg_controllen=0, msg_flags=0}, 0) = 32
1668  <... recvmsg resumed>{msg_namelen=0}, 0) = -1 EAGAIN (Resource temporarily unavailable)
1670  <... epoll_wait resumed>[{EPOLLIN, {u32=1027064520, u64=140214529409736}}], 512, -1) = 1
1669  close(22 <unfinished ...>
1275  <... sendmsg resumed>)            = 32
1670  recvmsg(35,  <unfinished ...>
1669  <... close resumed>)              = 0
1668  epoll_wait(32,  <unfinished ...>
1670  <... recvmsg resumed>{msg_name=NULL, msg_namelen=0, msg_iov=[{iov_base="\2\0\0\0\0\0\0\0\4\5\0\0\0\0\0\0\7\0\0\0\0\0\0\0\377\377\377\377\0\0\0\0", iov_len=32}], msg_iovlen=1, msg_controllen=0, msg_flags=0}, 0) = 32
1669  recvmsg(33,  <unfinished ...>
1275  sendmsg(36, {msg_name=NULL, msg_namelen=0, msg_iov=[{iov_base="\2\0\0\0\0\0\0\0\4\5\0\0\0\0\0\0\7\0\0\0\0\0\0\0\377\377\377\377\0\0\0\0", iov_len=32}], msg_iovlen=1, msg_controllen=0, msg_flags=0}, 0 <unfinished ...>
1670  close(22 <unfinished ...>
1669  <... recvmsg resumed>{msg_namelen=0}, 0) = -1 EAGAIN (Resource temporarily unavailable)
1671  <... epoll_wait resumed>[{EPOLLIN, {u32=1027064520, u64=140214529409736}}], 512, -1) = 1
1670  <... close resumed>)              = 0
1275  <... sendmsg resumed>)            = 32
1671  recvmsg(37,  <unfinished ...>
1670  recvmsg(35,  <unfinished ...>
1669  epoll_wait(34,  <unfinished ...>
1671  <... recvmsg resumed>{msg_name=NULL, msg_namelen=0, msg_iov=[{iov_base="\2\0\0\0\0\0\0\0\4\5\0\0\0\0\0\0\7\0\0\0\0\0\0\0\377\377\377\377\0\0\0\0", iov_len=32}], msg_iovlen=1, msg_controllen=0, msg_flags=0}, 0) = 32
1670  <... recvmsg resumed>{msg_namelen=0}, 0) = -1 EAGAIN (Resource temporarily unavailable)
1275  sendmsg(38, {msg_name=NULL, msg_namelen=0, msg_iov=[{iov_base="\2\0\0\0\0\0\0\0\4\5\0\0\0\0\0\0\7\0\0\0\0\0\0\0\377\377\377\377\0\0\0\0", iov_len=32}], msg_iovlen=1, msg_controllen=0, msg_flags=0}, 0 <unfinished ...>
1671  close(22 <unfinished ...>
1670  epoll_wait(36,  <unfinished ...>
1672  <... epoll_wait resumed>[{EPOLLIN, {u32=1027064520, u64=140214529409736}}], 512, -1) = 1
1671  <... close resumed>)              = 0
1275  <... sendmsg resumed>)            = 32
1672  recvmsg(39,  <unfinished ...>
1671  recvmsg(37,  <unfinished ...>
1672  <... recvmsg resumed>{msg_name=NULL, msg_namelen=0, msg_iov=[{iov_base="\2\0\0\0\0\0\0\0\4\5\0\0\0\0\0\0\7\0\0\0\0\0\0\0\377\377\377\377\0\0\0\0", iov_len=32}], msg_iovlen=1, msg_controllen=0, msg_flags=0}, 0) = 32
1275  rt_sigsuspend([], 8 <unfinished ...>
1672  close(22 <unfinished ...>
1671  <... recvmsg resumed>{msg_namelen=0}, 0) = -1 EAGAIN (Resource temporarily unavailable)
1672  <... close resumed>)              = 0
1275  <... rt_sigsuspend resumed>)      = ? ERESTARTNOHAND (To be restarted if no handler)
1672  recvmsg(39,  <unfinished ...>
1671  epoll_wait(38,  <unfinished ...>
1672  <... recvmsg resumed>{msg_namelen=0}, 0) = -1 EAGAIN (Resource temporarily unavailable)
1275  --- SIGIO {si_signo=SIGIO, si_code=SI_KERNEL} ---
1672  epoll_wait(40,  <unfinished ...>
1275  rt_sigreturn({mask=[HUP INT QUIT USR1 USR2 ALRM TERM CHLD WINCH IO]}) = -1 EINTR (Interrupted system call)
1275  rt_sigsuspend([], 8 <unfinished ...>
1666  <... epoll_wait resumed>[{EPOLLIN, {u32=1027063824, u64=140214529409040}}], 512, -1) = 1
1666  accept4(6, {sa_family=AF_INET, sin_port=htons(59748), sin_addr=inet_addr("127.0.0.1")}, [112->16], SOCK_NONBLOCK) = 3
1666  epoll_ctl(28, EPOLL_CTL_ADD, 3, {EPOLLIN|EPOLLRDHUP|EPOLLET, {u32=1027064752, u64=140214529409968}}) = 0
1666  epoll_wait(28, [{EPOLLIN, {u32=1027064752, u64=140214529409968}}], 512, 60000) = 1
1666  recvfrom(3, "\26", 1, MSG_PEEK, NULL, NULL) = 1
1666  setsockopt(3, SOL_TCP, TCP_NODELAY, [1], 4) = 0
1666  read(3, "\26\3\1\2\0\1\0\1\374\3\3\364U\263\323xU\335\33\304\206\33\247\370\234\335\361\322\10\356\2\20\216M\336\312\366\216\312#\337\370\201 \306\224\211\316\v\373\35j>\274\327\266\r~F\267\3426t\"\33\237\275\24\370S\224\354\242{\323#\0>\23\2\23\3\23\1\300,\3000\0\237\314\251\314\250\314\252\300+\300/\0\236\300$\300(\0k\300#\300'\0g\300\n\300\24\09\300\t\300\23\0003\0\235\0\234\0=\0<\0005\0/\0\377\1\0\1u\0\0\0\16\0\f\0\0\tlocalhost\0\v\0\4\3\0\1\2\0\n\0\f\0\n\0\35\0\27\0\36\0\31\0\0303t\0\0\0\20\0\16\0\f\2h2\10http/1.1\0\26\0\0\0\27\0\0\0001\0\0\0\r\0*\0(\4\3\5\3\6\3\10\7\10\10\10\t\10\n\10\v\10\4\10\5\10\6\4\1\5\1\6\1\3\3\3\1\3\2\4\2\5\2\6\2\0+\0\5\4\3\4\3\3\0-\0\2\1\1\0003\0&\0$\0\35\0 \266\227+\245E\277\325r\246q \261\32\5\177F\353\7\35\274\270\270\330\200\273\24151\243\325t\30\0\25\0\276\0\0\0\0\0\0\0\0\0\0\0\0\0\0\0\0\0\0\0\0\0\0\0\0\0\0\0\0\0\0\0\0\0\0\0\0\0\0\0\0\0\0\0\0\0\0\0\0\0\0\0\0\0\0\0\0\0\0\0\0\0\0\0\0\0\0\0\0\0\0\0\0\0\0\0\0\0\0\0\0\0\0\0\0\0\0\0\0\0\0\0\0\0\0\0\0\0\0\0\0\0\0\0\0\0\0\0\0\0\0\0\0\0\0\0\0\0\0\0\0\0\0\0\0\0\0\0\0\0\0\0\0\0\0\0\0\0\0\0\0\0\0\0\0\0\0\0\0\0\0\0\0\0\0\0\0\0\0\0\0\0\0\0\0\0\0\0\0\0\0\0\0\0\0\0\0\0\0\0\0\0\0\0\0\0\0\0\0\0\0", 16709) = 517
1666  getpid()                          = 1666
1666  getpid()                          = 1666
1666  getpid()                          = 1666
1666  getrandom("\xa8\x48\xe8\xfd\x50\xef\x98\x5f\x99\x43\x3c\x79\xf2\x1a\x04\x85\x01\x18\xc0\xa7\x82\xab\xc7\x95\xd4\x3e\x84\xe4\x1b\xab\xd9\x30", 32, 0) = 32
1666  getpid()                          = 1666
1666  getpid()                          = 1666
1666  getpid()                          = 1666
1666  getpid()                          = 1666
1666  getpid()                          = 1666
1666  getpid()                          = 1666
1666  getpid()                          = 1666
1666  getpid()                          = 1666
1666  getpid()                          = 1666
1666  getpid()                          = 1666
1666  getpid()                          = 1666
1666  write(3, "\26\3\3\0p\2\0\0l\3\3\333t!\33\322q\207\201\342\206p\217\1\344\262-\222\252\37\2\315\243\257P=\335\0173.v2\254 \vV\222@c\355)\202\232'\25\326a\26\17$\343E\362\254\264\351\24\201\254P\225\300\22Y\"\303\3000\0\0$\377\1\0\1\0\0\0\0\0\0\v\0\4\3\0\1\2\0\20\0\v\0\t\10http/1.1\0\27\0\0\26\3\3\3\253\v\0\3\247\0\3\244\0\3\2410\202\3\2350\202\2\205\2\24&ie\222\335h\203\250\0224\373U\27\272\v\263O\362]n0\r\6\t*\206H\206\367\r\1\1\v\5\0000\201\2121\v0\t\6\3U\4\6\23\2US1\v0\t\6\3U\4\10\f\2MA1\0220\20\6\3U\4\7\f\tWorcester1\f0\n\6\3U\4\n\f\3WPI1\0300\26\6\3U\4\v\f\17computerscience1\0250\23\6\3U\4\3\f\f*.ssyeda.com1\0330\31\6\t*\206H\206\367\r\1\t\1\26\fabc@test.com0\36\27\r211004031323Z\27\r221004031323Z0\201\2121\v0\t\6\3U\4\6\23\2US1\v0\t\6\3U\4\10\f\2MA1\0220\20\6\3U\4\7\f\tWorcester1\f0\n\6\3U\4\n\f\3WPI1\0300\26\6\3U\4\v\f\17computerscience1\0250\23\6\3U\4\3\f\f*.ssyeda.com1\0330\31\6\t*\206H\206\367\r\1\t\1\26\fabc@test.com0\202\1\"0\r\6\t*\206H\206\367\r\1\1\1\5\0\3\202\1\17\0000\202\1\n\2\202\1\1\0\250\245\325\16\300\0267\217\234MV\220_\327]\204\264\2053\231\21\245\337\367\232\256\273\235\306\275\236\220\277'`WD\367xcc/\363\220\327R\201\263\373\304\v\204\35\334\232B%2\25\31\350[muG\335\377\364u\212\232jG\323\334\325z\2436<[\342Z\262\246\374\0234m\203\177\332\177\303N\246\351\22P\303\363\204dnGe\230\313\325\244>\202\317&kL\24\311\304fD6 W\371\26\376\233\234\244\233l\3464#\210jp\301\5e\344jx?j`\271~\275\204\35FtKF\303\337)\330\345\251N\363^\312p\7\0\231^\22\254\226 \n\4\324\312\260\300\254`]\267\355a\264\304k\360j\356\375<~3\333Y'\213\243pJ\245\f\27\315\313\34v&yRr\1\231tef\325\331\22\240\336\375n\356&.\347-t\314\177\275t7\1$*\376`_5s\222\6\326Yc^\22`{\365\2\3\1\0\0010\r\6\t*\206H\206\367\r\1\1\v\5\0\3\202\1\1\0\216\32\351\24@D\323\354wL\236\260\362\305-\250j\334T\223\370\272\203\247?\306\307\266\247\340\350}\355Q%\342[f\311x\26\307r\374\300\"\227\304h*\3059\23\366\32\223\271\303\364\376\330TIx\330)\373\365f\363\274\v\31\264SM\202m\0352%\0\262\1g\36\233\240\213N\200\1P\377\321\263\24w\212\7\263\324y\215q\31\34\361g\215\37\347=e\34-\327\266\356)\347E\314!\4K\254H\21=\234\f\3746\210\351\6\270\203y+\262\2743\34$\271\344\316\33\314.\221\344\\\365\323\265\345V<\310*4T\237\327\347[\250\310\32\2%D\267\316\242q\333)~4\334_\201\0\".\371\231\376\375x\224'9'\270?\302U3\375/<tN\343wA\373t(!\300\371=7\270'\261\346\2U\0\207\370\240#\1V\245U\303~q\356\320#5g\t\327\346\227\257}\314\370:\10\275n\223H\26\3\3\1,\f\0\1(\3\0\35 \37B\355\313+\217\267\32\257\35\362\301*$\201\22.\233\301j\3773\246?\211\335s \177\220_\17\10\4\1\0\v\253\3106\316\335\375\227\4\214\3\272\200W;?\v\237Su\332\31643\322X\207\355\t\245\345\32G\314rp5\374\215\262}\345_\314\357\322\352\302\215\342\0364\f4x\336\36\204\210\25\375\206!\251\340u&\251V\17\222\354j\225=~\344n8\362E\310u\367\16z\373\274h\276'\202K\210\20\372\271'\251]\231*\354K\4h\304\323#\31)\233\334QN\316\2O\352\374oD\25\226\332\341\373\22\322\203\35\\j5:+\235+ \215\31\247\r\317Q\205\20t\325\201Z\231\345\5\323!\274\3\36\276sm\17\7\344?\316N\211\f\255\22o\343\316\221'(\343i`vOuT\225\32\327\0\253\253\257jO=\322U\3070\21\306\212\362\233\231\vm\341\267\223\302\24\215\271\231\351\310\2765\263BMV\24B\302f\276,\224\3559H\242\354\232\200\0Z't\264\277\313\351?\243\250\200*\206\f\363kS#\26\3\3\0\4\16\0\0\0", 1375) = 1375
1666  read(3, 0x563af48aec63, 16709)    = -1 EAGAIN (Resource temporarily unavailable)
1666  epoll_wait(28, [{EPOLLIN, {u32=1027064752, u64=140214529409968}}], 512, 59990) = 1
1666  read(3, "\26\3\3\0%\20\0\0! }\34\313a\177\25\250\345?\204\374>\350*\3312\275\324$\261\241\203\225\17\273\232\33\201\217\34K-\24\3\3\0\1\1\26\3\3\0(tx\311\200\273\361 .\367f?\343\271;\235\213r\270\263\345\312\236\2776\300\276d\212\22%N\310;l\2206Ix&d", 16709) = 93
1666  getpid()                          = 1666
1666  getpid()                          = 1666
1666  write(3, "\24\3\3\0\1\1\26\3\3\0(s\351|\3z\321\350h\344\316g+\374\233v8\3249_\rJ-\330\177<\225\24\211\373\2Q1\212{h\243\363U\335_", 51) = 51
1666  read(3, "\27\3\3\0dtx\311\200\273\361 /6\206\32M8?\224eu\23\262\207\33\317RO\363\357\242\"<\237K\242\302y\37\312*uN[\3660i\356\215b\273\263L'$\241\241\16K\250!\326\25\27\203/\345)\234d\24\32\245e\t\35\333\322X\27<\356\233\222\332\317D\302'\20\375\225\355N\347\357t\346@\234\1777\255\336", 16709) = 105
1666  read(3, 0x563af48aec63, 16709)    = -1 EAGAIN (Resource temporarily unavailable)
1666  stat("/var/www/warmup/", {st_dev=makedev(0x8, 0x10), st_ino=45929, st_mode=S_IFDIR|0755, st_nlink=8, st_uid=1000, st_gid=0, st_blksize=4096, st_blocks=8, st_size=4096, st_atime=1632417324 /* 2021-09-23T13:15:24.335621400-0400 */, st_atime_nsec=335621400, st_mtime=1631551417 /* 2021-09-13T12:43:37.641428700-0400 */, st_mtime_nsec=641428700, st_ctime=1631551417 /* 2021-09-13T12:43:37.641428700-0400 */, st_ctime_nsec=641428700}) = 0
1666  stat("/var/www/warmup/", {st_dev=makedev(0x8, 0x10), st_ino=45929, st_mode=S_IFDIR|0755, st_nlink=8, st_uid=1000, st_gid=0, st_blksize=4096, st_blocks=8, st_size=4096, st_atime=1632417324 /* 2021-09-23T13:15:24.335621400-0400 */, st_atime_nsec=335621400, st_mtime=1631551417 /* 2021-09-13T12:43:37.641428700-0400 */, st_mtime_nsec=641428700, st_ctime=1631551417 /* 2021-09-13T12:43:37.641428700-0400 */, st_ctime_nsec=641428700}) = 0
1666  stat("/var/www/warmup/index.html", {st_dev=makedev(0x8, 0x10), st_ino=45958, st_mode=S_IFREG|0644, st_nlink=1, st_uid=1000, st_gid=0, st_blksize=4096, st_blocks=8, st_size=216, st_atime=1633351728 /* 2021-10-04T08:48:48.101212600-0400 */, st_atime_nsec=101212600, st_mtime=1631553057 /* 2021-09-13T13:10:57.651428700-0400 */, st_mtime_nsec=651428700, st_ctime=1631553057 /* 2021-09-13T13:10:57.651428700-0400 */, st_ctime_nsec=651428700}) = 0
1666  stat("/var/www/warmup/index.html", {st_dev=makedev(0x8, 0x10), st_ino=45958, st_mode=S_IFREG|0644, st_nlink=1, st_uid=1000, st_gid=0, st_blksize=4096, st_blocks=8, st_size=216, st_atime=1633351728 /* 2021-10-04T08:48:48.101212600-0400 */, st_atime_nsec=101212600, st_mtime=1631553057 /* 2021-09-13T13:10:57.651428700-0400 */, st_mtime_nsec=651428700, st_ctime=1631553057 /* 2021-09-13T13:10:57.651428700-0400 */, st_ctime_nsec=651428700}) = 0
1666  openat(AT_FDCWD, "/var/www/warmup/index.html", O_RDONLY|O_NONBLOCK) = 10
1666  fstat(10, {st_dev=makedev(0x8, 0x10), st_ino=45958, st_mode=S_IFREG|0644, st_nlink=1, st_uid=1000, st_gid=0, st_blksize=4096, st_blocks=8, st_size=216, st_atime=1633351728 /* 2021-10-04T08:48:48.101212600-0400 */, st_atime_nsec=101212600, st_mtime=1631553057 /* 2021-09-13T13:10:57.651428700-0400 */, st_mtime_nsec=651428700, st_ctime=1631553057 /* 2021-09-13T13:10:57.651428700-0400 */, st_ctime_nsec=651428700}) = 0
1666  pread64(10, "<!doctype html>\n<html>\n<head>\n    <meta charset=\"utf-8\">\n    <title>Root Page</title>\n</head>\n<body>\n    <h1>Test Title Page</h1>\n    <p>Homepage with different directories for multiple size files</p>\n</body>\n</html>", 216, 0) = 216
1666  write(3, "\27\3\3\1\346s\351|\3z\321\350i\36R\3208\245\256w\301\303\310\304Py\337\25L\367\206u\fO\36\30\271\300\245\372X`}p\2718\223\25DR\307\310\317\314\6\221U\36\3432\321P\5\377\253\311!-\326\205/\266\331\37P(\223\264pf\3\206ON/\21\324\35\223\303\302\266\34~\374|\324\212\314%\203\337\200\362\30b\33\35\276\7\223\1\234\17\265;\31679\232\250\327\240\270\344\215>\311\371\261*A\365\374\2603\3\375\315\2\246\10A\360\206\354K\216n\370\35~\334S\222\335\2031\3\353\223(|\223e?\247\373\266\310^>\275\253NK*?\3768\325\255\274\273\322I\265\27U\337\234@\22R\17\245\350O\34\332c\357\246D`J\221uH\315\326\222EKi\311\251\261=m\254\31\27\3215r\361Z\244\313\20Ni\37UP\204\266\266\370\270\242\251\355\340\31\207+\265`:k\216\307\247l\310zK:\16jP\10X\222\313f\243\f\261\2J\321\223\22x\260\374Lz\201\212\375\307$\313\30\372\266m\275\346'\373\264\23u;\374\242\24dL\201\224\340\302\26\366M\352\34D\310\252t\323sk\0\325\365U[\353\266H\314\336\374\212j\335t\374Lvg\234\335*\23\332\351!L\366WZ!\273L\351\347\316\7\337($\240?\274f%\2712\363o-[\16t\314\353\377\374K\221c\327C\260O\336,\37C\332?.\376%\n@\244\352ok\257\261\345\1wP\326E[\21\341\305\247\310\327!x\225\330\241\372f\v\20\307]k\366\352\272sl\240@\370\2764-\2\t\221VS\204\213a_\31\222|\321\2\310\345\202\3759\273\316i\275UD\220\267'\370\243\215\262\230\265\373\360\242\225Hh\216H\341}e\307\26\302\235\242}\324\32J", 491) = 491
1666  write(24, "127.0.0.1 - - [04/Oct/2021:09:00:35 -0400] \"GET / HTTP/1.1\" 200 216 \"-\" \"curl/7.68.0\"\n", 86) = 86
1666  close(10)                         = 0
1666  epoll_wait(28, [{EPOLLIN, {u32=1027064752, u64=140214529409968}}], 512, 65000) = 1
1666  read(3, "\25\3\3\0\32tx\311\200\273\361 0\371~\373a*\f=\303\253\205g\303\216q\256)\203\363", 16709) = 31
1666  close(3)                          = 0
1666  epoll_wait(28,  <detached ...>
