1672  <... fstat resumed>{st_dev=makedev(0x8, 0x10), st_ino=19069, st_mode=S_IFREG|0644, st_nlink=1, st_uid=0, st_gid=0, st_blksize=4096, st_blocks=472, st_size=239896, st_atime=1633351717 /* 2021-10-04T08:48:37.071212600-0400 */, st_atime_nsec=71212600, st_mtime=1626894021 /* 2021-07-21T15:00:21-0400 */, st_mtime_nsec=0, st_ctime=1631636411 /* 2021-09-14T12:20:11.265926600-0400 */, st_ctime_nsec=265926600}) = 0
1671  close(41 <unfinished ...>
1672  mmap(NULL, 244136, PROT_READ, MAP_PRIVATE|MAP_DENYWRITE, 40, 0 <unfinished ...>
1671  <... close resumed>)              = 0
1672  <... mmap resumed>)               = 0x7f863d3b7000
1671  epoll_wait(38,  <unfinished ...>
1672  mmap(0x7f863d3bd000, 155648, PROT_READ|PROT_EXEC, MAP_PRIVATE|MAP_FIXED|MAP_DENYWRITE, 40, 0x6000 <unfinished ...>
1671  <... epoll_wait resumed>[{EPOLLIN|EPOLLHUP|EPOLLRDHUP, {u32=4073848736, u64=94811181940640}}], 1, 5000) = 1
1672  <... mmap resumed>)               = 0x7f863d3bd000
1671  close(40 <unfinished ...>
1672  mmap(0x7f863d3e3000, 49152, PROT_READ, MAP_PRIVATE|MAP_FIXED|MAP_DENYWRITE, 40, 0x2c000 <unfinished ...>
1671  <... close resumed>)              = 0
1672  <... mmap resumed>)               = 0x7f863d3e3000
1671  mmap(NULL, 241664, PROT_READ|PROT_WRITE, MAP_PRIVATE|MAP_ANONYMOUS, -1, 0 <unfinished ...>
1672  mmap(0x7f863d3ef000, 16384, PROT_READ|PROT_WRITE, MAP_PRIVATE|MAP_FIXED|MAP_DENYWRITE, 40, 0x37000 <unfinished ...>
1671  <... mmap resumed>)               = 0x7f863d37c000
1672  <... mmap resumed>)               = 0x7f863d3ef000
1671  brk(0x563af493e000 <unfinished ...>
1672  close(40 <unfinished ...>
1671  <... brk resumed>)                = 0x563af493e000
1672  <... close resumed>)              = 0
1672  mprotect(0x7f863d3ef000, 12288, PROT_READ <unfinished ...>
1671  epoll_ctl(38, EPOLL_CTL_ADD, 6, {EPOLLIN|EPOLLEXCLUSIVE, {u32=1027063824, u64=140214529409040}} <unfinished ...>
1672  <... mprotect resumed>)           = 0
1671  <... epoll_ctl resumed>)          = 0
1672  munmap(0x7f863f634000, 35001 <unfinished ...>
1671  epoll_ctl(38, EPOLL_CTL_ADD, 7, {EPOLLIN|EPOLLEXCLUSIVE, {u32=1027064056, u64=140214529409272}} <unfinished ...>
1672  <... munmap resumed>)             = 0
1671  <... epoll_ctl resumed>)          = 0
1672  rt_sigprocmask(SIG_BLOCK, [HUP USR1 USR2 PIPE ALRM CHLD TSTP URG VTALRM PROF WINCH IO],  <unfinished ...>
1671  epoll_ctl(38, EPOLL_CTL_ADD, 8, {EPOLLIN|EPOLLEXCLUSIVE, {u32=1027064288, u64=140214529409504}} <unfinished ...>
1672  <... rt_sigprocmask resumed>[HUP INT QUIT USR1 USR2 ALRM TERM CHLD WINCH IO], 8) = 0
1671  <... epoll_ctl resumed>)          = 0
1672  gettid( <unfinished ...>
1671  close(9 <unfinished ...>
1672  <... gettid resumed>)             = 1672
1671  <... close resumed>)              = 0
1672  socket(AF_UNIX, SOCK_DGRAM|SOCK_CLOEXEC, 0 <unfinished ...>
1671  close(11 <unfinished ...>
1672  <... socket resumed>)             = 40
1671  <... close resumed>)              = 0
1672  connect(40, {sa_family=AF_UNIX, sun_path=@"userdb-d59cd80ea699149d4156624e69795fbc"}, 42 <unfinished ...>
1671  close(13 <unfinished ...>
1672  <... connect resumed>)            = -1 ECONNREFUSED (Connection refused)
1671  <... close resumed>)              = 0
1672  close(40 <unfinished ...>
1671  close(15 <unfinished ...>
1672  <... close resumed>)              = 0
1671  <... close resumed>)              = 0
1672  openat(AT_FDCWD, "/run/systemd/userdb/", O_RDONLY|O_NONBLOCK|O_CLOEXEC|O_DIRECTORY <unfinished ...>
1671  close(17 <unfinished ...>
1672  <... openat resumed>)             = -1 ENOENT (No such file or directory)
1671  <... close resumed>)              = 0
1672  rt_sigprocmask(SIG_SETMASK, [HUP INT QUIT USR1 USR2 ALRM TERM CHLD WINCH IO],  <unfinished ...>
1671  close(19 <unfinished ...>
1672  <... rt_sigprocmask resumed>NULL, 8) = 0
1671  <... close resumed>)              = 0
1672  setgroups(1, [33] <unfinished ...>
1671  close(21 <unfinished ...>
1672  <... setgroups resumed>)          = 0
1671  <... close resumed>)              = 0
1672  setuid(33 <unfinished ...>
1671  close(23 <unfinished ...>
1672  <... setuid resumed>)             = 0
1671  <... close resumed>)              = 0
1672  prctl(PR_SET_DUMPABLE, SUID_DUMP_USER <unfinished ...>
1671  close(5 <unfinished ...>
1672  <... prctl resumed>)              = 0
1671  <... close resumed>)              = 0
1672  rt_sigprocmask(SIG_SETMASK, [],  <unfinished ...>
1671  close(27 <unfinished ...>
1672  <... rt_sigprocmask resumed>NULL, 8) = 0
1671  <... close resumed>)              = 0
1672  epoll_create(512 <unfinished ...>
1671  close(29 <unfinished ...>
1672  <... epoll_create resumed>)       = 40
1671  <... close resumed>)              = 0
1672  eventfd2(0, 0 <unfinished ...>
1671  close(31 <unfinished ...>
1672  <... eventfd2 resumed>)           = 41
1671  <... close resumed>)              = 0
1672  epoll_ctl(40, EPOLL_CTL_ADD, 41, {EPOLLIN|EPOLLET, {u32=4073848736, u64=94811181940640}} <unfinished ...>
1671  close(33 <unfinished ...>
1672  <... epoll_ctl resumed>)          = 0
1671  <... close resumed>)              = 0
1672  socketpair(AF_UNIX, SOCK_STREAM, 0 <unfinished ...>
1671  close(35 <unfinished ...>
1672  <... socketpair resumed>, [42, 43]) = 0
1671  <... close resumed>)              = 0
1672  epoll_ctl(40, EPOLL_CTL_ADD, 42, {EPOLLIN|EPOLLRDHUP|EPOLLET, {u32=4073848736, u64=94811181940640}} <unfinished ...>
1671  close(36 <unfinished ...>
1672  <... epoll_ctl resumed>)          = 0
1671  <... close resumed>)              = 0
1672  close(43 <unfinished ...>
1671  epoll_ctl(38, EPOLL_CTL_ADD, 37, {EPOLLIN|EPOLLRDHUP, {u32=1027064520, u64=140214529409736}} <unfinished ...>
1672  <... close resumed>)              = 0
1671  <... epoll_ctl resumed>)          = 0
1672  epoll_wait(40,  <unfinished ...>
1671  epoll_wait(38,  <unfinished ...>
1672  <... epoll_wait resumed>[{EPOLLIN|EPOLLHUP|EPOLLRDHUP, {u32=4073848736, u64=94811181940640}}], 1, 5000) = 1
1671  <... epoll_wait resumed>[{EPOLLIN, {u32=1027064520, u64=140214529409736}}], 512, -1) = 1
1672  close(42 <unfinished ...>
1671  recvmsg(37,  <unfinished ...>
1672  <... close resumed>)              = 0
1671  <... recvmsg resumed>{msg_name=NULL, msg_namelen=0, msg_iov=[{iov_base="\1\0\0\0\0\0\0\0\210\6\0\0\0\0\0\0\17\0\0\0\0\0\0\0&\0\0\0\0\0\0\0", iov_len=32}], msg_iovlen=1, msg_control=[{cmsg_len=20, cmsg_level=SOL_SOCKET, cmsg_type=SCM_RIGHTS, cmsg_data=[5]}], msg_controllen=24, msg_flags=0}, 0) = 32
1672  mmap(NULL, 241664, PROT_READ|PROT_WRITE, MAP_PRIVATE|MAP_ANONYMOUS, -1, 0 <unfinished ...>
1671  recvmsg(37,  <unfinished ...>
1672  <... mmap resumed>)               = 0x7f863d37c000
1671  <... recvmsg resumed>{msg_namelen=0}, 0) = -1 EAGAIN (Resource temporarily unavailable)
1672  brk(0x563af493e000 <unfinished ...>
1671  epoll_wait(38,  <unfinished ...>
1672  <... brk resumed>)                = 0x563af493e000
1672  epoll_ctl(40, EPOLL_CTL_ADD, 6, {EPOLLIN|EPOLLEXCLUSIVE, {u32=1027063824, u64=140214529409040}}) = 0
1672  epoll_ctl(40, EPOLL_CTL_ADD, 7, {EPOLLIN|EPOLLEXCLUSIVE, {u32=1027064056, u64=140214529409272}}) = 0
1672  epoll_ctl(40, EPOLL_CTL_ADD, 8, {EPOLLIN|EPOLLEXCLUSIVE, {u32=1027064288, u64=140214529409504}}) = 0
1672  close(9)                          = 0
1672  close(11)                         = 0
1672  close(13)                         = 0
1672  close(15)                         = 0
1672  close(17)                         = 0
1672  close(19)                         = 0
1672  close(21)                         = 0
1672  close(23)                         = 0
1672  close(5)                          = 0
1672  close(27)                         = 0
1672  close(29)                         = 0
1672  close(31)                         = 0
1672  close(33)                         = 0
1672  close(35)                         = 0
1672  close(37)                         = 0
1672  close(38)                         = 0
1672  epoll_ctl(40, EPOLL_CTL_ADD, 39, {EPOLLIN|EPOLLRDHUP, {u32=1027064520, u64=140214529409736}}) = 0
1672  epoll_wait(40,  <unfinished ...>
1275  <... clock_nanosleep resumed>NULL) = 0
1275  sendmsg(3, {msg_name=NULL, msg_namelen=0, msg_iov=[{iov_base="\3\0\0\0\0\0\0\0\0\0\0\0\0\0\0\0\0\0\0\0\0\0\0\0\377\377\377\377\0\0\0\0", iov_len=32}], msg_iovlen=1, msg_controllen=0, msg_flags=0}, 0) = 32
1275  sendmsg(10, {msg_name=NULL, msg_namelen=0, msg_iov=[{iov_base="\3\0\0\0\0\0\0\0\0\0\0\0\0\0\0\0\0\0\0\0\0\0\0\0\377\377\377\377\0\0\0\0", iov_len=32}], msg_iovlen=1, msg_controllen=0, msg_flags=0}, 0) = 32
1275  sendmsg(12, {msg_name=NULL, msg_namelen=0, msg_iov=[{iov_base="\3\0\0\0\0\0\0\0\0\0\0\0\0\0\0\0\0\0\0\0\0\0\0\0\377\377\377\377\0\0\0\0", iov_len=32}], msg_iovlen=1, msg_controllen=0, msg_flags=0}, 0) = 32
1275  sendmsg(14, {msg_name=NULL, msg_namelen=0, msg_iov=[{iov_base="\3\0\0\0\0\0\0\0\0\0\0\0\0\0\0\0\0\0\0\0\0\0\0\0\377\377\377\377\0\0\0\0", iov_len=32}], msg_iovlen=1, msg_controllen=0, msg_flags=0}, 0) = 32
1275  sendmsg(16, {msg_name=NULL, msg_namelen=0, msg_iov=[{iov_base="\3\0\0\0\0\0\0\0\0\0\0\0\0\0\0\0\0\0\0\0\0\0\0\0\377\377\377\377\0\0\0\0", iov_len=32}], msg_iovlen=1, msg_controllen=0, msg_flags=0}, 0) = 32
1275  sendmsg(18, {msg_name=NULL, msg_namelen=0, msg_iov=[{iov_base="\3\0\0\0\0\0\0\0\0\0\0\0\0\0\0\0\0\0\0\0\0\0\0\0\377\377\377\377\0\0\0\0", iov_len=32}], msg_iovlen=1, msg_controllen=0, msg_flags=0}, 0) = 32
1275  sendmsg(20, {msg_name=NULL, msg_namelen=0, msg_iov=[{iov_base="\3\0\0\0\0\0\0\0\0\0\0\0\0\0\0\0\0\0\0\0\0\0\0\0\377\377\377\377\0\0\0\0", iov_len=32}], msg_iovlen=1, msg_controllen=0, msg_flags=0}, 0) = 32
1275  sendmsg(22, {msg_name=NULL, msg_namelen=0, msg_iov=[{iov_base="\3\0\0\0\0\0\0\0\0\0\0\0\0\0\0\0\0\0\0\0\0\0\0\0\377\377\377\377\0\0\0\0", iov_len=32}], msg_iovlen=1, msg_controllen=0, msg_flags=0}, 0) = 32
1275  rt_sigsuspend([], 8)              = ? ERESTARTNOHAND (To be restarted if no handler)
1275  --- SIGCHLD {si_signo=SIGCHLD, si_code=CLD_EXITED, si_pid=1277, si_uid=33, si_status=0, si_utime=0, si_stime=0} ---
1275  wait4(-1, [{WIFEXITED(s) && WEXITSTATUS(s) == 0}], WNOHANG, NULL) = 1276
1275  wait4(-1, [{WIFEXITED(s) && WEXITSTATUS(s) == 0}], WNOHANG, NULL) = 1277
1275  wait4(-1, 0x7ffc7dfc38b4, WNOHANG, NULL) = 0
1275  rt_sigreturn({mask=[HUP INT QUIT USR1 USR2 ALRM TERM CHLD WINCH IO]}) = -1 EINTR (Interrupted system call)
1275  close(3)                          = 0
1275  close(9)                          = 0
1275  sendmsg(12, {msg_name=NULL, msg_namelen=0, msg_iov=[{iov_base="\2\0\0\0\0\0\0\0\374\4\0\0\0\0\0\0\0\0\0\0\0\0\0\0\377\377\377\377\0\0\0\0", iov_len=32}], msg_iovlen=1, msg_controllen=0, msg_flags=0}, 0) = 32
1275  sendmsg(14, {msg_name=NULL, msg_namelen=0, msg_iov=[{iov_base="\2\0\0\0\0\0\0\0\374\4\0\0\0\0\0\0\0\0\0\0\0\0\0\0\377\377\377\377\0\0\0\0", iov_len=32}], msg_iovlen=1, msg_controllen=0, msg_flags=0}, 0) = 32
1275  sendmsg(16, {msg_name=NULL, msg_namelen=0, msg_iov=[{iov_base="\2\0\0\0\0\0\0\0\374\4\0\0\0\0\0\0\0\0\0\0\0\0\0\0\377\377\377\377\0\0\0\0", iov_len=32}], msg_iovlen=1, msg_controllen=0, msg_flags=0}, 0) = 32
1275  sendmsg(18, {msg_name=NULL, msg_namelen=0, msg_iov=[{iov_base="\2\0\0\0\0\0\0\0\374\4\0\0\0\0\0\0\0\0\0\0\0\0\0\0\377\377\377\377\0\0\0\0", iov_len=32}], msg_iovlen=1, msg_controllen=0, msg_flags=0}, 0) = 32
1275  sendmsg(20, {msg_name=NULL, msg_namelen=0, msg_iov=[{iov_base="\2\0\0\0\0\0\0\0\374\4\0\0\0\0\0\0\0\0\0\0\0\0\0\0\377\377\377\377\0\0\0\0", iov_len=32}], msg_iovlen=1, msg_controllen=0, msg_flags=0}, 0) = 32
1275  sendmsg(22, {msg_name=NULL, msg_namelen=0, msg_iov=[{iov_base="\2\0\0\0\0\0\0\0\374\4\0\0\0\0\0\0\0\0\0\0\0\0\0\0\377\377\377\377\0\0\0\0", iov_len=32}], msg_iovlen=1, msg_controllen=0, msg_flags=0}, 0) = 32
1275  sendmsg(4, {msg_name=NULL, msg_namelen=0, msg_iov=[{iov_base="\2\0\0\0\0\0\0\0\374\4\0\0\0\0\0\0\0\0\0\0\0\0\0\0\377\377\377\377\0\0\0\0", iov_len=32}], msg_iovlen=1, msg_controllen=0, msg_flags=0}, 0 <unfinished ...>
1665  <... epoll_wait resumed>[{EPOLLIN, {u32=1027064520, u64=140214529409736}}], 512, -1) = 1
1275  <... sendmsg resumed>)            = 32
1665  recvmsg(5,  <unfinished ...>
1275  sendmsg(26, {msg_name=NULL, msg_namelen=0, msg_iov=[{iov_base="\2\0\0\0\0\0\0\0\374\4\0\0\0\0\0\0\0\0\0\0\0\0\0\0\377\377\377\377\0\0\0\0", iov_len=32}], msg_iovlen=1, msg_controllen=0, msg_flags=0}, 0 <unfinished ...>
1665  <... recvmsg resumed>{msg_name=NULL, msg_namelen=0, msg_iov=[{iov_base="\2\0\0\0\0\0\0\0\374\4\0\0\0\0\0\0\0\0\0\0\0\0\0\0\377\377\377\377\0\0\0\0", iov_len=32}], msg_iovlen=1, msg_controllen=0, msg_flags=0}, 0) = 32
1666  <... epoll_wait resumed>[{EPOLLIN, {u32=1027064520, u64=140214529409736}}], 512, -1) = 1
1665  close(3 <unfinished ...>
1275  <... sendmsg resumed>)            = 32
1666  recvmsg(27,  <unfinished ...>
1665  <... close resumed>)              = 0
1666  <... recvmsg resumed>{msg_name=NULL, msg_namelen=0, msg_iov=[{iov_base="\2\0\0\0\0\0\0\0\374\4\0\0\0\0\0\0\0\0\0\0\0\0\0\0\377\377\377\377\0\0\0\0", iov_len=32}], msg_iovlen=1, msg_controllen=0, msg_flags=0}, 0) = 32
1275  sendmsg(28, {msg_name=NULL, msg_namelen=0, msg_iov=[{iov_base="\2\0\0\0\0\0\0\0\374\4\0\0\0\0\0\0\0\0\0\0\0\0\0\0\377\377\377\377\0\0\0\0", iov_len=32}], msg_iovlen=1, msg_controllen=0, msg_flags=0}, 0 <unfinished ...>
1666  close(3 <unfinished ...>
1665  recvmsg(5,  <unfinished ...>
1667  <... epoll_wait resumed>[{EPOLLIN, {u32=1027064520, u64=140214529409736}}], 512, -1) = 1
1666  <... close resumed>)              = 0
1275  <... sendmsg resumed>)            = 32
1667  recvmsg(29,  <unfinished ...>
1666  recvmsg(27,  <unfinished ...>
1665  <... recvmsg resumed>{msg_namelen=0}, 0) = -1 EAGAIN (Resource temporarily unavailable)
1667  <... recvmsg resumed>{msg_name=NULL, msg_namelen=0, msg_iov=[{iov_base="\2\0\0\0\0\0\0\0\374\4\0\0\0\0\0\0\0\0\0\0\0\0\0\0\377\377\377\377\0\0\0\0", iov_len=32}], msg_iovlen=1, msg_controllen=0, msg_flags=0}, 0) = 32
1666  <... recvmsg resumed>{msg_namelen=0}, 0) = -1 EAGAIN (Resource temporarily unavailable)
1275  sendmsg(30, {msg_name=NULL, msg_namelen=0, msg_iov=[{iov_base="\2\0\0\0\0\0\0\0\374\4\0\0\0\0\0\0\0\0\0\0\0\0\0\0\377\377\377\377\0\0\0\0", iov_len=32}], msg_iovlen=1, msg_controllen=0, msg_flags=0}, 0 <unfinished ...>
1667  close(3 <unfinished ...>
1666  epoll_wait(28,  <unfinished ...>
1665  epoll_wait(26,  <unfinished ...>
1668  <... epoll_wait resumed>[{EPOLLIN, {u32=1027064520, u64=140214529409736}}], 512, -1) = 1
1667  <... close resumed>)              = 0
1275  <... sendmsg resumed>)            = 32
1668  recvmsg(31,  <unfinished ...>
1667  recvmsg(29,  <unfinished ...>
1668  <... recvmsg resumed>{msg_name=NULL, msg_namelen=0, msg_iov=[{iov_base="\2\0\0\0\0\0\0\0\374\4\0\0\0\0\0\0\0\0\0\0\0\0\0\0\377\377\377\377\0\0\0\0", iov_len=32}], msg_iovlen=1, msg_controllen=0, msg_flags=0}, 0) = 32
1275  sendmsg(32, {msg_name=NULL, msg_namelen=0, msg_iov=[{iov_base="\2\0\0\0\0\0\0\0\374\4\0\0\0\0\0\0\0\0\0\0\0\0\0\0\377\377\377\377\0\0\0\0", iov_len=32}], msg_iovlen=1, msg_controllen=0, msg_flags=0}, 0 <unfinished ...>
1668  close(3 <unfinished ...>
1667  <... recvmsg resumed>{msg_namelen=0}, 0) = -1 EAGAIN (Resource temporarily unavailable)
1668  <... close resumed>)              = 0
1669  <... epoll_wait resumed>[{EPOLLIN, {u32=1027064520, u64=140214529409736}}], 512, -1) = 1
1275  <... sendmsg resumed>)            = 32
1669  recvmsg(33,  <unfinished ...>
1668  recvmsg(31,  <unfinished ...>
1667  epoll_wait(30,  <unfinished ...>
1669  <... recvmsg resumed>{msg_name=NULL, msg_namelen=0, msg_iov=[{iov_base="\2\0\0\0\0\0\0\0\374\4\0\0\0\0\0\0\0\0\0\0\0\0\0\0\377\377\377\377\0\0\0\0", iov_len=32}], msg_iovlen=1, msg_controllen=0, msg_flags=0}, 0) = 32
1668  <... recvmsg resumed>{msg_namelen=0}, 0) = -1 EAGAIN (Resource temporarily unavailable)
1275  sendmsg(34, {msg_name=NULL, msg_namelen=0, msg_iov=[{iov_base="\2\0\0\0\0\0\0\0\374\4\0\0\0\0\0\0\0\0\0\0\0\0\0\0\377\377\377\377\0\0\0\0", iov_len=32}], msg_iovlen=1, msg_controllen=0, msg_flags=0}, 0 <unfinished ...>
1669  close(3 <unfinished ...>
1668  epoll_wait(32,  <unfinished ...>
1670  <... epoll_wait resumed>[{EPOLLIN, {u32=1027064520, u64=140214529409736}}], 512, -1) = 1
1669  <... close resumed>)              = 0
1275  <... sendmsg resumed>)            = 32
1670  recvmsg(35,  <unfinished ...>
1669  recvmsg(33,  <unfinished ...>
1670  <... recvmsg resumed>{msg_name=NULL, msg_namelen=0, msg_iov=[{iov_base="\2\0\0\0\0\0\0\0\374\4\0\0\0\0\0\0\0\0\0\0\0\0\0\0\377\377\377\377\0\0\0\0", iov_len=32}], msg_iovlen=1, msg_controllen=0, msg_flags=0}, 0) = 32
1275  sendmsg(36, {msg_name=NULL, msg_namelen=0, msg_iov=[{iov_base="\2\0\0\0\0\0\0\0\374\4\0\0\0\0\0\0\0\0\0\0\0\0\0\0\377\377\377\377\0\0\0\0", iov_len=32}], msg_iovlen=1, msg_controllen=0, msg_flags=0}, 0 <unfinished ...>
1670  close(3 <unfinished ...>
1669  <... recvmsg resumed>{msg_namelen=0}, 0) = -1 EAGAIN (Resource temporarily unavailable)
1671  <... epoll_wait resumed>[{EPOLLIN, {u32=1027064520, u64=140214529409736}}], 512, -1) = 1
1670  <... close resumed>)              = 0
1669  epoll_wait(34,  <unfinished ...>
1275  <... sendmsg resumed>)            = 32
1671  recvmsg(37,  <unfinished ...>
1670  recvmsg(35,  <unfinished ...>
1671  <... recvmsg resumed>{msg_name=NULL, msg_namelen=0, msg_iov=[{iov_base="\2\0\0\0\0\0\0\0\374\4\0\0\0\0\0\0\0\0\0\0\0\0\0\0\377\377\377\377\0\0\0\0", iov_len=32}], msg_iovlen=1, msg_controllen=0, msg_flags=0}, 0) = 32
1275  sendmsg(38, {msg_name=NULL, msg_namelen=0, msg_iov=[{iov_base="\2\0\0\0\0\0\0\0\374\4\0\0\0\0\0\0\0\0\0\0\0\0\0\0\377\377\377\377\0\0\0\0", iov_len=32}], msg_iovlen=1, msg_controllen=0, msg_flags=0}, 0 <unfinished ...>
1671  close(3 <unfinished ...>
1670  <... recvmsg resumed>{msg_namelen=0}, 0) = -1 EAGAIN (Resource temporarily unavailable)
1672  <... epoll_wait resumed>[{EPOLLIN, {u32=1027064520, u64=140214529409736}}], 512, -1) = 1
1671  <... close resumed>)              = 0
1275  <... sendmsg resumed>)            = 32
1672  recvmsg(39,  <unfinished ...>
1671  recvmsg(37,  <unfinished ...>
1670  epoll_wait(36,  <unfinished ...>
1672  <... recvmsg resumed>{msg_name=NULL, msg_namelen=0, msg_iov=[{iov_base="\2\0\0\0\0\0\0\0\374\4\0\0\0\0\0\0\0\0\0\0\0\0\0\0\377\377\377\377\0\0\0\0", iov_len=32}], msg_iovlen=1, msg_controllen=0, msg_flags=0}, 0) = 32
1671  <... recvmsg resumed>{msg_namelen=0}, 0) = -1 EAGAIN (Resource temporarily unavailable)
1275  close(10 <unfinished ...>
1672  close(3 <unfinished ...>
1671  epoll_wait(38,  <unfinished ...>
1672  <... close resumed>)              = 0
1275  <... close resumed>)              = 0
1672  recvmsg(39,  <unfinished ...>
1275  close(11 <unfinished ...>
1672  <... recvmsg resumed>{msg_namelen=0}, 0) = -1 EAGAIN (Resource temporarily unavailable)
1275  <... close resumed>)              = 0
1672  epoll_wait(40,  <unfinished ...>
1275  sendmsg(12, {msg_name=NULL, msg_namelen=0, msg_iov=[{iov_base="\2\0\0\0\0\0\0\0\375\4\0\0\0\0\0\0\1\0\0\0\0\0\0\0\377\377\377\377\0\0\0\0", iov_len=32}], msg_iovlen=1, msg_controllen=0, msg_flags=0}, 0) = 32
1275  sendmsg(14, {msg_name=NULL, msg_namelen=0, msg_iov=[{iov_base="\2\0\0\0\0\0\0\0\375\4\0\0\0\0\0\0\1\0\0\0\0\0\0\0\377\377\377\377\0\0\0\0", iov_len=32}], msg_iovlen=1, msg_controllen=0, msg_flags=0}, 0) = 32
1275  sendmsg(16, {msg_name=NULL, msg_namelen=0, msg_iov=[{iov_base="\2\0\0\0\0\0\0\0\375\4\0\0\0\0\0\0\1\0\0\0\0\0\0\0\377\377\377\377\0\0\0\0", iov_len=32}], msg_iovlen=1, msg_controllen=0, msg_flags=0}, 0) = 32
1275  sendmsg(18, {msg_name=NULL, msg_namelen=0, msg_iov=[{iov_base="\2\0\0\0\0\0\0\0\375\4\0\0\0\0\0\0\1\0\0\0\0\0\0\0\377\377\377\377\0\0\0\0", iov_len=32}], msg_iovlen=1, msg_controllen=0, msg_flags=0}, 0) = 32
1275  sendmsg(20, {msg_name=NULL, msg_namelen=0, msg_iov=[{iov_base="\2\0\0\0\0\0\0\0\375\4\0\0\0\0\0\0\1\0\0\0\0\0\0\0\377\377\377\377\0\0\0\0", iov_len=32}], msg_iovlen=1, msg_controllen=0, msg_flags=0}, 0) = 32
1275  sendmsg(22, {msg_name=NULL, msg_namelen=0, msg_iov=[{iov_base="\2\0\0\0\0\0\0\0\375\4\0\0\0\0\0\0\1\0\0\0\0\0\0\0\377\377\377\377\0\0\0\0", iov_len=32}], msg_iovlen=1, msg_controllen=0, msg_flags=0}, 0) = 32
1275  sendmsg(4, {msg_name=NULL, msg_namelen=0, msg_iov=[{iov_base="\2\0\0\0\0\0\0\0\375\4\0\0\0\0\0\0\1\0\0\0\0\0\0\0\377\377\377\377\0\0\0\0", iov_len=32}], msg_iovlen=1, msg_controllen=0, msg_flags=0}, 0 <unfinished ...>
1665  <... epoll_wait resumed>[{EPOLLIN, {u32=1027064520, u64=140214529409736}}], 512, -1) = 1
1275  <... sendmsg resumed>)            = 32
1665  recvmsg(5,  <unfinished ...>
1275  sendmsg(26, {msg_name=NULL, msg_namelen=0, msg_iov=[{iov_base="\2\0\0\0\0\0\0\0\375\4\0\0\0\0\0\0\1\0\0\0\0\0\0\0\377\377\377\377\0\0\0\0", iov_len=32}], msg_iovlen=1, msg_controllen=0, msg_flags=0}, 0 <unfinished ...>
1665  <... recvmsg resumed>{msg_name=NULL, msg_namelen=0, msg_iov=[{iov_base="\2\0\0\0\0\0\0\0\375\4\0\0\0\0\0\0\1\0\0\0\0\0\0\0\377\377\377\377\0\0\0\0", iov_len=32}], msg_iovlen=1, msg_controllen=0, msg_flags=0}, 0) = 32
1666  <... epoll_wait resumed>[{EPOLLIN, {u32=1027064520, u64=140214529409736}}], 512, -1) = 1
1665  close(10 <unfinished ...>
1275  <... sendmsg resumed>)            = 32
1666  recvmsg(27,  <unfinished ...>
1665  <... close resumed>)              = 0
1666  <... recvmsg resumed>{msg_name=NULL, msg_namelen=0, msg_iov=[{iov_base="\2\0\0\0\0\0\0\0\375\4\0\0\0\0\0\0\1\0\0\0\0\0\0\0\377\377\377\377\0\0\0\0", iov_len=32}], msg_iovlen=1, msg_controllen=0, msg_flags=0}, 0) = 32
1275  sendmsg(28, {msg_name=NULL, msg_namelen=0, msg_iov=[{iov_base="\2\0\0\0\0\0\0\0\375\4\0\0\0\0\0\0\1\0\0\0\0\0\0\0\377\377\377\377\0\0\0\0", iov_len=32}], msg_iovlen=1, msg_controllen=0, msg_flags=0}, 0 <unfinished ...>
1666  close(10 <unfinished ...>
1665  recvmsg(5,  <unfinished ...>
1667  <... epoll_wait resumed>[{EPOLLIN, {u32=1027064520, u64=140214529409736}}], 512, -1) = 1
1666  <... close resumed>)              = 0
1275  <... sendmsg resumed>)            = 32
1667  recvmsg(29,  <unfinished ...>
1666  recvmsg(27,  <unfinished ...>
1665  <... recvmsg resumed>{msg_namelen=0}, 0) = -1 EAGAIN (Resource temporarily unavailable)
1667  <... recvmsg resumed>{msg_name=NULL, msg_namelen=0, msg_iov=[{iov_base="\2\0\0\0\0\0\0\0\375\4\0\0\0\0\0\0\1\0\0\0\0\0\0\0\377\377\377\377\0\0\0\0", iov_len=32}], msg_iovlen=1, msg_controllen=0, msg_flags=0}, 0) = 32
1666  <... recvmsg resumed>{msg_namelen=0}, 0) = -1 EAGAIN (Resource temporarily unavailable)
1275  sendmsg(30, {msg_name=NULL, msg_namelen=0, msg_iov=[{iov_base="\2\0\0\0\0\0\0\0\375\4\0\0\0\0\0\0\1\0\0\0\0\0\0\0\377\377\377\377\0\0\0\0", iov_len=32}], msg_iovlen=1, msg_controllen=0, msg_flags=0}, 0 <unfinished ...>
1667  close(10 <unfinished ...>
1666  epoll_wait(28,  <unfinished ...>
1665  epoll_wait(26,  <unfinished ...>
1668  <... epoll_wait resumed>[{EPOLLIN, {u32=1027064520, u64=140214529409736}}], 512, -1) = 1
1667  <... close resumed>)              = 0
1275  <... sendmsg resumed>)            = 32
1668  recvmsg(31,  <unfinished ...>
1667  recvmsg(29,  <unfinished ...>
1668  <... recvmsg resumed>{msg_name=NULL, msg_namelen=0, msg_iov=[{iov_base="\2\0\0\0\0\0\0\0\375\4\0\0\0\0\0\0\1\0\0\0\0\0\0\0\377\377\377\377\0\0\0\0", iov_len=32}], msg_iovlen=1, msg_controllen=0, msg_flags=0}, 0) = 32
1275  sendmsg(32, {msg_name=NULL, msg_namelen=0, msg_iov=[{iov_base="\2\0\0\0\0\0\0\0\375\4\0\0\0\0\0\0\1\0\0\0\0\0\0\0\377\377\377\377\0\0\0\0", iov_len=32}], msg_iovlen=1, msg_controllen=0, msg_flags=0}, 0 <unfinished ...>
1668  close(10 <unfinished ...>
1667  <... recvmsg resumed>{msg_namelen=0}, 0) = -1 EAGAIN (Resource temporarily unavailable)
1668  <... close resumed>)              = 0
1275  <... sendmsg resumed>)            = 32
1669  <... epoll_wait resumed>[{EPOLLIN, {u32=1027064520, u64=140214529409736}}], 512, -1) = 1
1668  recvmsg(31,  <unfinished ...>
1667  epoll_wait(30,  <unfinished ...>
1669  recvmsg(33,  <unfinished ...>
1668  <... recvmsg resumed>{msg_namelen=0}, 0) = -1 EAGAIN (Resource temporarily unavailable)
1275  sendmsg(34, {msg_name=NULL, msg_namelen=0, msg_iov=[{iov_base="\2\0\0\0\0\0\0\0\375\4\0\0\0\0\0\0\1\0\0\0\0\0\0\0\377\377\377\377\0\0\0\0", iov_len=32}], msg_iovlen=1, msg_controllen=0, msg_flags=0}, 0 <unfinished ...>
1669  <... recvmsg resumed>{msg_name=NULL, msg_namelen=0, msg_iov=[{iov_base="\2\0\0\0\0\0\0\0\375\4\0\0\0\0\0\0\1\0\0\0\0\0\0\0\377\377\377\377\0\0\0\0", iov_len=32}], msg_iovlen=1, msg_controllen=0, msg_flags=0}, 0) = 32
1668  epoll_wait(32,  <unfinished ...>
1670  <... epoll_wait resumed>[{EPOLLIN, {u32=1027064520, u64=140214529409736}}], 512, -1) = 1
1669  close(10 <unfinished ...>
1275  <... sendmsg resumed>)            = 32
1670  recvmsg(35,  <unfinished ...>
1669  <... close resumed>)              = 0
1670  <... recvmsg resumed>{msg_name=NULL, msg_namelen=0, msg_iov=[{iov_base="\2\0\0\0\0\0\0\0\375\4\0\0\0\0\0\0\1\0\0\0\0\0\0\0\377\377\377\377\0\0\0\0", iov_len=32}], msg_iovlen=1, msg_controllen=0, msg_flags=0}, 0) = 32
1275  sendmsg(36, {msg_name=NULL, msg_namelen=0, msg_iov=[{iov_base="\2\0\0\0\0\0\0\0\375\4\0\0\0\0\0\0\1\0\0\0\0\0\0\0\377\377\377\377\0\0\0\0", iov_len=32}], msg_iovlen=1, msg_controllen=0, msg_flags=0}, 0 <unfinished ...>
1670  close(10 <unfinished ...>
1669  recvmsg(33,  <unfinished ...>
1670  <... close resumed>)              = 0
1275  <... sendmsg resumed>)            = 32
1670  recvmsg(35,  <unfinished ...>
1669  <... recvmsg resumed>{msg_namelen=0}, 0) = -1 EAGAIN (Resource temporarily unavailable)
1670  <... recvmsg resumed>{msg_namelen=0}, 0) = -1 EAGAIN (Resource temporarily unavailable)
1275  sendmsg(38, {msg_name=NULL, msg_namelen=0, msg_iov=[{iov_base="\2\0\0\0\0\0\0\0\375\4\0\0\0\0\0\0\1\0\0\0\0\0\0\0\377\377\377\377\0\0\0\0", iov_len=32}], msg_iovlen=1, msg_controllen=0, msg_flags=0}, 0 <unfinished ...>
1670  epoll_wait(36,  <unfinished ...>
1669  epoll_wait(34,  <unfinished ...>
1672  <... epoll_wait resumed>[{EPOLLIN, {u32=1027064520, u64=140214529409736}}], 512, -1) = 1
1275  <... sendmsg resumed>)            = 32
1672  recvmsg(39,  <unfinished ...>
1275  rt_sigsuspend([], 8 <unfinished ...>
1672  <... recvmsg resumed>{msg_name=NULL, msg_namelen=0, msg_iov=[{iov_base="\2\0\0\0\0\0\0\0\375\4\0\0\0\0\0\0\1\0\0\0\0\0\0\0\377\377\377\377\0\0\0\0", iov_len=32}], msg_iovlen=1, msg_controllen=0, msg_flags=0}, 0) = 32
1275  <... rt_sigsuspend resumed>)      = ? ERESTARTNOHAND (To be restarted if no handler)
1672  close(10 <unfinished ...>
1275  --- SIGCHLD {si_signo=SIGCHLD, si_code=CLD_EXITED, si_pid=1278, si_uid=33, si_status=0, si_utime=0, si_stime=0} ---
1672  <... close resumed>)              = 0
1275  --- SIGIO {si_signo=SIGIO, si_code=SI_KERNEL} ---
1672  recvmsg(39,  <unfinished ...>
1275  rt_sigreturn({mask=[CHLD]} <unfinished ...>
1672  <... recvmsg resumed>{msg_namelen=0}, 0) = -1 EAGAIN (Resource temporarily unavailable)
1275  <... rt_sigreturn resumed>)       = 0
1672  epoll_wait(40,  <unfinished ...>
1275  wait4(-1, [{WIFEXITED(s) && WEXITSTATUS(s) == 0}], WNOHANG, NULL) = 1278
1275  wait4(-1, [{WIFEXITED(s) && WEXITSTATUS(s) == 0}], WNOHANG, NULL) = 1279
1275  wait4(-1, [{WIFEXITED(s) && WEXITSTATUS(s) == 0}], WNOHANG, NULL) = 1280
1275  wait4(-1, [{WIFEXITED(s) && WEXITSTATUS(s) == 0}], WNOHANG, NULL) = 1282
1275  wait4(-1, [{WIFEXITED(s) && WEXITSTATUS(s) == 0}], WNOHANG, NULL) = 1283
1275  wait4(-1, [{WIFEXITED(s) && WEXITSTATUS(s) == 0}], WNOHANG, NULL) = 1284
1275  wait4(-1, 0x7ffc7dfc38b4, WNOHANG, NULL) = 0
1275  rt_sigreturn({mask=[HUP INT QUIT USR1 USR2 ALRM TERM CHLD WINCH IO]} <unfinished ...>
1671  <... epoll_wait resumed>[{EPOLLIN, {u32=1027064520, u64=140214529409736}}], 512, -1) = 1
1275  <... rt_sigreturn resumed>)       = -1 EINTR (Interrupted system call)
1671  recvmsg(37,  <unfinished ...>
1275  close(12 <unfinished ...>
1671  <... recvmsg resumed>{msg_name=NULL, msg_namelen=0, msg_iov=[{iov_base="\2\0\0\0\0\0\0\0\375\4\0\0\0\0\0\0\1\0\0\0\0\0\0\0\377\377\377\377\0\0\0\0", iov_len=32}], msg_iovlen=1, msg_controllen=0, msg_flags=0}, 0) = 32
1275  <... close resumed>)              = 0
1671  close(10 <unfinished ...>
1275  close(13 <unfinished ...>
1671  <... close resumed>)              = 0
1275  <... close resumed>)              = 0
1671  recvmsg(37,  <unfinished ...>
1275  sendmsg(4, {msg_name=NULL, msg_namelen=0, msg_iov=[{iov_base="\2\0\0\0\0\0\0\0\376\4\0\0\0\0\0\0\2\0\0\0\0\0\0\0\377\377\377\377\0\0\0\0", iov_len=32}], msg_iovlen=1, msg_controllen=0, msg_flags=0}, 0 <unfinished ...>
1671  <... recvmsg resumed>{msg_namelen=0}, 0) = -1 EAGAIN (Resource temporarily unavailable)
1665  <... epoll_wait resumed>[{EPOLLIN, {u32=1027064520, u64=140214529409736}}], 512, -1) = 1
1275  <... sendmsg resumed>)            = 32
1671  epoll_wait(38,  <unfinished ...>
1665  recvmsg(5,  <unfinished ...>
1275  sendmsg(26, {msg_name=NULL, msg_namelen=0, msg_iov=[{iov_base="\2\0\0\0\0\0\0\0\376\4\0\0\0\0\0\0\2\0\0\0\0\0\0\0\377\377\377\377\0\0\0\0", iov_len=32}], msg_iovlen=1, msg_controllen=0, msg_flags=0}, 0 <unfinished ...>
1665  <... recvmsg resumed>{msg_name=NULL, msg_namelen=0, msg_iov=[{iov_base="\2\0\0\0\0\0\0\0\376\4\0\0\0\0\0\0\2\0\0\0\0\0\0\0\377\377\377\377\0\0\0\0", iov_len=32}], msg_iovlen=1, msg_controllen=0, msg_flags=0}, 0) = 32
1666  <... epoll_wait resumed>[{EPOLLIN, {u32=1027064520, u64=140214529409736}}], 512, -1) = 1
1665  close(12 <unfinished ...>
1275  <... sendmsg resumed>)            = 32
1666  recvmsg(27,  <unfinished ...>
1665  <... close resumed>)              = 0
1275  sendmsg(28, {msg_name=NULL, msg_namelen=0, msg_iov=[{iov_base="\2\0\0\0\0\0\0\0\376\4\0\0\0\0\0\0\2\0\0\0\0\0\0\0\377\377\377\377\0\0\0\0", iov_len=32}], msg_iovlen=1, msg_controllen=0, msg_flags=0}, 0 <unfinished ...>
1666  <... recvmsg resumed>{msg_name=NULL, msg_namelen=0, msg_iov=[{iov_base="\2\0\0\0\0\0\0\0\376\4\0\0\0\0\0\0\2\0\0\0\0\0\0\0\377\377\377\377\0\0\0\0", iov_len=32}], msg_iovlen=1, msg_controllen=0, msg_flags=0}, 0) = 32
1665  recvmsg(5,  <unfinished ...>
1667  <... epoll_wait resumed>[{EPOLLIN, {u32=1027064520, u64=140214529409736}}], 512, -1) = 1
1666  close(12 <unfinished ...>
1665  <... recvmsg resumed>{msg_namelen=0}, 0) = -1 EAGAIN (Resource temporarily unavailable)
1275  <... sendmsg resumed>)            = 32
1667  recvmsg(29,  <unfinished ...>
1666  <... close resumed>)              = 0
1665  epoll_wait(26,  <unfinished ...>
1667  <... recvmsg resumed>{msg_name=NULL, msg_namelen=0, msg_iov=[{iov_base="\2\0\0\0\0\0\0\0\376\4\0\0\0\0\0\0\2\0\0\0\0\0\0\0\377\377\377\377\0\0\0\0", iov_len=32}], msg_iovlen=1, msg_controllen=0, msg_flags=0}, 0) = 32
1666  recvmsg(27,  <unfinished ...>
1275  sendmsg(30, {msg_name=NULL, msg_namelen=0, msg_iov=[{iov_base="\2\0\0\0\0\0\0\0\376\4\0\0\0\0\0\0\2\0\0\0\0\0\0\0\377\377\377\377\0\0\0\0", iov_len=32}], msg_iovlen=1, msg_controllen=0, msg_flags=0}, 0 <unfinished ...>
1667  close(12 <unfinished ...>
1666  <... recvmsg resumed>{msg_namelen=0}, 0) = -1 EAGAIN (Resource temporarily unavailable)
1668  <... epoll_wait resumed>[{EPOLLIN, {u32=1027064520, u64=140214529409736}}], 512, -1) = 1
1667  <... close resumed>)              = 0
1275  <... sendmsg resumed>)            = 32
1668  recvmsg(31,  <unfinished ...>
1667  recvmsg(29,  <unfinished ...>
1666  epoll_wait(28,  <unfinished ...>
1668  <... recvmsg resumed>{msg_name=NULL, msg_namelen=0, msg_iov=[{iov_base="\2\0\0\0\0\0\0\0\376\4\0\0\0\0\0\0\2\0\0\0\0\0\0\0\377\377\377\377\0\0\0\0", iov_len=32}], msg_iovlen=1, msg_controllen=0, msg_flags=0}, 0) = 32
1667  <... recvmsg resumed>{msg_namelen=0}, 0) = -1 EAGAIN (Resource temporarily unavailable)
1275  sendmsg(32, {msg_name=NULL, msg_namelen=0, msg_iov=[{iov_base="\2\0\0\0\0\0\0\0\376\4\0\0\0\0\0\0\2\0\0\0\0\0\0\0\377\377\377\377\0\0\0\0", iov_len=32}], msg_iovlen=1, msg_controllen=0, msg_flags=0}, 0 <unfinished ...>
1668  close(12 <unfinished ...>
1667  epoll_wait(30,  <unfinished ...>
1669  <... epoll_wait resumed>[{EPOLLIN, {u32=1027064520, u64=140214529409736}}], 512, -1) = 1
1668  <... close resumed>)              = 0
1275  <... sendmsg resumed>)            = 32
1669  recvmsg(33,  <unfinished ...>
1668  recvmsg(31,  <unfinished ...>
1669  <... recvmsg resumed>{msg_name=NULL, msg_namelen=0, msg_iov=[{iov_base="\2\0\0\0\0\0\0\0\376\4\0\0\0\0\0\0\2\0\0\0\0\0\0\0\377\377\377\377\0\0\0\0", iov_len=32}], msg_iovlen=1, msg_controllen=0, msg_flags=0}, 0) = 32
1275  sendmsg(34, {msg_name=NULL, msg_namelen=0, msg_iov=[{iov_base="\2\0\0\0\0\0\0\0\376\4\0\0\0\0\0\0\2\0\0\0\0\0\0\0\377\377\377\377\0\0\0\0", iov_len=32}], msg_iovlen=1, msg_controllen=0, msg_flags=0}, 0 <unfinished ...>
1669  close(12 <unfinished ...>
1668  <... recvmsg resumed>{msg_namelen=0}, 0) = -1 EAGAIN (Resource temporarily unavailable)
1670  <... epoll_wait resumed>[{EPOLLIN, {u32=1027064520, u64=140214529409736}}], 512, -1) = 1
1669  <... close resumed>)              = 0
1275  <... sendmsg resumed>)            = 32
1670  recvmsg(35,  <unfinished ...>
1669  recvmsg(33,  <unfinished ...>
1668  epoll_wait(32,  <unfinished ...>
1670  <... recvmsg resumed>{msg_name=NULL, msg_namelen=0, msg_iov=[{iov_base="\2\0\0\0\0\0\0\0\376\4\0\0\0\0\0\0\2\0\0\0\0\0\0\0\377\377\377\377\0\0\0\0", iov_len=32}], msg_iovlen=1, msg_controllen=0, msg_flags=0}, 0) = 32
1669  <... recvmsg resumed>{msg_namelen=0}, 0) = -1 EAGAIN (Resource temporarily unavailable)
1275  sendmsg(36, {msg_name=NULL, msg_namelen=0, msg_iov=[{iov_base="\2\0\0\0\0\0\0\0\376\4\0\0\0\0\0\0\2\0\0\0\0\0\0\0\377\377\377\377\0\0\0\0", iov_len=32}], msg_iovlen=1, msg_controllen=0, msg_flags=0}, 0 <unfinished ...>
1670  close(12 <unfinished ...>
1669  epoll_wait(34,  <unfinished ...>
1671  <... epoll_wait resumed>[{EPOLLIN, {u32=1027064520, u64=140214529409736}}], 512, -1) = 1
1670  <... close resumed>)              = 0
1275  <... sendmsg resumed>)            = 32
1671  recvmsg(37,  <unfinished ...>
1670  recvmsg(35,  <unfinished ...>
1275  sendmsg(38, {msg_name=NULL, msg_namelen=0, msg_iov=[{iov_base="\2\0\0\0\0\0\0\0\376\4\0\0\0\0\0\0\2\0\0\0\0\0\0\0\377\377\377\377\0\0\0\0", iov_len=32}], msg_iovlen=1, msg_controllen=0, msg_flags=0}, 0 <unfinished ...>
1671  <... recvmsg resumed>{msg_name=NULL, msg_namelen=0, msg_iov=[{iov_base="\2\0\0\0\0\0\0\0\376\4\0\0\0\0\0\0\2\0\0\0\0\0\0\0\377\377\377\377\0\0\0\0", iov_len=32}], msg_iovlen=1, msg_controllen=0, msg_flags=0}, 0) = 32
1670  <... recvmsg resumed>{msg_namelen=0}, 0) = -1 EAGAIN (Resource temporarily unavailable)
1672  <... epoll_wait resumed>[{EPOLLIN, {u32=1027064520, u64=140214529409736}}], 512, -1) = 1
1671  close(12 <unfinished ...>
1275  <... sendmsg resumed>)            = 32
1672  recvmsg(39,  <unfinished ...>
1671  <... close resumed>)              = 0
1670  epoll_wait(36,  <unfinished ...>
1672  <... recvmsg resumed>{msg_name=NULL, msg_namelen=0, msg_iov=[{iov_base="\2\0\0\0\0\0\0\0\376\4\0\0\0\0\0\0\2\0\0\0\0\0\0\0\377\377\377\377\0\0\0\0", iov_len=32}], msg_iovlen=1, msg_controllen=0, msg_flags=0}, 0) = 32
1671  recvmsg(37,  <unfinished ...>
1275  close(14 <unfinished ...>
1672  close(12 <unfinished ...>
1671  <... recvmsg resumed>{msg_namelen=0}, 0) = -1 EAGAIN (Resource temporarily unavailable)
1672  <... close resumed>)              = 0
1275  <... close resumed>)              = 0
1672  recvmsg(39,  <unfinished ...>
1671  epoll_wait(38,  <unfinished ...>
1672  <... recvmsg resumed>{msg_namelen=0}, 0) = -1 EAGAIN (Resource temporarily unavailable)
1275  close(15 <unfinished ...>
1672  epoll_wait(40,  <unfinished ...>
1275  <... close resumed>)              = 0
1275  sendmsg(4, {msg_name=NULL, msg_namelen=0, msg_iov=[{iov_base="\2\0\0\0\0\0\0\0\377\4\0\0\0\0\0\0\3\0\0\0\0\0\0\0\377\377\377\377\0\0\0\0", iov_len=32}], msg_iovlen=1, msg_controllen=0, msg_flags=0}, 0 <unfinished ...>
1665  <... epoll_wait resumed>[{EPOLLIN, {u32=1027064520, u64=140214529409736}}], 512, -1) = 1
1275  <... sendmsg resumed>)            = 32
1665  recvmsg(5,  <unfinished ...>
1275  sendmsg(26, {msg_name=NULL, msg_namelen=0, msg_iov=[{iov_base="\2\0\0\0\0\0\0\0\377\4\0\0\0\0\0\0\3\0\0\0\0\0\0\0\377\377\377\377\0\0\0\0", iov_len=32}], msg_iovlen=1, msg_controllen=0, msg_flags=0}, 0 <unfinished ...>
1665  <... recvmsg resumed>{msg_name=NULL, msg_namelen=0, msg_iov=[{iov_base="\2\0\0\0\0\0\0\0\377\4\0\0\0\0\0\0\3\0\0\0\0\0\0\0\377\377\377\377\0\0\0\0", iov_len=32}], msg_iovlen=1, msg_controllen=0, msg_flags=0}, 0) = 32
1275  <... sendmsg resumed>)            = 32
1666  <... epoll_wait resumed>[{EPOLLIN, {u32=1027064520, u64=140214529409736}}], 512, -1) = 1
1665  close(14 <unfinished ...>
1666  recvmsg(27,  <unfinished ...>
1275  sendmsg(28, {msg_name=NULL, msg_namelen=0, msg_iov=[{iov_base="\2\0\0\0\0\0\0\0\377\4\0\0\0\0\0\0\3\0\0\0\0\0\0\0\377\377\377\377\0\0\0\0", iov_len=32}], msg_iovlen=1, msg_controllen=0, msg_flags=0}, 0 <unfinished ...>
1666  <... recvmsg resumed>{msg_name=NULL, msg_namelen=0, msg_iov=[{iov_base="\2\0\0\0\0\0\0\0\377\4\0\0\0\0\0\0\3\0\0\0\0\0\0\0\377\377\377\377\0\0\0\0", iov_len=32}], msg_iovlen=1, msg_controllen=0, msg_flags=0}, 0) = 32
1665  <... close resumed>)              = 0
1667  <... epoll_wait resumed>[{EPOLLIN, {u32=1027064520, u64=140214529409736}}], 512, -1) = 1
1666  close(14 <unfinished ...>
1275  <... sendmsg resumed>)            = 32
1667  recvmsg(29,  <unfinished ...>
1666  <... close resumed>)              = 0
1665  recvmsg(5,  <unfinished ...>
1667  <... recvmsg resumed>{msg_name=NULL, msg_namelen=0, msg_iov=[{iov_base="\2\0\0\0\0\0\0\0\377\4\0\0\0\0\0\0\3\0\0\0\0\0\0\0\377\377\377\377\0\0\0\0", iov_len=32}], msg_iovlen=1, msg_controllen=0, msg_flags=0}, 0) = 32
1666  recvmsg(27,  <unfinished ...>
1275  sendmsg(30, {msg_name=NULL, msg_namelen=0, msg_iov=[{iov_base="\2\0\0\0\0\0\0\0\377\4\0\0\0\0\0\0\3\0\0\0\0\0\0\0\377\377\377\377\0\0\0\0", iov_len=32}], msg_iovlen=1, msg_controllen=0, msg_flags=0}, 0 <unfinished ...>
1667  close(14 <unfinished ...>
1666  <... recvmsg resumed>{msg_namelen=0}, 0) = -1 EAGAIN (Resource temporarily unavailable)
1665  <... recvmsg resumed>{msg_namelen=0}, 0) = -1 EAGAIN (Resource temporarily unavailable)
1668  <... epoll_wait resumed>[{EPOLLIN, {u32=1027064520, u64=140214529409736}}], 512, -1) = 1
1667  <... close resumed>)              = 0
1666  epoll_wait(28,  <unfinished ...>
1275  <... sendmsg resumed>)            = 32
1668  recvmsg(31,  <unfinished ...>
1667  recvmsg(29,  <unfinished ...>
1665  epoll_wait(26,  <unfinished ...>
1668  <... recvmsg resumed>{msg_name=NULL, msg_namelen=0, msg_iov=[{iov_base="\2\0\0\0\0\0\0\0\377\4\0\0\0\0\0\0\3\0\0\0\0\0\0\0\377\377\377\377\0\0\0\0", iov_len=32}], msg_iovlen=1, msg_controllen=0, msg_flags=0}, 0) = 32
1667  <... recvmsg resumed>{msg_namelen=0}, 0) = -1 EAGAIN (Resource temporarily unavailable)
1275  sendmsg(32, {msg_name=NULL, msg_namelen=0, msg_iov=[{iov_base="\2\0\0\0\0\0\0\0\377\4\0\0\0\0\0\0\3\0\0\0\0\0\0\0\377\377\377\377\0\0\0\0", iov_len=32}], msg_iovlen=1, msg_controllen=0, msg_flags=0}, 0 <unfinished ...>
1668  close(14 <unfinished ...>
1667  epoll_wait(30,  <unfinished ...>
1669  <... epoll_wait resumed>[{EPOLLIN, {u32=1027064520, u64=140214529409736}}], 512, -1) = 1
1668  <... close resumed>)              = 0
1275  <... sendmsg resumed>)            = 32
1669  recvmsg(33,  <unfinished ...>
1668  recvmsg(31,  <unfinished ...>
1669  <... recvmsg resumed>{msg_name=NULL, msg_namelen=0, msg_iov=[{iov_base="\2\0\0\0\0\0\0\0\377\4\0\0\0\0\0\0\3\0\0\0\0\0\0\0\377\377\377\377\0\0\0\0", iov_len=32}], msg_iovlen=1, msg_controllen=0, msg_flags=0}, 0) = 32
1275  sendmsg(34, {msg_name=NULL, msg_namelen=0, msg_iov=[{iov_base="\2\0\0\0\0\0\0\0\377\4\0\0\0\0\0\0\3\0\0\0\0\0\0\0\377\377\377\377\0\0\0\0", iov_len=32}], msg_iovlen=1, msg_controllen=0, msg_flags=0}, 0 <unfinished ...>
1669  close(14 <unfinished ...>
1668  <... recvmsg resumed>{msg_namelen=0}, 0) = -1 EAGAIN (Resource temporarily unavailable)
1670  <... epoll_wait resumed>[{EPOLLIN, {u32=1027064520, u64=140214529409736}}], 512, -1) = 1
1669  <... close resumed>)              = 0
1275  <... sendmsg resumed>)            = 32
1670  recvmsg(35,  <unfinished ...>
1669  recvmsg(33,  <unfinished ...>
1668  epoll_wait(32,  <unfinished ...>
1670  <... recvmsg resumed>{msg_name=NULL, msg_namelen=0, msg_iov=[{iov_base="\2\0\0\0\0\0\0\0\377\4\0\0\0\0\0\0\3\0\0\0\0\0\0\0\377\377\377\377\0\0\0\0", iov_len=32}], msg_iovlen=1, msg_controllen=0, msg_flags=0}, 0) = 32
1669  <... recvmsg resumed>{msg_namelen=0}, 0) = -1 EAGAIN (Resource temporarily unavailable)
1275  sendmsg(36, {msg_name=NULL, msg_namelen=0, msg_iov=[{iov_base="\2\0\0\0\0\0\0\0\377\4\0\0\0\0\0\0\3\0\0\0\0\0\0\0\377\377\377\377\0\0\0\0", iov_len=32}], msg_iovlen=1, msg_controllen=0, msg_flags=0}, 0 <unfinished ...>
1670  close(14 <unfinished ...>
1669  epoll_wait(34,  <unfinished ...>
1671  <... epoll_wait resumed>[{EPOLLIN, {u32=1027064520, u64=140214529409736}}], 512, -1) = 1
1670  <... close resumed>)              = 0
1275  <... sendmsg resumed>)            = 32
1671  recvmsg(37,  <unfinished ...>
1670  recvmsg(35,  <unfinished ...>
1671  <... recvmsg resumed>{msg_name=NULL, msg_namelen=0, msg_iov=[{iov_base="\2\0\0\0\0\0\0\0\377\4\0\0\0\0\0\0\3\0\0\0\0\0\0\0\377\377\377\377\0\0\0\0", iov_len=32}], msg_iovlen=1, msg_controllen=0, msg_flags=0}, 0) = 32
1275  sendmsg(38, {msg_name=NULL, msg_namelen=0, msg_iov=[{iov_base="\2\0\0\0\0\0\0\0\377\4\0\0\0\0\0\0\3\0\0\0\0\0\0\0\377\377\377\377\0\0\0\0", iov_len=32}], msg_iovlen=1, msg_controllen=0, msg_flags=0}, 0 <unfinished ...>
1671  close(14 <unfinished ...>
1670  <... recvmsg resumed>{msg_namelen=0}, 0) = -1 EAGAIN (Resource temporarily unavailable)
1672  <... epoll_wait resumed>[{EPOLLIN, {u32=1027064520, u64=140214529409736}}], 512, -1) = 1
1671  <... close resumed>)              = 0
1275  <... sendmsg resumed>)            = 32
1672  recvmsg(39,  <unfinished ...>
1671  recvmsg(37,  <unfinished ...>
1670  epoll_wait(36,  <unfinished ...>
1672  <... recvmsg resumed>{msg_name=NULL, msg_namelen=0, msg_iov=[{iov_base="\2\0\0\0\0\0\0\0\377\4\0\0\0\0\0\0\3\0\0\0\0\0\0\0\377\377\377\377\0\0\0\0", iov_len=32}], msg_iovlen=1, msg_controllen=0, msg_flags=0}, 0) = 32
1671  <... recvmsg resumed>{msg_namelen=0}, 0) = -1 EAGAIN (Resource temporarily unavailable)
1275  close(16 <unfinished ...>
1672  close(14 <unfinished ...>
1671  epoll_wait(38,  <unfinished ...>
1672  <... close resumed>)              = 0
1275  <... close resumed>)              = 0
1672  recvmsg(39,  <unfinished ...>
1275  close(17 <unfinished ...>
1672  <... recvmsg resumed>{msg_namelen=0}, 0) = -1 EAGAIN (Resource temporarily unavailable)
1275  <... close resumed>)              = 0
1672  epoll_wait(40,  <unfinished ...>
1275  sendmsg(4, {msg_name=NULL, msg_namelen=0, msg_iov=[{iov_base="\2\0\0\0\0\0\0\0\0\5\0\0\0\0\0\0\4\0\0\0\0\0\0\0\377\377\377\377\0\0\0\0", iov_len=32}], msg_iovlen=1, msg_controllen=0, msg_flags=0}, 0 <unfinished ...>
1665  <... epoll_wait resumed>[{EPOLLIN, {u32=1027064520, u64=140214529409736}}], 512, -1) = 1
1275  <... sendmsg resumed>)            = 32
1665  recvmsg(5,  <unfinished ...>
1275  sendmsg(26, {msg_name=NULL, msg_namelen=0, msg_iov=[{iov_base="\2\0\0\0\0\0\0\0\0\5\0\0\0\0\0\0\4\0\0\0\0\0\0\0\377\377\377\377\0\0\0\0", iov_len=32}], msg_iovlen=1, msg_controllen=0, msg_flags=0}, 0 <unfinished ...>
1665  <... recvmsg resumed>{msg_name=NULL, msg_namelen=0, msg_iov=[{iov_base="\2\0\0\0\0\0\0\0\0\5\0\0\0\0\0\0\4\0\0\0\0\0\0\0\377\377\377\377\0\0\0\0", iov_len=32}], msg_iovlen=1, msg_controllen=0, msg_flags=0}, 0) = 32
1666  <... epoll_wait resumed>[{EPOLLIN, {u32=1027064520, u64=140214529409736}}], 512, -1) = 1
1665  close(16 <unfinished ...>
1275  <... sendmsg resumed>)            = 32
1666  recvmsg(27,  <unfinished ...>
1665  <... close resumed>)              = 0
1666  <... recvmsg resumed>{msg_name=NULL, msg_namelen=0, msg_iov=[{iov_base="\2\0\0\0\0\0\0\0\0\5\0\0\0\0\0\0\4\0\0\0\0\0\0\0\377\377\377\377\0\0\0\0", iov_len=32}], msg_iovlen=1, msg_controllen=0, msg_flags=0}, 0) = 32
1275  sendmsg(28, {msg_name=NULL, msg_namelen=0, msg_iov=[{iov_base="\2\0\0\0\0\0\0\0\0\5\0\0\0\0\0\0\4\0\0\0\0\0\0\0\377\377\377\377\0\0\0\0", iov_len=32}], msg_iovlen=1, msg_controllen=0, msg_flags=0}, 0 <unfinished ...>
1666  close(16 <unfinished ...>
1665  recvmsg(5,  <unfinished ...>
1667  <... epoll_wait resumed>[{EPOLLIN, {u32=1027064520, u64=140214529409736}}], 512, -1) = 1
1666  <... close resumed>)              = 0
1275  <... sendmsg resumed>)            = 32
1667  recvmsg(29,  <unfinished ...>
1666  recvmsg(27,  <unfinished ...>
1665  <... recvmsg resumed>{msg_namelen=0}, 0) = -1 EAGAIN (Resource temporarily unavailable)
1667  <... recvmsg resumed>{msg_name=NULL, msg_namelen=0, msg_iov=[{iov_base="\2\0\0\0\0\0\0\0\0\5\0\0\0\0\0\0\4\0\0\0\0\0\0\0\377\377\377\377\0\0\0\0", iov_len=32}], msg_iovlen=1, msg_controllen=0, msg_flags=0}, 0) = 32
1666  <... recvmsg resumed>{msg_namelen=0}, 0) = -1 EAGAIN (Resource temporarily unavailable)
1275  sendmsg(30, {msg_name=NULL, msg_namelen=0, msg_iov=[{iov_base="\2\0\0\0\0\0\0\0\0\5\0\0\0\0\0\0\4\0\0\0\0\0\0\0\377\377\377\377\0\0\0\0", iov_len=32}], msg_iovlen=1, msg_controllen=0, msg_flags=0}, 0 <unfinished ...>
1667  close(16 <unfinished ...>
1666  epoll_wait(28,  <unfinished ...>
1665  epoll_wait(26,  <unfinished ...>
1668  <... epoll_wait resumed>[{EPOLLIN, {u32=1027064520, u64=140214529409736}}], 512, -1) = 1
1667  <... close resumed>)              = 0
1275  <... sendmsg resumed>)            = 32
1668  recvmsg(31,  <unfinished ...>
1667  recvmsg(29,  <unfinished ...>
1668  <... recvmsg resumed>{msg_name=NULL, msg_namelen=0, msg_iov=[{iov_base="\2\0\0\0\0\0\0\0\0\5\0\0\0\0\0\0\4\0\0\0\0\0\0\0\377\377\377\377\0\0\0\0", iov_len=32}], msg_iovlen=1, msg_controllen=0, msg_flags=0}, 0) = 32
1275  sendmsg(32, {msg_name=NULL, msg_namelen=0, msg_iov=[{iov_base="\2\0\0\0\0\0\0\0\0\5\0\0\0\0\0\0\4\0\0\0\0\0\0\0\377\377\377\377\0\0\0\0", iov_len=32}], msg_iovlen=1, msg_controllen=0, msg_flags=0}, 0 <unfinished ...>
1668  close(16 <unfinished ...>
1667  <... recvmsg resumed>{msg_namelen=0}, 0) = -1 EAGAIN (Resource temporarily unavailable)
1668  <... close resumed>)              = 0
1275  <... sendmsg resumed>)            = 32
1669  <... epoll_wait resumed>[{EPOLLIN, {u32=1027064520, u64=140214529409736}}], 512, -1) = 1
1668  recvmsg(31,  <unfinished ...>
1667  epoll_wait(30,  <unfinished ...>
1669  recvmsg(33,  <unfinished ...>
1668  <... recvmsg resumed>{msg_namelen=0}, 0) = -1 EAGAIN (Resource temporarily unavailable)
1275  sendmsg(34, {msg_name=NULL, msg_namelen=0, msg_iov=[{iov_base="\2\0\0\0\0\0\0\0\0\5\0\0\0\0\0\0\4\0\0\0\0\0\0\0\377\377\377\377\0\0\0\0", iov_len=32}], msg_iovlen=1, msg_controllen=0, msg_flags=0}, 0 <unfinished ...>
1669  <... recvmsg resumed>{msg_name=NULL, msg_namelen=0, msg_iov=[{iov_base="\2\0\0\0\0\0\0\0\0\5\0\0\0\0\0\0\4\0\0\0\0\0\0\0\377\377\377\377\0\0\0\0", iov_len=32}], msg_iovlen=1, msg_controllen=0, msg_flags=0}, 0) = 32
1668  epoll_wait(32,  <unfinished ...>
1670  <... epoll_wait resumed>[{EPOLLIN, {u32=1027064520, u64=140214529409736}}], 512, -1) = 1
1669  close(16 <unfinished ...>
1275  <... sendmsg resumed>)            = 32
1670  recvmsg(35,  <unfinished ...>
1669  <... close resumed>)              = 0
1670  <... recvmsg resumed>{msg_name=NULL, msg_namelen=0, msg_iov=[{iov_base="\2\0\0\0\0\0\0\0\0\5\0\0\0\0\0\0\4\0\0\0\0\0\0\0\377\377\377\377\0\0\0\0", iov_len=32}], msg_iovlen=1, msg_controllen=0, msg_flags=0}, 0) = 32
1275  sendmsg(36, {msg_name=NULL, msg_namelen=0, msg_iov=[{iov_base="\2\0\0\0\0\0\0\0\0\5\0\0\0\0\0\0\4\0\0\0\0\0\0\0\377\377\377\377\0\0\0\0", iov_len=32}], msg_iovlen=1, msg_controllen=0, msg_flags=0}, 0 <unfinished ...>
1670  close(16 <unfinished ...>
1669  recvmsg(33,  <unfinished ...>
1671  <... epoll_wait resumed>[{EPOLLIN, {u32=1027064520, u64=140214529409736}}], 512, -1) = 1
1670  <... close resumed>)              = 0
1275  <... sendmsg resumed>)            = 32
1671  recvmsg(37,  <unfinished ...>
1670  recvmsg(35,  <unfinished ...>
1669  <... recvmsg resumed>{msg_namelen=0}, 0) = -1 EAGAIN (Resource temporarily unavailable)
1671  <... recvmsg resumed>{msg_name=NULL, msg_namelen=0, msg_iov=[{iov_base="\2\0\0\0\0\0\0\0\0\5\0\0\0\0\0\0\4\0\0\0\0\0\0\0\377\377\377\377\0\0\0\0", iov_len=32}], msg_iovlen=1, msg_controllen=0, msg_flags=0}, 0) = 32
1670  <... recvmsg resumed>{msg_namelen=0}, 0) = -1 EAGAIN (Resource temporarily unavailable)
1275  sendmsg(38, {msg_name=NULL, msg_namelen=0, msg_iov=[{iov_base="\2\0\0\0\0\0\0\0\0\5\0\0\0\0\0\0\4\0\0\0\0\0\0\0\377\377\377\377\0\0\0\0", iov_len=32}], msg_iovlen=1, msg_controllen=0, msg_flags=0}, 0 <unfinished ...>
1671  close(16 <unfinished ...>
1670  epoll_wait(36,  <unfinished ...>
1669  epoll_wait(34,  <unfinished ...>
1672  <... epoll_wait resumed>[{EPOLLIN, {u32=1027064520, u64=140214529409736}}], 512, -1) = 1
1671  <... close resumed>)              = 0
1275  <... sendmsg resumed>)            = 32
1672  recvmsg(39,  <unfinished ...>
1671  recvmsg(37,  <unfinished ...>
1672  <... recvmsg resumed>{msg_name=NULL, msg_namelen=0, msg_iov=[{iov_base="\2\0\0\0\0\0\0\0\0\5\0\0\0\0\0\0\4\0\0\0\0\0\0\0\377\377\377\377\0\0\0\0", iov_len=32}], msg_iovlen=1, msg_controllen=0, msg_flags=0}, 0) = 32
1275  close(18 <unfinished ...>
1672  close(16 <unfinished ...>
1671  <... recvmsg resumed>{msg_namelen=0}, 0) = -1 EAGAIN (Resource temporarily unavailable)
1672  <... close resumed>)              = 0
1275  <... close resumed>)              = 0
1672  recvmsg(39,  <unfinished ...>
1671  epoll_wait(38,  <unfinished ...>
1672  <... recvmsg resumed>{msg_namelen=0}, 0) = -1 EAGAIN (Resource temporarily unavailable)
1275  close(19 <unfinished ...>
1672  epoll_wait(40,  <unfinished ...>
1275  <... close resumed>)              = 0
1275  sendmsg(4, {msg_name=NULL, msg_namelen=0, msg_iov=[{iov_base="\2\0\0\0\0\0\0\0\2\5\0\0\0\0\0\0\5\0\0\0\0\0\0\0\377\377\377\377\0\0\0\0", iov_len=32}], msg_iovlen=1, msg_controllen=0, msg_flags=0}, 0 <unfinished ...>
1665  <... epoll_wait resumed>[{EPOLLIN, {u32=1027064520, u64=140214529409736}}], 512, -1) = 1
1275  <... sendmsg resumed>)            = 32
1665  recvmsg(5,  <unfinished ...>
