3286  <... mmap resumed>)               = 0x7f5902014000
3285  <... epoll_ctl resumed>)          = 0
3286  mmap(0x7f590203a000, 49152, PROT_READ, MAP_PRIVATE|MAP_FIXED|MAP_DENYWRITE, 41, 0x2c000 <unfinished ...>
3285  close(5 <unfinished ...>
3286  <... mmap resumed>)               = 0x7f590203a000
3285  <... close resumed>)              = 0
3286  mmap(0x7f5902046000, 16384, PROT_READ|PROT_WRITE, MAP_PRIVATE|MAP_FIXED|MAP_DENYWRITE, 41, 0x37000 <unfinished ...>
3285  close(14 <unfinished ...>
3286  <... mmap resumed>)               = 0x7f5902046000
3285  <... close resumed>)              = 0
3286  close(41 <unfinished ...>
3285  close(16 <unfinished ...>
3286  <... close resumed>)              = 0
3285  <... close resumed>)              = 0
3285  close(18 <unfinished ...>
3286  mprotect(0x7f5902046000, 12288, PROT_READ <unfinished ...>
3285  <... close resumed>)              = 0
3286  <... mprotect resumed>)           = 0
3285  close(20 <unfinished ...>
3286  munmap(0x7f590428b000, 34796 <unfinished ...>
3285  <... close resumed>)              = 0
3286  <... munmap resumed>)             = 0
3285  close(22 <unfinished ...>
3286  rt_sigprocmask(SIG_BLOCK, [HUP USR1 USR2 PIPE ALRM CHLD TSTP URG VTALRM PROF WINCH IO],  <unfinished ...>
3285  <... close resumed>)              = 0
3286  <... rt_sigprocmask resumed>[HUP INT QUIT USR1 USR2 ALRM TERM CHLD WINCH IO], 8) = 0
3285  close(10 <unfinished ...>
3286  gettid( <unfinished ...>
3285  <... close resumed>)              = 0
3286  <... gettid resumed>)             = 3286
3285  close(28 <unfinished ...>
3286  socket(AF_UNIX, SOCK_DGRAM|SOCK_CLOEXEC, 0 <unfinished ...>
3285  <... close resumed>)              = 0
3286  <... socket resumed>)             = 41
3285  close(30 <unfinished ...>
3286  connect(41, {sa_family=AF_UNIX, sun_path=@"userdb-4faf118cb5fdc005bbaa3fee80739eb2"}, 42 <unfinished ...>
3285  <... close resumed>)              = 0
3286  <... connect resumed>)            = -1 ECONNREFUSED (Connection refused)
3285  close(32 <unfinished ...>
3286  close(41 <unfinished ...>
3285  <... close resumed>)              = 0
3286  <... close resumed>)              = 0
3285  close(34 <unfinished ...>
3286  openat(AT_FDCWD, "/run/systemd/userdb/", O_RDONLY|O_NONBLOCK|O_CLOEXEC|O_DIRECTORY <unfinished ...>
3285  <... close resumed>)              = 0
3286  <... openat resumed>)             = -1 ENOENT (No such file or directory)
3285  close(36 <unfinished ...>
3286  rt_sigprocmask(SIG_SETMASK, [HUP INT QUIT USR1 USR2 ALRM TERM CHLD WINCH IO],  <unfinished ...>
3285  <... close resumed>)              = 0
3286  <... rt_sigprocmask resumed>NULL, 8) = 0
3285  close(38 <unfinished ...>
3286  setgroups(1, [33] <unfinished ...>
3285  <... close resumed>)              = 0
3286  <... setgroups resumed>)          = 0
3285  close(40 <unfinished ...>
3286  setuid(33 <unfinished ...>
3285  <... close resumed>)              = 0
3286  <... setuid resumed>)             = 0
3285  close(23 <unfinished ...>
3286  prctl(PR_SET_DUMPABLE, SUID_DUMP_USER <unfinished ...>
3285  <... close resumed>)              = 0
3286  <... prctl resumed>)              = 0
3285  epoll_ctl(25, EPOLL_CTL_ADD, 24, {EPOLLIN|EPOLLRDHUP, {u32=33371056, u64=140020262187952}} <unfinished ...>
3286  rt_sigprocmask(SIG_SETMASK, [],  <unfinished ...>
3285  <... epoll_ctl resumed>)          = 0
3286  <... rt_sigprocmask resumed>NULL, 8) = 0
3285  epoll_wait(25,  <unfinished ...>
3286  epoll_create(512 <unfinished ...>
3285  <... epoll_wait resumed>[{EPOLLIN, {u32=33371056, u64=140020262187952}}], 512, -1) = 1
3286  <... epoll_create resumed>)       = 41
3285  recvmsg(24,  <unfinished ...>
3286  eventfd2(0, 0 <unfinished ...>
3285  <... recvmsg resumed>{msg_name=NULL, msg_namelen=0, msg_iov=[{iov_base="\1\0\0\0\0\0\0\0\326\f\0\0\0\0\0\0\7\0\0\0\0\0\0\0\31\0\0\0\0\0\0\0", iov_len=32}], msg_iovlen=1, msg_control=[{cmsg_len=20, cmsg_level=SOL_SOCKET, cmsg_type=SCM_RIGHTS, cmsg_data=[5]}], msg_controllen=24, msg_flags=0}, 0) = 32
3286  <... eventfd2 resumed>)           = 42
3285  recvmsg(24,  <unfinished ...>
3286  epoll_ctl(41, EPOLL_CTL_ADD, 42, {EPOLLIN|EPOLLET, {u32=2713931680, u64=94646613266336}} <unfinished ...>
3285  <... recvmsg resumed>{msg_namelen=0}, 0) = -1 EAGAIN (Resource temporarily unavailable)
3286  <... epoll_ctl resumed>)          = 0
3285  epoll_wait(25,  <unfinished ...>
3286  socketpair(AF_UNIX, SOCK_STREAM, 0, [43, 44]) = 0
3286  epoll_ctl(41, EPOLL_CTL_ADD, 43, {EPOLLIN|EPOLLRDHUP|EPOLLET, {u32=2713931680, u64=94646613266336}}) = 0
3286  close(44)                         = 0
3286  epoll_wait(41, [{EPOLLIN|EPOLLHUP|EPOLLRDHUP, {u32=2713931680, u64=94646613266336}}], 1, 5000) = 1
3286  close(43)                         = 0
3286  mmap(NULL, 241664, PROT_READ|PROT_WRITE, MAP_PRIVATE|MAP_ANONYMOUS, -1, 0) = 0x7f5901fd3000
3286  brk(0x5614a3558000)               = 0x5614a3558000
3286  epoll_ctl(41, EPOLL_CTL_ADD, 6, {EPOLLIN|EPOLLEXCLUSIVE, {u32=33370128, u64=140020262187024}}) = 0
3286  epoll_ctl(41, EPOLL_CTL_ADD, 7, {EPOLLIN|EPOLLEXCLUSIVE, {u32=33370360, u64=140020262187256}}) = 0
3286  epoll_ctl(41, EPOLL_CTL_ADD, 8, {EPOLLIN|EPOLLEXCLUSIVE, {u32=33370592, u64=140020262187488}}) = 0
3286  epoll_ctl(41, EPOLL_CTL_ADD, 9, {EPOLLIN|EPOLLEXCLUSIVE, {u32=33370824, u64=140020262187720}}) = 0
3286  close(5)                          = 0
3286  close(14)                         = 0
3286  close(16)                         = 0
3286  close(18)                         = 0
3286  close(20)                         = 0
3286  close(22)                         = 0
3286  close(24)                         = 0
3286  close(10)                         = 0
3286  close(28)                         = 0
3286  close(30)                         = 0
3286  close(32)                         = 0
3286  close(34)                         = 0
3286  close(36)                         = 0
3286  close(38)                         = 0
3286  close(40)                         = 0
3286  close(25)                         = 0
3286  epoll_ctl(41, EPOLL_CTL_ADD, 26, {EPOLLIN|EPOLLRDHUP, {u32=33371056, u64=140020262187952}}) = 0
3286  epoll_wait(41,  <unfinished ...>
488   <... clock_nanosleep resumed>NULL) = 0
488   sendmsg(3, {msg_name=NULL, msg_namelen=0, msg_iov=[{iov_base="\3\0\0\0\0\0\0\0\0\0\0\0\0\0\0\0\0\0\0\0\0\0\0\0\377\377\377\377\0\0\0\0", iov_len=32}], msg_iovlen=1, msg_controllen=0, msg_flags=0}, 0) = 32
488   sendmsg(27, {msg_name=NULL, msg_namelen=0, msg_iov=[{iov_base="\3\0\0\0\0\0\0\0\0\0\0\0\0\0\0\0\0\0\0\0\0\0\0\0\377\377\377\377\0\0\0\0", iov_len=32}], msg_iovlen=1, msg_controllen=0, msg_flags=0}, 0) = 32
488   sendmsg(29, {msg_name=NULL, msg_namelen=0, msg_iov=[{iov_base="\3\0\0\0\0\0\0\0\0\0\0\0\0\0\0\0\0\0\0\0\0\0\0\0\377\377\377\377\0\0\0\0", iov_len=32}], msg_iovlen=1, msg_controllen=0, msg_flags=0}, 0) = 32
488   sendmsg(31, {msg_name=NULL, msg_namelen=0, msg_iov=[{iov_base="\3\0\0\0\0\0\0\0\0\0\0\0\0\0\0\0\0\0\0\0\0\0\0\0\377\377\377\377\0\0\0\0", iov_len=32}], msg_iovlen=1, msg_controllen=0, msg_flags=0}, 0) = 32
488   sendmsg(33, {msg_name=NULL, msg_namelen=0, msg_iov=[{iov_base="\3\0\0\0\0\0\0\0\0\0\0\0\0\0\0\0\0\0\0\0\0\0\0\0\377\377\377\377\0\0\0\0", iov_len=32}], msg_iovlen=1, msg_controllen=0, msg_flags=0}, 0) = 32
488   sendmsg(35, {msg_name=NULL, msg_namelen=0, msg_iov=[{iov_base="\3\0\0\0\0\0\0\0\0\0\0\0\0\0\0\0\0\0\0\0\0\0\0\0\377\377\377\377\0\0\0\0", iov_len=32}], msg_iovlen=1, msg_controllen=0, msg_flags=0}, 0) = 32
488   sendmsg(37, {msg_name=NULL, msg_namelen=0, msg_iov=[{iov_base="\3\0\0\0\0\0\0\0\0\0\0\0\0\0\0\0\0\0\0\0\0\0\0\0\377\377\377\377\0\0\0\0", iov_len=32}], msg_iovlen=1, msg_controllen=0, msg_flags=0}, 0) = 32
488   sendmsg(39, {msg_name=NULL, msg_namelen=0, msg_iov=[{iov_base="\3\0\0\0\0\0\0\0\0\0\0\0\0\0\0\0\0\0\0\0\0\0\0\0\377\377\377\377\0\0\0\0", iov_len=32}], msg_iovlen=1, msg_controllen=0, msg_flags=0}, 0) = 32
488   rt_sigsuspend([], 8)              = ? ERESTARTNOHAND (To be restarted if no handler)
488   --- SIGCHLD {si_signo=SIGCHLD, si_code=CLD_EXITED, si_pid=2880, si_uid=33, si_status=0, si_utime=0, si_stime=0} ---
488   wait4(-1, [{WIFEXITED(s) && WEXITSTATUS(s) == 0}], WNOHANG, NULL) = 2878
488   wait4(-1, [{WIFEXITED(s) && WEXITSTATUS(s) == 0}], WNOHANG, NULL) = 2880
488   wait4(-1, [{WIFEXITED(s) && WEXITSTATUS(s) == 0}], WNOHANG, NULL) = 2881
488   wait4(-1, [{WIFEXITED(s) && WEXITSTATUS(s) == 0}], WNOHANG, NULL) = 2882
488   wait4(-1, [{WIFEXITED(s) && WEXITSTATUS(s) == 0}], WNOHANG, NULL) = 2883
488   wait4(-1, [{WIFEXITED(s) && WEXITSTATUS(s) == 0}], WNOHANG, NULL) = 2884
488   wait4(-1, [{WIFEXITED(s) && WEXITSTATUS(s) == 0}], WNOHANG, NULL) = 2885
488   wait4(-1, [{WIFEXITED(s) && WEXITSTATUS(s) == 0}], WNOHANG, NULL) = 2886
488   wait4(-1, 0x7fff9e9fcdf4, WNOHANG, NULL) = 0
488   rt_sigreturn({mask=[HUP INT QUIT USR1 USR2 ALRM TERM CHLD WINCH IO]}) = -1 EINTR (Interrupted system call)
488   close(3)                          = 0
488   close(10)                         = 0
488   sendmsg(4, {msg_name=NULL, msg_namelen=0, msg_iov=[{iov_base="\2\0\0\0\0\0\0\0>\v\0\0\0\0\0\0\10\0\0\0\0\0\0\0\377\377\377\377\0\0\0\0", iov_len=32}], msg_iovlen=1, msg_controllen=0, msg_flags=0}, 0 <unfinished ...>
3279  <... epoll_wait resumed>[{EPOLLIN, {u32=33371056, u64=140020262187952}}], 512, -1) = 1
488   <... sendmsg resumed>)            = 32
3279  recvmsg(5,  <unfinished ...>
488   sendmsg(13, {msg_name=NULL, msg_namelen=0, msg_iov=[{iov_base="\2\0\0\0\0\0\0\0>\v\0\0\0\0\0\0\10\0\0\0\0\0\0\0\377\377\377\377\0\0\0\0", iov_len=32}], msg_iovlen=1, msg_controllen=0, msg_flags=0}, 0 <unfinished ...>
3279  <... recvmsg resumed>{msg_name=NULL, msg_namelen=0, msg_iov=[{iov_base="\2\0\0\0\0\0\0\0>\v\0\0\0\0\0\0\10\0\0\0\0\0\0\0\377\377\377\377\0\0\0\0", iov_len=32}], msg_iovlen=1, msg_controllen=0, msg_flags=0}, 0) = 32
488   <... sendmsg resumed>)            = 32
3280  <... epoll_wait resumed>[{EPOLLIN, {u32=33371056, u64=140020262187952}}], 512, -1) = 1
3279  close(3 <unfinished ...>
488   sendmsg(15, {msg_name=NULL, msg_namelen=0, msg_iov=[{iov_base="\2\0\0\0\0\0\0\0>\v\0\0\0\0\0\0\10\0\0\0\0\0\0\0\377\377\377\377\0\0\0\0", iov_len=32}], msg_iovlen=1, msg_controllen=0, msg_flags=0}, 0 <unfinished ...>
3280  recvmsg(14,  <unfinished ...>
3279  <... close resumed>)              = 0
3280  <... recvmsg resumed>{msg_name=NULL, msg_namelen=0, msg_iov=[{iov_base="\2\0\0\0\0\0\0\0>\v\0\0\0\0\0\0\10\0\0\0\0\0\0\0\377\377\377\377\0\0\0\0", iov_len=32}], msg_iovlen=1, msg_controllen=0, msg_flags=0}, 0) = 32
3281  <... epoll_wait resumed>[{EPOLLIN, {u32=33371056, u64=140020262187952}}], 512, -1) = 1
488   <... sendmsg resumed>)            = 32
3280  close(3 <unfinished ...>
3279  recvmsg(5,  <unfinished ...>
3281  recvmsg(16,  <unfinished ...>
3280  <... close resumed>)              = 0
488   sendmsg(17, {msg_name=NULL, msg_namelen=0, msg_iov=[{iov_base="\2\0\0\0\0\0\0\0>\v\0\0\0\0\0\0\10\0\0\0\0\0\0\0\377\377\377\377\0\0\0\0", iov_len=32}], msg_iovlen=1, msg_controllen=0, msg_flags=0}, 0 <unfinished ...>
3281  <... recvmsg resumed>{msg_name=NULL, msg_namelen=0, msg_iov=[{iov_base="\2\0\0\0\0\0\0\0>\v\0\0\0\0\0\0\10\0\0\0\0\0\0\0\377\377\377\377\0\0\0\0", iov_len=32}], msg_iovlen=1, msg_controllen=0, msg_flags=0}, 0) = 32
3280  recvmsg(14,  <unfinished ...>
3279  <... recvmsg resumed>{msg_namelen=0}, 0) = -1 EAGAIN (Resource temporarily unavailable)
3282  <... epoll_wait resumed>[{EPOLLIN, {u32=33371056, u64=140020262187952}}], 512, -1) = 1
3281  close(3 <unfinished ...>
3280  <... recvmsg resumed>{msg_namelen=0}, 0) = -1 EAGAIN (Resource temporarily unavailable)
488   <... sendmsg resumed>)            = 32
3282  recvmsg(18,  <unfinished ...>
3281  <... close resumed>)              = 0
3280  epoll_wait(15,  <unfinished ...>
3279  epoll_wait(13,  <unfinished ...>
3282  <... recvmsg resumed>{msg_name=NULL, msg_namelen=0, msg_iov=[{iov_base="\2\0\0\0\0\0\0\0>\v\0\0\0\0\0\0\10\0\0\0\0\0\0\0\377\377\377\377\0\0\0\0", iov_len=32}], msg_iovlen=1, msg_controllen=0, msg_flags=0}, 0) = 32
3281  recvmsg(16,  <unfinished ...>
488   sendmsg(19, {msg_name=NULL, msg_namelen=0, msg_iov=[{iov_base="\2\0\0\0\0\0\0\0>\v\0\0\0\0\0\0\10\0\0\0\0\0\0\0\377\377\377\377\0\0\0\0", iov_len=32}], msg_iovlen=1, msg_controllen=0, msg_flags=0}, 0 <unfinished ...>
3282  close(3 <unfinished ...>
3281  <... recvmsg resumed>{msg_namelen=0}, 0) = -1 EAGAIN (Resource temporarily unavailable)
3282  <... close resumed>)              = 0
488   <... sendmsg resumed>)            = 32
3283  <... epoll_wait resumed>[{EPOLLIN, {u32=33371056, u64=140020262187952}}], 512, -1) = 1
3282  recvmsg(18,  <unfinished ...>
3281  epoll_wait(17,  <unfinished ...>
3283  recvmsg(20,  <unfinished ...>
3282  <... recvmsg resumed>{msg_namelen=0}, 0) = -1 EAGAIN (Resource temporarily unavailable)
488   sendmsg(21, {msg_name=NULL, msg_namelen=0, msg_iov=[{iov_base="\2\0\0\0\0\0\0\0>\v\0\0\0\0\0\0\10\0\0\0\0\0\0\0\377\377\377\377\0\0\0\0", iov_len=32}], msg_iovlen=1, msg_controllen=0, msg_flags=0}, 0 <unfinished ...>
3283  <... recvmsg resumed>{msg_name=NULL, msg_namelen=0, msg_iov=[{iov_base="\2\0\0\0\0\0\0\0>\v\0\0\0\0\0\0\10\0\0\0\0\0\0\0\377\377\377\377\0\0\0\0", iov_len=32}], msg_iovlen=1, msg_controllen=0, msg_flags=0}, 0) = 32
3282  epoll_wait(19,  <unfinished ...>
3284  <... epoll_wait resumed>[{EPOLLIN, {u32=33371056, u64=140020262187952}}], 512, -1) = 1
3283  close(3 <unfinished ...>
488   <... sendmsg resumed>)            = 32
3284  recvmsg(22,  <unfinished ...>
3283  <... close resumed>)              = 0
3284  <... recvmsg resumed>{msg_name=NULL, msg_namelen=0, msg_iov=[{iov_base="\2\0\0\0\0\0\0\0>\v\0\0\0\0\0\0\10\0\0\0\0\0\0\0\377\377\377\377\0\0\0\0", iov_len=32}], msg_iovlen=1, msg_controllen=0, msg_flags=0}, 0) = 32
488   sendmsg(23, {msg_name=NULL, msg_namelen=0, msg_iov=[{iov_base="\2\0\0\0\0\0\0\0>\v\0\0\0\0\0\0\10\0\0\0\0\0\0\0\377\377\377\377\0\0\0\0", iov_len=32}], msg_iovlen=1, msg_controllen=0, msg_flags=0}, 0 <unfinished ...>
3284  close(3 <unfinished ...>
3283  recvmsg(20,  <unfinished ...>
3284  <... close resumed>)              = 0
488   <... sendmsg resumed>)            = 32
3285  <... epoll_wait resumed>[{EPOLLIN, {u32=33371056, u64=140020262187952}}], 512, -1) = 1
3284  recvmsg(22,  <unfinished ...>
3283  <... recvmsg resumed>{msg_namelen=0}, 0) = -1 EAGAIN (Resource temporarily unavailable)
488   sendmsg(25, {msg_name=NULL, msg_namelen=0, msg_iov=[{iov_base="\2\0\0\0\0\0\0\0>\v\0\0\0\0\0\0\10\0\0\0\0\0\0\0\377\377\377\377\0\0\0\0", iov_len=32}], msg_iovlen=1, msg_controllen=0, msg_flags=0}, 0 <unfinished ...>
3285  recvmsg(24,  <unfinished ...>
3284  <... recvmsg resumed>{msg_namelen=0}, 0) = -1 EAGAIN (Resource temporarily unavailable)
3283  epoll_wait(21,  <unfinished ...>
3286  <... epoll_wait resumed>[{EPOLLIN, {u32=33371056, u64=140020262187952}}], 512, -1) = 1
3285  <... recvmsg resumed>{msg_name=NULL, msg_namelen=0, msg_iov=[{iov_base="\2\0\0\0\0\0\0\0>\v\0\0\0\0\0\0\10\0\0\0\0\0\0\0\377\377\377\377\0\0\0\0", iov_len=32}], msg_iovlen=1, msg_controllen=0, msg_flags=0}, 0) = 32
3284  epoll_wait(23,  <unfinished ...>
488   <... sendmsg resumed>)            = 32
3286  recvmsg(26,  <unfinished ...>
3285  close(3 <unfinished ...>
488   close(27 <unfinished ...>
3286  <... recvmsg resumed>{msg_name=NULL, msg_namelen=0, msg_iov=[{iov_base="\2\0\0\0\0\0\0\0>\v\0\0\0\0\0\0\10\0\0\0\0\0\0\0\377\377\377\377\0\0\0\0", iov_len=32}], msg_iovlen=1, msg_controllen=0, msg_flags=0}, 0) = 32
3285  <... close resumed>)              = 0
488   <... close resumed>)              = 0
3286  close(3 <unfinished ...>
3285  recvmsg(24,  <unfinished ...>
3286  <... close resumed>)              = 0
488   close(28 <unfinished ...>
3286  recvmsg(26,  <unfinished ...>
3285  <... recvmsg resumed>{msg_namelen=0}, 0) = -1 EAGAIN (Resource temporarily unavailable)
3286  <... recvmsg resumed>{msg_namelen=0}, 0) = -1 EAGAIN (Resource temporarily unavailable)
488   <... close resumed>)              = 0
3286  epoll_wait(41,  <unfinished ...>
3285  epoll_wait(25,  <unfinished ...>
488   sendmsg(4, {msg_name=NULL, msg_namelen=0, msg_iov=[{iov_base="\2\0\0\0\0\0\0\0@\v\0\0\0\0\0\0\t\0\0\0\0\0\0\0\377\377\377\377\0\0\0\0", iov_len=32}], msg_iovlen=1, msg_controllen=0, msg_flags=0}, 0 <unfinished ...>
3279  <... epoll_wait resumed>[{EPOLLIN, {u32=33371056, u64=140020262187952}}], 512, -1) = 1
488   <... sendmsg resumed>)            = 32
3279  recvmsg(5,  <unfinished ...>
488   sendmsg(13, {msg_name=NULL, msg_namelen=0, msg_iov=[{iov_base="\2\0\0\0\0\0\0\0@\v\0\0\0\0\0\0\t\0\0\0\0\0\0\0\377\377\377\377\0\0\0\0", iov_len=32}], msg_iovlen=1, msg_controllen=0, msg_flags=0}, 0 <unfinished ...>
3279  <... recvmsg resumed>{msg_name=NULL, msg_namelen=0, msg_iov=[{iov_base="\2\0\0\0\0\0\0\0@\v\0\0\0\0\0\0\t\0\0\0\0\0\0\0\377\377\377\377\0\0\0\0", iov_len=32}], msg_iovlen=1, msg_controllen=0, msg_flags=0}, 0) = 32
3280  <... epoll_wait resumed>[{EPOLLIN, {u32=33371056, u64=140020262187952}}], 512, -1) = 1
488   <... sendmsg resumed>)            = 32
3280  recvmsg(14,  <unfinished ...>
3279  close(27 <unfinished ...>
3280  <... recvmsg resumed>{msg_name=NULL, msg_namelen=0, msg_iov=[{iov_base="\2\0\0\0\0\0\0\0@\v\0\0\0\0\0\0\t\0\0\0\0\0\0\0\377\377\377\377\0\0\0\0", iov_len=32}], msg_iovlen=1, msg_controllen=0, msg_flags=0}, 0) = 32
3279  <... close resumed>)              = 0
488   sendmsg(15, {msg_name=NULL, msg_namelen=0, msg_iov=[{iov_base="\2\0\0\0\0\0\0\0@\v\0\0\0\0\0\0\t\0\0\0\0\0\0\0\377\377\377\377\0\0\0\0", iov_len=32}], msg_iovlen=1, msg_controllen=0, msg_flags=0}, 0 <unfinished ...>
3280  close(27 <unfinished ...>
3279  recvmsg(5,  <unfinished ...>
3281  <... epoll_wait resumed>[{EPOLLIN, {u32=33371056, u64=140020262187952}}], 512, -1) = 1
3280  <... close resumed>)              = 0
488   <... sendmsg resumed>)            = 32
3281  recvmsg(16,  <unfinished ...>
3280  recvmsg(14,  <unfinished ...>
3279  <... recvmsg resumed>{msg_namelen=0}, 0) = -1 EAGAIN (Resource temporarily unavailable)
3281  <... recvmsg resumed>{msg_name=NULL, msg_namelen=0, msg_iov=[{iov_base="\2\0\0\0\0\0\0\0@\v\0\0\0\0\0\0\t\0\0\0\0\0\0\0\377\377\377\377\0\0\0\0", iov_len=32}], msg_iovlen=1, msg_controllen=0, msg_flags=0}, 0) = 32
3280  <... recvmsg resumed>{msg_namelen=0}, 0) = -1 EAGAIN (Resource temporarily unavailable)
488   sendmsg(17, {msg_name=NULL, msg_namelen=0, msg_iov=[{iov_base="\2\0\0\0\0\0\0\0@\v\0\0\0\0\0\0\t\0\0\0\0\0\0\0\377\377\377\377\0\0\0\0", iov_len=32}], msg_iovlen=1, msg_controllen=0, msg_flags=0}, 0 <unfinished ...>
3281  close(27 <unfinished ...>
3280  epoll_wait(15,  <unfinished ...>
3279  epoll_wait(13,  <unfinished ...>
3282  <... epoll_wait resumed>[{EPOLLIN, {u32=33371056, u64=140020262187952}}], 512, -1) = 1
3281  <... close resumed>)              = 0
488   <... sendmsg resumed>)            = 32
3282  recvmsg(18,  <unfinished ...>
3281  recvmsg(16,  <unfinished ...>
3282  <... recvmsg resumed>{msg_name=NULL, msg_namelen=0, msg_iov=[{iov_base="\2\0\0\0\0\0\0\0@\v\0\0\0\0\0\0\t\0\0\0\0\0\0\0\377\377\377\377\0\0\0\0", iov_len=32}], msg_iovlen=1, msg_controllen=0, msg_flags=0}, 0) = 32
488   sendmsg(19, {msg_name=NULL, msg_namelen=0, msg_iov=[{iov_base="\2\0\0\0\0\0\0\0@\v\0\0\0\0\0\0\t\0\0\0\0\0\0\0\377\377\377\377\0\0\0\0", iov_len=32}], msg_iovlen=1, msg_controllen=0, msg_flags=0}, 0 <unfinished ...>
3282  close(27 <unfinished ...>
3281  <... recvmsg resumed>{msg_namelen=0}, 0) = -1 EAGAIN (Resource temporarily unavailable)
3283  <... epoll_wait resumed>[{EPOLLIN, {u32=33371056, u64=140020262187952}}], 512, -1) = 1
3282  <... close resumed>)              = 0
488   <... sendmsg resumed>)            = 32
3283  recvmsg(20,  <unfinished ...>
3282  recvmsg(18,  <unfinished ...>
3281  epoll_wait(17,  <unfinished ...>
3283  <... recvmsg resumed>{msg_name=NULL, msg_namelen=0, msg_iov=[{iov_base="\2\0\0\0\0\0\0\0@\v\0\0\0\0\0\0\t\0\0\0\0\0\0\0\377\377\377\377\0\0\0\0", iov_len=32}], msg_iovlen=1, msg_controllen=0, msg_flags=0}, 0) = 32
3282  <... recvmsg resumed>{msg_namelen=0}, 0) = -1 EAGAIN (Resource temporarily unavailable)
488   sendmsg(21, {msg_name=NULL, msg_namelen=0, msg_iov=[{iov_base="\2\0\0\0\0\0\0\0@\v\0\0\0\0\0\0\t\0\0\0\0\0\0\0\377\377\377\377\0\0\0\0", iov_len=32}], msg_iovlen=1, msg_controllen=0, msg_flags=0}, 0 <unfinished ...>
3283  close(27 <unfinished ...>
3282  epoll_wait(19,  <unfinished ...>
3284  <... epoll_wait resumed>[{EPOLLIN, {u32=33371056, u64=140020262187952}}], 512, -1) = 1
3283  <... close resumed>)              = 0
488   <... sendmsg resumed>)            = 32
3284  recvmsg(22,  <unfinished ...>
3283  recvmsg(20,  <unfinished ...>
3284  <... recvmsg resumed>{msg_name=NULL, msg_namelen=0, msg_iov=[{iov_base="\2\0\0\0\0\0\0\0@\v\0\0\0\0\0\0\t\0\0\0\0\0\0\0\377\377\377\377\0\0\0\0", iov_len=32}], msg_iovlen=1, msg_controllen=0, msg_flags=0}, 0) = 32
488   sendmsg(23, {msg_name=NULL, msg_namelen=0, msg_iov=[{iov_base="\2\0\0\0\0\0\0\0@\v\0\0\0\0\0\0\t\0\0\0\0\0\0\0\377\377\377\377\0\0\0\0", iov_len=32}], msg_iovlen=1, msg_controllen=0, msg_flags=0}, 0 <unfinished ...>
3284  close(27 <unfinished ...>
3283  <... recvmsg resumed>{msg_namelen=0}, 0) = -1 EAGAIN (Resource temporarily unavailable)
3285  <... epoll_wait resumed>[{EPOLLIN, {u32=33371056, u64=140020262187952}}], 512, -1) = 1
3284  <... close resumed>)              = 0
488   <... sendmsg resumed>)            = 32
3285  recvmsg(24,  <unfinished ...>
3284  recvmsg(22,  <unfinished ...>
3283  epoll_wait(21,  <unfinished ...>
3285  <... recvmsg resumed>{msg_name=NULL, msg_namelen=0, msg_iov=[{iov_base="\2\0\0\0\0\0\0\0@\v\0\0\0\0\0\0\t\0\0\0\0\0\0\0\377\377\377\377\0\0\0\0", iov_len=32}], msg_iovlen=1, msg_controllen=0, msg_flags=0}, 0) = 32
3284  <... recvmsg resumed>{msg_namelen=0}, 0) = -1 EAGAIN (Resource temporarily unavailable)
488   sendmsg(25, {msg_name=NULL, msg_namelen=0, msg_iov=[{iov_base="\2\0\0\0\0\0\0\0@\v\0\0\0\0\0\0\t\0\0\0\0\0\0\0\377\377\377\377\0\0\0\0", iov_len=32}], msg_iovlen=1, msg_controllen=0, msg_flags=0}, 0 <unfinished ...>
3285  close(27 <unfinished ...>
3284  epoll_wait(23,  <unfinished ...>
3286  <... epoll_wait resumed>[{EPOLLIN, {u32=33371056, u64=140020262187952}}], 512, -1) = 1
3285  <... close resumed>)              = 0
488   <... sendmsg resumed>)            = 32
3286  recvmsg(26,  <unfinished ...>
3285  recvmsg(24,  <unfinished ...>
3286  <... recvmsg resumed>{msg_name=NULL, msg_namelen=0, msg_iov=[{iov_base="\2\0\0\0\0\0\0\0@\v\0\0\0\0\0\0\t\0\0\0\0\0\0\0\377\377\377\377\0\0\0\0", iov_len=32}], msg_iovlen=1, msg_controllen=0, msg_flags=0}, 0) = 32
488   close(29 <unfinished ...>
3286  close(27 <unfinished ...>
3285  <... recvmsg resumed>{msg_namelen=0}, 0) = -1 EAGAIN (Resource temporarily unavailable)
3286  <... close resumed>)              = 0
488   <... close resumed>)              = 0
3285  epoll_wait(25,  <unfinished ...>
3286  recvmsg(26,  <unfinished ...>
488   close(30 <unfinished ...>
3286  <... recvmsg resumed>{msg_namelen=0}, 0) = -1 EAGAIN (Resource temporarily unavailable)
488   <... close resumed>)              = 0
3286  epoll_wait(41,  <unfinished ...>
488   sendmsg(4, {msg_name=NULL, msg_namelen=0, msg_iov=[{iov_base="\2\0\0\0\0\0\0\0A\v\0\0\0\0\0\0\n\0\0\0\0\0\0\0\377\377\377\377\0\0\0\0", iov_len=32}], msg_iovlen=1, msg_controllen=0, msg_flags=0}, 0) = 32
3279  <... epoll_wait resumed>[{EPOLLIN, {u32=33371056, u64=140020262187952}}], 512, -1) = 1
488   sendmsg(13, {msg_name=NULL, msg_namelen=0, msg_iov=[{iov_base="\2\0\0\0\0\0\0\0A\v\0\0\0\0\0\0\n\0\0\0\0\0\0\0\377\377\377\377\0\0\0\0", iov_len=32}], msg_iovlen=1, msg_controllen=0, msg_flags=0}, 0 <unfinished ...>
3279  recvmsg(5,  <unfinished ...>
3280  <... epoll_wait resumed>[{EPOLLIN, {u32=33371056, u64=140020262187952}}], 512, -1) = 1
488   <... sendmsg resumed>)            = 32
3280  recvmsg(14,  <unfinished ...>
3279  <... recvmsg resumed>{msg_name=NULL, msg_namelen=0, msg_iov=[{iov_base="\2\0\0\0\0\0\0\0A\v\0\0\0\0\0\0\n\0\0\0\0\0\0\0\377\377\377\377\0\0\0\0", iov_len=32}], msg_iovlen=1, msg_controllen=0, msg_flags=0}, 0) = 32
3280  <... recvmsg resumed>{msg_name=NULL, msg_namelen=0, msg_iov=[{iov_base="\2\0\0\0\0\0\0\0A\v\0\0\0\0\0\0\n\0\0\0\0\0\0\0\377\377\377\377\0\0\0\0", iov_len=32}], msg_iovlen=1, msg_controllen=0, msg_flags=0}, 0) = 32
488   sendmsg(15, {msg_name=NULL, msg_namelen=0, msg_iov=[{iov_base="\2\0\0\0\0\0\0\0A\v\0\0\0\0\0\0\n\0\0\0\0\0\0\0\377\377\377\377\0\0\0\0", iov_len=32}], msg_iovlen=1, msg_controllen=0, msg_flags=0}, 0 <unfinished ...>
3280  close(29 <unfinished ...>
3279  close(29 <unfinished ...>
3281  <... epoll_wait resumed>[{EPOLLIN, {u32=33371056, u64=140020262187952}}], 512, -1) = 1
3280  <... close resumed>)              = 0
488   <... sendmsg resumed>)            = 32
3281  recvmsg(16,  <unfinished ...>
3280  recvmsg(14,  <unfinished ...>
3279  <... close resumed>)              = 0
3281  <... recvmsg resumed>{msg_name=NULL, msg_namelen=0, msg_iov=[{iov_base="\2\0\0\0\0\0\0\0A\v\0\0\0\0\0\0\n\0\0\0\0\0\0\0\377\377\377\377\0\0\0\0", iov_len=32}], msg_iovlen=1, msg_controllen=0, msg_flags=0}, 0) = 32
3280  <... recvmsg resumed>{msg_namelen=0}, 0) = -1 EAGAIN (Resource temporarily unavailable)
488   sendmsg(17, {msg_name=NULL, msg_namelen=0, msg_iov=[{iov_base="\2\0\0\0\0\0\0\0A\v\0\0\0\0\0\0\n\0\0\0\0\0\0\0\377\377\377\377\0\0\0\0", iov_len=32}], msg_iovlen=1, msg_controllen=0, msg_flags=0}, 0 <unfinished ...>
3281  close(29 <unfinished ...>
3280  epoll_wait(15,  <unfinished ...>
3279  recvmsg(5,  <unfinished ...>
3282  <... epoll_wait resumed>[{EPOLLIN, {u32=33371056, u64=140020262187952}}], 512, -1) = 1
3281  <... close resumed>)              = 0
488   <... sendmsg resumed>)            = 32
3282  recvmsg(18,  <unfinished ...>
3281  recvmsg(16,  <unfinished ...>
3279  <... recvmsg resumed>{msg_namelen=0}, 0) = -1 EAGAIN (Resource temporarily unavailable)
3282  <... recvmsg resumed>{msg_name=NULL, msg_namelen=0, msg_iov=[{iov_base="\2\0\0\0\0\0\0\0A\v\0\0\0\0\0\0\n\0\0\0\0\0\0\0\377\377\377\377\0\0\0\0", iov_len=32}], msg_iovlen=1, msg_controllen=0, msg_flags=0}, 0) = 32
3281  <... recvmsg resumed>{msg_namelen=0}, 0) = -1 EAGAIN (Resource temporarily unavailable)
488   sendmsg(19, {msg_name=NULL, msg_namelen=0, msg_iov=[{iov_base="\2\0\0\0\0\0\0\0A\v\0\0\0\0\0\0\n\0\0\0\0\0\0\0\377\377\377\377\0\0\0\0", iov_len=32}], msg_iovlen=1, msg_controllen=0, msg_flags=0}, 0 <unfinished ...>
3282  close(29 <unfinished ...>
3281  epoll_wait(17,  <unfinished ...>
3279  epoll_wait(13,  <unfinished ...>
3283  <... epoll_wait resumed>[{EPOLLIN, {u32=33371056, u64=140020262187952}}], 512, -1) = 1
3282  <... close resumed>)              = 0
488   <... sendmsg resumed>)            = 32
3283  recvmsg(20,  <unfinished ...>
3282  recvmsg(18,  <unfinished ...>
3283  <... recvmsg resumed>{msg_name=NULL, msg_namelen=0, msg_iov=[{iov_base="\2\0\0\0\0\0\0\0A\v\0\0\0\0\0\0\n\0\0\0\0\0\0\0\377\377\377\377\0\0\0\0", iov_len=32}], msg_iovlen=1, msg_controllen=0, msg_flags=0}, 0) = 32
488   sendmsg(21, {msg_name=NULL, msg_namelen=0, msg_iov=[{iov_base="\2\0\0\0\0\0\0\0A\v\0\0\0\0\0\0\n\0\0\0\0\0\0\0\377\377\377\377\0\0\0\0", iov_len=32}], msg_iovlen=1, msg_controllen=0, msg_flags=0}, 0 <unfinished ...>
3283  close(29 <unfinished ...>
3282  <... recvmsg resumed>{msg_namelen=0}, 0) = -1 EAGAIN (Resource temporarily unavailable)
3284  <... epoll_wait resumed>[{EPOLLIN, {u32=33371056, u64=140020262187952}}], 512, -1) = 1
3283  <... close resumed>)              = 0
488   <... sendmsg resumed>)            = 32
3284  recvmsg(22,  <unfinished ...>
3282  epoll_wait(19,  <unfinished ...>
3283  recvmsg(20,  <unfinished ...>
488   sendmsg(23, {msg_name=NULL, msg_namelen=0, msg_iov=[{iov_base="\2\0\0\0\0\0\0\0A\v\0\0\0\0\0\0\n\0\0\0\0\0\0\0\377\377\377\377\0\0\0\0", iov_len=32}], msg_iovlen=1, msg_controllen=0, msg_flags=0}, 0 <unfinished ...>
3284  <... recvmsg resumed>{msg_name=NULL, msg_namelen=0, msg_iov=[{iov_base="\2\0\0\0\0\0\0\0A\v\0\0\0\0\0\0\n\0\0\0\0\0\0\0\377\377\377\377\0\0\0\0", iov_len=32}], msg_iovlen=1, msg_controllen=0, msg_flags=0}, 0) = 32
3283  <... recvmsg resumed>{msg_namelen=0}, 0) = -1 EAGAIN (Resource temporarily unavailable)
488   <... sendmsg resumed>)            = 32
3285  <... epoll_wait resumed>[{EPOLLIN, {u32=33371056, u64=140020262187952}}], 512, -1) = 1
3284  close(29 <unfinished ...>
3283  epoll_wait(21,  <unfinished ...>
3285  recvmsg(24,  <unfinished ...>
3284  <... close resumed>)              = 0
488   sendmsg(25, {msg_name=NULL, msg_namelen=0, msg_iov=[{iov_base="\2\0\0\0\0\0\0\0A\v\0\0\0\0\0\0\n\0\0\0\0\0\0\0\377\377\377\377\0\0\0\0", iov_len=32}], msg_iovlen=1, msg_controllen=0, msg_flags=0}, 0 <unfinished ...>
3285  <... recvmsg resumed>{msg_name=NULL, msg_namelen=0, msg_iov=[{iov_base="\2\0\0\0\0\0\0\0A\v\0\0\0\0\0\0\n\0\0\0\0\0\0\0\377\377\377\377\0\0\0\0", iov_len=32}], msg_iovlen=1, msg_controllen=0, msg_flags=0}, 0) = 32
3284  recvmsg(22,  <unfinished ...>
3285  close(29 <unfinished ...>
488   <... sendmsg resumed>)            = 32
3286  <... epoll_wait resumed>[{EPOLLIN, {u32=33371056, u64=140020262187952}}], 512, -1) = 1
3285  <... close resumed>)              = 0
3284  <... recvmsg resumed>{msg_namelen=0}, 0) = -1 EAGAIN (Resource temporarily unavailable)
3286  recvmsg(26,  <unfinished ...>
3285  recvmsg(24,  <unfinished ...>
488   close(31 <unfinished ...>
3286  <... recvmsg resumed>{msg_name=NULL, msg_namelen=0, msg_iov=[{iov_base="\2\0\0\0\0\0\0\0A\v\0\0\0\0\0\0\n\0\0\0\0\0\0\0\377\377\377\377\0\0\0\0", iov_len=32}], msg_iovlen=1, msg_controllen=0, msg_flags=0}, 0) = 32
3285  <... recvmsg resumed>{msg_namelen=0}, 0) = -1 EAGAIN (Resource temporarily unavailable)
3284  epoll_wait(23,  <unfinished ...>
3286  close(29 <unfinished ...>
3285  epoll_wait(25,  <unfinished ...>
488   <... close resumed>)              = 0
3286  <... close resumed>)              = 0
488   close(32 <unfinished ...>
3286  recvmsg(26,  <unfinished ...>
488   <... close resumed>)              = 0
3286  <... recvmsg resumed>{msg_namelen=0}, 0) = -1 EAGAIN (Resource temporarily unavailable)
488   sendmsg(4, {msg_name=NULL, msg_namelen=0, msg_iov=[{iov_base="\2\0\0\0\0\0\0\0B\v\0\0\0\0\0\0\v\0\0\0\0\0\0\0\377\377\377\377\0\0\0\0", iov_len=32}], msg_iovlen=1, msg_controllen=0, msg_flags=0}, 0 <unfinished ...>
3286  epoll_wait(41,  <unfinished ...>
3279  <... epoll_wait resumed>[{EPOLLIN, {u32=33371056, u64=140020262187952}}], 512, -1) = 1
488   <... sendmsg resumed>)            = 32
3279  recvmsg(5,  <unfinished ...>
488   sendmsg(13, {msg_name=NULL, msg_namelen=0, msg_iov=[{iov_base="\2\0\0\0\0\0\0\0B\v\0\0\0\0\0\0\v\0\0\0\0\0\0\0\377\377\377\377\0\0\0\0", iov_len=32}], msg_iovlen=1, msg_controllen=0, msg_flags=0}, 0 <unfinished ...>
3279  <... recvmsg resumed>{msg_name=NULL, msg_namelen=0, msg_iov=[{iov_base="\2\0\0\0\0\0\0\0B\v\0\0\0\0\0\0\v\0\0\0\0\0\0\0\377\377\377\377\0\0\0\0", iov_len=32}], msg_iovlen=1, msg_controllen=0, msg_flags=0}, 0) = 32
3280  <... epoll_wait resumed>[{EPOLLIN, {u32=33371056, u64=140020262187952}}], 512, -1) = 1
488   <... sendmsg resumed>)            = 32
3280  recvmsg(14,  <unfinished ...>
3279  close(31 <unfinished ...>
3280  <... recvmsg resumed>{msg_name=NULL, msg_namelen=0, msg_iov=[{iov_base="\2\0\0\0\0\0\0\0B\v\0\0\0\0\0\0\v\0\0\0\0\0\0\0\377\377\377\377\0\0\0\0", iov_len=32}], msg_iovlen=1, msg_controllen=0, msg_flags=0}, 0) = 32
488   sendmsg(15, {msg_name=NULL, msg_namelen=0, msg_iov=[{iov_base="\2\0\0\0\0\0\0\0B\v\0\0\0\0\0\0\v\0\0\0\0\0\0\0\377\377\377\377\0\0\0\0", iov_len=32}], msg_iovlen=1, msg_controllen=0, msg_flags=0}, 0 <unfinished ...>
3280  close(31 <unfinished ...>
3279  <... close resumed>)              = 0
3281  <... epoll_wait resumed>[{EPOLLIN, {u32=33371056, u64=140020262187952}}], 512, -1) = 1
3280  <... close resumed>)              = 0
488   <... sendmsg resumed>)            = 32
3281  recvmsg(16,  <unfinished ...>
3280  recvmsg(14,  <unfinished ...>
3279  recvmsg(5,  <unfinished ...>
3281  <... recvmsg resumed>{msg_name=NULL, msg_namelen=0, msg_iov=[{iov_base="\2\0\0\0\0\0\0\0B\v\0\0\0\0\0\0\v\0\0\0\0\0\0\0\377\377\377\377\0\0\0\0", iov_len=32}], msg_iovlen=1, msg_controllen=0, msg_flags=0}, 0) = 32
3280  <... recvmsg resumed>{msg_namelen=0}, 0) = -1 EAGAIN (Resource temporarily unavailable)
488   sendmsg(17, {msg_name=NULL, msg_namelen=0, msg_iov=[{iov_base="\2\0\0\0\0\0\0\0B\v\0\0\0\0\0\0\v\0\0\0\0\0\0\0\377\377\377\377\0\0\0\0", iov_len=32}], msg_iovlen=1, msg_controllen=0, msg_flags=0}, 0 <unfinished ...>
3281  close(31 <unfinished ...>
3280  epoll_wait(15,  <unfinished ...>
3279  <... recvmsg resumed>{msg_namelen=0}, 0) = -1 EAGAIN (Resource temporarily unavailable)
3282  <... epoll_wait resumed>[{EPOLLIN, {u32=33371056, u64=140020262187952}}], 512, -1) = 1
3281  <... close resumed>)              = 0
488   <... sendmsg resumed>)            = 32
3282  recvmsg(18,  <unfinished ...>
3281  recvmsg(16,  <unfinished ...>
3282  <... recvmsg resumed>{msg_name=NULL, msg_namelen=0, msg_iov=[{iov_base="\2\0\0\0\0\0\0\0B\v\0\0\0\0\0\0\v\0\0\0\0\0\0\0\377\377\377\377\0\0\0\0", iov_len=32}], msg_iovlen=1, msg_controllen=0, msg_flags=0}, 0) = 32
488   sendmsg(19, {msg_name=NULL, msg_namelen=0, msg_iov=[{iov_base="\2\0\0\0\0\0\0\0B\v\0\0\0\0\0\0\v\0\0\0\0\0\0\0\377\377\377\377\0\0\0\0", iov_len=32}], msg_iovlen=1, msg_controllen=0, msg_flags=0}, 0 <unfinished ...>
3282  close(31 <unfinished ...>
3281  <... recvmsg resumed>{msg_namelen=0}, 0) = -1 EAGAIN (Resource temporarily unavailable)
3279  epoll_wait(13,  <unfinished ...>
3283  <... epoll_wait resumed>[{EPOLLIN, {u32=33371056, u64=140020262187952}}], 512, -1) = 1
3282  <... close resumed>)              = 0
488   <... sendmsg resumed>)            = 32
3283  recvmsg(20,  <unfinished ...>
3282  recvmsg(18,  <unfinished ...>
3281  epoll_wait(17,  <unfinished ...>
3283  <... recvmsg resumed>{msg_name=NULL, msg_namelen=0, msg_iov=[{iov_base="\2\0\0\0\0\0\0\0B\v\0\0\0\0\0\0\v\0\0\0\0\0\0\0\377\377\377\377\0\0\0\0", iov_len=32}], msg_iovlen=1, msg_controllen=0, msg_flags=0}, 0) = 32
3282  <... recvmsg resumed>{msg_namelen=0}, 0) = -1 EAGAIN (Resource temporarily unavailable)
488   sendmsg(21, {msg_name=NULL, msg_namelen=0, msg_iov=[{iov_base="\2\0\0\0\0\0\0\0B\v\0\0\0\0\0\0\v\0\0\0\0\0\0\0\377\377\377\377\0\0\0\0", iov_len=32}], msg_iovlen=1, msg_controllen=0, msg_flags=0}, 0 <unfinished ...>
3283  close(31 <unfinished ...>
3282  epoll_wait(19,  <unfinished ...>
3284  <... epoll_wait resumed>[{EPOLLIN, {u32=33371056, u64=140020262187952}}], 512, -1) = 1
3283  <... close resumed>)              = 0
488   <... sendmsg resumed>)            = 32
3284  recvmsg(22,  <unfinished ...>
3283  recvmsg(20,  <unfinished ...>
3284  <... recvmsg resumed>{msg_name=NULL, msg_namelen=0, msg_iov=[{iov_base="\2\0\0\0\0\0\0\0B\v\0\0\0\0\0\0\v\0\0\0\0\0\0\0\377\377\377\377\0\0\0\0", iov_len=32}], msg_iovlen=1, msg_controllen=0, msg_flags=0}, 0) = 32
488   sendmsg(23, {msg_name=NULL, msg_namelen=0, msg_iov=[{iov_base="\2\0\0\0\0\0\0\0B\v\0\0\0\0\0\0\v\0\0\0\0\0\0\0\377\377\377\377\0\0\0\0", iov_len=32}], msg_iovlen=1, msg_controllen=0, msg_flags=0}, 0 <unfinished ...>
3284  close(31 <unfinished ...>
3283  <... recvmsg resumed>{msg_namelen=0}, 0) = -1 EAGAIN (Resource temporarily unavailable)
3285  <... epoll_wait resumed>[{EPOLLIN, {u32=33371056, u64=140020262187952}}], 512, -1) = 1
3284  <... close resumed>)              = 0
488   <... sendmsg resumed>)            = 32
3285  recvmsg(24,  <unfinished ...>
3284  recvmsg(22,  <unfinished ...>
3283  epoll_wait(21,  <unfinished ...>
3285  <... recvmsg resumed>{msg_name=NULL, msg_namelen=0, msg_iov=[{iov_base="\2\0\0\0\0\0\0\0B\v\0\0\0\0\0\0\v\0\0\0\0\0\0\0\377\377\377\377\0\0\0\0", iov_len=32}], msg_iovlen=1, msg_controllen=0, msg_flags=0}, 0) = 32
3284  <... recvmsg resumed>{msg_namelen=0}, 0) = -1 EAGAIN (Resource temporarily unavailable)
488   sendmsg(25, {msg_name=NULL, msg_namelen=0, msg_iov=[{iov_base="\2\0\0\0\0\0\0\0B\v\0\0\0\0\0\0\v\0\0\0\0\0\0\0\377\377\377\377\0\0\0\0", iov_len=32}], msg_iovlen=1, msg_controllen=0, msg_flags=0}, 0 <unfinished ...>
3285  close(31 <unfinished ...>
3284  epoll_wait(23,  <unfinished ...>
3286  <... epoll_wait resumed>[{EPOLLIN, {u32=33371056, u64=140020262187952}}], 512, -1) = 1
3285  <... close resumed>)              = 0
488   <... sendmsg resumed>)            = 32
3286  recvmsg(26,  <unfinished ...>
3285  recvmsg(24,  <unfinished ...>
3286  <... recvmsg resumed>{msg_name=NULL, msg_namelen=0, msg_iov=[{iov_base="\2\0\0\0\0\0\0\0B\v\0\0\0\0\0\0\v\0\0\0\0\0\0\0\377\377\377\377\0\0\0\0", iov_len=32}], msg_iovlen=1, msg_controllen=0, msg_flags=0}, 0) = 32
488   close(33 <unfinished ...>
3286  close(31 <unfinished ...>
3285  <... recvmsg resumed>{msg_namelen=0}, 0) = -1 EAGAIN (Resource temporarily unavailable)
488   <... close resumed>)              = 0
3286  <... close resumed>)              = 0
3285  epoll_wait(25,  <unfinished ...>
488   close(34 <unfinished ...>
3286  recvmsg(26,  <unfinished ...>
488   <... close resumed>)              = 0
3286  <... recvmsg resumed>{msg_namelen=0}, 0) = -1 EAGAIN (Resource temporarily unavailable)
488   sendmsg(4, {msg_name=NULL, msg_namelen=0, msg_iov=[{iov_base="\2\0\0\0\0\0\0\0C\v\0\0\0\0\0\0\f\0\0\0\0\0\0\0\377\377\377\377\0\0\0\0", iov_len=32}], msg_iovlen=1, msg_controllen=0, msg_flags=0}, 0 <unfinished ...>
3286  epoll_wait(41,  <unfinished ...>
488   <... sendmsg resumed>)            = 32
3279  <... epoll_wait resumed>[{EPOLLIN, {u32=33371056, u64=140020262187952}}], 512, -1) = 1
488   sendmsg(13, {msg_name=NULL, msg_namelen=0, msg_iov=[{iov_base="\2\0\0\0\0\0\0\0C\v\0\0\0\0\0\0\f\0\0\0\0\0\0\0\377\377\377\377\0\0\0\0", iov_len=32}], msg_iovlen=1, msg_controllen=0, msg_flags=0}, 0 <unfinished ...>
3279  recvmsg(5,  <unfinished ...>
3280  <... epoll_wait resumed>[{EPOLLIN, {u32=33371056, u64=140020262187952}}], 512, -1) = 1
3279  <... recvmsg resumed>{msg_name=NULL, msg_namelen=0, msg_iov=[{iov_base="\2\0\0\0\0\0\0\0C\v\0\0\0\0\0\0\f\0\0\0\0\0\0\0\377\377\377\377\0\0\0\0", iov_len=32}], msg_iovlen=1, msg_controllen=0, msg_flags=0}, 0) = 32
488   <... sendmsg resumed>)            = 32
3280  recvmsg(14,  <unfinished ...>
3279  close(33 <unfinished ...>
3280  <... recvmsg resumed>{msg_name=NULL, msg_namelen=0, msg_iov=[{iov_base="\2\0\0\0\0\0\0\0C\v\0\0\0\0\0\0\f\0\0\0\0\0\0\0\377\377\377\377\0\0\0\0", iov_len=32}], msg_iovlen=1, msg_controllen=0, msg_flags=0}, 0) = 32
488   sendmsg(15, {msg_name=NULL, msg_namelen=0, msg_iov=[{iov_base="\2\0\0\0\0\0\0\0C\v\0\0\0\0\0\0\f\0\0\0\0\0\0\0\377\377\377\377\0\0\0\0", iov_len=32}], msg_iovlen=1, msg_controllen=0, msg_flags=0}, 0 <unfinished ...>
3280  close(33 <unfinished ...>
3279  <... close resumed>)              = 0
3281  <... epoll_wait resumed>[{EPOLLIN, {u32=33371056, u64=140020262187952}}], 512, -1) = 1
3280  <... close resumed>)              = 0
488   <... sendmsg resumed>)            = 32
3281  recvmsg(16,  <unfinished ...>
3280  recvmsg(14,  <unfinished ...>
3279  recvmsg(5,  <unfinished ...>
3281  <... recvmsg resumed>{msg_name=NULL, msg_namelen=0, msg_iov=[{iov_base="\2\0\0\0\0\0\0\0C\v\0\0\0\0\0\0\f\0\0\0\0\0\0\0\377\377\377\377\0\0\0\0", iov_len=32}], msg_iovlen=1, msg_controllen=0, msg_flags=0}, 0) = 32
3280  <... recvmsg resumed>{msg_namelen=0}, 0) = -1 EAGAIN (Resource temporarily unavailable)
488   sendmsg(17, {msg_name=NULL, msg_namelen=0, msg_iov=[{iov_base="\2\0\0\0\0\0\0\0C\v\0\0\0\0\0\0\f\0\0\0\0\0\0\0\377\377\377\377\0\0\0\0", iov_len=32}], msg_iovlen=1, msg_controllen=0, msg_flags=0}, 0 <unfinished ...>
3281  close(33 <unfinished ...>
3280  epoll_wait(15,  <unfinished ...>
3279  <... recvmsg resumed>{msg_namelen=0}, 0) = -1 EAGAIN (Resource temporarily unavailable)
3282  <... epoll_wait resumed>[{EPOLLIN, {u32=33371056, u64=140020262187952}}], 512, -1) = 1
3281  <... close resumed>)              = 0
488   <... sendmsg resumed>)            = 32
3282  recvmsg(18,  <unfinished ...>
3281  recvmsg(16,  <unfinished ...>
3279  epoll_wait(13,  <unfinished ...>
3282  <... recvmsg resumed>{msg_name=NULL, msg_namelen=0, msg_iov=[{iov_base="\2\0\0\0\0\0\0\0C\v\0\0\0\0\0\0\f\0\0\0\0\0\0\0\377\377\377\377\0\0\0\0", iov_len=32}], msg_iovlen=1, msg_controllen=0, msg_flags=0}, 0) = 32
3281  <... recvmsg resumed>{msg_namelen=0}, 0) = -1 EAGAIN (Resource temporarily unavailable)
488   sendmsg(19, {msg_name=NULL, msg_namelen=0, msg_iov=[{iov_base="\2\0\0\0\0\0\0\0C\v\0\0\0\0\0\0\f\0\0\0\0\0\0\0\377\377\377\377\0\0\0\0", iov_len=32}], msg_iovlen=1, msg_controllen=0, msg_flags=0}, 0 <unfinished ...>
3282  close(33 <unfinished ...>
3281  epoll_wait(17,  <unfinished ...>
3283  <... epoll_wait resumed>[{EPOLLIN, {u32=33371056, u64=140020262187952}}], 512, -1) = 1
3282  <... close resumed>)              = 0
488   <... sendmsg resumed>)            = 32
3283  recvmsg(20,  <unfinished ...>
3282  recvmsg(18,  <unfinished ...>
3283  <... recvmsg resumed>{msg_name=NULL, msg_namelen=0, msg_iov=[{iov_base="\2\0\0\0\0\0\0\0C\v\0\0\0\0\0\0\f\0\0\0\0\0\0\0\377\377\377\377\0\0\0\0", iov_len=32}], msg_iovlen=1, msg_controllen=0, msg_flags=0}, 0) = 32
488   sendmsg(21, {msg_name=NULL, msg_namelen=0, msg_iov=[{iov_base="\2\0\0\0\0\0\0\0C\v\0\0\0\0\0\0\f\0\0\0\0\0\0\0\377\377\377\377\0\0\0\0", iov_len=32}], msg_iovlen=1, msg_controllen=0, msg_flags=0}, 0 <unfinished ...>
3283  close(33 <unfinished ...>
3282  <... recvmsg resumed>{msg_namelen=0}, 0) = -1 EAGAIN (Resource temporarily unavailable)
3284  <... epoll_wait resumed>[{EPOLLIN, {u32=33371056, u64=140020262187952}}], 512, -1) = 1
3283  <... close resumed>)              = 0
488   <... sendmsg resumed>)            = 32
3284  recvmsg(22,  <unfinished ...>
3283  recvmsg(20,  <unfinished ...>
3282  epoll_wait(19,  <unfinished ...>
3284  <... recvmsg resumed>{msg_name=NULL, msg_namelen=0, msg_iov=[{iov_base="\2\0\0\0\0\0\0\0C\v\0\0\0\0\0\0\f\0\0\0\0\0\0\0\377\377\377\377\0\0\0\0", iov_len=32}], msg_iovlen=1, msg_controllen=0, msg_flags=0}, 0) = 32
3283  <... recvmsg resumed>{msg_namelen=0}, 0) = -1 EAGAIN (Resource temporarily unavailable)
488   sendmsg(23, {msg_name=NULL, msg_namelen=0, msg_iov=[{iov_base="\2\0\0\0\0\0\0\0C\v\0\0\0\0\0\0\f\0\0\0\0\0\0\0\377\377\377\377\0\0\0\0", iov_len=32}], msg_iovlen=1, msg_controllen=0, msg_flags=0}, 0 <unfinished ...>
3284  close(33 <unfinished ...>
3283  epoll_wait(21,  <unfinished ...>
3285  <... epoll_wait resumed>[{EPOLLIN, {u32=33371056, u64=140020262187952}}], 512, -1) = 1
3284  <... close resumed>)              = 0
488   <... sendmsg resumed>)            = 32
3285  recvmsg(24,  <unfinished ...>
3284  recvmsg(22,  <unfinished ...>
3285  <... recvmsg resumed>{msg_name=NULL, msg_namelen=0, msg_iov=[{iov_base="\2\0\0\0\0\0\0\0C\v\0\0\0\0\0\0\f\0\0\0\0\0\0\0\377\377\377\377\0\0\0\0", iov_len=32}], msg_iovlen=1, msg_controllen=0, msg_flags=0}, 0) = 32
488   sendmsg(25, {msg_name=NULL, msg_namelen=0, msg_iov=[{iov_base="\2\0\0\0\0\0\0\0C\v\0\0\0\0\0\0\f\0\0\0\0\0\0\0\377\377\377\377\0\0\0\0", iov_len=32}], msg_iovlen=1, msg_controllen=0, msg_flags=0}, 0 <unfinished ...>
3285  close(33 <unfinished ...>
3284  <... recvmsg resumed>{msg_namelen=0}, 0) = -1 EAGAIN (Resource temporarily unavailable)
3286  <... epoll_wait resumed>[{EPOLLIN, {u32=33371056, u64=140020262187952}}], 512, -1) = 1
3285  <... close resumed>)              = 0
488   <... sendmsg resumed>)            = 32
3286  recvmsg(26,  <unfinished ...>
3285  recvmsg(24,  <unfinished ...>
3284  epoll_wait(23,  <unfinished ...>
3286  <... recvmsg resumed>{msg_name=NULL, msg_namelen=0, msg_iov=[{iov_base="\2\0\0\0\0\0\0\0C\v\0\0\0\0\0\0\f\0\0\0\0\0\0\0\377\377\377\377\0\0\0\0", iov_len=32}], msg_iovlen=1, msg_controllen=0, msg_flags=0}, 0) = 32
3285  <... recvmsg resumed>{msg_namelen=0}, 0) = -1 EAGAIN (Resource temporarily unavailable)
488   close(35 <unfinished ...>
3286  close(33 <unfinished ...>
3285  epoll_wait(25,  <unfinished ...>
3286  <... close resumed>)              = 0
488   <... close resumed>)              = 0
3286  recvmsg(26,  <unfinished ...>
488   close(36 <unfinished ...>
3286  <... recvmsg resumed>{msg_namelen=0}, 0) = -1 EAGAIN (Resource temporarily unavailable)
488   <... close resumed>)              = 0
3286  epoll_wait(41,  <unfinished ...>
488   sendmsg(4, {msg_name=NULL, msg_namelen=0, msg_iov=[{iov_base="\2\0\0\0\0\0\0\0D\v\0\0\0\0\0\0\r\0\0\0\0\0\0\0\377\377\377\377\0\0\0\0", iov_len=32}], msg_iovlen=1, msg_controllen=0, msg_flags=0}, 0 <unfinished ...>
3279  <... epoll_wait resumed>[{EPOLLIN, {u32=33371056, u64=140020262187952}}], 512, -1) = 1
488   <... sendmsg resumed>)            = 32
3279  recvmsg(5,  <unfinished ...>
488   sendmsg(13, {msg_name=NULL, msg_namelen=0, msg_iov=[{iov_base="\2\0\0\0\0\0\0\0D\v\0\0\0\0\0\0\r\0\0\0\0\0\0\0\377\377\377\377\0\0\0\0", iov_len=32}], msg_iovlen=1, msg_controllen=0, msg_flags=0}, 0 <unfinished ...>
3279  <... recvmsg resumed>{msg_name=NULL, msg_namelen=0, msg_iov=[{iov_base="\2\0\0\0\0\0\0\0D\v\0\0\0\0\0\0\r\0\0\0\0\0\0\0\377\377\377\377\0\0\0\0", iov_len=32}], msg_iovlen=1, msg_controllen=0, msg_flags=0}, 0) = 32
488   <... sendmsg resumed>)            = 32
3280  <... epoll_wait resumed>[{EPOLLIN, {u32=33371056, u64=140020262187952}}], 512, -1) = 1
3279  close(35 <unfinished ...>
3280  recvmsg(14,  <unfinished ...>
488   sendmsg(15, {msg_name=NULL, msg_namelen=0, msg_iov=[{iov_base="\2\0\0\0\0\0\0\0D\v\0\0\0\0\0\0\r\0\0\0\0\0\0\0\377\377\377\377\0\0\0\0", iov_len=32}], msg_iovlen=1, msg_controllen=0, msg_flags=0}, 0 <unfinished ...>
3280  <... recvmsg resumed>{msg_name=NULL, msg_namelen=0, msg_iov=[{iov_base="\2\0\0\0\0\0\0\0D\v\0\0\0\0\0\0\r\0\0\0\0\0\0\0\377\377\377\377\0\0\0\0", iov_len=32}], msg_iovlen=1, msg_controllen=0, msg_flags=0}, 0) = 32
3279  <... close resumed>)              = 0
3281  <... epoll_wait resumed>[{EPOLLIN, {u32=33371056, u64=140020262187952}}], 512, -1) = 1
3280  close(35 <unfinished ...>
488   <... sendmsg resumed>)            = 32
3281  recvmsg(16,  <unfinished ...>
3280  <... close resumed>)              = 0
3279  recvmsg(5,  <unfinished ...>
3281  <... recvmsg resumed>{msg_name=NULL, msg_namelen=0, msg_iov=[{iov_base="\2\0\0\0\0\0\0\0D\v\0\0\0\0\0\0\r\0\0\0\0\0\0\0\377\377\377\377\0\0\0\0", iov_len=32}], msg_iovlen=1, msg_controllen=0, msg_flags=0}, 0) = 32
3280  recvmsg(14,  <unfinished ...>
488   sendmsg(17, {msg_name=NULL, msg_namelen=0, msg_iov=[{iov_base="\2\0\0\0\0\0\0\0D\v\0\0\0\0\0\0\r\0\0\0\0\0\0\0\377\377\377\377\0\0\0\0", iov_len=32}], msg_iovlen=1, msg_controllen=0, msg_flags=0}, 0 <unfinished ...>
3281  close(35 <unfinished ...>
3280  <... recvmsg resumed>{msg_namelen=0}, 0) = -1 EAGAIN (Resource temporarily unavailable)
3279  <... recvmsg resumed>{msg_namelen=0}, 0) = -1 EAGAIN (Resource temporarily unavailable)
3282  <... epoll_wait resumed>[{EPOLLIN, {u32=33371056, u64=140020262187952}}], 512, -1) = 1
3281  <... close resumed>)              = 0
3280  epoll_wait(15,  <unfinished ...>
488   <... sendmsg resumed>)            = 32
3282  recvmsg(18,  <unfinished ...>
3281  recvmsg(16,  <unfinished ...>
3279  epoll_wait(13,  <unfinished ...>
3282  <... recvmsg resumed>{msg_name=NULL, msg_namelen=0, msg_iov=[{iov_base="\2\0\0\0\0\0\0\0D\v\0\0\0\0\0\0\r\0\0\0\0\0\0\0\377\377\377\377\0\0\0\0", iov_len=32}], msg_iovlen=1, msg_controllen=0, msg_flags=0}, 0) = 32
3281  <... recvmsg resumed>{msg_namelen=0}, 0) = -1 EAGAIN (Resource temporarily unavailable)
488   sendmsg(19, {msg_name=NULL, msg_namelen=0, msg_iov=[{iov_base="\2\0\0\0\0\0\0\0D\v\0\0\0\0\0\0\r\0\0\0\0\0\0\0\377\377\377\377\0\0\0\0", iov_len=32}], msg_iovlen=1, msg_controllen=0, msg_flags=0}, 0 <unfinished ...>
3282  close(35 <unfinished ...>
3281  epoll_wait(17,  <unfinished ...>
3283  <... epoll_wait resumed>[{EPOLLIN, {u32=33371056, u64=140020262187952}}], 512, -1) = 1
3282  <... close resumed>)              = 0
488   <... sendmsg resumed>)            = 32
3283  recvmsg(20,  <unfinished ...>
3282  recvmsg(18,  <unfinished ...>
3283  <... recvmsg resumed>{msg_name=NULL, msg_namelen=0, msg_iov=[{iov_base="\2\0\0\0\0\0\0\0D\v\0\0\0\0\0\0\r\0\0\0\0\0\0\0\377\377\377\377\0\0\0\0", iov_len=32}], msg_iovlen=1, msg_controllen=0, msg_flags=0}, 0) = 32
488   sendmsg(21, {msg_name=NULL, msg_namelen=0, msg_iov=[{iov_base="\2\0\0\0\0\0\0\0D\v\0\0\0\0\0\0\r\0\0\0\0\0\0\0\377\377\377\377\0\0\0\0", iov_len=32}], msg_iovlen=1, msg_controllen=0, msg_flags=0}, 0 <unfinished ...>
3283  close(35 <unfinished ...>
3282  <... recvmsg resumed>{msg_namelen=0}, 0) = -1 EAGAIN (Resource temporarily unavailable)
3284  <... epoll_wait resumed>[{EPOLLIN, {u32=33371056, u64=140020262187952}}], 512, -1) = 1
3283  <... close resumed>)              = 0
488   <... sendmsg resumed>)            = 32
3284  recvmsg(22,  <unfinished ...>
3283  recvmsg(20,  <unfinished ...>
3282  epoll_wait(19,  <unfinished ...>
3284  <... recvmsg resumed>{msg_name=NULL, msg_namelen=0, msg_iov=[{iov_base="\2\0\0\0\0\0\0\0D\v\0\0\0\0\0\0\r\0\0\0\0\0\0\0\377\377\377\377\0\0\0\0", iov_len=32}], msg_iovlen=1, msg_controllen=0, msg_flags=0}, 0) = 32
3283  <... recvmsg resumed>{msg_namelen=0}, 0) = -1 EAGAIN (Resource temporarily unavailable)
488   sendmsg(23, {msg_name=NULL, msg_namelen=0, msg_iov=[{iov_base="\2\0\0\0\0\0\0\0D\v\0\0\0\0\0\0\r\0\0\0\0\0\0\0\377\377\377\377\0\0\0\0", iov_len=32}], msg_iovlen=1, msg_controllen=0, msg_flags=0}, 0 <unfinished ...>
3284  close(35 <unfinished ...>
3283  epoll_wait(21,  <unfinished ...>
3285  <... epoll_wait resumed>[{EPOLLIN, {u32=33371056, u64=140020262187952}}], 512, -1) = 1
3284  <... close resumed>)              = 0
488   <... sendmsg resumed>)            = 32
3285  recvmsg(24,  <unfinished ...>
3284  recvmsg(22,  <unfinished ...>
3285  <... recvmsg resumed>{msg_name=NULL, msg_namelen=0, msg_iov=[{iov_base="\2\0\0\0\0\0\0\0D\v\0\0\0\0\0\0\r\0\0\0\0\0\0\0\377\377\377\377\0\0\0\0", iov_len=32}], msg_iovlen=1, msg_controllen=0, msg_flags=0}, 0) = 32
488   sendmsg(25, {msg_name=NULL, msg_namelen=0, msg_iov=[{iov_base="\2\0\0\0\0\0\0\0D\v\0\0\0\0\0\0\r\0\0\0\0\0\0\0\377\377\377\377\0\0\0\0", iov_len=32}], msg_iovlen=1, msg_controllen=0, msg_flags=0}, 0 <unfinished ...>
