3285  close(35 <unfinished ...>
3284  <... recvmsg resumed>{msg_namelen=0}, 0) = -1 EAGAIN (Resource temporarily unavailable)
3286  <... epoll_wait resumed>[{EPOLLIN, {u32=33371056, u64=140020262187952}}], 512, -1) = 1
3285  <... close resumed>)              = 0
488   <... sendmsg resumed>)            = 32
3286  recvmsg(26,  <unfinished ...>
3285  recvmsg(24,  <unfinished ...>
3284  epoll_wait(23,  <unfinished ...>
3286  <... recvmsg resumed>{msg_name=NULL, msg_namelen=0, msg_iov=[{iov_base="\2\0\0\0\0\0\0\0D\v\0\0\0\0\0\0\r\0\0\0\0\0\0\0\377\377\377\377\0\0\0\0", iov_len=32}], msg_iovlen=1, msg_controllen=0, msg_flags=0}, 0) = 32
3285  <... recvmsg resumed>{msg_namelen=0}, 0) = -1 EAGAIN (Resource temporarily unavailable)
488   close(37 <unfinished ...>
3286  close(35 <unfinished ...>
3285  epoll_wait(25,  <unfinished ...>
3286  <... close resumed>)              = 0
488   <... close resumed>)              = 0
3286  recvmsg(26,  <unfinished ...>
488   close(38 <unfinished ...>
3286  <... recvmsg resumed>{msg_namelen=0}, 0) = -1 EAGAIN (Resource temporarily unavailable)
488   <... close resumed>)              = 0
3286  epoll_wait(41,  <unfinished ...>
488   sendmsg(4, {msg_name=NULL, msg_namelen=0, msg_iov=[{iov_base="\2\0\0\0\0\0\0\0E\v\0\0\0\0\0\0\16\0\0\0\0\0\0\0\377\377\377\377\0\0\0\0", iov_len=32}], msg_iovlen=1, msg_controllen=0, msg_flags=0}, 0 <unfinished ...>
3279  <... epoll_wait resumed>[{EPOLLIN, {u32=33371056, u64=140020262187952}}], 512, -1) = 1
488   <... sendmsg resumed>)            = 32
3279  recvmsg(5,  <unfinished ...>
488   sendmsg(13, {msg_name=NULL, msg_namelen=0, msg_iov=[{iov_base="\2\0\0\0\0\0\0\0E\v\0\0\0\0\0\0\16\0\0\0\0\0\0\0\377\377\377\377\0\0\0\0", iov_len=32}], msg_iovlen=1, msg_controllen=0, msg_flags=0}, 0 <unfinished ...>
3279  <... recvmsg resumed>{msg_name=NULL, msg_namelen=0, msg_iov=[{iov_base="\2\0\0\0\0\0\0\0E\v\0\0\0\0\0\0\16\0\0\0\0\0\0\0\377\377\377\377\0\0\0\0", iov_len=32}], msg_iovlen=1, msg_controllen=0, msg_flags=0}, 0) = 32
488   <... sendmsg resumed>)            = 32
3280  <... epoll_wait resumed>[{EPOLLIN, {u32=33371056, u64=140020262187952}}], 512, -1) = 1
3279  close(37 <unfinished ...>
488   sendmsg(15, {msg_name=NULL, msg_namelen=0, msg_iov=[{iov_base="\2\0\0\0\0\0\0\0E\v\0\0\0\0\0\0\16\0\0\0\0\0\0\0\377\377\377\377\0\0\0\0", iov_len=32}], msg_iovlen=1, msg_controllen=0, msg_flags=0}, 0 <unfinished ...>
3280  recvmsg(14,  <unfinished ...>
3279  <... close resumed>)              = 0
3281  <... epoll_wait resumed>[{EPOLLIN, {u32=33371056, u64=140020262187952}}], 512, -1) = 1
3280  <... recvmsg resumed>{msg_name=NULL, msg_namelen=0, msg_iov=[{iov_base="\2\0\0\0\0\0\0\0E\v\0\0\0\0\0\0\16\0\0\0\0\0\0\0\377\377\377\377\0\0\0\0", iov_len=32}], msg_iovlen=1, msg_controllen=0, msg_flags=0}, 0) = 32
488   <... sendmsg resumed>)            = 32
3281  recvmsg(16,  <unfinished ...>
3280  close(37 <unfinished ...>
3279  recvmsg(5,  <unfinished ...>
3281  <... recvmsg resumed>{msg_name=NULL, msg_namelen=0, msg_iov=[{iov_base="\2\0\0\0\0\0\0\0E\v\0\0\0\0\0\0\16\0\0\0\0\0\0\0\377\377\377\377\0\0\0\0", iov_len=32}], msg_iovlen=1, msg_controllen=0, msg_flags=0}, 0) = 32
3280  <... close resumed>)              = 0
488   sendmsg(17, {msg_name=NULL, msg_namelen=0, msg_iov=[{iov_base="\2\0\0\0\0\0\0\0E\v\0\0\0\0\0\0\16\0\0\0\0\0\0\0\377\377\377\377\0\0\0\0", iov_len=32}], msg_iovlen=1, msg_controllen=0, msg_flags=0}, 0 <unfinished ...>
3281  close(37 <unfinished ...>
3280  recvmsg(14,  <unfinished ...>
3279  <... recvmsg resumed>{msg_namelen=0}, 0) = -1 EAGAIN (Resource temporarily unavailable)
3282  <... epoll_wait resumed>[{EPOLLIN, {u32=33371056, u64=140020262187952}}], 512, -1) = 1
3281  <... close resumed>)              = 0
3280  <... recvmsg resumed>{msg_namelen=0}, 0) = -1 EAGAIN (Resource temporarily unavailable)
488   <... sendmsg resumed>)            = 32
3282  recvmsg(18,  <unfinished ...>
3281  recvmsg(16,  <unfinished ...>
3280  epoll_wait(15,  <unfinished ...>
3279  epoll_wait(13,  <unfinished ...>
3282  <... recvmsg resumed>{msg_name=NULL, msg_namelen=0, msg_iov=[{iov_base="\2\0\0\0\0\0\0\0E\v\0\0\0\0\0\0\16\0\0\0\0\0\0\0\377\377\377\377\0\0\0\0", iov_len=32}], msg_iovlen=1, msg_controllen=0, msg_flags=0}, 0) = 32
3281  <... recvmsg resumed>{msg_namelen=0}, 0) = -1 EAGAIN (Resource temporarily unavailable)
488   sendmsg(19, {msg_name=NULL, msg_namelen=0, msg_iov=[{iov_base="\2\0\0\0\0\0\0\0E\v\0\0\0\0\0\0\16\0\0\0\0\0\0\0\377\377\377\377\0\0\0\0", iov_len=32}], msg_iovlen=1, msg_controllen=0, msg_flags=0}, 0 <unfinished ...>
3282  close(37 <unfinished ...>
3281  epoll_wait(17,  <unfinished ...>
3283  <... epoll_wait resumed>[{EPOLLIN, {u32=33371056, u64=140020262187952}}], 512, -1) = 1
3282  <... close resumed>)              = 0
488   <... sendmsg resumed>)            = 32
3283  recvmsg(20,  <unfinished ...>
3282  recvmsg(18,  <unfinished ...>
3283  <... recvmsg resumed>{msg_name=NULL, msg_namelen=0, msg_iov=[{iov_base="\2\0\0\0\0\0\0\0E\v\0\0\0\0\0\0\16\0\0\0\0\0\0\0\377\377\377\377\0\0\0\0", iov_len=32}], msg_iovlen=1, msg_controllen=0, msg_flags=0}, 0) = 32
488   sendmsg(21, {msg_name=NULL, msg_namelen=0, msg_iov=[{iov_base="\2\0\0\0\0\0\0\0E\v\0\0\0\0\0\0\16\0\0\0\0\0\0\0\377\377\377\377\0\0\0\0", iov_len=32}], msg_iovlen=1, msg_controllen=0, msg_flags=0}, 0 <unfinished ...>
3283  close(37 <unfinished ...>
3282  <... recvmsg resumed>{msg_namelen=0}, 0) = -1 EAGAIN (Resource temporarily unavailable)
3284  <... epoll_wait resumed>[{EPOLLIN, {u32=33371056, u64=140020262187952}}], 512, -1) = 1
3283  <... close resumed>)              = 0
488   <... sendmsg resumed>)            = 32
3284  recvmsg(22,  <unfinished ...>
3283  recvmsg(20,  <unfinished ...>
3282  epoll_wait(19,  <unfinished ...>
3284  <... recvmsg resumed>{msg_name=NULL, msg_namelen=0, msg_iov=[{iov_base="\2\0\0\0\0\0\0\0E\v\0\0\0\0\0\0\16\0\0\0\0\0\0\0\377\377\377\377\0\0\0\0", iov_len=32}], msg_iovlen=1, msg_controllen=0, msg_flags=0}, 0) = 32
3283  <... recvmsg resumed>{msg_namelen=0}, 0) = -1 EAGAIN (Resource temporarily unavailable)
488   sendmsg(23, {msg_name=NULL, msg_namelen=0, msg_iov=[{iov_base="\2\0\0\0\0\0\0\0E\v\0\0\0\0\0\0\16\0\0\0\0\0\0\0\377\377\377\377\0\0\0\0", iov_len=32}], msg_iovlen=1, msg_controllen=0, msg_flags=0}, 0 <unfinished ...>
3284  close(37 <unfinished ...>
3283  epoll_wait(21,  <unfinished ...>
3285  <... epoll_wait resumed>[{EPOLLIN, {u32=33371056, u64=140020262187952}}], 512, -1) = 1
3284  <... close resumed>)              = 0
488   <... sendmsg resumed>)            = 32
3285  recvmsg(24,  <unfinished ...>
3284  recvmsg(22,  <unfinished ...>
3285  <... recvmsg resumed>{msg_name=NULL, msg_namelen=0, msg_iov=[{iov_base="\2\0\0\0\0\0\0\0E\v\0\0\0\0\0\0\16\0\0\0\0\0\0\0\377\377\377\377\0\0\0\0", iov_len=32}], msg_iovlen=1, msg_controllen=0, msg_flags=0}, 0) = 32
488   sendmsg(25, {msg_name=NULL, msg_namelen=0, msg_iov=[{iov_base="\2\0\0\0\0\0\0\0E\v\0\0\0\0\0\0\16\0\0\0\0\0\0\0\377\377\377\377\0\0\0\0", iov_len=32}], msg_iovlen=1, msg_controllen=0, msg_flags=0}, 0 <unfinished ...>
3285  close(37 <unfinished ...>
3284  <... recvmsg resumed>{msg_namelen=0}, 0) = -1 EAGAIN (Resource temporarily unavailable)
3286  <... epoll_wait resumed>[{EPOLLIN, {u32=33371056, u64=140020262187952}}], 512, -1) = 1
3285  <... close resumed>)              = 0
488   <... sendmsg resumed>)            = 32
3286  recvmsg(26,  <unfinished ...>
3285  recvmsg(24,  <unfinished ...>
3284  epoll_wait(23,  <unfinished ...>
3286  <... recvmsg resumed>{msg_name=NULL, msg_namelen=0, msg_iov=[{iov_base="\2\0\0\0\0\0\0\0E\v\0\0\0\0\0\0\16\0\0\0\0\0\0\0\377\377\377\377\0\0\0\0", iov_len=32}], msg_iovlen=1, msg_controllen=0, msg_flags=0}, 0) = 32
3285  <... recvmsg resumed>{msg_namelen=0}, 0) = -1 EAGAIN (Resource temporarily unavailable)
488   close(39 <unfinished ...>
3286  close(37 <unfinished ...>
3285  epoll_wait(25,  <unfinished ...>
3286  <... close resumed>)              = 0
488   <... close resumed>)              = 0
3286  recvmsg(26,  <unfinished ...>
488   close(40 <unfinished ...>
3286  <... recvmsg resumed>{msg_namelen=0}, 0) = -1 EAGAIN (Resource temporarily unavailable)
488   <... close resumed>)              = 0
3286  epoll_wait(41,  <unfinished ...>
488   sendmsg(4, {msg_name=NULL, msg_namelen=0, msg_iov=[{iov_base="\2\0\0\0\0\0\0\0F\v\0\0\0\0\0\0\17\0\0\0\0\0\0\0\377\377\377\377\0\0\0\0", iov_len=32}], msg_iovlen=1, msg_controllen=0, msg_flags=0}, 0 <unfinished ...>
3279  <... epoll_wait resumed>[{EPOLLIN, {u32=33371056, u64=140020262187952}}], 512, -1) = 1
488   <... sendmsg resumed>)            = 32
3279  recvmsg(5,  <unfinished ...>
488   sendmsg(13, {msg_name=NULL, msg_namelen=0, msg_iov=[{iov_base="\2\0\0\0\0\0\0\0F\v\0\0\0\0\0\0\17\0\0\0\0\0\0\0\377\377\377\377\0\0\0\0", iov_len=32}], msg_iovlen=1, msg_controllen=0, msg_flags=0}, 0 <unfinished ...>
3279  <... recvmsg resumed>{msg_name=NULL, msg_namelen=0, msg_iov=[{iov_base="\2\0\0\0\0\0\0\0F\v\0\0\0\0\0\0\17\0\0\0\0\0\0\0\377\377\377\377\0\0\0\0", iov_len=32}], msg_iovlen=1, msg_controllen=0, msg_flags=0}, 0) = 32
3280  <... epoll_wait resumed>[{EPOLLIN, {u32=33371056, u64=140020262187952}}], 512, -1) = 1
488   <... sendmsg resumed>)            = 32
3280  recvmsg(14,  <unfinished ...>
3279  close(39 <unfinished ...>
3280  <... recvmsg resumed>{msg_name=NULL, msg_namelen=0, msg_iov=[{iov_base="\2\0\0\0\0\0\0\0F\v\0\0\0\0\0\0\17\0\0\0\0\0\0\0\377\377\377\377\0\0\0\0", iov_len=32}], msg_iovlen=1, msg_controllen=0, msg_flags=0}, 0) = 32
488   sendmsg(15, {msg_name=NULL, msg_namelen=0, msg_iov=[{iov_base="\2\0\0\0\0\0\0\0F\v\0\0\0\0\0\0\17\0\0\0\0\0\0\0\377\377\377\377\0\0\0\0", iov_len=32}], msg_iovlen=1, msg_controllen=0, msg_flags=0}, 0 <unfinished ...>
3280  close(39 <unfinished ...>
3279  <... close resumed>)              = 0
3281  <... epoll_wait resumed>[{EPOLLIN, {u32=33371056, u64=140020262187952}}], 512, -1) = 1
3280  <... close resumed>)              = 0
488   <... sendmsg resumed>)            = 32
3281  recvmsg(16,  <unfinished ...>
3279  recvmsg(5,  <unfinished ...>
3280  recvmsg(14,  <unfinished ...>
3281  <... recvmsg resumed>{msg_name=NULL, msg_namelen=0, msg_iov=[{iov_base="\2\0\0\0\0\0\0\0F\v\0\0\0\0\0\0\17\0\0\0\0\0\0\0\377\377\377\377\0\0\0\0", iov_len=32}], msg_iovlen=1, msg_controllen=0, msg_flags=0}, 0) = 32
3279  <... recvmsg resumed>{msg_namelen=0}, 0) = -1 EAGAIN (Resource temporarily unavailable)
488   sendmsg(17, {msg_name=NULL, msg_namelen=0, msg_iov=[{iov_base="\2\0\0\0\0\0\0\0F\v\0\0\0\0\0\0\17\0\0\0\0\0\0\0\377\377\377\377\0\0\0\0", iov_len=32}], msg_iovlen=1, msg_controllen=0, msg_flags=0}, 0 <unfinished ...>
3281  close(39 <unfinished ...>
3280  <... recvmsg resumed>{msg_namelen=0}, 0) = -1 EAGAIN (Resource temporarily unavailable)
3279  epoll_wait(13,  <unfinished ...>
3282  <... epoll_wait resumed>[{EPOLLIN, {u32=33371056, u64=140020262187952}}], 512, -1) = 1
3281  <... close resumed>)              = 0
3280  epoll_wait(15,  <unfinished ...>
488   <... sendmsg resumed>)            = 32
3282  recvmsg(18,  <unfinished ...>
3281  recvmsg(16,  <unfinished ...>
3282  <... recvmsg resumed>{msg_name=NULL, msg_namelen=0, msg_iov=[{iov_base="\2\0\0\0\0\0\0\0F\v\0\0\0\0\0\0\17\0\0\0\0\0\0\0\377\377\377\377\0\0\0\0", iov_len=32}], msg_iovlen=1, msg_controllen=0, msg_flags=0}, 0) = 32
488   sendmsg(19, {msg_name=NULL, msg_namelen=0, msg_iov=[{iov_base="\2\0\0\0\0\0\0\0F\v\0\0\0\0\0\0\17\0\0\0\0\0\0\0\377\377\377\377\0\0\0\0", iov_len=32}], msg_iovlen=1, msg_controllen=0, msg_flags=0}, 0 <unfinished ...>
3282  close(39 <unfinished ...>
3281  <... recvmsg resumed>{msg_namelen=0}, 0) = -1 EAGAIN (Resource temporarily unavailable)
3283  <... epoll_wait resumed>[{EPOLLIN, {u32=33371056, u64=140020262187952}}], 512, -1) = 1
3282  <... close resumed>)              = 0
488   <... sendmsg resumed>)            = 32
3283  recvmsg(20,  <unfinished ...>
3282  recvmsg(18,  <unfinished ...>
3281  epoll_wait(17,  <unfinished ...>
3283  <... recvmsg resumed>{msg_name=NULL, msg_namelen=0, msg_iov=[{iov_base="\2\0\0\0\0\0\0\0F\v\0\0\0\0\0\0\17\0\0\0\0\0\0\0\377\377\377\377\0\0\0\0", iov_len=32}], msg_iovlen=1, msg_controllen=0, msg_flags=0}, 0) = 32
3282  <... recvmsg resumed>{msg_namelen=0}, 0) = -1 EAGAIN (Resource temporarily unavailable)
488   sendmsg(21, {msg_name=NULL, msg_namelen=0, msg_iov=[{iov_base="\2\0\0\0\0\0\0\0F\v\0\0\0\0\0\0\17\0\0\0\0\0\0\0\377\377\377\377\0\0\0\0", iov_len=32}], msg_iovlen=1, msg_controllen=0, msg_flags=0}, 0 <unfinished ...>
3283  close(39 <unfinished ...>
3282  epoll_wait(19,  <unfinished ...>
3284  <... epoll_wait resumed>[{EPOLLIN, {u32=33371056, u64=140020262187952}}], 512, -1) = 1
3283  <... close resumed>)              = 0
488   <... sendmsg resumed>)            = 32
3284  recvmsg(22,  <unfinished ...>
3283  recvmsg(20,  <unfinished ...>
3284  <... recvmsg resumed>{msg_name=NULL, msg_namelen=0, msg_iov=[{iov_base="\2\0\0\0\0\0\0\0F\v\0\0\0\0\0\0\17\0\0\0\0\0\0\0\377\377\377\377\0\0\0\0", iov_len=32}], msg_iovlen=1, msg_controllen=0, msg_flags=0}, 0) = 32
488   sendmsg(23, {msg_name=NULL, msg_namelen=0, msg_iov=[{iov_base="\2\0\0\0\0\0\0\0F\v\0\0\0\0\0\0\17\0\0\0\0\0\0\0\377\377\377\377\0\0\0\0", iov_len=32}], msg_iovlen=1, msg_controllen=0, msg_flags=0}, 0 <unfinished ...>
3284  close(39 <unfinished ...>
3283  <... recvmsg resumed>{msg_namelen=0}, 0) = -1 EAGAIN (Resource temporarily unavailable)
3285  <... epoll_wait resumed>[{EPOLLIN, {u32=33371056, u64=140020262187952}}], 512, -1) = 1
3284  <... close resumed>)              = 0
488   <... sendmsg resumed>)            = 32
3285  recvmsg(24,  <unfinished ...>
3284  recvmsg(22,  <unfinished ...>
3283  epoll_wait(21,  <unfinished ...>
3285  <... recvmsg resumed>{msg_name=NULL, msg_namelen=0, msg_iov=[{iov_base="\2\0\0\0\0\0\0\0F\v\0\0\0\0\0\0\17\0\0\0\0\0\0\0\377\377\377\377\0\0\0\0", iov_len=32}], msg_iovlen=1, msg_controllen=0, msg_flags=0}, 0) = 32
3284  <... recvmsg resumed>{msg_namelen=0}, 0) = -1 EAGAIN (Resource temporarily unavailable)
488   sendmsg(25, {msg_name=NULL, msg_namelen=0, msg_iov=[{iov_base="\2\0\0\0\0\0\0\0F\v\0\0\0\0\0\0\17\0\0\0\0\0\0\0\377\377\377\377\0\0\0\0", iov_len=32}], msg_iovlen=1, msg_controllen=0, msg_flags=0}, 0 <unfinished ...>
3285  close(39 <unfinished ...>
3284  epoll_wait(23,  <unfinished ...>
3286  <... epoll_wait resumed>[{EPOLLIN, {u32=33371056, u64=140020262187952}}], 512, -1) = 1
3285  <... close resumed>)              = 0
488   <... sendmsg resumed>)            = 32
3286  recvmsg(26,  <unfinished ...>
3285  recvmsg(24,  <unfinished ...>
488   rt_sigsuspend([], 8 <unfinished ...>
3286  <... recvmsg resumed>{msg_name=NULL, msg_namelen=0, msg_iov=[{iov_base="\2\0\0\0\0\0\0\0F\v\0\0\0\0\0\0\17\0\0\0\0\0\0\0\377\377\377\377\0\0\0\0", iov_len=32}], msg_iovlen=1, msg_controllen=0, msg_flags=0}, 0) = 32
3285  <... recvmsg resumed>{msg_namelen=0}, 0) = -1 EAGAIN (Resource temporarily unavailable)
3286  close(39 <unfinished ...>
488   <... rt_sigsuspend resumed>)      = ? ERESTARTNOHAND (To be restarted if no handler)
3286  <... close resumed>)              = 0
3285  epoll_wait(25,  <unfinished ...>
3286  recvmsg(26,  <unfinished ...>
488   --- SIGCHLD {si_signo=SIGCHLD, si_code=CLD_EXITED, si_pid=2884, si_uid=33, si_status=0, si_utime=0, si_stime=0} ---
3286  <... recvmsg resumed>{msg_namelen=0}, 0) = -1 EAGAIN (Resource temporarily unavailable)
488   --- SIGIO {si_signo=SIGIO, si_code=SI_KERNEL} ---
3286  epoll_wait(41,  <unfinished ...>
488   rt_sigreturn({mask=[CHLD]})       = 0
488   wait4(-1, 0x7fff9e9fcdf4, WNOHANG, NULL) = 0
488   rt_sigreturn({mask=[HUP INT QUIT USR1 USR2 ALRM TERM CHLD WINCH IO]}) = -1 EINTR (Interrupted system call)
488   rt_sigsuspend([], 8 <unfinished ...>
3280  <... epoll_wait resumed>[{EPOLLIN, {u32=33370128, u64=140020262187024}}], 512, -1) = 1
3280  accept4(6, {sa_family=AF_INET, sin_port=htons(59002), sin_addr=inet_addr("127.0.0.1")}, [112->16], SOCK_NONBLOCK) = 3
3280  epoll_ctl(15, EPOLL_CTL_ADD, 3, {EPOLLIN|EPOLLRDHUP|EPOLLET, {u32=33371288, u64=140020262188184}}) = 0
3280  epoll_wait(15, [{EPOLLIN, {u32=33371288, u64=140020262188184}}], 512, 60000) = 1
3280  recvfrom(3, "GET / HTTP/1.1\r\nHost: localhost\r\nUser-Agent: curl/7.68.0\r\nAccept: */*\r\n\r\n", 1024, 0, NULL, NULL) = 73
3280  stat("/var/www/html/", {st_dev=makedev(0x8, 0x10), st_ino=45870, st_mode=S_IFDIR|0755, st_nlink=2, st_uid=1000, st_gid=0, st_blksize=4096, st_blocks=8, st_size=4096, st_atime=1632247758 /* 2021-09-21T14:09:18.757471200-0400 */, st_atime_nsec=757471200, st_mtime=1631466308 /* 2021-09-12T13:05:08.036844700-0400 */, st_mtime_nsec=36844700, st_ctime=1631542695 /* 2021-09-13T10:18:15.728701800-0400 */, st_ctime_nsec=728701800}) = 0
3280  stat("/var/www/html/", {st_dev=makedev(0x8, 0x10), st_ino=45870, st_mode=S_IFDIR|0755, st_nlink=2, st_uid=1000, st_gid=0, st_blksize=4096, st_blocks=8, st_size=4096, st_atime=1632247758 /* 2021-09-21T14:09:18.757471200-0400 */, st_atime_nsec=757471200, st_mtime=1631466308 /* 2021-09-12T13:05:08.036844700-0400 */, st_mtime_nsec=36844700, st_ctime=1631542695 /* 2021-09-13T10:18:15.728701800-0400 */, st_ctime_nsec=728701800}) = 0
3280  stat("/var/www/html/index.html", 0x7fff9e9fcea0) = -1 ENOENT (No such file or directory)
3280  stat("/var/www/html", {st_dev=makedev(0x8, 0x10), st_ino=45870, st_mode=S_IFDIR|0755, st_nlink=2, st_uid=1000, st_gid=0, st_blksize=4096, st_blocks=8, st_size=4096, st_atime=1632247758 /* 2021-09-21T14:09:18.757471200-0400 */, st_atime_nsec=757471200, st_mtime=1631466308 /* 2021-09-12T13:05:08.036844700-0400 */, st_mtime_nsec=36844700, st_ctime=1631542695 /* 2021-09-13T10:18:15.728701800-0400 */, st_ctime_nsec=728701800}) = 0
3280  stat("/var/www/html/index.htm", 0x7fff9e9fcea0) = -1 ENOENT (No such file or directory)
3280  stat("/var/www/html/index.nginx-debian.html", {st_dev=makedev(0x8, 0x10), st_ino=45764, st_mode=S_IFREG|0644, st_nlink=1, st_uid=1000, st_gid=0, st_blksize=4096, st_blocks=8, st_size=612, st_atime=1632330708 /* 2021-09-22T13:11:48.355432100-0400 */, st_atime_nsec=355432100, st_mtime=1631466308 /* 2021-09-12T13:05:08.036844700-0400 */, st_mtime_nsec=36844700, st_ctime=1631542695 /* 2021-09-13T10:18:15.728701800-0400 */, st_ctime_nsec=728701800}) = 0
3280  stat("/var/www/html/index.nginx-debian.html", {st_dev=makedev(0x8, 0x10), st_ino=45764, st_mode=S_IFREG|0644, st_nlink=1, st_uid=1000, st_gid=0, st_blksize=4096, st_blocks=8, st_size=612, st_atime=1632330708 /* 2021-09-22T13:11:48.355432100-0400 */, st_atime_nsec=355432100, st_mtime=1631466308 /* 2021-09-12T13:05:08.036844700-0400 */, st_mtime_nsec=36844700, st_ctime=1631542695 /* 2021-09-13T10:18:15.728701800-0400 */, st_ctime_nsec=728701800}) = 0
3280  openat(AT_FDCWD, "/var/www/html/index.nginx-debian.html", O_RDONLY|O_NONBLOCK) = 20
3280  fstat(20, {st_dev=makedev(0x8, 0x10), st_ino=45764, st_mode=S_IFREG|0644, st_nlink=1, st_uid=1000, st_gid=0, st_blksize=4096, st_blocks=8, st_size=612, st_atime=1632330708 /* 2021-09-22T13:11:48.355432100-0400 */, st_atime_nsec=355432100, st_mtime=1631466308 /* 2021-09-12T13:05:08.036844700-0400 */, st_mtime_nsec=36844700, st_ctime=1631542695 /* 2021-09-13T10:18:15.728701800-0400 */, st_ctime_nsec=728701800}) = 0
3280  setsockopt(3, SOL_TCP, TCP_CORK, [1], 4) = 0
3280  writev(3, [{iov_base="HTTP/1.1 200 OK\r\nServer: nginx/1.18.0 (Ubuntu)\r\nDate: Wed, 22 Sep 2021 17:28:42 GMT\r\nContent-Type: text/html\r\nContent-Length: 612\r\nLast-Modified: Sun, 12 Sep 2021 17:05:08 GMT\r\nConnection: keep-alive\r\nETag: \"613e3344-264\"\r\nAccept-Ranges: bytes\r\n\r\n", iov_len=247}], 1) = 247
3280  sendfile(3, 20, [0] => [612], 612) = 612
3280  write(11, "127.0.0.1 - - [22/Sep/2021:13:28:42 -0400] \"GET / HTTP/1.1\" 200 612 \"-\" \"curl/7.68.0\"\n", 86) = 86
3280  close(20)                         = 0
3280  setsockopt(3, SOL_TCP, TCP_CORK, [0], 4) = 0
3280  epoll_wait(15, [{EPOLLIN|EPOLLRDHUP, {u32=33371288, u64=140020262188184}}], 512, 65000) = 1
3280  recvfrom(3, "", 1024, 0, NULL, NULL) = 0
3280  close(3)                          = 0
3280  epoll_wait(15,  <detached ...>
