4127  <... epoll_create resumed>)       = 40
4126  <... recvmsg resumed>{msg_namelen=0}, 0) = -1 EAGAIN (Resource temporarily unavailable)
4127  eventfd2(0, 0 <unfinished ...>
4126  epoll_wait(38,  <unfinished ...>
4127  <... eventfd2 resumed>)           = 41
4127  epoll_ctl(40, EPOLL_CTL_ADD, 41, {EPOLLIN|EPOLLET, {u32=3106930592, u64=94505272344480}}) = 0
4127  socketpair(AF_UNIX, SOCK_STREAM, 0, [42, 43]) = 0
4127  epoll_ctl(40, EPOLL_CTL_ADD, 42, {EPOLLIN|EPOLLRDHUP|EPOLLET, {u32=3106930592, u64=94505272344480}}) = 0
4127  close(43)                         = 0
4127  epoll_wait(40, [{EPOLLIN|EPOLLHUP|EPOLLRDHUP, {u32=3106930592, u64=94505272344480}}], 1, 5000) = 1
4127  close(42)                         = 0
4127  mmap(NULL, 241664, PROT_READ|PROT_WRITE, MAP_PRIVATE|MAP_ANONYMOUS, -1, 0) = 0x7fec8a6c6000
4127  brk(0x55f3bae99000)               = 0x55f3bae99000
4127  epoll_ctl(40, EPOLL_CTL_ADD, 6, {EPOLLIN|EPOLLEXCLUSIVE, {u32=2322358288, u64=140653911367696}}) = 0
4127  epoll_ctl(40, EPOLL_CTL_ADD, 7, {EPOLLIN|EPOLLEXCLUSIVE, {u32=2322358520, u64=140653911367928}}) = 0
4127  epoll_ctl(40, EPOLL_CTL_ADD, 8, {EPOLLIN|EPOLLEXCLUSIVE, {u32=2322358752, u64=140653911368160}}) = 0
4127  close(9)                          = 0
4127  close(11)                         = 0
4127  close(13)                         = 0
4127  close(15)                         = 0
4127  close(17)                         = 0
4127  close(19)                         = 0
4127  close(21)                         = 0
4127  close(23)                         = 0
4127  close(5)                          = 0
4127  close(27)                         = 0
4127  close(29)                         = 0
4127  close(31)                         = 0
4127  close(33)                         = 0
4127  close(35)                         = 0
4127  close(37)                         = 0
4127  close(38)                         = 0
4127  epoll_ctl(40, EPOLL_CTL_ADD, 39, {EPOLLIN|EPOLLRDHUP, {u32=2322358984, u64=140653911368392}}) = 0
4127  epoll_wait(40,  <unfinished ...>
2238  <... clock_nanosleep resumed>NULL) = 0
2238  sendmsg(3, {msg_name=NULL, msg_namelen=0, msg_iov=[{iov_base="\3\0\0\0\0\0\0\0\0\0\0\0\0\0\0\0\0\0\0\0\0\0\0\0\377\377\377\377\0\0\0\0", iov_len=32}], msg_iovlen=1, msg_controllen=0, msg_flags=0}, 0) = 32
2238  sendmsg(10, {msg_name=NULL, msg_namelen=0, msg_iov=[{iov_base="\3\0\0\0\0\0\0\0\0\0\0\0\0\0\0\0\0\0\0\0\0\0\0\0\377\377\377\377\0\0\0\0", iov_len=32}], msg_iovlen=1, msg_controllen=0, msg_flags=0}, 0) = 32
2238  sendmsg(12, {msg_name=NULL, msg_namelen=0, msg_iov=[{iov_base="\3\0\0\0\0\0\0\0\0\0\0\0\0\0\0\0\0\0\0\0\0\0\0\0\377\377\377\377\0\0\0\0", iov_len=32}], msg_iovlen=1, msg_controllen=0, msg_flags=0}, 0) = 32
2238  sendmsg(14, {msg_name=NULL, msg_namelen=0, msg_iov=[{iov_base="\3\0\0\0\0\0\0\0\0\0\0\0\0\0\0\0\0\0\0\0\0\0\0\0\377\377\377\377\0\0\0\0", iov_len=32}], msg_iovlen=1, msg_controllen=0, msg_flags=0}, 0) = 32
2238  sendmsg(16, {msg_name=NULL, msg_namelen=0, msg_iov=[{iov_base="\3\0\0\0\0\0\0\0\0\0\0\0\0\0\0\0\0\0\0\0\0\0\0\0\377\377\377\377\0\0\0\0", iov_len=32}], msg_iovlen=1, msg_controllen=0, msg_flags=0}, 0) = 32
2238  sendmsg(18, {msg_name=NULL, msg_namelen=0, msg_iov=[{iov_base="\3\0\0\0\0\0\0\0\0\0\0\0\0\0\0\0\0\0\0\0\0\0\0\0\377\377\377\377\0\0\0\0", iov_len=32}], msg_iovlen=1, msg_controllen=0, msg_flags=0}, 0) = 32
2238  sendmsg(20, {msg_name=NULL, msg_namelen=0, msg_iov=[{iov_base="\3\0\0\0\0\0\0\0\0\0\0\0\0\0\0\0\0\0\0\0\0\0\0\0\377\377\377\377\0\0\0\0", iov_len=32}], msg_iovlen=1, msg_controllen=0, msg_flags=0}, 0) = 32
2238  sendmsg(22, {msg_name=NULL, msg_namelen=0, msg_iov=[{iov_base="\3\0\0\0\0\0\0\0\0\0\0\0\0\0\0\0\0\0\0\0\0\0\0\0\377\377\377\377\0\0\0\0", iov_len=32}], msg_iovlen=1, msg_controllen=0, msg_flags=0}, 0) = 32
2238  rt_sigsuspend([], 8)              = ? ERESTARTNOHAND (To be restarted if no handler)
2238  --- SIGCHLD {si_signo=SIGCHLD, si_code=CLD_EXITED, si_pid=2239, si_uid=33, si_status=0, si_utime=1, si_stime=1} ---
2238  wait4(-1, [{WIFEXITED(s) && WEXITSTATUS(s) == 0}], WNOHANG, NULL) = 2239
2238  wait4(-1, [{WIFEXITED(s) && WEXITSTATUS(s) == 0}], WNOHANG, NULL) = 2240
2238  wait4(-1, [{WIFEXITED(s) && WEXITSTATUS(s) == 0}], WNOHANG, NULL) = 2241
2238  wait4(-1, [{WIFEXITED(s) && WEXITSTATUS(s) == 0}], WNOHANG, NULL) = 2242
2238  wait4(-1, [{WIFEXITED(s) && WEXITSTATUS(s) == 0}], WNOHANG, NULL) = 2244
2238  wait4(-1, [{WIFEXITED(s) && WEXITSTATUS(s) == 0}], WNOHANG, NULL) = 2245
2238  wait4(-1, [{WIFEXITED(s) && WEXITSTATUS(s) == 0}], WNOHANG, NULL) = 2246
2238  wait4(-1, [{WIFEXITED(s) && WEXITSTATUS(s) == 0}], WNOHANG, NULL) = 2248
2238  wait4(-1, 0x7fffd95424f4, WNOHANG, NULL) = 0
2238  rt_sigreturn({mask=[HUP INT QUIT USR1 USR2 ALRM TERM CHLD WINCH IO]}) = -1 EINTR (Interrupted system call)
2238  close(3)                          = 0
2238  close(9)                          = 0
2238  sendmsg(4, {msg_name=NULL, msg_namelen=0, msg_iov=[{iov_base="\2\0\0\0\0\0\0\0\277\10\0\0\0\0\0\0\0\0\0\0\0\0\0\0\377\377\377\377\0\0\0\0", iov_len=32}], msg_iovlen=1, msg_controllen=0, msg_flags=0}, 0 <unfinished ...>
4120  <... epoll_wait resumed>[{EPOLLIN, {u32=2322358984, u64=140653911368392}}], 512, -1) = 1
2238  <... sendmsg resumed>)            = 32
4120  recvmsg(5,  <unfinished ...>
2238  sendmsg(26, {msg_name=NULL, msg_namelen=0, msg_iov=[{iov_base="\2\0\0\0\0\0\0\0\277\10\0\0\0\0\0\0\0\0\0\0\0\0\0\0\377\377\377\377\0\0\0\0", iov_len=32}], msg_iovlen=1, msg_controllen=0, msg_flags=0}, 0 <unfinished ...>
4120  <... recvmsg resumed>{msg_name=NULL, msg_namelen=0, msg_iov=[{iov_base="\2\0\0\0\0\0\0\0\277\10\0\0\0\0\0\0\0\0\0\0\0\0\0\0\377\377\377\377\0\0\0\0", iov_len=32}], msg_iovlen=1, msg_controllen=0, msg_flags=0}, 0) = 32
2238  <... sendmsg resumed>)            = 32
4121  <... epoll_wait resumed>[{EPOLLIN, {u32=2322358984, u64=140653911368392}}], 512, -1) = 1
4120  close(3 <unfinished ...>
2238  sendmsg(28, {msg_name=NULL, msg_namelen=0, msg_iov=[{iov_base="\2\0\0\0\0\0\0\0\277\10\0\0\0\0\0\0\0\0\0\0\0\0\0\0\377\377\377\377\0\0\0\0", iov_len=32}], msg_iovlen=1, msg_controllen=0, msg_flags=0}, 0 <unfinished ...>
4121  recvmsg(27,  <unfinished ...>
4120  <... close resumed>)              = 0
4122  <... epoll_wait resumed>[{EPOLLIN, {u32=2322358984, u64=140653911368392}}], 512, -1) = 1
4121  <... recvmsg resumed>{msg_name=NULL, msg_namelen=0, msg_iov=[{iov_base="\2\0\0\0\0\0\0\0\277\10\0\0\0\0\0\0\0\0\0\0\0\0\0\0\377\377\377\377\0\0\0\0", iov_len=32}], msg_iovlen=1, msg_controllen=0, msg_flags=0}, 0) = 32
2238  <... sendmsg resumed>)            = 32
4122  recvmsg(29,  <unfinished ...>
4121  close(3 <unfinished ...>
4120  recvmsg(5,  <unfinished ...>
2238  sendmsg(30, {msg_name=NULL, msg_namelen=0, msg_iov=[{iov_base="\2\0\0\0\0\0\0\0\277\10\0\0\0\0\0\0\0\0\0\0\0\0\0\0\377\377\377\377\0\0\0\0", iov_len=32}], msg_iovlen=1, msg_controllen=0, msg_flags=0}, 0 <unfinished ...>
4122  <... recvmsg resumed>{msg_name=NULL, msg_namelen=0, msg_iov=[{iov_base="\2\0\0\0\0\0\0\0\277\10\0\0\0\0\0\0\0\0\0\0\0\0\0\0\377\377\377\377\0\0\0\0", iov_len=32}], msg_iovlen=1, msg_controllen=0, msg_flags=0}, 0) = 32
4121  <... close resumed>)              = 0
4120  <... recvmsg resumed>{msg_namelen=0}, 0) = -1 EAGAIN (Resource temporarily unavailable)
4123  <... epoll_wait resumed>[{EPOLLIN, {u32=2322358984, u64=140653911368392}}], 512, -1) = 1
4122  close(3 <unfinished ...>
4121  recvmsg(27,  <unfinished ...>
2238  <... sendmsg resumed>)            = 32
4123  recvmsg(31,  <unfinished ...>
4122  <... close resumed>)              = 0
4121  <... recvmsg resumed>{msg_namelen=0}, 0) = -1 EAGAIN (Resource temporarily unavailable)
4120  epoll_wait(26,  <unfinished ...>
4123  <... recvmsg resumed>{msg_name=NULL, msg_namelen=0, msg_iov=[{iov_base="\2\0\0\0\0\0\0\0\277\10\0\0\0\0\0\0\0\0\0\0\0\0\0\0\377\377\377\377\0\0\0\0", iov_len=32}], msg_iovlen=1, msg_controllen=0, msg_flags=0}, 0) = 32
4122  recvmsg(29,  <unfinished ...>
4121  epoll_wait(28,  <unfinished ...>
2238  sendmsg(32, {msg_name=NULL, msg_namelen=0, msg_iov=[{iov_base="\2\0\0\0\0\0\0\0\277\10\0\0\0\0\0\0\0\0\0\0\0\0\0\0\377\377\377\377\0\0\0\0", iov_len=32}], msg_iovlen=1, msg_controllen=0, msg_flags=0}, 0 <unfinished ...>
4123  close(3 <unfinished ...>
4122  <... recvmsg resumed>{msg_namelen=0}, 0) = -1 EAGAIN (Resource temporarily unavailable)
4124  <... epoll_wait resumed>[{EPOLLIN, {u32=2322358984, u64=140653911368392}}], 512, -1) = 1
4123  <... close resumed>)              = 0
2238  <... sendmsg resumed>)            = 32
4124  recvmsg(33,  <unfinished ...>
4123  recvmsg(31,  <unfinished ...>
4122  epoll_wait(30,  <unfinished ...>
4124  <... recvmsg resumed>{msg_name=NULL, msg_namelen=0, msg_iov=[{iov_base="\2\0\0\0\0\0\0\0\277\10\0\0\0\0\0\0\0\0\0\0\0\0\0\0\377\377\377\377\0\0\0\0", iov_len=32}], msg_iovlen=1, msg_controllen=0, msg_flags=0}, 0) = 32
4123  <... recvmsg resumed>{msg_namelen=0}, 0) = -1 EAGAIN (Resource temporarily unavailable)
2238  sendmsg(34, {msg_name=NULL, msg_namelen=0, msg_iov=[{iov_base="\2\0\0\0\0\0\0\0\277\10\0\0\0\0\0\0\0\0\0\0\0\0\0\0\377\377\377\377\0\0\0\0", iov_len=32}], msg_iovlen=1, msg_controllen=0, msg_flags=0}, 0 <unfinished ...>
4124  close(3 <unfinished ...>
4123  epoll_wait(32,  <unfinished ...>
4124  <... close resumed>)              = 0
2238  <... sendmsg resumed>)            = 32
4125  <... epoll_wait resumed>[{EPOLLIN, {u32=2322358984, u64=140653911368392}}], 512, -1) = 1
4124  recvmsg(33,  <unfinished ...>
2238  sendmsg(36, {msg_name=NULL, msg_namelen=0, msg_iov=[{iov_base="\2\0\0\0\0\0\0\0\277\10\0\0\0\0\0\0\0\0\0\0\0\0\0\0\377\377\377\377\0\0\0\0", iov_len=32}], msg_iovlen=1, msg_controllen=0, msg_flags=0}, 0 <unfinished ...>
4125  recvmsg(35,  <unfinished ...>
4124  <... recvmsg resumed>{msg_namelen=0}, 0) = -1 EAGAIN (Resource temporarily unavailable)
4126  <... epoll_wait resumed>[{EPOLLIN, {u32=2322358984, u64=140653911368392}}], 512, -1) = 1
4125  <... recvmsg resumed>{msg_name=NULL, msg_namelen=0, msg_iov=[{iov_base="\2\0\0\0\0\0\0\0\277\10\0\0\0\0\0\0\0\0\0\0\0\0\0\0\377\377\377\377\0\0\0\0", iov_len=32}], msg_iovlen=1, msg_controllen=0, msg_flags=0}, 0) = 32
2238  <... sendmsg resumed>)            = 32
4126  recvmsg(37,  <unfinished ...>
4124  epoll_wait(34,  <unfinished ...>
4126  <... recvmsg resumed>{msg_name=NULL, msg_namelen=0, msg_iov=[{iov_base="\2\0\0\0\0\0\0\0\277\10\0\0\0\0\0\0\0\0\0\0\0\0\0\0\377\377\377\377\0\0\0\0", iov_len=32}], msg_iovlen=1, msg_controllen=0, msg_flags=0}, 0) = 32
4125  close(3 <unfinished ...>
2238  sendmsg(38, {msg_name=NULL, msg_namelen=0, msg_iov=[{iov_base="\2\0\0\0\0\0\0\0\277\10\0\0\0\0\0\0\0\0\0\0\0\0\0\0\377\377\377\377\0\0\0\0", iov_len=32}], msg_iovlen=1, msg_controllen=0, msg_flags=0}, 0 <unfinished ...>
4126  close(3 <unfinished ...>
4125  <... close resumed>)              = 0
4127  <... epoll_wait resumed>[{EPOLLIN, {u32=2322358984, u64=140653911368392}}], 512, -1) = 1
4126  <... close resumed>)              = 0
2238  <... sendmsg resumed>)            = 32
4127  recvmsg(39,  <unfinished ...>
4125  recvmsg(35,  <unfinished ...>
4127  <... recvmsg resumed>{msg_name=NULL, msg_namelen=0, msg_iov=[{iov_base="\2\0\0\0\0\0\0\0\277\10\0\0\0\0\0\0\0\0\0\0\0\0\0\0\377\377\377\377\0\0\0\0", iov_len=32}], msg_iovlen=1, msg_controllen=0, msg_flags=0}, 0) = 32
4126  recvmsg(37,  <unfinished ...>
2238  close(10 <unfinished ...>
4127  close(3 <unfinished ...>
4126  <... recvmsg resumed>{msg_namelen=0}, 0) = -1 EAGAIN (Resource temporarily unavailable)
4125  <... recvmsg resumed>{msg_namelen=0}, 0) = -1 EAGAIN (Resource temporarily unavailable)
4127  <... close resumed>)              = 0
4126  epoll_wait(38,  <unfinished ...>
2238  <... close resumed>)              = 0
4127  recvmsg(39,  <unfinished ...>
4125  epoll_wait(36,  <unfinished ...>
4127  <... recvmsg resumed>{msg_namelen=0}, 0) = -1 EAGAIN (Resource temporarily unavailable)
2238  close(11 <unfinished ...>
4127  epoll_wait(40,  <unfinished ...>
2238  <... close resumed>)              = 0
2238  sendmsg(4, {msg_name=NULL, msg_namelen=0, msg_iov=[{iov_base="\2\0\0\0\0\0\0\0\300\10\0\0\0\0\0\0\1\0\0\0\0\0\0\0\377\377\377\377\0\0\0\0", iov_len=32}], msg_iovlen=1, msg_controllen=0, msg_flags=0}, 0 <unfinished ...>
4120  <... epoll_wait resumed>[{EPOLLIN, {u32=2322358984, u64=140653911368392}}], 512, -1) = 1
2238  <... sendmsg resumed>)            = 32
4120  recvmsg(5,  <unfinished ...>
2238  sendmsg(26, {msg_name=NULL, msg_namelen=0, msg_iov=[{iov_base="\2\0\0\0\0\0\0\0\300\10\0\0\0\0\0\0\1\0\0\0\0\0\0\0\377\377\377\377\0\0\0\0", iov_len=32}], msg_iovlen=1, msg_controllen=0, msg_flags=0}, 0 <unfinished ...>
4120  <... recvmsg resumed>{msg_name=NULL, msg_namelen=0, msg_iov=[{iov_base="\2\0\0\0\0\0\0\0\300\10\0\0\0\0\0\0\1\0\0\0\0\0\0\0\377\377\377\377\0\0\0\0", iov_len=32}], msg_iovlen=1, msg_controllen=0, msg_flags=0}, 0) = 32
4121  <... epoll_wait resumed>[{EPOLLIN, {u32=2322358984, u64=140653911368392}}], 512, -1) = 1
2238  <... sendmsg resumed>)            = 32
4121  recvmsg(27,  <unfinished ...>
4120  close(10 <unfinished ...>
4121  <... recvmsg resumed>{msg_name=NULL, msg_namelen=0, msg_iov=[{iov_base="\2\0\0\0\0\0\0\0\300\10\0\0\0\0\0\0\1\0\0\0\0\0\0\0\377\377\377\377\0\0\0\0", iov_len=32}], msg_iovlen=1, msg_controllen=0, msg_flags=0}, 0) = 32
2238  sendmsg(28, {msg_name=NULL, msg_namelen=0, msg_iov=[{iov_base="\2\0\0\0\0\0\0\0\300\10\0\0\0\0\0\0\1\0\0\0\0\0\0\0\377\377\377\377\0\0\0\0", iov_len=32}], msg_iovlen=1, msg_controllen=0, msg_flags=0}, 0 <unfinished ...>
4121  close(10 <unfinished ...>
4120  <... close resumed>)              = 0
4122  <... epoll_wait resumed>[{EPOLLIN, {u32=2322358984, u64=140653911368392}}], 512, -1) = 1
4121  <... close resumed>)              = 0
2238  <... sendmsg resumed>)            = 32
4122  recvmsg(29,  <unfinished ...>
4121  recvmsg(27,  <unfinished ...>
4120  recvmsg(5,  <unfinished ...>
4122  <... recvmsg resumed>{msg_name=NULL, msg_namelen=0, msg_iov=[{iov_base="\2\0\0\0\0\0\0\0\300\10\0\0\0\0\0\0\1\0\0\0\0\0\0\0\377\377\377\377\0\0\0\0", iov_len=32}], msg_iovlen=1, msg_controllen=0, msg_flags=0}, 0) = 32
4121  <... recvmsg resumed>{msg_namelen=0}, 0) = -1 EAGAIN (Resource temporarily unavailable)
2238  sendmsg(30, {msg_name=NULL, msg_namelen=0, msg_iov=[{iov_base="\2\0\0\0\0\0\0\0\300\10\0\0\0\0\0\0\1\0\0\0\0\0\0\0\377\377\377\377\0\0\0\0", iov_len=32}], msg_iovlen=1, msg_controllen=0, msg_flags=0}, 0 <unfinished ...>
4122  close(10 <unfinished ...>
4121  epoll_wait(28,  <unfinished ...>
4120  <... recvmsg resumed>{msg_namelen=0}, 0) = -1 EAGAIN (Resource temporarily unavailable)
4123  <... epoll_wait resumed>[{EPOLLIN, {u32=2322358984, u64=140653911368392}}], 512, -1) = 1
4122  <... close resumed>)              = 0
2238  <... sendmsg resumed>)            = 32
4123  recvmsg(31,  <unfinished ...>
4122  recvmsg(29,  <unfinished ...>
4120  epoll_wait(26,  <unfinished ...>
4123  <... recvmsg resumed>{msg_name=NULL, msg_namelen=0, msg_iov=[{iov_base="\2\0\0\0\0\0\0\0\300\10\0\0\0\0\0\0\1\0\0\0\0\0\0\0\377\377\377\377\0\0\0\0", iov_len=32}], msg_iovlen=1, msg_controllen=0, msg_flags=0}, 0) = 32
4122  <... recvmsg resumed>{msg_namelen=0}, 0) = -1 EAGAIN (Resource temporarily unavailable)
2238  sendmsg(32, {msg_name=NULL, msg_namelen=0, msg_iov=[{iov_base="\2\0\0\0\0\0\0\0\300\10\0\0\0\0\0\0\1\0\0\0\0\0\0\0\377\377\377\377\0\0\0\0", iov_len=32}], msg_iovlen=1, msg_controllen=0, msg_flags=0}, 0 <unfinished ...>
4123  close(10 <unfinished ...>
4122  epoll_wait(30,  <unfinished ...>
4124  <... epoll_wait resumed>[{EPOLLIN, {u32=2322358984, u64=140653911368392}}], 512, -1) = 1
4123  <... close resumed>)              = 0
2238  <... sendmsg resumed>)            = 32
4124  recvmsg(33,  <unfinished ...>
4123  recvmsg(31,  <unfinished ...>
4124  <... recvmsg resumed>{msg_name=NULL, msg_namelen=0, msg_iov=[{iov_base="\2\0\0\0\0\0\0\0\300\10\0\0\0\0\0\0\1\0\0\0\0\0\0\0\377\377\377\377\0\0\0\0", iov_len=32}], msg_iovlen=1, msg_controllen=0, msg_flags=0}, 0) = 32
2238  sendmsg(34, {msg_name=NULL, msg_namelen=0, msg_iov=[{iov_base="\2\0\0\0\0\0\0\0\300\10\0\0\0\0\0\0\1\0\0\0\0\0\0\0\377\377\377\377\0\0\0\0", iov_len=32}], msg_iovlen=1, msg_controllen=0, msg_flags=0}, 0 <unfinished ...>
4124  close(10 <unfinished ...>
4123  <... recvmsg resumed>{msg_namelen=0}, 0) = -1 EAGAIN (Resource temporarily unavailable)
4125  <... epoll_wait resumed>[{EPOLLIN, {u32=2322358984, u64=140653911368392}}], 512, -1) = 1
4124  <... close resumed>)              = 0
2238  <... sendmsg resumed>)            = 32
4125  recvmsg(35,  <unfinished ...>
4124  recvmsg(33,  <unfinished ...>
4123  epoll_wait(32,  <unfinished ...>
4125  <... recvmsg resumed>{msg_name=NULL, msg_namelen=0, msg_iov=[{iov_base="\2\0\0\0\0\0\0\0\300\10\0\0\0\0\0\0\1\0\0\0\0\0\0\0\377\377\377\377\0\0\0\0", iov_len=32}], msg_iovlen=1, msg_controllen=0, msg_flags=0}, 0) = 32
4124  <... recvmsg resumed>{msg_namelen=0}, 0) = -1 EAGAIN (Resource temporarily unavailable)
2238  sendmsg(36, {msg_name=NULL, msg_namelen=0, msg_iov=[{iov_base="\2\0\0\0\0\0\0\0\300\10\0\0\0\0\0\0\1\0\0\0\0\0\0\0\377\377\377\377\0\0\0\0", iov_len=32}], msg_iovlen=1, msg_controllen=0, msg_flags=0}, 0 <unfinished ...>
4125  close(10 <unfinished ...>
4124  epoll_wait(34,  <unfinished ...>
4125  <... close resumed>)              = 0
2238  <... sendmsg resumed>)            = 32
4126  <... epoll_wait resumed>[{EPOLLIN, {u32=2322358984, u64=140653911368392}}], 512, -1) = 1
4125  recvmsg(35,  <unfinished ...>
2238  sendmsg(38, {msg_name=NULL, msg_namelen=0, msg_iov=[{iov_base="\2\0\0\0\0\0\0\0\300\10\0\0\0\0\0\0\1\0\0\0\0\0\0\0\377\377\377\377\0\0\0\0", iov_len=32}], msg_iovlen=1, msg_controllen=0, msg_flags=0}, 0 <unfinished ...>
4126  recvmsg(37,  <unfinished ...>
4125  <... recvmsg resumed>{msg_namelen=0}, 0) = -1 EAGAIN (Resource temporarily unavailable)
4127  <... epoll_wait resumed>[{EPOLLIN, {u32=2322358984, u64=140653911368392}}], 512, -1) = 1
4126  <... recvmsg resumed>{msg_name=NULL, msg_namelen=0, msg_iov=[{iov_base="\2\0\0\0\0\0\0\0\300\10\0\0\0\0\0\0\1\0\0\0\0\0\0\0\377\377\377\377\0\0\0\0", iov_len=32}], msg_iovlen=1, msg_controllen=0, msg_flags=0}, 0) = 32
2238  <... sendmsg resumed>)            = 32
4127  recvmsg(39,  <unfinished ...>
4126  close(10 <unfinished ...>
4125  epoll_wait(36,  <unfinished ...>
4127  <... recvmsg resumed>{msg_name=NULL, msg_namelen=0, msg_iov=[{iov_base="\2\0\0\0\0\0\0\0\300\10\0\0\0\0\0\0\1\0\0\0\0\0\0\0\377\377\377\377\0\0\0\0", iov_len=32}], msg_iovlen=1, msg_controllen=0, msg_flags=0}, 0) = 32
4126  <... close resumed>)              = 0
2238  close(12 <unfinished ...>
4127  close(10 <unfinished ...>
4126  recvmsg(37,  <unfinished ...>
4127  <... close resumed>)              = 0
2238  <... close resumed>)              = 0
4126  <... recvmsg resumed>{msg_namelen=0}, 0) = -1 EAGAIN (Resource temporarily unavailable)
4127  recvmsg(39,  <unfinished ...>
2238  close(13 <unfinished ...>
4127  <... recvmsg resumed>{msg_namelen=0}, 0) = -1 EAGAIN (Resource temporarily unavailable)
4126  epoll_wait(38,  <unfinished ...>
4127  epoll_wait(40,  <unfinished ...>
2238  <... close resumed>)              = 0
2238  sendmsg(4, {msg_name=NULL, msg_namelen=0, msg_iov=[{iov_base="\2\0\0\0\0\0\0\0\301\10\0\0\0\0\0\0\2\0\0\0\0\0\0\0\377\377\377\377\0\0\0\0", iov_len=32}], msg_iovlen=1, msg_controllen=0, msg_flags=0}, 0 <unfinished ...>
4120  <... epoll_wait resumed>[{EPOLLIN, {u32=2322358984, u64=140653911368392}}], 512, -1) = 1
2238  <... sendmsg resumed>)            = 32
4120  recvmsg(5,  <unfinished ...>
2238  sendmsg(26, {msg_name=NULL, msg_namelen=0, msg_iov=[{iov_base="\2\0\0\0\0\0\0\0\301\10\0\0\0\0\0\0\2\0\0\0\0\0\0\0\377\377\377\377\0\0\0\0", iov_len=32}], msg_iovlen=1, msg_controllen=0, msg_flags=0}, 0 <unfinished ...>
4120  <... recvmsg resumed>{msg_name=NULL, msg_namelen=0, msg_iov=[{iov_base="\2\0\0\0\0\0\0\0\301\10\0\0\0\0\0\0\2\0\0\0\0\0\0\0\377\377\377\377\0\0\0\0", iov_len=32}], msg_iovlen=1, msg_controllen=0, msg_flags=0}, 0) = 32
2238  <... sendmsg resumed>)            = 32
4121  <... epoll_wait resumed>[{EPOLLIN, {u32=2322358984, u64=140653911368392}}], 512, -1) = 1
4120  close(12 <unfinished ...>
4121  recvmsg(27,  <unfinished ...>
2238  sendmsg(28, {msg_name=NULL, msg_namelen=0, msg_iov=[{iov_base="\2\0\0\0\0\0\0\0\301\10\0\0\0\0\0\0\2\0\0\0\0\0\0\0\377\377\377\377\0\0\0\0", iov_len=32}], msg_iovlen=1, msg_controllen=0, msg_flags=0}, 0 <unfinished ...>
4121  <... recvmsg resumed>{msg_name=NULL, msg_namelen=0, msg_iov=[{iov_base="\2\0\0\0\0\0\0\0\301\10\0\0\0\0\0\0\2\0\0\0\0\0\0\0\377\377\377\377\0\0\0\0", iov_len=32}], msg_iovlen=1, msg_controllen=0, msg_flags=0}, 0) = 32
4120  <... close resumed>)              = 0
2238  <... sendmsg resumed>)            = 32
4122  <... epoll_wait resumed>[{EPOLLIN, {u32=2322358984, u64=140653911368392}}], 512, -1) = 1
4121  close(12 <unfinished ...>
4122  recvmsg(29,  <unfinished ...>
4120  recvmsg(5,  <unfinished ...>
2238  sendmsg(30, {msg_name=NULL, msg_namelen=0, msg_iov=[{iov_base="\2\0\0\0\0\0\0\0\301\10\0\0\0\0\0\0\2\0\0\0\0\0\0\0\377\377\377\377\0\0\0\0", iov_len=32}], msg_iovlen=1, msg_controllen=0, msg_flags=0}, 0 <unfinished ...>
4122  <... recvmsg resumed>{msg_name=NULL, msg_namelen=0, msg_iov=[{iov_base="\2\0\0\0\0\0\0\0\301\10\0\0\0\0\0\0\2\0\0\0\0\0\0\0\377\377\377\377\0\0\0\0", iov_len=32}], msg_iovlen=1, msg_controllen=0, msg_flags=0}, 0) = 32
4121  <... close resumed>)              = 0
4120  <... recvmsg resumed>{msg_namelen=0}, 0) = -1 EAGAIN (Resource temporarily unavailable)
4123  <... epoll_wait resumed>[{EPOLLIN, {u32=2322358984, u64=140653911368392}}], 512, -1) = 1
4122  close(12 <unfinished ...>
4121  recvmsg(27,  <unfinished ...>
2238  <... sendmsg resumed>)            = 32
4123  recvmsg(31,  <unfinished ...>
4122  <... close resumed>)              = 0
4121  <... recvmsg resumed>{msg_namelen=0}, 0) = -1 EAGAIN (Resource temporarily unavailable)
4120  epoll_wait(26,  <unfinished ...>
4123  <... recvmsg resumed>{msg_name=NULL, msg_namelen=0, msg_iov=[{iov_base="\2\0\0\0\0\0\0\0\301\10\0\0\0\0\0\0\2\0\0\0\0\0\0\0\377\377\377\377\0\0\0\0", iov_len=32}], msg_iovlen=1, msg_controllen=0, msg_flags=0}, 0) = 32
4122  recvmsg(29,  <unfinished ...>
4121  epoll_wait(28,  <unfinished ...>
2238  sendmsg(32, {msg_name=NULL, msg_namelen=0, msg_iov=[{iov_base="\2\0\0\0\0\0\0\0\301\10\0\0\0\0\0\0\2\0\0\0\0\0\0\0\377\377\377\377\0\0\0\0", iov_len=32}], msg_iovlen=1, msg_controllen=0, msg_flags=0}, 0 <unfinished ...>
4123  close(12 <unfinished ...>
4122  <... recvmsg resumed>{msg_namelen=0}, 0) = -1 EAGAIN (Resource temporarily unavailable)
4124  <... epoll_wait resumed>[{EPOLLIN, {u32=2322358984, u64=140653911368392}}], 512, -1) = 1
4123  <... close resumed>)              = 0
2238  <... sendmsg resumed>)            = 32
4124  recvmsg(33,  <unfinished ...>
4123  recvmsg(31,  <unfinished ...>
4122  epoll_wait(30,  <unfinished ...>
4124  <... recvmsg resumed>{msg_name=NULL, msg_namelen=0, msg_iov=[{iov_base="\2\0\0\0\0\0\0\0\301\10\0\0\0\0\0\0\2\0\0\0\0\0\0\0\377\377\377\377\0\0\0\0", iov_len=32}], msg_iovlen=1, msg_controllen=0, msg_flags=0}, 0) = 32
4123  <... recvmsg resumed>{msg_namelen=0}, 0) = -1 EAGAIN (Resource temporarily unavailable)
2238  sendmsg(34, {msg_name=NULL, msg_namelen=0, msg_iov=[{iov_base="\2\0\0\0\0\0\0\0\301\10\0\0\0\0\0\0\2\0\0\0\0\0\0\0\377\377\377\377\0\0\0\0", iov_len=32}], msg_iovlen=1, msg_controllen=0, msg_flags=0}, 0 <unfinished ...>
4124  close(12 <unfinished ...>
4123  epoll_wait(32,  <unfinished ...>
4125  <... epoll_wait resumed>[{EPOLLIN, {u32=2322358984, u64=140653911368392}}], 512, -1) = 1
4124  <... close resumed>)              = 0
2238  <... sendmsg resumed>)            = 32
4125  recvmsg(35,  <unfinished ...>
2238  sendmsg(36, {msg_name=NULL, msg_namelen=0, msg_iov=[{iov_base="\2\0\0\0\0\0\0\0\301\10\0\0\0\0\0\0\2\0\0\0\0\0\0\0\377\377\377\377\0\0\0\0", iov_len=32}], msg_iovlen=1, msg_controllen=0, msg_flags=0}, 0 <unfinished ...>
4125  <... recvmsg resumed>{msg_name=NULL, msg_namelen=0, msg_iov=[{iov_base="\2\0\0\0\0\0\0\0\301\10\0\0\0\0\0\0\2\0\0\0\0\0\0\0\377\377\377\377\0\0\0\0", iov_len=32}], msg_iovlen=1, msg_controllen=0, msg_flags=0}, 0) = 32
4124  recvmsg(33,  <unfinished ...>
4126  <... epoll_wait resumed>[{EPOLLIN, {u32=2322358984, u64=140653911368392}}], 512, -1) = 1
4125  close(12 <unfinished ...>
2238  <... sendmsg resumed>)            = 32
4126  recvmsg(37,  <unfinished ...>
4125  <... close resumed>)              = 0
4124  <... recvmsg resumed>{msg_namelen=0}, 0) = -1 EAGAIN (Resource temporarily unavailable)
4126  <... recvmsg resumed>{msg_name=NULL, msg_namelen=0, msg_iov=[{iov_base="\2\0\0\0\0\0\0\0\301\10\0\0\0\0\0\0\2\0\0\0\0\0\0\0\377\377\377\377\0\0\0\0", iov_len=32}], msg_iovlen=1, msg_controllen=0, msg_flags=0}, 0) = 32
4125  recvmsg(35,  <unfinished ...>
2238  sendmsg(38, {msg_name=NULL, msg_namelen=0, msg_iov=[{iov_base="\2\0\0\0\0\0\0\0\301\10\0\0\0\0\0\0\2\0\0\0\0\0\0\0\377\377\377\377\0\0\0\0", iov_len=32}], msg_iovlen=1, msg_controllen=0, msg_flags=0}, 0 <unfinished ...>
4126  close(12 <unfinished ...>
4125  <... recvmsg resumed>{msg_namelen=0}, 0) = -1 EAGAIN (Resource temporarily unavailable)
4124  epoll_wait(34,  <unfinished ...>
4127  <... epoll_wait resumed>[{EPOLLIN, {u32=2322358984, u64=140653911368392}}], 512, -1) = 1
4126  <... close resumed>)              = 0
4125  epoll_wait(36,  <unfinished ...>
2238  <... sendmsg resumed>)            = 32
4127  recvmsg(39,  <unfinished ...>
4126  recvmsg(37,  <unfinished ...>
4127  <... recvmsg resumed>{msg_name=NULL, msg_namelen=0, msg_iov=[{iov_base="\2\0\0\0\0\0\0\0\301\10\0\0\0\0\0\0\2\0\0\0\0\0\0\0\377\377\377\377\0\0\0\0", iov_len=32}], msg_iovlen=1, msg_controllen=0, msg_flags=0}, 0) = 32
2238  close(14 <unfinished ...>
4127  close(12 <unfinished ...>
4126  <... recvmsg resumed>{msg_namelen=0}, 0) = -1 EAGAIN (Resource temporarily unavailable)
4127  <... close resumed>)              = 0
2238  <... close resumed>)              = 0
4127  recvmsg(39,  <unfinished ...>
4126  epoll_wait(38,  <unfinished ...>
2238  close(15 <unfinished ...>
4127  <... recvmsg resumed>{msg_namelen=0}, 0) = -1 EAGAIN (Resource temporarily unavailable)
2238  <... close resumed>)              = 0
4127  epoll_wait(40,  <unfinished ...>
2238  sendmsg(4, {msg_name=NULL, msg_namelen=0, msg_iov=[{iov_base="\2\0\0\0\0\0\0\0\302\10\0\0\0\0\0\0\3\0\0\0\0\0\0\0\377\377\377\377\0\0\0\0", iov_len=32}], msg_iovlen=1, msg_controllen=0, msg_flags=0}, 0 <unfinished ...>
4120  <... epoll_wait resumed>[{EPOLLIN, {u32=2322358984, u64=140653911368392}}], 512, -1) = 1
2238  <... sendmsg resumed>)            = 32
4120  recvmsg(5,  <unfinished ...>
2238  sendmsg(26, {msg_name=NULL, msg_namelen=0, msg_iov=[{iov_base="\2\0\0\0\0\0\0\0\302\10\0\0\0\0\0\0\3\0\0\0\0\0\0\0\377\377\377\377\0\0\0\0", iov_len=32}], msg_iovlen=1, msg_controllen=0, msg_flags=0}, 0 <unfinished ...>
4120  <... recvmsg resumed>{msg_name=NULL, msg_namelen=0, msg_iov=[{iov_base="\2\0\0\0\0\0\0\0\302\10\0\0\0\0\0\0\3\0\0\0\0\0\0\0\377\377\377\377\0\0\0\0", iov_len=32}], msg_iovlen=1, msg_controllen=0, msg_flags=0}, 0) = 32
2238  <... sendmsg resumed>)            = 32
4121  <... epoll_wait resumed>[{EPOLLIN, {u32=2322358984, u64=140653911368392}}], 512, -1) = 1
4120  close(14 <unfinished ...>
4121  recvmsg(27,  <unfinished ...>
2238  sendmsg(28, {msg_name=NULL, msg_namelen=0, msg_iov=[{iov_base="\2\0\0\0\0\0\0\0\302\10\0\0\0\0\0\0\3\0\0\0\0\0\0\0\377\377\377\377\0\0\0\0", iov_len=32}], msg_iovlen=1, msg_controllen=0, msg_flags=0}, 0 <unfinished ...>
4121  <... recvmsg resumed>{msg_name=NULL, msg_namelen=0, msg_iov=[{iov_base="\2\0\0\0\0\0\0\0\302\10\0\0\0\0\0\0\3\0\0\0\0\0\0\0\377\377\377\377\0\0\0\0", iov_len=32}], msg_iovlen=1, msg_controllen=0, msg_flags=0}, 0) = 32
4120  <... close resumed>)              = 0
4122  <... epoll_wait resumed>[{EPOLLIN, {u32=2322358984, u64=140653911368392}}], 512, -1) = 1
4121  close(14 <unfinished ...>
4120  recvmsg(5,  <unfinished ...>
2238  <... sendmsg resumed>)            = 32
4122  recvmsg(29,  <unfinished ...>
4121  <... close resumed>)              = 0
4120  <... recvmsg resumed>{msg_namelen=0}, 0) = -1 EAGAIN (Resource temporarily unavailable)
4122  <... recvmsg resumed>{msg_name=NULL, msg_namelen=0, msg_iov=[{iov_base="\2\0\0\0\0\0\0\0\302\10\0\0\0\0\0\0\3\0\0\0\0\0\0\0\377\377\377\377\0\0\0\0", iov_len=32}], msg_iovlen=1, msg_controllen=0, msg_flags=0}, 0) = 32
4121  recvmsg(27,  <unfinished ...>
2238  sendmsg(30, {msg_name=NULL, msg_namelen=0, msg_iov=[{iov_base="\2\0\0\0\0\0\0\0\302\10\0\0\0\0\0\0\3\0\0\0\0\0\0\0\377\377\377\377\0\0\0\0", iov_len=32}], msg_iovlen=1, msg_controllen=0, msg_flags=0}, 0 <unfinished ...>
4122  close(14 <unfinished ...>
4121  <... recvmsg resumed>{msg_namelen=0}, 0) = -1 EAGAIN (Resource temporarily unavailable)
4120  epoll_wait(26,  <unfinished ...>
4123  <... epoll_wait resumed>[{EPOLLIN, {u32=2322358984, u64=140653911368392}}], 512, -1) = 1
4122  <... close resumed>)              = 0
4121  epoll_wait(28,  <unfinished ...>
2238  <... sendmsg resumed>)            = 32
4123  recvmsg(31,  <unfinished ...>
4122  recvmsg(29,  <unfinished ...>
4123  <... recvmsg resumed>{msg_name=NULL, msg_namelen=0, msg_iov=[{iov_base="\2\0\0\0\0\0\0\0\302\10\0\0\0\0\0\0\3\0\0\0\0\0\0\0\377\377\377\377\0\0\0\0", iov_len=32}], msg_iovlen=1, msg_controllen=0, msg_flags=0}, 0) = 32
2238  sendmsg(32, {msg_name=NULL, msg_namelen=0, msg_iov=[{iov_base="\2\0\0\0\0\0\0\0\302\10\0\0\0\0\0\0\3\0\0\0\0\0\0\0\377\377\377\377\0\0\0\0", iov_len=32}], msg_iovlen=1, msg_controllen=0, msg_flags=0}, 0 <unfinished ...>
4123  close(14 <unfinished ...>
4122  <... recvmsg resumed>{msg_namelen=0}, 0) = -1 EAGAIN (Resource temporarily unavailable)
4124  <... epoll_wait resumed>[{EPOLLIN, {u32=2322358984, u64=140653911368392}}], 512, -1) = 1
4123  <... close resumed>)              = 0
2238  <... sendmsg resumed>)            = 32
4124  recvmsg(33,  <unfinished ...>
4123  recvmsg(31,  <unfinished ...>
4122  epoll_wait(30,  <unfinished ...>
4124  <... recvmsg resumed>{msg_name=NULL, msg_namelen=0, msg_iov=[{iov_base="\2\0\0\0\0\0\0\0\302\10\0\0\0\0\0\0\3\0\0\0\0\0\0\0\377\377\377\377\0\0\0\0", iov_len=32}], msg_iovlen=1, msg_controllen=0, msg_flags=0}, 0) = 32
4123  <... recvmsg resumed>{msg_namelen=0}, 0) = -1 EAGAIN (Resource temporarily unavailable)
2238  sendmsg(34, {msg_name=NULL, msg_namelen=0, msg_iov=[{iov_base="\2\0\0\0\0\0\0\0\302\10\0\0\0\0\0\0\3\0\0\0\0\0\0\0\377\377\377\377\0\0\0\0", iov_len=32}], msg_iovlen=1, msg_controllen=0, msg_flags=0}, 0 <unfinished ...>
4124  close(14 <unfinished ...>
4123  epoll_wait(32,  <unfinished ...>
4125  <... epoll_wait resumed>[{EPOLLIN, {u32=2322358984, u64=140653911368392}}], 512, -1) = 1
4124  <... close resumed>)              = 0
2238  <... sendmsg resumed>)            = 32
4125  recvmsg(35,  <unfinished ...>
4124  recvmsg(33,  <unfinished ...>
4125  <... recvmsg resumed>{msg_name=NULL, msg_namelen=0, msg_iov=[{iov_base="\2\0\0\0\0\0\0\0\302\10\0\0\0\0\0\0\3\0\0\0\0\0\0\0\377\377\377\377\0\0\0\0", iov_len=32}], msg_iovlen=1, msg_controllen=0, msg_flags=0}, 0) = 32
2238  sendmsg(36, {msg_name=NULL, msg_namelen=0, msg_iov=[{iov_base="\2\0\0\0\0\0\0\0\302\10\0\0\0\0\0\0\3\0\0\0\0\0\0\0\377\377\377\377\0\0\0\0", iov_len=32}], msg_iovlen=1, msg_controllen=0, msg_flags=0}, 0 <unfinished ...>
4125  close(14 <unfinished ...>
4124  <... recvmsg resumed>{msg_namelen=0}, 0) = -1 EAGAIN (Resource temporarily unavailable)
4126  <... epoll_wait resumed>[{EPOLLIN, {u32=2322358984, u64=140653911368392}}], 512, -1) = 1
4125  <... close resumed>)              = 0
2238  <... sendmsg resumed>)            = 32
4126  recvmsg(37,  <unfinished ...>
4125  recvmsg(35,  <unfinished ...>
4124  epoll_wait(34,  <unfinished ...>
4126  <... recvmsg resumed>{msg_name=NULL, msg_namelen=0, msg_iov=[{iov_base="\2\0\0\0\0\0\0\0\302\10\0\0\0\0\0\0\3\0\0\0\0\0\0\0\377\377\377\377\0\0\0\0", iov_len=32}], msg_iovlen=1, msg_controllen=0, msg_flags=0}, 0) = 32
4125  <... recvmsg resumed>{msg_namelen=0}, 0) = -1 EAGAIN (Resource temporarily unavailable)
2238  sendmsg(38, {msg_name=NULL, msg_namelen=0, msg_iov=[{iov_base="\2\0\0\0\0\0\0\0\302\10\0\0\0\0\0\0\3\0\0\0\0\0\0\0\377\377\377\377\0\0\0\0", iov_len=32}], msg_iovlen=1, msg_controllen=0, msg_flags=0}, 0 <unfinished ...>
4126  close(14 <unfinished ...>
4125  epoll_wait(36,  <unfinished ...>
4127  <... epoll_wait resumed>[{EPOLLIN, {u32=2322358984, u64=140653911368392}}], 512, -1) = 1
4126  <... close resumed>)              = 0
2238  <... sendmsg resumed>)            = 32
4127  recvmsg(39,  <unfinished ...>
4126  recvmsg(37,  <unfinished ...>
4127  <... recvmsg resumed>{msg_name=NULL, msg_namelen=0, msg_iov=[{iov_base="\2\0\0\0\0\0\0\0\302\10\0\0\0\0\0\0\3\0\0\0\0\0\0\0\377\377\377\377\0\0\0\0", iov_len=32}], msg_iovlen=1, msg_controllen=0, msg_flags=0}, 0) = 32
2238  close(16 <unfinished ...>
4127  close(14 <unfinished ...>
4126  <... recvmsg resumed>{msg_namelen=0}, 0) = -1 EAGAIN (Resource temporarily unavailable)
4127  <... close resumed>)              = 0
2238  <... close resumed>)              = 0
4127  recvmsg(39,  <unfinished ...>
4126  epoll_wait(38,  <unfinished ...>
4127  <... recvmsg resumed>{msg_namelen=0}, 0) = -1 EAGAIN (Resource temporarily unavailable)
2238  close(17 <unfinished ...>
4127  epoll_wait(40,  <unfinished ...>
2238  <... close resumed>)              = 0
2238  sendmsg(4, {msg_name=NULL, msg_namelen=0, msg_iov=[{iov_base="\2\0\0\0\0\0\0\0\304\10\0\0\0\0\0\0\4\0\0\0\0\0\0\0\377\377\377\377\0\0\0\0", iov_len=32}], msg_iovlen=1, msg_controllen=0, msg_flags=0}, 0 <unfinished ...>
4120  <... epoll_wait resumed>[{EPOLLIN, {u32=2322358984, u64=140653911368392}}], 512, -1) = 1
2238  <... sendmsg resumed>)            = 32
4120  recvmsg(5,  <unfinished ...>
2238  sendmsg(26, {msg_name=NULL, msg_namelen=0, msg_iov=[{iov_base="\2\0\0\0\0\0\0\0\304\10\0\0\0\0\0\0\4\0\0\0\0\0\0\0\377\377\377\377\0\0\0\0", iov_len=32}], msg_iovlen=1, msg_controllen=0, msg_flags=0}, 0 <unfinished ...>
4120  <... recvmsg resumed>{msg_name=NULL, msg_namelen=0, msg_iov=[{iov_base="\2\0\0\0\0\0\0\0\304\10\0\0\0\0\0\0\4\0\0\0\0\0\0\0\377\377\377\377\0\0\0\0", iov_len=32}], msg_iovlen=1, msg_controllen=0, msg_flags=0}, 0) = 32
2238  <... sendmsg resumed>)            = 32
4121  <... epoll_wait resumed>[{EPOLLIN, {u32=2322358984, u64=140653911368392}}], 512, -1) = 1
4120  close(16 <unfinished ...>
4121  recvmsg(27,  <unfinished ...>
2238  sendmsg(28, {msg_name=NULL, msg_namelen=0, msg_iov=[{iov_base="\2\0\0\0\0\0\0\0\304\10\0\0\0\0\0\0\4\0\0\0\0\0\0\0\377\377\377\377\0\0\0\0", iov_len=32}], msg_iovlen=1, msg_controllen=0, msg_flags=0}, 0 <unfinished ...>
4121  <... recvmsg resumed>{msg_name=NULL, msg_namelen=0, msg_iov=[{iov_base="\2\0\0\0\0\0\0\0\304\10\0\0\0\0\0\0\4\0\0\0\0\0\0\0\377\377\377\377\0\0\0\0", iov_len=32}], msg_iovlen=1, msg_controllen=0, msg_flags=0}, 0) = 32
4120  <... close resumed>)              = 0
4122  <... epoll_wait resumed>[{EPOLLIN, {u32=2322358984, u64=140653911368392}}], 512, -1) = 1
4121  close(16 <unfinished ...>
2238  <... sendmsg resumed>)            = 32
4122  recvmsg(29,  <unfinished ...>
4121  <... close resumed>)              = 0
4120  recvmsg(5,  <unfinished ...>
4122  <... recvmsg resumed>{msg_name=NULL, msg_namelen=0, msg_iov=[{iov_base="\2\0\0\0\0\0\0\0\304\10\0\0\0\0\0\0\4\0\0\0\0\0\0\0\377\377\377\377\0\0\0\0", iov_len=32}], msg_iovlen=1, msg_controllen=0, msg_flags=0}, 0) = 32
4121  recvmsg(27,  <unfinished ...>
2238  sendmsg(30, {msg_name=NULL, msg_namelen=0, msg_iov=[{iov_base="\2\0\0\0\0\0\0\0\304\10\0\0\0\0\0\0\4\0\0\0\0\0\0\0\377\377\377\377\0\0\0\0", iov_len=32}], msg_iovlen=1, msg_controllen=0, msg_flags=0}, 0 <unfinished ...>
4122  close(16 <unfinished ...>
4121  <... recvmsg resumed>{msg_namelen=0}, 0) = -1 EAGAIN (Resource temporarily unavailable)
4120  <... recvmsg resumed>{msg_namelen=0}, 0) = -1 EAGAIN (Resource temporarily unavailable)
4123  <... epoll_wait resumed>[{EPOLLIN, {u32=2322358984, u64=140653911368392}}], 512, -1) = 1
4122  <... close resumed>)              = 0
2238  <... sendmsg resumed>)            = 32
4123  recvmsg(31,  <unfinished ...>
4122  recvmsg(29,  <unfinished ...>
4121  epoll_wait(28,  <unfinished ...>
4120  epoll_wait(26,  <unfinished ...>
4123  <... recvmsg resumed>{msg_name=NULL, msg_namelen=0, msg_iov=[{iov_base="\2\0\0\0\0\0\0\0\304\10\0\0\0\0\0\0\4\0\0\0\0\0\0\0\377\377\377\377\0\0\0\0", iov_len=32}], msg_iovlen=1, msg_controllen=0, msg_flags=0}, 0) = 32
4122  <... recvmsg resumed>{msg_namelen=0}, 0) = -1 EAGAIN (Resource temporarily unavailable)
2238  sendmsg(32, {msg_name=NULL, msg_namelen=0, msg_iov=[{iov_base="\2\0\0\0\0\0\0\0\304\10\0\0\0\0\0\0\4\0\0\0\0\0\0\0\377\377\377\377\0\0\0\0", iov_len=32}], msg_iovlen=1, msg_controllen=0, msg_flags=0}, 0 <unfinished ...>
4123  close(16 <unfinished ...>
4122  epoll_wait(30,  <unfinished ...>
4124  <... epoll_wait resumed>[{EPOLLIN, {u32=2322358984, u64=140653911368392}}], 512, -1) = 1
4123  <... close resumed>)              = 0
2238  <... sendmsg resumed>)            = 32
4124  recvmsg(33,  <unfinished ...>
4123  recvmsg(31,  <unfinished ...>
4124  <... recvmsg resumed>{msg_name=NULL, msg_namelen=0, msg_iov=[{iov_base="\2\0\0\0\0\0\0\0\304\10\0\0\0\0\0\0\4\0\0\0\0\0\0\0\377\377\377\377\0\0\0\0", iov_len=32}], msg_iovlen=1, msg_controllen=0, msg_flags=0}, 0) = 32
2238  sendmsg(34, {msg_name=NULL, msg_namelen=0, msg_iov=[{iov_base="\2\0\0\0\0\0\0\0\304\10\0\0\0\0\0\0\4\0\0\0\0\0\0\0\377\377\377\377\0\0\0\0", iov_len=32}], msg_iovlen=1, msg_controllen=0, msg_flags=0}, 0 <unfinished ...>
4124  close(16 <unfinished ...>
4123  <... recvmsg resumed>{msg_namelen=0}, 0) = -1 EAGAIN (Resource temporarily unavailable)
4125  <... epoll_wait resumed>[{EPOLLIN, {u32=2322358984, u64=140653911368392}}], 512, -1) = 1
4124  <... close resumed>)              = 0
2238  <... sendmsg resumed>)            = 32
4125  recvmsg(35,  <unfinished ...>
4124  recvmsg(33,  <unfinished ...>
4123  epoll_wait(32,  <unfinished ...>
4125  <... recvmsg resumed>{msg_name=NULL, msg_namelen=0, msg_iov=[{iov_base="\2\0\0\0\0\0\0\0\304\10\0\0\0\0\0\0\4\0\0\0\0\0\0\0\377\377\377\377\0\0\0\0", iov_len=32}], msg_iovlen=1, msg_controllen=0, msg_flags=0}, 0) = 32
4124  <... recvmsg resumed>{msg_namelen=0}, 0) = -1 EAGAIN (Resource temporarily unavailable)
2238  sendmsg(36, {msg_name=NULL, msg_namelen=0, msg_iov=[{iov_base="\2\0\0\0\0\0\0\0\304\10\0\0\0\0\0\0\4\0\0\0\0\0\0\0\377\377\377\377\0\0\0\0", iov_len=32}], msg_iovlen=1, msg_controllen=0, msg_flags=0}, 0 <unfinished ...>
4125  close(16 <unfinished ...>
4124  epoll_wait(34,  <unfinished ...>
4126  <... epoll_wait resumed>[{EPOLLIN, {u32=2322358984, u64=140653911368392}}], 512, -1) = 1
4125  <... close resumed>)              = 0
2238  <... sendmsg resumed>)            = 32
4126  recvmsg(37,  <unfinished ...>
4125  recvmsg(35,  <unfinished ...>
4126  <... recvmsg resumed>{msg_name=NULL, msg_namelen=0, msg_iov=[{iov_base="\2\0\0\0\0\0\0\0\304\10\0\0\0\0\0\0\4\0\0\0\0\0\0\0\377\377\377\377\0\0\0\0", iov_len=32}], msg_iovlen=1, msg_controllen=0, msg_flags=0}, 0) = 32
2238  sendmsg(38, {msg_name=NULL, msg_namelen=0, msg_iov=[{iov_base="\2\0\0\0\0\0\0\0\304\10\0\0\0\0\0\0\4\0\0\0\0\0\0\0\377\377\377\377\0\0\0\0", iov_len=32}], msg_iovlen=1, msg_controllen=0, msg_flags=0}, 0 <unfinished ...>
4126  close(16 <unfinished ...>
4125  <... recvmsg resumed>{msg_namelen=0}, 0) = -1 EAGAIN (Resource temporarily unavailable)
4127  <... epoll_wait resumed>[{EPOLLIN, {u32=2322358984, u64=140653911368392}}], 512, -1) = 1
4126  <... close resumed>)              = 0
2238  <... sendmsg resumed>)            = 32
4127  recvmsg(39,  <unfinished ...>
4126  recvmsg(37,  <unfinished ...>
4125  epoll_wait(36,  <unfinished ...>
2238  close(18 <unfinished ...>
4127  <... recvmsg resumed>{msg_name=NULL, msg_namelen=0, msg_iov=[{iov_base="\2\0\0\0\0\0\0\0\304\10\0\0\0\0\0\0\4\0\0\0\0\0\0\0\377\377\377\377\0\0\0\0", iov_len=32}], msg_iovlen=1, msg_controllen=0, msg_flags=0}, 0) = 32
4126  <... recvmsg resumed>{msg_namelen=0}, 0) = -1 EAGAIN (Resource temporarily unavailable)
4127  close(16 <unfinished ...>
2238  <... close resumed>)              = 0
4127  <... close resumed>)              = 0
4126  epoll_wait(38,  <unfinished ...>
4127  recvmsg(39,  <unfinished ...>
2238  close(19 <unfinished ...>
4127  <... recvmsg resumed>{msg_namelen=0}, 0) = -1 EAGAIN (Resource temporarily unavailable)
2238  <... close resumed>)              = 0
4127  epoll_wait(40,  <unfinished ...>
2238  sendmsg(4, {msg_name=NULL, msg_namelen=0, msg_iov=[{iov_base="\2\0\0\0\0\0\0\0\305\10\0\0\0\0\0\0\5\0\0\0\0\0\0\0\377\377\377\377\0\0\0\0", iov_len=32}], msg_iovlen=1, msg_controllen=0, msg_flags=0}, 0 <unfinished ...>
4120  <... epoll_wait resumed>[{EPOLLIN, {u32=2322358984, u64=140653911368392}}], 512, -1) = 1
2238  <... sendmsg resumed>)            = 32
4120  recvmsg(5,  <unfinished ...>
2238  sendmsg(26, {msg_name=NULL, msg_namelen=0, msg_iov=[{iov_base="\2\0\0\0\0\0\0\0\305\10\0\0\0\0\0\0\5\0\0\0\0\0\0\0\377\377\377\377\0\0\0\0", iov_len=32}], msg_iovlen=1, msg_controllen=0, msg_flags=0}, 0 <unfinished ...>
4120  <... recvmsg resumed>{msg_name=NULL, msg_namelen=0, msg_iov=[{iov_base="\2\0\0\0\0\0\0\0\305\10\0\0\0\0\0\0\5\0\0\0\0\0\0\0\377\377\377\377\0\0\0\0", iov_len=32}], msg_iovlen=1, msg_controllen=0, msg_flags=0}, 0) = 32
4121  <... epoll_wait resumed>[{EPOLLIN, {u32=2322358984, u64=140653911368392}}], 512, -1) = 1
2238  <... sendmsg resumed>)            = 32
4121  recvmsg(27,  <unfinished ...>
4120  close(18 <unfinished ...>
4121  <... recvmsg resumed>{msg_name=NULL, msg_namelen=0, msg_iov=[{iov_base="\2\0\0\0\0\0\0\0\305\10\0\0\0\0\0\0\5\0\0\0\0\0\0\0\377\377\377\377\0\0\0\0", iov_len=32}], msg_iovlen=1, msg_controllen=0, msg_flags=0}, 0) = 32
2238  sendmsg(28, {msg_name=NULL, msg_namelen=0, msg_iov=[{iov_base="\2\0\0\0\0\0\0\0\305\10\0\0\0\0\0\0\5\0\0\0\0\0\0\0\377\377\377\377\0\0\0\0", iov_len=32}], msg_iovlen=1, msg_controllen=0, msg_flags=0}, 0 <unfinished ...>
4121  close(18 <unfinished ...>
4120  <... close resumed>)              = 0
4122  <... epoll_wait resumed>[{EPOLLIN, {u32=2322358984, u64=140653911368392}}], 512, -1) = 1
4121  <... close resumed>)              = 0
2238  <... sendmsg resumed>)            = 32
4122  recvmsg(29,  <unfinished ...>
4121  recvmsg(27,  <unfinished ...>
4120  recvmsg(5,  <unfinished ...>
4122  <... recvmsg resumed>{msg_name=NULL, msg_namelen=0, msg_iov=[{iov_base="\2\0\0\0\0\0\0\0\305\10\0\0\0\0\0\0\5\0\0\0\0\0\0\0\377\377\377\377\0\0\0\0", iov_len=32}], msg_iovlen=1, msg_controllen=0, msg_flags=0}, 0) = 32
4121  <... recvmsg resumed>{msg_namelen=0}, 0) = -1 EAGAIN (Resource temporarily unavailable)
2238  sendmsg(30, {msg_name=NULL, msg_namelen=0, msg_iov=[{iov_base="\2\0\0\0\0\0\0\0\305\10\0\0\0\0\0\0\5\0\0\0\0\0\0\0\377\377\377\377\0\0\0\0", iov_len=32}], msg_iovlen=1, msg_controllen=0, msg_flags=0}, 0 <unfinished ...>
4122  close(18 <unfinished ...>
4121  epoll_wait(28,  <unfinished ...>
4120  <... recvmsg resumed>{msg_namelen=0}, 0) = -1 EAGAIN (Resource temporarily unavailable)
4123  <... epoll_wait resumed>[{EPOLLIN, {u32=2322358984, u64=140653911368392}}], 512, -1) = 1
4122  <... close resumed>)              = 0
2238  <... sendmsg resumed>)            = 32
4123  recvmsg(31,  <unfinished ...>
4122  recvmsg(29,  <unfinished ...>
4120  epoll_wait(26,  <unfinished ...>
4123  <... recvmsg resumed>{msg_name=NULL, msg_namelen=0, msg_iov=[{iov_base="\2\0\0\0\0\0\0\0\305\10\0\0\0\0\0\0\5\0\0\0\0\0\0\0\377\377\377\377\0\0\0\0", iov_len=32}], msg_iovlen=1, msg_controllen=0, msg_flags=0}, 0) = 32
4122  <... recvmsg resumed>{msg_namelen=0}, 0) = -1 EAGAIN (Resource temporarily unavailable)
2238  sendmsg(32, {msg_name=NULL, msg_namelen=0, msg_iov=[{iov_base="\2\0\0\0\0\0\0\0\305\10\0\0\0\0\0\0\5\0\0\0\0\0\0\0\377\377\377\377\0\0\0\0", iov_len=32}], msg_iovlen=1, msg_controllen=0, msg_flags=0}, 0 <unfinished ...>
4123  close(18 <unfinished ...>
4122  epoll_wait(30,  <unfinished ...>
4124  <... epoll_wait resumed>[{EPOLLIN, {u32=2322358984, u64=140653911368392}}], 512, -1) = 1
4123  <... close resumed>)              = 0
2238  <... sendmsg resumed>)            = 32
4124  recvmsg(33,  <unfinished ...>
4123  recvmsg(31,  <unfinished ...>
4124  <... recvmsg resumed>{msg_name=NULL, msg_namelen=0, msg_iov=[{iov_base="\2\0\0\0\0\0\0\0\305\10\0\0\0\0\0\0\5\0\0\0\0\0\0\0\377\377\377\377\0\0\0\0", iov_len=32}], msg_iovlen=1, msg_controllen=0, msg_flags=0}, 0) = 32
2238  sendmsg(34, {msg_name=NULL, msg_namelen=0, msg_iov=[{iov_base="\2\0\0\0\0\0\0\0\305\10\0\0\0\0\0\0\5\0\0\0\0\0\0\0\377\377\377\377\0\0\0\0", iov_len=32}], msg_iovlen=1, msg_controllen=0, msg_flags=0}, 0 <unfinished ...>
4124  close(18 <unfinished ...>
4123  <... recvmsg resumed>{msg_namelen=0}, 0) = -1 EAGAIN (Resource temporarily unavailable)
4125  <... epoll_wait resumed>[{EPOLLIN, {u32=2322358984, u64=140653911368392}}], 512, -1) = 1
4124  <... close resumed>)              = 0
2238  <... sendmsg resumed>)            = 32
4125  recvmsg(35,  <unfinished ...>
4124  recvmsg(33,  <unfinished ...>
4123  epoll_wait(32,  <unfinished ...>
4125  <... recvmsg resumed>{msg_name=NULL, msg_namelen=0, msg_iov=[{iov_base="\2\0\0\0\0\0\0\0\305\10\0\0\0\0\0\0\5\0\0\0\0\0\0\0\377\377\377\377\0\0\0\0", iov_len=32}], msg_iovlen=1, msg_controllen=0, msg_flags=0}, 0) = 32
4124  <... recvmsg resumed>{msg_namelen=0}, 0) = -1 EAGAIN (Resource temporarily unavailable)
2238  sendmsg(36, {msg_name=NULL, msg_namelen=0, msg_iov=[{iov_base="\2\0\0\0\0\0\0\0\305\10\0\0\0\0\0\0\5\0\0\0\0\0\0\0\377\377\377\377\0\0\0\0", iov_len=32}], msg_iovlen=1, msg_controllen=0, msg_flags=0}, 0 <unfinished ...>
4125  close(18 <unfinished ...>
4124  epoll_wait(34,  <unfinished ...>
4126  <... epoll_wait resumed>[{EPOLLIN, {u32=2322358984, u64=140653911368392}}], 512, -1) = 1
4125  <... close resumed>)              = 0
2238  <... sendmsg resumed>)            = 32
4126  recvmsg(37,  <unfinished ...>
4125  recvmsg(35,  <unfinished ...>
4126  <... recvmsg resumed>{msg_name=NULL, msg_namelen=0, msg_iov=[{iov_base="\2\0\0\0\0\0\0\0\305\10\0\0\0\0\0\0\5\0\0\0\0\0\0\0\377\377\377\377\0\0\0\0", iov_len=32}], msg_iovlen=1, msg_controllen=0, msg_flags=0}, 0) = 32
2238  sendmsg(38, {msg_name=NULL, msg_namelen=0, msg_iov=[{iov_base="\2\0\0\0\0\0\0\0\305\10\0\0\0\0\0\0\5\0\0\0\0\0\0\0\377\377\377\377\0\0\0\0", iov_len=32}], msg_iovlen=1, msg_controllen=0, msg_flags=0}, 0 <unfinished ...>
4126  close(18 <unfinished ...>
4125  <... recvmsg resumed>{msg_namelen=0}, 0) = -1 EAGAIN (Resource temporarily unavailable)
4127  <... epoll_wait resumed>[{EPOLLIN, {u32=2322358984, u64=140653911368392}}], 512, -1) = 1
4126  <... close resumed>)              = 0
2238  <... sendmsg resumed>)            = 32
4127  recvmsg(39,  <unfinished ...>
4126  recvmsg(37,  <unfinished ...>
4125  epoll_wait(36,  <unfinished ...>
4127  <... recvmsg resumed>{msg_name=NULL, msg_namelen=0, msg_iov=[{iov_base="\2\0\0\0\0\0\0\0\305\10\0\0\0\0\0\0\5\0\0\0\0\0\0\0\377\377\377\377\0\0\0\0", iov_len=32}], msg_iovlen=1, msg_controllen=0, msg_flags=0}, 0) = 32
4126  <... recvmsg resumed>{msg_namelen=0}, 0) = -1 EAGAIN (Resource temporarily unavailable)
2238  close(20 <unfinished ...>
4127  close(18 <unfinished ...>
4126  epoll_wait(38,  <unfinished ...>
4127  <... close resumed>)              = 0
2238  <... close resumed>)              = 0
4127  recvmsg(39,  <unfinished ...>
2238  close(21 <unfinished ...>
4127  <... recvmsg resumed>{msg_namelen=0}, 0) = -1 EAGAIN (Resource temporarily unavailable)
2238  <... close resumed>)              = 0
4127  epoll_wait(40,  <unfinished ...>
2238  sendmsg(4, {msg_name=NULL, msg_namelen=0, msg_iov=[{iov_base="\2\0\0\0\0\0\0\0\306\10\0\0\0\0\0\0\6\0\0\0\0\0\0\0\377\377\377\377\0\0\0\0", iov_len=32}], msg_iovlen=1, msg_controllen=0, msg_flags=0}, 0 <unfinished ...>
4120  <... epoll_wait resumed>[{EPOLLIN, {u32=2322358984, u64=140653911368392}}], 512, -1) = 1
2238  <... sendmsg resumed>)            = 32
4120  recvmsg(5,  <unfinished ...>
2238  sendmsg(26, {msg_name=NULL, msg_namelen=0, msg_iov=[{iov_base="\2\0\0\0\0\0\0\0\306\10\0\0\0\0\0\0\6\0\0\0\0\0\0\0\377\377\377\377\0\0\0\0", iov_len=32}], msg_iovlen=1, msg_controllen=0, msg_flags=0}, 0 <unfinished ...>
4120  <... recvmsg resumed>{msg_name=NULL, msg_namelen=0, msg_iov=[{iov_base="\2\0\0\0\0\0\0\0\306\10\0\0\0\0\0\0\6\0\0\0\0\0\0\0\377\377\377\377\0\0\0\0", iov_len=32}], msg_iovlen=1, msg_controllen=0, msg_flags=0}, 0) = 32
4121  <... epoll_wait resumed>[{EPOLLIN, {u32=2322358984, u64=140653911368392}}], 512, -1) = 1
2238  <... sendmsg resumed>)            = 32
4120  close(20 <unfinished ...>
4121  recvmsg(27,  <unfinished ...>
2238  sendmsg(28, {msg_name=NULL, msg_namelen=0, msg_iov=[{iov_base="\2\0\0\0\0\0\0\0\306\10\0\0\0\0\0\0\6\0\0\0\0\0\0\0\377\377\377\377\0\0\0\0", iov_len=32}], msg_iovlen=1, msg_controllen=0, msg_flags=0}, 0 <unfinished ...>
4121  <... recvmsg resumed>{msg_name=NULL, msg_namelen=0, msg_iov=[{iov_base="\2\0\0\0\0\0\0\0\306\10\0\0\0\0\0\0\6\0\0\0\0\0\0\0\377\377\377\377\0\0\0\0", iov_len=32}], msg_iovlen=1, msg_controllen=0, msg_flags=0}, 0) = 32
4120  <... close resumed>)              = 0
4122  <... epoll_wait resumed>[{EPOLLIN, {u32=2322358984, u64=140653911368392}}], 512, -1) = 1
4121  close(20 <unfinished ...>
2238  <... sendmsg resumed>)            = 32
4122  recvmsg(29,  <unfinished ...>
4121  <... close resumed>)              = 0
4120  recvmsg(5,  <unfinished ...>
4122  <... recvmsg resumed>{msg_name=NULL, msg_namelen=0, msg_iov=[{iov_base="\2\0\0\0\0\0\0\0\306\10\0\0\0\0\0\0\6\0\0\0\0\0\0\0\377\377\377\377\0\0\0\0", iov_len=32}], msg_iovlen=1, msg_controllen=0, msg_flags=0}, 0) = 32
4121  recvmsg(27,  <unfinished ...>
2238  sendmsg(30, {msg_name=NULL, msg_namelen=0, msg_iov=[{iov_base="\2\0\0\0\0\0\0\0\306\10\0\0\0\0\0\0\6\0\0\0\0\0\0\0\377\377\377\377\0\0\0\0", iov_len=32}], msg_iovlen=1, msg_controllen=0, msg_flags=0}, 0 <unfinished ...>
4122  close(20 <unfinished ...>
