3281  epoll_ctl(17, EPOLL_CTL_ADD, 18, {EPOLLIN|EPOLLET, {u32=2713931680, u64=94646613266336}} <unfinished ...>
3280  recvmsg(14,  <unfinished ...>
3279  rt_sigprocmask(SIG_SETMASK, [],  <unfinished ...>
3283  lseek(21, 0, SEEK_CUR <unfinished ...>
3282  lseek(19, 0, SEEK_CUR <unfinished ...>
3281  <... epoll_ctl resumed>)          = 0
3280  <... recvmsg resumed>{msg_name=NULL, msg_namelen=0, msg_iov=[{iov_base="\1\0\0\0\0\0\0\0\322\f\0\0\0\0\0\0\3\0\0\0\0\0\0\0\21\0\0\0\0\0\0\0", iov_len=32}], msg_iovlen=1, msg_control=[{cmsg_len=20, cmsg_level=SOL_SOCKET, cmsg_type=SCM_RIGHTS, cmsg_data=[10]}], msg_controllen=24, msg_flags=0}, 0) = 32
488   <... sendmsg resumed>)            = 32
3283  <... lseek resumed>)              = 838
3282  <... lseek resumed>)              = 838
3281  socketpair(AF_UNIX, SOCK_STREAM, 0 <unfinished ...>
3280  recvmsg(14,  <unfinished ...>
3279  <... rt_sigprocmask resumed>NULL, 8) = 0
3283  lseek(21, 0, SEEK_CUR <unfinished ...>
3282  lseek(19, 0, SEEK_CUR <unfinished ...>
3281  <... socketpair resumed>, [19, 20]) = 0
3280  <... recvmsg resumed>{msg_name=NULL, msg_namelen=0, msg_iov=[{iov_base="\1\0\0\0\0\0\0\0\323\f\0\0\0\0\0\0\4\0\0\0\0\0\0\0\23\0\0\0\0\0\0\0", iov_len=32}], msg_iovlen=1, msg_control=[{cmsg_len=20, cmsg_level=SOL_SOCKET, cmsg_type=SCM_RIGHTS, cmsg_data=[13]}], msg_controllen=24, msg_flags=0}, 0) = 32
488   socketpair(AF_UNIX, SOCK_STREAM, 0 <unfinished ...>
3283  <... lseek resumed>)              = 838
3282  <... lseek resumed>)              = 838
3281  epoll_ctl(17, EPOLL_CTL_ADD, 19, {EPOLLIN|EPOLLRDHUP|EPOLLET, {u32=2713931680, u64=94646613266336}} <unfinished ...>
3280  recvmsg(14,  <unfinished ...>
3279  epoll_create(512 <unfinished ...>
3283  lseek(21, 0, SEEK_CUR <unfinished ...>
3282  lseek(19, 0, SEEK_CUR <unfinished ...>
3281  <... epoll_ctl resumed>)          = 0
3280  <... recvmsg resumed>{msg_namelen=0}, 0) = -1 EAGAIN (Resource temporarily unavailable)
488   <... socketpair resumed>, [21, 22]) = 0
3283  <... lseek resumed>)              = 838
3282  <... lseek resumed>)              = 838
3281  close(20 <unfinished ...>
3280  epoll_wait(15,  <unfinished ...>
3279  <... epoll_create resumed>)       = 13
3283  lseek(21, 0, SEEK_CUR <unfinished ...>
3282  lseek(19, 0, SEEK_CUR <unfinished ...>
3281  <... close resumed>)              = 0
488   ioctl(21, FIONBIO, [1] <unfinished ...>
3283  <... lseek resumed>)              = 838
3282  <... lseek resumed>)              = 838
3281  epoll_wait(17,  <unfinished ...>
3279  eventfd2(0, 0 <unfinished ...>
3283  lseek(21, 0, SEEK_CUR <unfinished ...>
3282  lseek(19, 0, SEEK_CUR <unfinished ...>
3281  <... epoll_wait resumed>[{EPOLLIN|EPOLLHUP|EPOLLRDHUP, {u32=2713931680, u64=94646613266336}}], 1, 5000) = 1
488   <... ioctl resumed>)              = 0
3283  <... lseek resumed>)              = 838
3282  <... lseek resumed>)              = 838
3281  close(19 <unfinished ...>
3279  <... eventfd2 resumed>)           = 14
3283  lseek(21, 0, SEEK_CUR <unfinished ...>
3282  lseek(19, 0, SEEK_CUR <unfinished ...>
3281  <... close resumed>)              = 0
488   ioctl(22, FIONBIO, [1] <unfinished ...>
3283  <... lseek resumed>)              = 838
3282  <... lseek resumed>)              = 838
3281  mmap(NULL, 241664, PROT_READ|PROT_WRITE, MAP_PRIVATE|MAP_ANONYMOUS, -1, 0 <unfinished ...>
3279  epoll_ctl(13, EPOLL_CTL_ADD, 14, {EPOLLIN|EPOLLET, {u32=2713931680, u64=94646613266336}} <unfinished ...>
3283  lseek(21, 0, SEEK_CUR <unfinished ...>
3282  lseek(19, 0, SEEK_CUR <unfinished ...>
3281  <... mmap resumed>)               = 0x7f5901fd3000
488   <... ioctl resumed>)              = 0
3283  <... lseek resumed>)              = 838
3282  <... lseek resumed>)              = 838
3279  <... epoll_ctl resumed>)          = 0
3283  lseek(21, 0, SEEK_CUR <unfinished ...>
3282  read(19,  <unfinished ...>
3281  brk(0x5614a3558000 <unfinished ...>
488   ioctl(21, FIOASYNC, [1] <unfinished ...>
3283  <... lseek resumed>)              = 838
3282  <... read resumed>"", 4096)       = 0
3281  <... brk resumed>)                = 0x5614a3558000
3279  socketpair(AF_UNIX, SOCK_STREAM, 0 <unfinished ...>
3283  lseek(21, 0, SEEK_CUR <unfinished ...>
3282  close(19 <unfinished ...>
488   <... ioctl resumed>)              = 0
3283  <... lseek resumed>)              = 838
3282  <... close resumed>)              = 0
3279  <... socketpair resumed>, [15, 16]) = 0
3283  lseek(21, 0, SEEK_CUR <unfinished ...>
3281  epoll_ctl(17, EPOLL_CTL_ADD, 6, {EPOLLIN|EPOLLEXCLUSIVE, {u32=33370128, u64=140020262187024}} <unfinished ...>
488   fcntl(21, F_SETOWN, 488 <unfinished ...>
3283  <... lseek resumed>)              = 838
3282  openat(AT_FDCWD, "/etc/ld.so.cache", O_RDONLY|O_CLOEXEC <unfinished ...>
3281  <... epoll_ctl resumed>)          = 0
3279  epoll_ctl(13, EPOLL_CTL_ADD, 15, {EPOLLIN|EPOLLRDHUP|EPOLLET, {u32=2713931680, u64=94646613266336}} <unfinished ...>
3283  lseek(21, 0, SEEK_CUR <unfinished ...>
3282  <... openat resumed>)             = 19
3281  epoll_ctl(17, EPOLL_CTL_ADD, 7, {EPOLLIN|EPOLLEXCLUSIVE, {u32=33370360, u64=140020262187256}} <unfinished ...>
488   <... fcntl resumed>)              = 0
3283  <... lseek resumed>)              = 838
3282  fstat(19,  <unfinished ...>
3281  <... epoll_ctl resumed>)          = 0
3279  <... epoll_ctl resumed>)          = 0
3283  lseek(21, 0, SEEK_CUR <unfinished ...>
3282  <... fstat resumed>{st_dev=makedev(0x8, 0x10), st_ino=1852, st_mode=S_IFREG|0644, st_nlink=1, st_uid=0, st_gid=0, st_blksize=4096, st_blocks=72, st_size=34796, st_atime=1632330365 /* 2021-09-22T13:06:05.665432100-0400 */, st_atime_nsec=665432100, st_mtime=1631636554 /* 2021-09-14T12:22:34.745926600-0400 */, st_mtime_nsec=745926600, st_ctime=1631636554 /* 2021-09-14T12:22:34.755926600-0400 */, st_ctime_nsec=755926600}) = 0
3281  epoll_ctl(17, EPOLL_CTL_ADD, 8, {EPOLLIN|EPOLLEXCLUSIVE, {u32=33370592, u64=140020262187488}} <unfinished ...>
488   fcntl(21, F_SETFD, FD_CLOEXEC <unfinished ...>
3283  <... lseek resumed>)              = 838
3282  mmap(NULL, 34796, PROT_READ, MAP_PRIVATE, 19, 0 <unfinished ...>
3281  <... epoll_ctl resumed>)          = 0
3279  close(16 <unfinished ...>
3283  lseek(21, 0, SEEK_CUR <unfinished ...>
3282  <... mmap resumed>)               = 0x7f590428b000
3281  epoll_ctl(17, EPOLL_CTL_ADD, 9, {EPOLLIN|EPOLLEXCLUSIVE, {u32=33370824, u64=140020262187720}} <unfinished ...>
488   <... fcntl resumed>)              = 0
3283  <... lseek resumed>)              = 838
3282  close(19 <unfinished ...>
3281  <... epoll_ctl resumed>)          = 0
3279  <... close resumed>)              = 0
3283  lseek(21, 0, SEEK_CUR <unfinished ...>
3282  <... close resumed>)              = 0
3281  close(5 <unfinished ...>
488   fcntl(22, F_SETFD, FD_CLOEXEC <unfinished ...>
3283  <... lseek resumed>)              = 838
3282  openat(AT_FDCWD, "/lib/x86_64-linux-gnu/libnss_systemd.so.2", O_RDONLY|O_CLOEXEC <unfinished ...>
3281  <... close resumed>)              = 0
3279  epoll_wait(13,  <unfinished ...>
3283  lseek(21, 0, SEEK_CUR <unfinished ...>
3282  <... openat resumed>)             = 19
3281  close(14 <unfinished ...>
488   <... fcntl resumed>)              = 0
3283  <... lseek resumed>)              = 838
3282  read(19,  <unfinished ...>
3281  <... close resumed>)              = 0
3279  <... epoll_wait resumed>[{EPOLLIN|EPOLLHUP|EPOLLRDHUP, {u32=2713931680, u64=94646613266336}}], 1, 5000) = 1
3283  lseek(21, 0, SEEK_CUR <unfinished ...>
3282  <... read resumed>"\177ELF\2\1\1\0\0\0\0\0\0\0\0\0\3\0>\0\1\0\0\0\240o\0\0\0\0\0\0@\0\0\0\0\0\0\0\330\241\3\0\0\0\0\0\0\0\0\0@\08\0\f\0@\0\35\0\34\0\1\0\0\0\4\0\0\0\0\0\0\0\0\0\0\0\0\0\0\0\0\0\0\0\0\0\0\0\0\0\0\0\300P\0\0\0\0\0\0\300P\0\0\0\0\0\0\0\20\0\0\0\0\0\0\1\0\0\0\5\0\0\0\0`\0\0\0\0\0\0\0`\0\0\0\0\0\0\0`\0\0\0\0\0\0\rS\2\0\0\0\0\0\rS\2\0\0\0\0\0\0\20\0\0\0\0\0\0\1\0\0\0\4\0\0\0\0\300\2\0\0\0\0\0\0\300\2\0\0\0\0\0\0\300\2\0\0\0\0\0\20\262\0\0\0\0\0\0\20\262\0\0\0\0\0\0\0\20\0\0\0\0\0\0\1\0\0\0\6\0\0\0\320t\3\0\0\0\0\0\320\204\3\0\0\0\0\0\320\204\3\0\0\0\0\0\300+\0\0\0\0\0\0\3304\0\0\0\0\0\0\0\20\0\0\0\0\0\0\2\0\0\0\6\0\0\0\230\231\3\0\0\0\0\0\230\251\3\0\0\0\0\0\230\251\3\0\0\0\0\0 \2\0\0\0\0\0\0 \2\0\0\0\0\0\0\10\0\0\0\0\0\0\0\4\0\0\0\4\0\0\0\340\2\0\0\0\0\0\0\340\2\0\0\0\0\0\0\340\2\0\0\0\0\0\0 \0\0\0\0\0\0\0 \0\0\0\0\0\0\0\10\0\0\0\0\0\0\0\4\0\0\0\4\0\0\0\0\3\0\0\0\0\0\0\0\3\0\0\0\0\0\0\0\3\0\0\0\0\0\0$\0\0\0\0\0\0\0$\0\0\0\0\0\0\0\4\0\0\0\0\0\0\0\7\0\0\0\4\0\0\0\320t\3\0\0\0\0\0\320\204\3\0\0\0\0\0\320\204\3\0\0\0\0\0\0\0\0\0\0\0\0\0,\0\0\0\0\0\0\0\10\0\0\0\0\0\0\0S\345td\4\0\0\0\340\2\0\0\0\0\0\0\340\2\0\0\0\0\0\0\340\2\0\0\0\0\0\0 \0\0\0\0\0\0\0 \0\0\0\0\0\0\0\10\0\0\0\0\0\0\0P\345td\4\0\0\0\30\30\3\0\0\0\0\0\30\30\3\0\0\0\0\0\30\30\3\0\0\0\0\0L\n\0\0\0\0\0\0L\n\0\0\0\0\0\0\4\0\0\0\0\0\0\0Q\345td\6\0\0\0\0\0\0\0\0\0\0\0\0\0\0\0\0\0\0\0\0\0\0\0\0\0\0\0\0\0\0\0\0\0\0\0\0\0\0\0\0\0\0\0\20\0\0\0\0\0\0\0R\345td\4\0\0\0\320t\3\0\0\0\0\0\320\204\3\0\0\0\0\0\320\204\3\0\0\0\0\0000+\0\0\0\0\0\0000+\0\0\0\0\0\0\1\0\0\0\0\0\0\0\4\0\0\0\20\0\0\0\5\0\0\0GNU\0\2\0\0\300\4\0\0\0\3\0\0\0\0\0\0\0\4\0\0\0\24\0\0\0\3\0\0\0GNU\0\206\5\245\243;&,\2073\1l\26CM\342hGWG\335\0\0\0\0\3\0\0\0\203\0\0\0\1\0\0\0\6\0\0\0\220\2I\252`H\212D", 832) = 832
3281  close(10 <unfinished ...>
488   clone(child_stack=NULL, flags=CLONE_CHILD_CLEARTID|CLONE_CHILD_SETTID|SIGCHLD <unfinished ...>
3283  <... lseek resumed>)              = 838
3282  fstat(19,  <unfinished ...>
3281  <... close resumed>)              = 0
3279  close(15 <unfinished ...>
3283  lseek(21, 0, SEEK_CUR <unfinished ...>
3282  <... fstat resumed>{st_dev=makedev(0x8, 0x10), st_ino=19069, st_mode=S_IFREG|0644, st_nlink=1, st_uid=0, st_gid=0, st_blksize=4096, st_blocks=472, st_size=239896, st_atime=1632330412 /* 2021-09-22T13:06:52.165432100-0400 */, st_atime_nsec=165432100, st_mtime=1626894021 /* 2021-07-21T15:00:21-0400 */, st_mtime_nsec=0, st_ctime=1631636411 /* 2021-09-14T12:20:11.265926600-0400 */, st_ctime_nsec=265926600}) = 0
3281  close(28 <unfinished ...>
3283  <... lseek resumed>)              = 838
3282  mmap(NULL, 244136, PROT_READ, MAP_PRIVATE|MAP_DENYWRITE, 19, 0 <unfinished ...>
3279  <... close resumed>)              = 0
3283  lseek(21, 0, SEEK_CUR <unfinished ...>
3282  <... mmap resumed>)               = 0x7f590200e000
3281  <... close resumed>)              = 0
3279  mmap(NULL, 241664, PROT_READ|PROT_WRITE, MAP_PRIVATE|MAP_ANONYMOUS, -1, 0 <unfinished ...>
488   <... clone resumed>, child_tidptr=0x7f5904dcfe50) = 3284
3284  set_robust_list(0x7f5904dcfe60, 24 <unfinished ...>
3283  <... lseek resumed>)              = 838
3282  mmap(0x7f5902014000, 155648, PROT_READ|PROT_EXEC, MAP_PRIVATE|MAP_FIXED|MAP_DENYWRITE, 19, 0x6000 <unfinished ...>
3281  close(30 <unfinished ...>
3279  <... mmap resumed>)               = 0x7f5901fd3000
3284  <... set_robust_list resumed>)    = 0
3283  lseek(21, 0, SEEK_CUR <unfinished ...>
3282  <... mmap resumed>)               = 0x7f5902014000
3281  <... close resumed>)              = 0
488   sendmsg(4, {msg_name=NULL, msg_namelen=0, msg_iov=[{iov_base="\1\0\0\0\0\0\0\0\324\f\0\0\0\0\0\0\5\0\0\0\0\0\0\0\25\0\0\0\0\0\0\0", iov_len=32}], msg_iovlen=1, msg_control=[{cmsg_len=20, cmsg_level=SOL_SOCKET, cmsg_type=SCM_RIGHTS, cmsg_data=[21]}], msg_controllen=24, msg_flags=0}, 0 <unfinished ...>
3284  getpid( <unfinished ...>
3283  <... lseek resumed>)              = 838
3282  mmap(0x7f590203a000, 49152, PROT_READ, MAP_PRIVATE|MAP_FIXED|MAP_DENYWRITE, 19, 0x2c000 <unfinished ...>
3281  close(32 <unfinished ...>
3279  brk(0x5614a3558000 <unfinished ...>
3284  <... getpid resumed>)             = 3284
3283  lseek(21, 0, SEEK_CUR <unfinished ...>
3282  <... mmap resumed>)               = 0x7f590203a000
3281  <... close resumed>)              = 0
488   <... sendmsg resumed>)            = 32
3284  geteuid( <unfinished ...>
3283  <... lseek resumed>)              = 838
3282  mmap(0x7f5902046000, 16384, PROT_READ|PROT_WRITE, MAP_PRIVATE|MAP_FIXED|MAP_DENYWRITE, 19, 0x37000 <unfinished ...>
3281  close(34 <unfinished ...>
3279  <... brk resumed>)                = 0x5614a3558000
3284  <... geteuid resumed>)            = 0
3283  lseek(21, 0, SEEK_CUR <unfinished ...>
3282  <... mmap resumed>)               = 0x7f5902046000
3281  <... close resumed>)              = 0
488   sendmsg(13, {msg_name=NULL, msg_namelen=0, msg_iov=[{iov_base="\1\0\0\0\0\0\0\0\324\f\0\0\0\0\0\0\5\0\0\0\0\0\0\0\25\0\0\0\0\0\0\0", iov_len=32}], msg_iovlen=1, msg_control=[{cmsg_len=20, cmsg_level=SOL_SOCKET, cmsg_type=SCM_RIGHTS, cmsg_data=[21]}], msg_controllen=24, msg_flags=0}, 0 <unfinished ...>
3284  setgid(33 <unfinished ...>
3283  <... lseek resumed>)              = 838
3282  close(19 <unfinished ...>
3281  close(36 <unfinished ...>
3279  epoll_ctl(13, EPOLL_CTL_ADD, 6, {EPOLLIN|EPOLLEXCLUSIVE, {u32=33370128, u64=140020262187024}} <unfinished ...>
3284  <... setgid resumed>)             = 0
3283  lseek(21, 0, SEEK_CUR <unfinished ...>
3282  <... close resumed>)              = 0
3281  <... close resumed>)              = 0
3280  <... epoll_wait resumed>[{EPOLLIN, {u32=33371056, u64=140020262187952}}], 512, -1) = 1
488   <... sendmsg resumed>)            = 32
3284  openat(AT_FDCWD, "/proc/sys/kernel/ngroups_max", O_RDONLY <unfinished ...>
3283  <... lseek resumed>)              = 838
3281  close(38 <unfinished ...>
3280  recvmsg(14,  <unfinished ...>
3279  <... epoll_ctl resumed>)          = 0
3284  <... openat resumed>)             = 23
3283  lseek(21, 0, SEEK_CUR <unfinished ...>
3282  mprotect(0x7f5902046000, 12288, PROT_READ <unfinished ...>
3281  <... close resumed>)              = 0
3280  <... recvmsg resumed>{msg_name=NULL, msg_namelen=0, msg_iov=[{iov_base="\1\0\0\0\0\0\0\0\324\f\0\0\0\0\0\0\5\0\0\0\0\0\0\0\25\0\0\0\0\0\0\0", iov_len=32}], msg_iovlen=1, msg_control=[{cmsg_len=20, cmsg_level=SOL_SOCKET, cmsg_type=SCM_RIGHTS, cmsg_data=[17]}], msg_controllen=24, msg_flags=0}, 0) = 32
488   sendmsg(15, {msg_name=NULL, msg_namelen=0, msg_iov=[{iov_base="\1\0\0\0\0\0\0\0\324\f\0\0\0\0\0\0\5\0\0\0\0\0\0\0\25\0\0\0\0\0\0\0", iov_len=32}], msg_iovlen=1, msg_control=[{cmsg_len=20, cmsg_level=SOL_SOCKET, cmsg_type=SCM_RIGHTS, cmsg_data=[21]}], msg_controllen=24, msg_flags=0}, 0 <unfinished ...>
3284  read(23,  <unfinished ...>
3283  <... lseek resumed>)              = 838
3282  <... mprotect resumed>)           = 0
3281  close(40 <unfinished ...>
3280  recvmsg(14,  <unfinished ...>
3279  epoll_ctl(13, EPOLL_CTL_ADD, 7, {EPOLLIN|EPOLLEXCLUSIVE, {u32=33370360, u64=140020262187256}} <unfinished ...>
3284  <... read resumed>"65536\n", 31)  = 6
3283  lseek(21, 0, SEEK_CUR <unfinished ...>
3282  munmap(0x7f590428b000, 34796 <unfinished ...>
3281  <... close resumed>)              = 0
3280  <... recvmsg resumed>{msg_namelen=0}, 0) = -1 EAGAIN (Resource temporarily unavailable)
488   <... sendmsg resumed>)            = 32
3284  close(23 <unfinished ...>
3283  <... lseek resumed>)              = 838
3282  <... munmap resumed>)             = 0
3281  close(15 <unfinished ...>
3280  epoll_wait(15,  <unfinished ...>
3279  <... epoll_ctl resumed>)          = 0
3284  <... close resumed>)              = 0
3283  lseek(21, 0, SEEK_CUR <unfinished ...>
3282  rt_sigprocmask(SIG_BLOCK, [HUP USR1 USR2 PIPE ALRM CHLD TSTP URG VTALRM PROF WINCH IO],  <unfinished ...>
3281  <... close resumed>)              = 0
488   sendmsg(17, {msg_name=NULL, msg_namelen=0, msg_iov=[{iov_base="\1\0\0\0\0\0\0\0\324\f\0\0\0\0\0\0\5\0\0\0\0\0\0\0\25\0\0\0\0\0\0\0", iov_len=32}], msg_iovlen=1, msg_control=[{cmsg_len=20, cmsg_level=SOL_SOCKET, cmsg_type=SCM_RIGHTS, cmsg_data=[21]}], msg_controllen=24, msg_flags=0}, 0 <unfinished ...>
3284  openat(AT_FDCWD, "/etc/group", O_RDONLY|O_CLOEXEC <unfinished ...>
3283  <... lseek resumed>)              = 838
3282  <... rt_sigprocmask resumed>[HUP INT QUIT USR1 USR2 ALRM TERM CHLD WINCH IO], 8) = 0
3281  epoll_ctl(17, EPOLL_CTL_ADD, 16, {EPOLLIN|EPOLLRDHUP, {u32=33371056, u64=140020262187952}} <unfinished ...>
3279  epoll_ctl(13, EPOLL_CTL_ADD, 8, {EPOLLIN|EPOLLEXCLUSIVE, {u32=33370592, u64=140020262187488}} <unfinished ...>
3284  <... openat resumed>)             = 23
3283  lseek(21, 0, SEEK_CUR <unfinished ...>
3282  gettid( <unfinished ...>
3281  <... epoll_ctl resumed>)          = 0
488   <... sendmsg resumed>)            = 32
3284  lseek(23, 0, SEEK_CUR <unfinished ...>
3283  <... lseek resumed>)              = 838
3282  <... gettid resumed>)             = 3282
3281  epoll_wait(17,  <unfinished ...>
3279  <... epoll_ctl resumed>)          = 0
3284  <... lseek resumed>)              = 0
3283  lseek(21, 0, SEEK_CUR <unfinished ...>
3282  socket(AF_UNIX, SOCK_DGRAM|SOCK_CLOEXEC, 0 <unfinished ...>
3281  <... epoll_wait resumed>[{EPOLLIN, {u32=33371056, u64=140020262187952}}], 512, -1) = 1
488   sendmsg(19, {msg_name=NULL, msg_namelen=0, msg_iov=[{iov_base="\1\0\0\0\0\0\0\0\324\f\0\0\0\0\0\0\5\0\0\0\0\0\0\0\25\0\0\0\0\0\0\0", iov_len=32}], msg_iovlen=1, msg_control=[{cmsg_len=20, cmsg_level=SOL_SOCKET, cmsg_type=SCM_RIGHTS, cmsg_data=[21]}], msg_controllen=24, msg_flags=0}, 0 <unfinished ...>
3284  fstat(23,  <unfinished ...>
3283  <... lseek resumed>)              = 838
3282  <... socket resumed>)             = 19
3281  recvmsg(16,  <unfinished ...>
3279  epoll_ctl(13, EPOLL_CTL_ADD, 9, {EPOLLIN|EPOLLEXCLUSIVE, {u32=33370824, u64=140020262187720}} <unfinished ...>
3284  <... fstat resumed>{st_dev=makedev(0x8, 0x10), st_ino=42400, st_mode=S_IFREG|0644, st_nlink=1, st_uid=1000, st_gid=0, st_blksize=4096, st_blocks=8, st_size=838, st_atime=1632330366 /* 2021-09-22T13:06:06.055432100-0400 */, st_atime_nsec=55432100, st_mtime=1631463555 /* 2021-09-12T12:19:15.316844700-0400 */, st_mtime_nsec=316844700, st_ctime=1631542796 /* 2021-09-13T10:19:56.578701800-0400 */, st_ctime_nsec=578701800}) = 0
3283  lseek(21, 0, SEEK_CUR <unfinished ...>
3282  connect(19, {sa_family=AF_UNIX, sun_path=@"userdb-5b6bf6a63ef0b51f371e2c4229022326"}, 42 <unfinished ...>
3281  <... recvmsg resumed>{msg_name=NULL, msg_namelen=0, msg_iov=[{iov_base="\1\0\0\0\0\0\0\0\322\f\0\0\0\0\0\0\3\0\0\0\0\0\0\0\21\0\0\0\0\0\0\0", iov_len=32}], msg_iovlen=1, msg_control=[{cmsg_len=20, cmsg_level=SOL_SOCKET, cmsg_type=SCM_RIGHTS, cmsg_data=[5]}], msg_controllen=24, msg_flags=0}, 0) = 32
488   <... sendmsg resumed>)            = 32
3284  read(23,  <unfinished ...>
3283  <... lseek resumed>)              = 838
3282  <... connect resumed>)            = -1 ECONNREFUSED (Connection refused)
3281  recvmsg(16,  <unfinished ...>
3279  <... epoll_ctl resumed>)          = 0
3284  <... read resumed>"root:x:0:\ndaemon:x:1:\nbin:x:2:\nsys:x:3:\nadm:x:4:syslog,ssyeda\ntty:x:5:syslog\ndisk:x:6:\nlp:x:7:\nmail:x:8:\nnews:x:9:\nuucp:x:10:\nman:x:12:\nproxy:x:13:\nkmem:x:15:\ndialout:x:20:ssyeda\nfax:x:21:\nvoice:x:22:\ncdrom:x:24:ssyeda\nfloppy:x:25:ssyeda\ntape:x:26:\nsudo:x:27:ssyeda\naudio:x:29:ssyeda\ndip:x:30:ssyeda\nwww-data:x:33:\nbackup:x:34:\noperator:x:37:\nlist:x:38:\nirc:x:39:\nsrc:x:40:\ngnats:x:41:\nshadow:x:42:\nutmp:x:43:\nvideo:x:44:ssyeda\nsasl:x:45:\nplugdev:x:46:ssyeda\nstaff:x:50:\ngames:x:60:\nusers:x:100:\nnogroup:x:65534:\nsystemd-journal:x:101:\nsystemd-network:x:102:\nsystemd-resolve:x:103:\nsystemd-timesync:x:104:\ncrontab:x:105:\nmessagebus:x:106:\ninput:x:107:\nkvm:x:108:\nrender:x:109:\nsyslog:x:110:\ntss:x:111:\nuuidd:x:112:\ntcpdump:x:113:\nssh:x:114:\nlandscape:x:115:\nadmin:x:116:\nnetdev:x:117:ssyeda\nlxd:x:118:\nssyeda:x:1000:\ndocker:x:1001:ssyeda\n", 4096) = 838
3283  lseek(21, 0, SEEK_CUR <unfinished ...>
3282  close(19 <unfinished ...>
3281  <... recvmsg resumed>{msg_name=NULL, msg_namelen=0, msg_iov=[{iov_base="\1\0\0\0\0\0\0\0\323\f\0\0\0\0\0\0\4\0\0\0\0\0\0\0\23\0\0\0\0\0\0\0", iov_len=32}], msg_iovlen=1, msg_control=[{cmsg_len=20, cmsg_level=SOL_SOCKET, cmsg_type=SCM_RIGHTS, cmsg_data=[10]}], msg_controllen=24, msg_flags=0}, 0) = 32
488   sendmsg(3, {msg_name=NULL, msg_namelen=0, msg_iov=[{iov_base="\1\0\0\0\0\0\0\0\324\f\0\0\0\0\0\0\5\0\0\0\0\0\0\0\25\0\0\0\0\0\0\0", iov_len=32}], msg_iovlen=1, msg_control=[{cmsg_len=20, cmsg_level=SOL_SOCKET, cmsg_type=SCM_RIGHTS, cmsg_data=[21]}], msg_controllen=24, msg_flags=0}, 0 <unfinished ...>
3284  lseek(23, 0, SEEK_CUR <unfinished ...>
3283  <... lseek resumed>)              = 838
3282  <... close resumed>)              = 0
3281  recvmsg(16,  <unfinished ...>
3279  close(10 <unfinished ...>
3284  <... lseek resumed>)              = 838
3283  lseek(21, 0, SEEK_CUR <unfinished ...>
3282  openat(AT_FDCWD, "/run/systemd/userdb/", O_RDONLY|O_NONBLOCK|O_CLOEXEC|O_DIRECTORY <unfinished ...>
3281  <... recvmsg resumed>{msg_name=NULL, msg_namelen=0, msg_iov=[{iov_base="\1\0\0\0\0\0\0\0\324\f\0\0\0\0\0\0\5\0\0\0\0\0\0\0\25\0\0\0\0\0\0\0", iov_len=32}], msg_iovlen=1, msg_control=[{cmsg_len=20, cmsg_level=SOL_SOCKET, cmsg_type=SCM_RIGHTS, cmsg_data=[14]}], msg_controllen=24, msg_flags=0}, 0) = 32
488   <... sendmsg resumed>)            = 32
3284  lseek(23, 0, SEEK_CUR <unfinished ...>
3283  <... lseek resumed>)              = 838
3282  <... openat resumed>)             = -1 ENOENT (No such file or directory)
3281  recvmsg(16,  <unfinished ...>
3279  <... close resumed>)              = 0
3284  <... lseek resumed>)              = 838
3283  lseek(21, 0, SEEK_CUR <unfinished ...>
3282  rt_sigprocmask(SIG_SETMASK, [HUP INT QUIT USR1 USR2 ALRM TERM CHLD WINCH IO],  <unfinished ...>
3281  <... recvmsg resumed>{msg_namelen=0}, 0) = -1 EAGAIN (Resource temporarily unavailable)
488   sendmsg(27, {msg_name=NULL, msg_namelen=0, msg_iov=[{iov_base="\1\0\0\0\0\0\0\0\324\f\0\0\0\0\0\0\5\0\0\0\0\0\0\0\25\0\0\0\0\0\0\0", iov_len=32}], msg_iovlen=1, msg_control=[{cmsg_len=20, cmsg_level=SOL_SOCKET, cmsg_type=SCM_RIGHTS, cmsg_data=[21]}], msg_controllen=24, msg_flags=0}, 0 <unfinished ...>
3284  lseek(23, 0, SEEK_CUR <unfinished ...>
3283  <... lseek resumed>)              = 838
3282  <... rt_sigprocmask resumed>NULL, 8) = 0
3281  epoll_wait(17,  <unfinished ...>
3279  close(28 <unfinished ...>
3284  <... lseek resumed>)              = 838
3283  lseek(21, 0, SEEK_CUR <unfinished ...>
3282  setgroups(1, [33] <unfinished ...>
488   <... sendmsg resumed>)            = 32
3284  lseek(23, 0, SEEK_CUR <unfinished ...>
3283  <... lseek resumed>)              = 838
3282  <... setgroups resumed>)          = 0
3279  <... close resumed>)              = 0
3284  <... lseek resumed>)              = 838
3283  lseek(21, 0, SEEK_CUR <unfinished ...>
3282  setuid(33 <unfinished ...>
488   sendmsg(29, {msg_name=NULL, msg_namelen=0, msg_iov=[{iov_base="\1\0\0\0\0\0\0\0\324\f\0\0\0\0\0\0\5\0\0\0\0\0\0\0\25\0\0\0\0\0\0\0", iov_len=32}], msg_iovlen=1, msg_control=[{cmsg_len=20, cmsg_level=SOL_SOCKET, cmsg_type=SCM_RIGHTS, cmsg_data=[21]}], msg_controllen=24, msg_flags=0}, 0 <unfinished ...>
3284  lseek(23, 0, SEEK_CUR <unfinished ...>
3283  <... lseek resumed>)              = 838
3282  <... setuid resumed>)             = 0
3279  close(30 <unfinished ...>
3284  <... lseek resumed>)              = 838
3283  lseek(21, 0, SEEK_CUR <unfinished ...>
3282  prctl(PR_SET_DUMPABLE, SUID_DUMP_USER <unfinished ...>
488   <... sendmsg resumed>)            = 32
3284  lseek(23, 0, SEEK_CUR <unfinished ...>
3283  <... lseek resumed>)              = 838
3282  <... prctl resumed>)              = 0
3279  <... close resumed>)              = 0
3284  <... lseek resumed>)              = 838
3283  lseek(21, 0, SEEK_CUR <unfinished ...>
3282  rt_sigprocmask(SIG_SETMASK, [],  <unfinished ...>
488   sendmsg(31, {msg_name=NULL, msg_namelen=0, msg_iov=[{iov_base="\1\0\0\0\0\0\0\0\324\f\0\0\0\0\0\0\5\0\0\0\0\0\0\0\25\0\0\0\0\0\0\0", iov_len=32}], msg_iovlen=1, msg_control=[{cmsg_len=20, cmsg_level=SOL_SOCKET, cmsg_type=SCM_RIGHTS, cmsg_data=[21]}], msg_controllen=24, msg_flags=0}, 0 <unfinished ...>
3284  lseek(23, 0, SEEK_CUR <unfinished ...>
3283  <... lseek resumed>)              = 838
3282  <... rt_sigprocmask resumed>NULL, 8) = 0
3279  close(32 <unfinished ...>
3284  <... lseek resumed>)              = 838
3283  lseek(21, 0, SEEK_CUR <unfinished ...>
3282  epoll_create(512 <unfinished ...>
488   <... sendmsg resumed>)            = 32
3284  lseek(23, 0, SEEK_CUR <unfinished ...>
3283  <... lseek resumed>)              = 838
3282  <... epoll_create resumed>)       = 19
3279  <... close resumed>)              = 0
3284  <... lseek resumed>)              = 838
3283  lseek(21, 0, SEEK_CUR <unfinished ...>
3282  eventfd2(0, 0 <unfinished ...>
488   sendmsg(33, {msg_name=NULL, msg_namelen=0, msg_iov=[{iov_base="\1\0\0\0\0\0\0\0\324\f\0\0\0\0\0\0\5\0\0\0\0\0\0\0\25\0\0\0\0\0\0\0", iov_len=32}], msg_iovlen=1, msg_control=[{cmsg_len=20, cmsg_level=SOL_SOCKET, cmsg_type=SCM_RIGHTS, cmsg_data=[21]}], msg_controllen=24, msg_flags=0}, 0 <unfinished ...>
3284  lseek(23, 0, SEEK_CUR <unfinished ...>
3283  <... lseek resumed>)              = 838
3282  <... eventfd2 resumed>)           = 20
3279  close(34 <unfinished ...>
3284  <... lseek resumed>)              = 838
3283  lseek(21, 0, SEEK_CUR <unfinished ...>
3282  epoll_ctl(19, EPOLL_CTL_ADD, 20, {EPOLLIN|EPOLLET, {u32=2713931680, u64=94646613266336}} <unfinished ...>
488   <... sendmsg resumed>)            = 32
3284  lseek(23, 0, SEEK_CUR <unfinished ...>
3283  <... lseek resumed>)              = 838
3282  <... epoll_ctl resumed>)          = 0
3279  <... close resumed>)              = 0
3284  <... lseek resumed>)              = 838
3283  lseek(21, 0, SEEK_CUR <unfinished ...>
3282  socketpair(AF_UNIX, SOCK_STREAM, 0 <unfinished ...>
488   sendmsg(35, {msg_name=NULL, msg_namelen=0, msg_iov=[{iov_base="\1\0\0\0\0\0\0\0\324\f\0\0\0\0\0\0\5\0\0\0\0\0\0\0\25\0\0\0\0\0\0\0", iov_len=32}], msg_iovlen=1, msg_control=[{cmsg_len=20, cmsg_level=SOL_SOCKET, cmsg_type=SCM_RIGHTS, cmsg_data=[21]}], msg_controllen=24, msg_flags=0}, 0 <unfinished ...>
3284  lseek(23, 0, SEEK_CUR <unfinished ...>
3283  <... lseek resumed>)              = 838
3282  <... socketpair resumed>, [21, 22]) = 0
3279  close(36 <unfinished ...>
3284  <... lseek resumed>)              = 838
3283  lseek(21, 0, SEEK_CUR <unfinished ...>
3282  epoll_ctl(19, EPOLL_CTL_ADD, 21, {EPOLLIN|EPOLLRDHUP|EPOLLET, {u32=2713931680, u64=94646613266336}} <unfinished ...>
488   <... sendmsg resumed>)            = 32
3284  lseek(23, 0, SEEK_CUR <unfinished ...>
3283  <... lseek resumed>)              = 838
3282  <... epoll_ctl resumed>)          = 0
3279  <... close resumed>)              = 0
3284  <... lseek resumed>)              = 838
3283  lseek(21, 0, SEEK_CUR <unfinished ...>
3282  close(22 <unfinished ...>
488   sendmsg(37, {msg_name=NULL, msg_namelen=0, msg_iov=[{iov_base="\1\0\0\0\0\0\0\0\324\f\0\0\0\0\0\0\5\0\0\0\0\0\0\0\25\0\0\0\0\0\0\0", iov_len=32}], msg_iovlen=1, msg_control=[{cmsg_len=20, cmsg_level=SOL_SOCKET, cmsg_type=SCM_RIGHTS, cmsg_data=[21]}], msg_controllen=24, msg_flags=0}, 0 <unfinished ...>
3284  lseek(23, 0, SEEK_CUR <unfinished ...>
3283  <... lseek resumed>)              = 838
3282  <... close resumed>)              = 0
3279  close(38 <unfinished ...>
3284  <... lseek resumed>)              = 838
3283  lseek(21, 0, SEEK_CUR <unfinished ...>
3282  epoll_wait(19,  <unfinished ...>
488   <... sendmsg resumed>)            = 32
3284  lseek(23, 0, SEEK_CUR <unfinished ...>
3283  <... lseek resumed>)              = 838
3282  <... epoll_wait resumed>[{EPOLLIN|EPOLLHUP|EPOLLRDHUP, {u32=2713931680, u64=94646613266336}}], 1, 5000) = 1
3279  <... close resumed>)              = 0
3284  <... lseek resumed>)              = 838
3283  lseek(21, 0, SEEK_CUR <unfinished ...>
3282  close(21 <unfinished ...>
488   sendmsg(39, {msg_name=NULL, msg_namelen=0, msg_iov=[{iov_base="\1\0\0\0\0\0\0\0\324\f\0\0\0\0\0\0\5\0\0\0\0\0\0\0\25\0\0\0\0\0\0\0", iov_len=32}], msg_iovlen=1, msg_control=[{cmsg_len=20, cmsg_level=SOL_SOCKET, cmsg_type=SCM_RIGHTS, cmsg_data=[21]}], msg_controllen=24, msg_flags=0}, 0 <unfinished ...>
3284  lseek(23, 0, SEEK_CUR <unfinished ...>
3283  <... lseek resumed>)              = 838
3282  <... close resumed>)              = 0
3279  close(40 <unfinished ...>
3284  <... lseek resumed>)              = 838
3283  lseek(21, 0, SEEK_CUR <unfinished ...>
3282  mmap(NULL, 241664, PROT_READ|PROT_WRITE, MAP_PRIVATE|MAP_ANONYMOUS, -1, 0 <unfinished ...>
488   <... sendmsg resumed>)            = 32
3284  lseek(23, 0, SEEK_CUR <unfinished ...>
3283  <... lseek resumed>)              = 838
3282  <... mmap resumed>)               = 0x7f5901fd3000
3279  <... close resumed>)              = 0
3284  <... lseek resumed>)              = 838
3283  lseek(21, 0, SEEK_CUR <unfinished ...>
488   socketpair(AF_UNIX, SOCK_STREAM, 0 <unfinished ...>
3284  lseek(23, 0, SEEK_CUR <unfinished ...>
3283  <... lseek resumed>)              = 838
3282  brk(0x5614a3558000 <unfinished ...>
3279  close(4 <unfinished ...>
3284  <... lseek resumed>)              = 838
3283  lseek(21, 0, SEEK_CUR <unfinished ...>
3282  <... brk resumed>)                = 0x5614a3558000
488   <... socketpair resumed>, [23, 24]) = 0
3284  lseek(23, 0, SEEK_CUR <unfinished ...>
3283  <... lseek resumed>)              = 838
3279  <... close resumed>)              = 0
3284  <... lseek resumed>)              = 838
3283  read(21,  <unfinished ...>
488   ioctl(23, FIONBIO, [1] <unfinished ...>
3284  lseek(23, 0, SEEK_CUR <unfinished ...>
3283  <... read resumed>"", 4096)       = 0
3282  epoll_ctl(19, EPOLL_CTL_ADD, 6, {EPOLLIN|EPOLLEXCLUSIVE, {u32=33370128, u64=140020262187024}} <unfinished ...>
3279  epoll_ctl(13, EPOLL_CTL_ADD, 5, {EPOLLIN|EPOLLRDHUP, {u32=33371056, u64=140020262187952}} <unfinished ...>
3284  <... lseek resumed>)              = 838
3283  close(21 <unfinished ...>
3282  <... epoll_ctl resumed>)          = 0
488   <... ioctl resumed>)              = 0
3284  lseek(23, 0, SEEK_CUR <unfinished ...>
3283  <... close resumed>)              = 0
3282  epoll_ctl(19, EPOLL_CTL_ADD, 7, {EPOLLIN|EPOLLEXCLUSIVE, {u32=33370360, u64=140020262187256}} <unfinished ...>
3279  <... epoll_ctl resumed>)          = 0
3284  <... lseek resumed>)              = 838
3282  <... epoll_ctl resumed>)          = 0
488   ioctl(24, FIONBIO, [1] <unfinished ...>
3284  lseek(23, 0, SEEK_CUR <unfinished ...>
3283  openat(AT_FDCWD, "/etc/ld.so.cache", O_RDONLY|O_CLOEXEC <unfinished ...>
3282  epoll_ctl(19, EPOLL_CTL_ADD, 8, {EPOLLIN|EPOLLEXCLUSIVE, {u32=33370592, u64=140020262187488}} <unfinished ...>
3279  epoll_wait(13,  <unfinished ...>
3284  <... lseek resumed>)              = 838
3283  <... openat resumed>)             = 21
3282  <... epoll_ctl resumed>)          = 0
488   <... ioctl resumed>)              = 0
3284  lseek(23, 0, SEEK_CUR <unfinished ...>
3283  fstat(21,  <unfinished ...>
3282  epoll_ctl(19, EPOLL_CTL_ADD, 9, {EPOLLIN|EPOLLEXCLUSIVE, {u32=33370824, u64=140020262187720}} <unfinished ...>
3279  <... epoll_wait resumed>[{EPOLLIN, {u32=33371056, u64=140020262187952}}], 512, -1) = 1
3284  <... lseek resumed>)              = 838
3283  <... fstat resumed>{st_dev=makedev(0x8, 0x10), st_ino=1852, st_mode=S_IFREG|0644, st_nlink=1, st_uid=0, st_gid=0, st_blksize=4096, st_blocks=72, st_size=34796, st_atime=1632330365 /* 2021-09-22T13:06:05.665432100-0400 */, st_atime_nsec=665432100, st_mtime=1631636554 /* 2021-09-14T12:22:34.745926600-0400 */, st_mtime_nsec=745926600, st_ctime=1631636554 /* 2021-09-14T12:22:34.755926600-0400 */, st_ctime_nsec=755926600}) = 0
3282  <... epoll_ctl resumed>)          = 0
488   ioctl(23, FIOASYNC, [1] <unfinished ...>
3284  lseek(23, 0, SEEK_CUR <unfinished ...>
3283  mmap(NULL, 34796, PROT_READ, MAP_PRIVATE, 21, 0 <unfinished ...>
3282  close(5 <unfinished ...>
3279  recvmsg(5,  <unfinished ...>
488   <... ioctl resumed>)              = 0
3284  <... lseek resumed>)              = 838
3283  <... mmap resumed>)               = 0x7f590428b000
3282  <... close resumed>)              = 0
3279  <... recvmsg resumed>{msg_name=NULL, msg_namelen=0, msg_iov=[{iov_base="\1\0\0\0\0\0\0\0\320\f\0\0\0\0\0\0\1\0\0\0\0\0\0\0\r\0\0\0\0\0\0\0", iov_len=32}], msg_iovlen=1, msg_control=[{cmsg_len=20, cmsg_level=SOL_SOCKET, cmsg_type=SCM_RIGHTS, cmsg_data=[4]}], msg_controllen=24, msg_flags=0}, 0) = 32
3284  lseek(23, 0, SEEK_CUR <unfinished ...>
3283  close(21 <unfinished ...>
3282  close(14 <unfinished ...>
488   fcntl(23, F_SETOWN, 488 <unfinished ...>
3284  <... lseek resumed>)              = 838
3283  <... close resumed>)              = 0
3282  <... close resumed>)              = 0
3279  recvmsg(5,  <unfinished ...>
3284  lseek(23, 0, SEEK_CUR <unfinished ...>
3283  openat(AT_FDCWD, "/lib/x86_64-linux-gnu/libnss_systemd.so.2", O_RDONLY|O_CLOEXEC <unfinished ...>
3282  close(16 <unfinished ...>
488   <... fcntl resumed>)              = 0
3284  <... lseek resumed>)              = 838
3283  <... openat resumed>)             = 21
3282  <... close resumed>)              = 0
3279  <... recvmsg resumed>{msg_name=NULL, msg_namelen=0, msg_iov=[{iov_base="\1\0\0\0\0\0\0\0\321\f\0\0\0\0\0\0\2\0\0\0\0\0\0\0\17\0\0\0\0\0\0\0", iov_len=32}], msg_iovlen=1, msg_control=[{cmsg_len=20, cmsg_level=SOL_SOCKET, cmsg_type=SCM_RIGHTS, cmsg_data=[10]}], msg_controllen=24, msg_flags=0}, 0) = 32
488   fcntl(23, F_SETFD, FD_CLOEXEC <unfinished ...>
3284  lseek(23, 0, SEEK_CUR <unfinished ...>
3283  read(21,  <unfinished ...>
3282  close(10 <unfinished ...>
3279  recvmsg(5,  <unfinished ...>
488   <... fcntl resumed>)              = 0
3284  <... lseek resumed>)              = 838
3283  <... read resumed>"\177ELF\2\1\1\0\0\0\0\0\0\0\0\0\3\0>\0\1\0\0\0\240o\0\0\0\0\0\0@\0\0\0\0\0\0\0\330\241\3\0\0\0\0\0\0\0\0\0@\08\0\f\0@\0\35\0\34\0\1\0\0\0\4\0\0\0\0\0\0\0\0\0\0\0\0\0\0\0\0\0\0\0\0\0\0\0\0\0\0\0\300P\0\0\0\0\0\0\300P\0\0\0\0\0\0\0\20\0\0\0\0\0\0\1\0\0\0\5\0\0\0\0`\0\0\0\0\0\0\0`\0\0\0\0\0\0\0`\0\0\0\0\0\0\rS\2\0\0\0\0\0\rS\2\0\0\0\0\0\0\20\0\0\0\0\0\0\1\0\0\0\4\0\0\0\0\300\2\0\0\0\0\0\0\300\2\0\0\0\0\0\0\300\2\0\0\0\0\0\20\262\0\0\0\0\0\0\20\262\0\0\0\0\0\0\0\20\0\0\0\0\0\0\1\0\0\0\6\0\0\0\320t\3\0\0\0\0\0\320\204\3\0\0\0\0\0\320\204\3\0\0\0\0\0\300+\0\0\0\0\0\0\3304\0\0\0\0\0\0\0\20\0\0\0\0\0\0\2\0\0\0\6\0\0\0\230\231\3\0\0\0\0\0\230\251\3\0\0\0\0\0\230\251\3\0\0\0\0\0 \2\0\0\0\0\0\0 \2\0\0\0\0\0\0\10\0\0\0\0\0\0\0\4\0\0\0\4\0\0\0\340\2\0\0\0\0\0\0\340\2\0\0\0\0\0\0\340\2\0\0\0\0\0\0 \0\0\0\0\0\0\0 \0\0\0\0\0\0\0\10\0\0\0\0\0\0\0\4\0\0\0\4\0\0\0\0\3\0\0\0\0\0\0\0\3\0\0\0\0\0\0\0\3\0\0\0\0\0\0$\0\0\0\0\0\0\0$\0\0\0\0\0\0\0\4\0\0\0\0\0\0\0\7\0\0\0\4\0\0\0\320t\3\0\0\0\0\0\320\204\3\0\0\0\0\0\320\204\3\0\0\0\0\0\0\0\0\0\0\0\0\0,\0\0\0\0\0\0\0\10\0\0\0\0\0\0\0S\345td\4\0\0\0\340\2\0\0\0\0\0\0\340\2\0\0\0\0\0\0\340\2\0\0\0\0\0\0 \0\0\0\0\0\0\0 \0\0\0\0\0\0\0\10\0\0\0\0\0\0\0P\345td\4\0\0\0\30\30\3\0\0\0\0\0\30\30\3\0\0\0\0\0\30\30\3\0\0\0\0\0L\n\0\0\0\0\0\0L\n\0\0\0\0\0\0\4\0\0\0\0\0\0\0Q\345td\6\0\0\0\0\0\0\0\0\0\0\0\0\0\0\0\0\0\0\0\0\0\0\0\0\0\0\0\0\0\0\0\0\0\0\0\0\0\0\0\0\0\0\0\20\0\0\0\0\0\0\0R\345td\4\0\0\0\320t\3\0\0\0\0\0\320\204\3\0\0\0\0\0\320\204\3\0\0\0\0\0000+\0\0\0\0\0\0000+\0\0\0\0\0\0\1\0\0\0\0\0\0\0\4\0\0\0\20\0\0\0\5\0\0\0GNU\0\2\0\0\300\4\0\0\0\3\0\0\0\0\0\0\0\4\0\0\0\24\0\0\0\3\0\0\0GNU\0\206\5\245\243;&,\2073\1l\26CM\342hGWG\335\0\0\0\0\3\0\0\0\203\0\0\0\1\0\0\0\6\0\0\0\220\2I\252`H\212D", 832) = 832
3282  <... close resumed>)              = 0
3279  <... recvmsg resumed>{msg_name=NULL, msg_namelen=0, msg_iov=[{iov_base="\1\0\0\0\0\0\0\0\322\f\0\0\0\0\0\0\3\0\0\0\0\0\0\0\21\0\0\0\0\0\0\0", iov_len=32}], msg_iovlen=1, msg_control=[{cmsg_len=20, cmsg_level=SOL_SOCKET, cmsg_type=SCM_RIGHTS, cmsg_data=[15]}], msg_controllen=24, msg_flags=0}, 0) = 32
3284  lseek(23, 0, SEEK_CUR <unfinished ...>
3283  fstat(21,  <unfinished ...>
3282  close(28 <unfinished ...>
488   fcntl(24, F_SETFD, FD_CLOEXEC <unfinished ...>
3284  <... lseek resumed>)              = 838
3283  <... fstat resumed>{st_dev=makedev(0x8, 0x10), st_ino=19069, st_mode=S_IFREG|0644, st_nlink=1, st_uid=0, st_gid=0, st_blksize=4096, st_blocks=472, st_size=239896, st_atime=1632330412 /* 2021-09-22T13:06:52.165432100-0400 */, st_atime_nsec=165432100, st_mtime=1626894021 /* 2021-07-21T15:00:21-0400 */, st_mtime_nsec=0, st_ctime=1631636411 /* 2021-09-14T12:20:11.265926600-0400 */, st_ctime_nsec=265926600}) = 0
3282  <... close resumed>)              = 0
3279  recvmsg(5,  <unfinished ...>
3284  lseek(23, 0, SEEK_CUR <unfinished ...>
3283  mmap(NULL, 244136, PROT_READ, MAP_PRIVATE|MAP_DENYWRITE, 21, 0 <unfinished ...>
3282  close(30 <unfinished ...>
488   <... fcntl resumed>)              = 0
3284  <... lseek resumed>)              = 838
3283  <... mmap resumed>)               = 0x7f590200e000
3282  <... close resumed>)              = 0
3279  <... recvmsg resumed>{msg_name=NULL, msg_namelen=0, msg_iov=[{iov_base="\1\0\0\0\0\0\0\0\323\f\0\0\0\0\0\0\4\0\0\0\0\0\0\0\23\0\0\0\0\0\0\0", iov_len=32}], msg_iovlen=1, msg_control=[{cmsg_len=20, cmsg_level=SOL_SOCKET, cmsg_type=SCM_RIGHTS, cmsg_data=[16]}], msg_controllen=24, msg_flags=0}, 0) = 32
3284  lseek(23, 0, SEEK_CUR <unfinished ...>
3283  mmap(0x7f5902014000, 155648, PROT_READ|PROT_EXEC, MAP_PRIVATE|MAP_FIXED|MAP_DENYWRITE, 21, 0x6000 <unfinished ...>
3282  close(32 <unfinished ...>
488   clone(child_stack=NULL, flags=CLONE_CHILD_CLEARTID|CLONE_CHILD_SETTID|SIGCHLD <unfinished ...>
3284  <... lseek resumed>)              = 838
3283  <... mmap resumed>)               = 0x7f5902014000
3282  <... close resumed>)              = 0
3279  recvmsg(5,  <unfinished ...>
3284  lseek(23, 0, SEEK_CUR <unfinished ...>
3283  mmap(0x7f590203a000, 49152, PROT_READ, MAP_PRIVATE|MAP_FIXED|MAP_DENYWRITE, 21, 0x2c000 <unfinished ...>
3282  close(34 <unfinished ...>
3284  <... lseek resumed>)              = 838
3283  <... mmap resumed>)               = 0x7f590203a000
3279  <... recvmsg resumed>{msg_name=NULL, msg_namelen=0, msg_iov=[{iov_base="\1\0\0\0\0\0\0\0\324\f\0\0\0\0\0\0\5\0\0\0\0\0\0\0\25\0\0\0\0\0\0\0", iov_len=32}], msg_iovlen=1, msg_control=[{cmsg_len=20, cmsg_level=SOL_SOCKET, cmsg_type=SCM_RIGHTS, cmsg_data=[17]}], msg_controllen=24, msg_flags=0}, 0) = 32
3284  lseek(23, 0, SEEK_CUR <unfinished ...>
3283  mmap(0x7f5902046000, 16384, PROT_READ|PROT_WRITE, MAP_PRIVATE|MAP_FIXED|MAP_DENYWRITE, 21, 0x37000 <unfinished ...>
3282  <... close resumed>)              = 0
3279  recvmsg(5,  <unfinished ...>
3285  set_robust_list(0x7f5904dcfe60, 24 <unfinished ...>
3284  <... lseek resumed>)              = 838
3283  <... mmap resumed>)               = 0x7f5902046000
3282  close(36 <unfinished ...>
3279  <... recvmsg resumed>{msg_namelen=0}, 0) = -1 EAGAIN (Resource temporarily unavailable)
3285  <... set_robust_list resumed>)    = 0
3284  lseek(23, 0, SEEK_CUR <unfinished ...>
3283  close(21 <unfinished ...>
3282  <... close resumed>)              = 0
488   <... clone resumed>, child_tidptr=0x7f5904dcfe50) = 3285
3285  getpid( <unfinished ...>
3284  <... lseek resumed>)              = 838
3283  <... close resumed>)              = 0
3282  close(38 <unfinished ...>
3279  epoll_wait(13,  <unfinished ...>
3285  <... getpid resumed>)             = 3285
3284  lseek(23, 0, SEEK_CUR <unfinished ...>
3282  <... close resumed>)              = 0
488   sendmsg(4, {msg_name=NULL, msg_namelen=0, msg_iov=[{iov_base="\1\0\0\0\0\0\0\0\325\f\0\0\0\0\0\0\6\0\0\0\0\0\0\0\27\0\0\0\0\0\0\0", iov_len=32}], msg_iovlen=1, msg_control=[{cmsg_len=20, cmsg_level=SOL_SOCKET, cmsg_type=SCM_RIGHTS, cmsg_data=[23]}], msg_controllen=24, msg_flags=0}, 0 <unfinished ...>
3285  geteuid( <unfinished ...>
3284  <... lseek resumed>)              = 838
3283  mprotect(0x7f5902046000, 12288, PROT_READ <unfinished ...>
3282  close(40 <unfinished ...>
3285  <... geteuid resumed>)            = 0
3284  lseek(23, 0, SEEK_CUR <unfinished ...>
3283  <... mprotect resumed>)           = 0
3279  <... epoll_wait resumed>[{EPOLLIN, {u32=33371056, u64=140020262187952}}], 512, -1) = 1
488   <... sendmsg resumed>)            = 32
3282  <... close resumed>)              = 0
3285  setgid(33 <unfinished ...>
3284  <... lseek resumed>)              = 838
3283  munmap(0x7f590428b000, 34796 <unfinished ...>
3279  recvmsg(5,  <unfinished ...>
488   sendmsg(13, {msg_name=NULL, msg_namelen=0, msg_iov=[{iov_base="\1\0\0\0\0\0\0\0\325\f\0\0\0\0\0\0\6\0\0\0\0\0\0\0\27\0\0\0\0\0\0\0", iov_len=32}], msg_iovlen=1, msg_control=[{cmsg_len=20, cmsg_level=SOL_SOCKET, cmsg_type=SCM_RIGHTS, cmsg_data=[23]}], msg_controllen=24, msg_flags=0}, 0 <unfinished ...>
3285  <... setgid resumed>)             = 0
3284  lseek(23, 0, SEEK_CUR <unfinished ...>
3283  <... munmap resumed>)             = 0
3282  close(17 <unfinished ...>
3279  <... recvmsg resumed>{msg_name=NULL, msg_namelen=0, msg_iov=[{iov_base="\1\0\0\0\0\0\0\0\325\f\0\0\0\0\0\0\6\0\0\0\0\0\0\0\27\0\0\0\0\0\0\0", iov_len=32}], msg_iovlen=1, msg_control=[{cmsg_len=20, cmsg_level=SOL_SOCKET, cmsg_type=SCM_RIGHTS, cmsg_data=[18]}], msg_controllen=24, msg_flags=0}, 0) = 32
3285  openat(AT_FDCWD, "/proc/sys/kernel/ngroups_max", O_RDONLY <unfinished ...>
3284  <... lseek resumed>)              = 838
3283  rt_sigprocmask(SIG_BLOCK, [HUP USR1 USR2 PIPE ALRM CHLD TSTP URG VTALRM PROF WINCH IO],  <unfinished ...>
3282  <... close resumed>)              = 0
3280  <... epoll_wait resumed>[{EPOLLIN, {u32=33371056, u64=140020262187952}}], 512, -1) = 1
488   <... sendmsg resumed>)            = 32
3285  <... openat resumed>)             = 25
3284  lseek(23, 0, SEEK_CUR <unfinished ...>
3283  <... rt_sigprocmask resumed>[HUP INT QUIT USR1 USR2 ALRM TERM CHLD WINCH IO], 8) = 0
3282  epoll_ctl(19, EPOLL_CTL_ADD, 18, {EPOLLIN|EPOLLRDHUP, {u32=33371056, u64=140020262187952}} <unfinished ...>
3280  recvmsg(14,  <unfinished ...>
3279  recvmsg(5,  <unfinished ...>
3285  read(25,  <unfinished ...>
3284  <... lseek resumed>)              = 838
3283  gettid( <unfinished ...>
3282  <... epoll_ctl resumed>)          = 0
3280  <... recvmsg resumed>{msg_name=NULL, msg_namelen=0, msg_iov=[{iov_base="\1\0\0\0\0\0\0\0\325\f\0\0\0\0\0\0\6\0\0\0\0\0\0\0\27\0\0\0\0\0\0\0", iov_len=32}], msg_iovlen=1, msg_control=[{cmsg_len=20, cmsg_level=SOL_SOCKET, cmsg_type=SCM_RIGHTS, cmsg_data=[18]}], msg_controllen=24, msg_flags=0}, 0) = 32
488   sendmsg(15, {msg_name=NULL, msg_namelen=0, msg_iov=[{iov_base="\1\0\0\0\0\0\0\0\325\f\0\0\0\0\0\0\6\0\0\0\0\0\0\0\27\0\0\0\0\0\0\0", iov_len=32}], msg_iovlen=1, msg_control=[{cmsg_len=20, cmsg_level=SOL_SOCKET, cmsg_type=SCM_RIGHTS, cmsg_data=[23]}], msg_controllen=24, msg_flags=0}, 0 <unfinished ...>
3285  <... read resumed>"65536\n", 31)  = 6
3284  lseek(23, 0, SEEK_CUR <unfinished ...>
3283  <... gettid resumed>)             = 3283
3282  epoll_wait(19,  <unfinished ...>
3280  recvmsg(14,  <unfinished ...>
3279  <... recvmsg resumed>{msg_namelen=0}, 0) = -1 EAGAIN (Resource temporarily unavailable)
3285  close(25 <unfinished ...>
3284  <... lseek resumed>)              = 838
3283  socket(AF_UNIX, SOCK_DGRAM|SOCK_CLOEXEC, 0 <unfinished ...>
3282  <... epoll_wait resumed>[{EPOLLIN, {u32=33371056, u64=140020262187952}}], 512, -1) = 1
3281  <... epoll_wait resumed>[{EPOLLIN, {u32=33371056, u64=140020262187952}}], 512, -1) = 1
3280  <... recvmsg resumed>{msg_namelen=0}, 0) = -1 EAGAIN (Resource temporarily unavailable)
488   <... sendmsg resumed>)            = 32
3285  <... close resumed>)              = 0
3284  lseek(23, 0, SEEK_CUR <unfinished ...>
3283  <... socket resumed>)             = 21
3282  recvmsg(18,  <unfinished ...>
3281  recvmsg(16,  <unfinished ...>
3280  epoll_wait(15,  <unfinished ...>
3279  epoll_wait(13,  <unfinished ...>
3285  openat(AT_FDCWD, "/etc/group", O_RDONLY|O_CLOEXEC <unfinished ...>
3284  <... lseek resumed>)              = 838
3283  connect(21, {sa_family=AF_UNIX, sun_path=@"userdb-082ad7f66fef86bd451c4367d9a65ad2"}, 42 <unfinished ...>
3282  <... recvmsg resumed>{msg_name=NULL, msg_namelen=0, msg_iov=[{iov_base="\1\0\0\0\0\0\0\0\323\f\0\0\0\0\0\0\4\0\0\0\0\0\0\0\23\0\0\0\0\0\0\0", iov_len=32}], msg_iovlen=1, msg_control=[{cmsg_len=20, cmsg_level=SOL_SOCKET, cmsg_type=SCM_RIGHTS, cmsg_data=[5]}], msg_controllen=24, msg_flags=0}, 0) = 32
3281  <... recvmsg resumed>{msg_name=NULL, msg_namelen=0, msg_iov=[{iov_base="\1\0\0\0\0\0\0\0\325\f\0\0\0\0\0\0\6\0\0\0\0\0\0\0\27\0\0\0\0\0\0\0", iov_len=32}], msg_iovlen=1, msg_control=[{cmsg_len=20, cmsg_level=SOL_SOCKET, cmsg_type=SCM_RIGHTS, cmsg_data=[15]}], msg_controllen=24, msg_flags=0}, 0) = 32
488   sendmsg(17, {msg_name=NULL, msg_namelen=0, msg_iov=[{iov_base="\1\0\0\0\0\0\0\0\325\f\0\0\0\0\0\0\6\0\0\0\0\0\0\0\27\0\0\0\0\0\0\0", iov_len=32}], msg_iovlen=1, msg_control=[{cmsg_len=20, cmsg_level=SOL_SOCKET, cmsg_type=SCM_RIGHTS, cmsg_data=[23]}], msg_controllen=24, msg_flags=0}, 0 <unfinished ...>
3285  <... openat resumed>)             = 25
3284  lseek(23, 0, SEEK_CUR <unfinished ...>
3283  <... connect resumed>)            = -1 ECONNREFUSED (Connection refused)
3282  recvmsg(18,  <unfinished ...>
3281  recvmsg(16,  <unfinished ...>
3285  lseek(25, 0, SEEK_CUR <unfinished ...>
3284  <... lseek resumed>)              = 838
3283  close(21 <unfinished ...>
3282  <... recvmsg resumed>{msg_name=NULL, msg_namelen=0, msg_iov=[{iov_base="\1\0\0\0\0\0\0\0\324\f\0\0\0\0\0\0\5\0\0\0\0\0\0\0\25\0\0\0\0\0\0\0", iov_len=32}], msg_iovlen=1, msg_control=[{cmsg_len=20, cmsg_level=SOL_SOCKET, cmsg_type=SCM_RIGHTS, cmsg_data=[10]}], msg_controllen=24, msg_flags=0}, 0) = 32
488   <... sendmsg resumed>)            = 32
3285  <... lseek resumed>)              = 0
3284  lseek(23, 0, SEEK_CUR <unfinished ...>
3283  <... close resumed>)              = 0
3282  recvmsg(18,  <unfinished ...>
3281  <... recvmsg resumed>{msg_namelen=0}, 0) = -1 EAGAIN (Resource temporarily unavailable)
3285  fstat(25,  <unfinished ...>
3284  <... lseek resumed>)              = 838
3283  openat(AT_FDCWD, "/run/systemd/userdb/", O_RDONLY|O_NONBLOCK|O_CLOEXEC|O_DIRECTORY <unfinished ...>
3282  <... recvmsg resumed>{msg_name=NULL, msg_namelen=0, msg_iov=[{iov_base="\1\0\0\0\0\0\0\0\325\f\0\0\0\0\0\0\6\0\0\0\0\0\0\0\27\0\0\0\0\0\0\0", iov_len=32}], msg_iovlen=1, msg_control=[{cmsg_len=20, cmsg_level=SOL_SOCKET, cmsg_type=SCM_RIGHTS, cmsg_data=[14]}], msg_controllen=24, msg_flags=0}, 0) = 32
488   sendmsg(19, {msg_name=NULL, msg_namelen=0, msg_iov=[{iov_base="\1\0\0\0\0\0\0\0\325\f\0\0\0\0\0\0\6\0\0\0\0\0\0\0\27\0\0\0\0\0\0\0", iov_len=32}], msg_iovlen=1, msg_control=[{cmsg_len=20, cmsg_level=SOL_SOCKET, cmsg_type=SCM_RIGHTS, cmsg_data=[23]}], msg_controllen=24, msg_flags=0}, 0 <unfinished ...>
3285  <... fstat resumed>{st_dev=makedev(0x8, 0x10), st_ino=42400, st_mode=S_IFREG|0644, st_nlink=1, st_uid=1000, st_gid=0, st_blksize=4096, st_blocks=8, st_size=838, st_atime=1632330366 /* 2021-09-22T13:06:06.055432100-0400 */, st_atime_nsec=55432100, st_mtime=1631463555 /* 2021-09-12T12:19:15.316844700-0400 */, st_mtime_nsec=316844700, st_ctime=1631542796 /* 2021-09-13T10:19:56.578701800-0400 */, st_ctime_nsec=578701800}) = 0
3284  lseek(23, 0, SEEK_CUR <unfinished ...>
3283  <... openat resumed>)             = -1 ENOENT (No such file or directory)
3282  recvmsg(18,  <unfinished ...>
3281  epoll_wait(17,  <unfinished ...>
3285  read(25,  <unfinished ...>
3284  <... lseek resumed>)              = 838
3283  rt_sigprocmask(SIG_SETMASK, [HUP INT QUIT USR1 USR2 ALRM TERM CHLD WINCH IO],  <unfinished ...>
3282  <... recvmsg resumed>{msg_namelen=0}, 0) = -1 EAGAIN (Resource temporarily unavailable)
488   <... sendmsg resumed>)            = 32
3285  <... read resumed>"root:x:0:\ndaemon:x:1:\nbin:x:2:\nsys:x:3:\nadm:x:4:syslog,ssyeda\ntty:x:5:syslog\ndisk:x:6:\nlp:x:7:\nmail:x:8:\nnews:x:9:\nuucp:x:10:\nman:x:12:\nproxy:x:13:\nkmem:x:15:\ndialout:x:20:ssyeda\nfax:x:21:\nvoice:x:22:\ncdrom:x:24:ssyeda\nfloppy:x:25:ssyeda\ntape:x:26:\nsudo:x:27:ssyeda\naudio:x:29:ssyeda\ndip:x:30:ssyeda\nwww-data:x:33:\nbackup:x:34:\noperator:x:37:\nlist:x:38:\nirc:x:39:\nsrc:x:40:\ngnats:x:41:\nshadow:x:42:\nutmp:x:43:\nvideo:x:44:ssyeda\nsasl:x:45:\nplugdev:x:46:ssyeda\nstaff:x:50:\ngames:x:60:\nusers:x:100:\nnogroup:x:65534:\nsystemd-journal:x:101:\nsystemd-network:x:102:\nsystemd-resolve:x:103:\nsystemd-timesync:x:104:\ncrontab:x:105:\nmessagebus:x:106:\ninput:x:107:\nkvm:x:108:\nrender:x:109:\nsyslog:x:110:\ntss:x:111:\nuuidd:x:112:\ntcpdump:x:113:\nssh:x:114:\nlandscape:x:115:\nadmin:x:116:\nnetdev:x:117:ssyeda\nlxd:x:118:\nssyeda:x:1000:\ndocker:x:1001:ssyeda\n", 4096) = 838
3284  lseek(23, 0, SEEK_CUR <unfinished ...>
3283  <... rt_sigprocmask resumed>NULL, 8) = 0
3282  epoll_wait(19,  <unfinished ...>
3285  lseek(25, 0, SEEK_CUR <unfinished ...>
3284  <... lseek resumed>)              = 838
3283  setgroups(1, [33] <unfinished ...>
488   sendmsg(21, {msg_name=NULL, msg_namelen=0, msg_iov=[{iov_base="\1\0\0\0\0\0\0\0\325\f\0\0\0\0\0\0\6\0\0\0\0\0\0\0\27\0\0\0\0\0\0\0", iov_len=32}], msg_iovlen=1, msg_control=[{cmsg_len=20, cmsg_level=SOL_SOCKET, cmsg_type=SCM_RIGHTS, cmsg_data=[23]}], msg_controllen=24, msg_flags=0}, 0 <unfinished ...>
3285  <... lseek resumed>)              = 838
3284  lseek(23, 0, SEEK_CUR <unfinished ...>
3283  <... setgroups resumed>)          = 0
3285  lseek(25, 0, SEEK_CUR <unfinished ...>
3284  <... lseek resumed>)              = 838
488   <... sendmsg resumed>)            = 32
3285  <... lseek resumed>)              = 838
3284  lseek(23, 0, SEEK_CUR <unfinished ...>
3283  setuid(33 <unfinished ...>
3285  lseek(25, 0, SEEK_CUR <unfinished ...>
3284  <... lseek resumed>)              = 838
488   sendmsg(3, {msg_name=NULL, msg_namelen=0, msg_iov=[{iov_base="\1\0\0\0\0\0\0\0\325\f\0\0\0\0\0\0\6\0\0\0\0\0\0\0\27\0\0\0\0\0\0\0", iov_len=32}], msg_iovlen=1, msg_control=[{cmsg_len=20, cmsg_level=SOL_SOCKET, cmsg_type=SCM_RIGHTS, cmsg_data=[23]}], msg_controllen=24, msg_flags=0}, 0 <unfinished ...>
3285  <... lseek resumed>)              = 838
3284  lseek(23, 0, SEEK_CUR <unfinished ...>
3283  <... setuid resumed>)             = 0
3285  lseek(25, 0, SEEK_CUR <unfinished ...>
3284  <... lseek resumed>)              = 838
488   <... sendmsg resumed>)            = 32
3285  <... lseek resumed>)              = 838
3284  lseek(23, 0, SEEK_CUR <unfinished ...>
3283  prctl(PR_SET_DUMPABLE, SUID_DUMP_USER <unfinished ...>
3285  lseek(25, 0, SEEK_CUR <unfinished ...>
