4124  <... lseek resumed>)              = 838
4123  read(32,  <unfinished ...>
2238  fcntl(34, F_SETOWN, 2238 <unfinished ...>
4124  lseek(34, 0, SEEK_CUR <unfinished ...>
4123  <... read resumed>"", 4096)       = 0
4122  brk(0x55f3bae99000 <unfinished ...>
4120  <... rt_sigprocmask resumed>NULL, 8) = 0
4124  <... lseek resumed>)              = 838
4123  close(32 <unfinished ...>
4122  <... brk resumed>)                = 0x55f3bae99000
2238  <... fcntl resumed>)              = 0
4124  lseek(34, 0, SEEK_CUR <unfinished ...>
4123  <... close resumed>)              = 0
4120  epoll_create(512 <unfinished ...>
4124  <... lseek resumed>)              = 838
2238  fcntl(34, F_SETFD, FD_CLOEXEC <unfinished ...>
4124  lseek(34, 0, SEEK_CUR <unfinished ...>
4122  epoll_ctl(30, EPOLL_CTL_ADD, 6, {EPOLLIN|EPOLLEXCLUSIVE, {u32=2322358288, u64=140653911367696}} <unfinished ...>
4120  <... epoll_create resumed>)       = 26
4124  <... lseek resumed>)              = 838
4123  openat(AT_FDCWD, "/etc/ld.so.cache", O_RDONLY|O_CLOEXEC <unfinished ...>
4122  <... epoll_ctl resumed>)          = 0
2238  <... fcntl resumed>)              = 0
4124  lseek(34, 0, SEEK_CUR <unfinished ...>
4123  <... openat resumed>)             = 32
4122  epoll_ctl(30, EPOLL_CTL_ADD, 7, {EPOLLIN|EPOLLEXCLUSIVE, {u32=2322358520, u64=140653911367928}} <unfinished ...>
4120  eventfd2(0, 0 <unfinished ...>
4124  <... lseek resumed>)              = 838
4123  fstat(32,  <unfinished ...>
4122  <... epoll_ctl resumed>)          = 0
2238  fcntl(35, F_SETFD, FD_CLOEXEC <unfinished ...>
4124  lseek(34, 0, SEEK_CUR <unfinished ...>
4123  <... fstat resumed>{st_dev=makedev(0x8, 0x10), st_ino=1852, st_mode=S_IFREG|0644, st_nlink=1, st_uid=0, st_gid=0, st_blksize=4096, st_blocks=72, st_size=34796, st_atime=1632839147 /* 2021-09-28T10:25:47.477438700-0400 */, st_atime_nsec=477438700, st_mtime=1631636554 /* 2021-09-14T12:22:34.745926600-0400 */, st_mtime_nsec=745926600, st_ctime=1631636554 /* 2021-09-14T12:22:34.755926600-0400 */, st_ctime_nsec=755926600}) = 0
4122  epoll_ctl(30, EPOLL_CTL_ADD, 8, {EPOLLIN|EPOLLEXCLUSIVE, {u32=2322358752, u64=140653911368160}} <unfinished ...>
4120  <... eventfd2 resumed>)           = 27
4124  <... lseek resumed>)              = 838
4123  mmap(NULL, 34796, PROT_READ, MAP_PRIVATE, 32, 0 <unfinished ...>
4122  <... epoll_ctl resumed>)          = 0
2238  <... fcntl resumed>)              = 0
4124  lseek(34, 0, SEEK_CUR <unfinished ...>
4123  <... mmap resumed>)               = 0x7fec8c97e000
4122  close(9 <unfinished ...>
4120  epoll_ctl(26, EPOLL_CTL_ADD, 27, {EPOLLIN|EPOLLET, {u32=3106930592, u64=94505272344480}} <unfinished ...>
4124  <... lseek resumed>)              = 838
4123  close(32 <unfinished ...>
4122  <... close resumed>)              = 0
2238  clone(child_stack=NULL, flags=CLONE_CHILD_CLEARTID|CLONE_CHILD_SETTID|SIGCHLD <unfinished ...>
4124  lseek(34, 0, SEEK_CUR <unfinished ...>
4123  <... close resumed>)              = 0
4122  close(11 <unfinished ...>
4120  <... epoll_ctl resumed>)          = 0
4124  <... lseek resumed>)              = 838
4123  openat(AT_FDCWD, "/lib/x86_64-linux-gnu/libnss_systemd.so.2", O_RDONLY|O_CLOEXEC <unfinished ...>
4122  <... close resumed>)              = 0
4124  lseek(34, 0, SEEK_CUR <unfinished ...>
4123  <... openat resumed>)             = 32
4120  socketpair(AF_UNIX, SOCK_STREAM, 0 <unfinished ...>
4124  <... lseek resumed>)              = 838
4123  read(32,  <unfinished ...>
4122  close(13 <unfinished ...>
4120  <... socketpair resumed>, [28, 29]) = 0
4125  set_robust_list(0x7fec8d4c2e60, 24 <unfinished ...>
4124  lseek(34, 0, SEEK_CUR <unfinished ...>
4123  <... read resumed>"\177ELF\2\1\1\0\0\0\0\0\0\0\0\0\3\0>\0\1\0\0\0\240o\0\0\0\0\0\0@\0\0\0\0\0\0\0\330\241\3\0\0\0\0\0\0\0\0\0@\08\0\f\0@\0\35\0\34\0\1\0\0\0\4\0\0\0\0\0\0\0\0\0\0\0\0\0\0\0\0\0\0\0\0\0\0\0\0\0\0\0\300P\0\0\0\0\0\0\300P\0\0\0\0\0\0\0\20\0\0\0\0\0\0\1\0\0\0\5\0\0\0\0`\0\0\0\0\0\0\0`\0\0\0\0\0\0\0`\0\0\0\0\0\0\rS\2\0\0\0\0\0\rS\2\0\0\0\0\0\0\20\0\0\0\0\0\0\1\0\0\0\4\0\0\0\0\300\2\0\0\0\0\0\0\300\2\0\0\0\0\0\0\300\2\0\0\0\0\0\20\262\0\0\0\0\0\0\20\262\0\0\0\0\0\0\0\20\0\0\0\0\0\0\1\0\0\0\6\0\0\0\320t\3\0\0\0\0\0\320\204\3\0\0\0\0\0\320\204\3\0\0\0\0\0\300+\0\0\0\0\0\0\3304\0\0\0\0\0\0\0\20\0\0\0\0\0\0\2\0\0\0\6\0\0\0\230\231\3\0\0\0\0\0\230\251\3\0\0\0\0\0\230\251\3\0\0\0\0\0 \2\0\0\0\0\0\0 \2\0\0\0\0\0\0\10\0\0\0\0\0\0\0\4\0\0\0\4\0\0\0\340\2\0\0\0\0\0\0\340\2\0\0\0\0\0\0\340\2\0\0\0\0\0\0 \0\0\0\0\0\0\0 \0\0\0\0\0\0\0\10\0\0\0\0\0\0\0\4\0\0\0\4\0\0\0\0\3\0\0\0\0\0\0\0\3\0\0\0\0\0\0\0\3\0\0\0\0\0\0$\0\0\0\0\0\0\0$\0\0\0\0\0\0\0\4\0\0\0\0\0\0\0\7\0\0\0\4\0\0\0\320t\3\0\0\0\0\0\320\204\3\0\0\0\0\0\320\204\3\0\0\0\0\0\0\0\0\0\0\0\0\0,\0\0\0\0\0\0\0\10\0\0\0\0\0\0\0S\345td\4\0\0\0\340\2\0\0\0\0\0\0\340\2\0\0\0\0\0\0\340\2\0\0\0\0\0\0 \0\0\0\0\0\0\0 \0\0\0\0\0\0\0\10\0\0\0\0\0\0\0P\345td\4\0\0\0\30\30\3\0\0\0\0\0\30\30\3\0\0\0\0\0\30\30\3\0\0\0\0\0L\n\0\0\0\0\0\0L\n\0\0\0\0\0\0\4\0\0\0\0\0\0\0Q\345td\6\0\0\0\0\0\0\0\0\0\0\0\0\0\0\0\0\0\0\0\0\0\0\0\0\0\0\0\0\0\0\0\0\0\0\0\0\0\0\0\0\0\0\0\20\0\0\0\0\0\0\0R\345td\4\0\0\0\320t\3\0\0\0\0\0\320\204\3\0\0\0\0\0\320\204\3\0\0\0\0\0000+\0\0\0\0\0\0000+\0\0\0\0\0\0\1\0\0\0\0\0\0\0\4\0\0\0\20\0\0\0\5\0\0\0GNU\0\2\0\0\300\4\0\0\0\3\0\0\0\0\0\0\0\4\0\0\0\24\0\0\0\3\0\0\0GNU\0\206\5\245\243;&,\2073\1l\26CM\342hGWG\335\0\0\0\0\3\0\0\0\203\0\0\0\1\0\0\0\6\0\0\0\220\2I\252`H\212D", 832) = 832
4122  <... close resumed>)              = 0
4120  epoll_ctl(26, EPOLL_CTL_ADD, 28, {EPOLLIN|EPOLLRDHUP|EPOLLET, {u32=3106930592, u64=94505272344480}} <unfinished ...>
4125  <... set_robust_list resumed>)    = 0
4124  <... lseek resumed>)              = 838
4123  fstat(32,  <unfinished ...>
4122  close(15 <unfinished ...>
2238  <... clone resumed>, child_tidptr=0x7fec8d4c2e50) = 4125
4125  getpid( <unfinished ...>
4124  lseek(34, 0, SEEK_CUR <unfinished ...>
4123  <... fstat resumed>{st_dev=makedev(0x8, 0x10), st_ino=19069, st_mode=S_IFREG|0644, st_nlink=1, st_uid=0, st_gid=0, st_blksize=4096, st_blocks=472, st_size=239896, st_atime=1632839337 /* 2021-09-28T10:28:57.277438700-0400 */, st_atime_nsec=277438700, st_mtime=1626894021 /* 2021-07-21T15:00:21-0400 */, st_mtime_nsec=0, st_ctime=1631636411 /* 2021-09-14T12:20:11.265926600-0400 */, st_ctime_nsec=265926600}) = 0
4122  <... close resumed>)              = 0
4120  <... epoll_ctl resumed>)          = 0
4125  <... getpid resumed>)             = 4125
4124  <... lseek resumed>)              = 838
4123  mmap(NULL, 244136, PROT_READ, MAP_PRIVATE|MAP_DENYWRITE, 32, 0 <unfinished ...>
4122  close(17 <unfinished ...>
4120  close(29 <unfinished ...>
2238  sendmsg(3, {msg_name=NULL, msg_namelen=0, msg_iov=[{iov_base="\1\0\0\0\0\0\0\0\35\20\0\0\0\0\0\0\r\0\0\0\0\0\0\0\"\0\0\0\0\0\0\0", iov_len=32}], msg_iovlen=1, msg_control=[{cmsg_len=20, cmsg_level=SOL_SOCKET, cmsg_type=SCM_RIGHTS, cmsg_data=[34]}], msg_controllen=24, msg_flags=0}, 0 <unfinished ...>
4125  geteuid( <unfinished ...>
4124  lseek(34, 0, SEEK_CUR <unfinished ...>
4123  <... mmap resumed>)               = 0x7fec8a701000
4122  <... close resumed>)              = 0
4120  <... close resumed>)              = 0
4125  <... geteuid resumed>)            = 0
4124  <... lseek resumed>)              = 838
4123  mmap(0x7fec8a707000, 155648, PROT_READ|PROT_EXEC, MAP_PRIVATE|MAP_FIXED|MAP_DENYWRITE, 32, 0x6000 <unfinished ...>
4122  close(19 <unfinished ...>
2238  <... sendmsg resumed>)            = 32
4125  setgid(33 <unfinished ...>
4124  lseek(34, 0, SEEK_CUR <unfinished ...>
4123  <... mmap resumed>)               = 0x7fec8a707000
4122  <... close resumed>)              = 0
4120  epoll_wait(26,  <unfinished ...>
4125  <... setgid resumed>)             = 0
4124  <... lseek resumed>)              = 838
4123  mmap(0x7fec8a72d000, 49152, PROT_READ, MAP_PRIVATE|MAP_FIXED|MAP_DENYWRITE, 32, 0x2c000 <unfinished ...>
4122  close(21 <unfinished ...>
2238  sendmsg(10, {msg_name=NULL, msg_namelen=0, msg_iov=[{iov_base="\1\0\0\0\0\0\0\0\35\20\0\0\0\0\0\0\r\0\0\0\0\0\0\0\"\0\0\0\0\0\0\0", iov_len=32}], msg_iovlen=1, msg_control=[{cmsg_len=20, cmsg_level=SOL_SOCKET, cmsg_type=SCM_RIGHTS, cmsg_data=[34]}], msg_controllen=24, msg_flags=0}, 0 <unfinished ...>
4125  openat(AT_FDCWD, "/proc/sys/kernel/ngroups_max", O_RDONLY <unfinished ...>
4124  lseek(34, 0, SEEK_CUR <unfinished ...>
4123  <... mmap resumed>)               = 0x7fec8a72d000
4122  <... close resumed>)              = 0
4120  <... epoll_wait resumed>[{EPOLLIN|EPOLLHUP|EPOLLRDHUP, {u32=3106930592, u64=94505272344480}}], 1, 5000) = 1
4125  <... openat resumed>)             = 36
4124  <... lseek resumed>)              = 838
4123  mmap(0x7fec8a739000, 16384, PROT_READ|PROT_WRITE, MAP_PRIVATE|MAP_FIXED|MAP_DENYWRITE, 32, 0x37000 <unfinished ...>
4122  close(23 <unfinished ...>
2238  <... sendmsg resumed>)            = 32
4125  read(36,  <unfinished ...>
4124  lseek(34, 0, SEEK_CUR <unfinished ...>
4123  <... mmap resumed>)               = 0x7fec8a739000
4122  <... close resumed>)              = 0
4120  close(28 <unfinished ...>
4125  <... read resumed>"65536\n", 31)  = 6
4124  <... lseek resumed>)              = 838
4123  close(32 <unfinished ...>
4122  close(5 <unfinished ...>
2238  sendmsg(12, {msg_name=NULL, msg_namelen=0, msg_iov=[{iov_base="\1\0\0\0\0\0\0\0\35\20\0\0\0\0\0\0\r\0\0\0\0\0\0\0\"\0\0\0\0\0\0\0", iov_len=32}], msg_iovlen=1, msg_control=[{cmsg_len=20, cmsg_level=SOL_SOCKET, cmsg_type=SCM_RIGHTS, cmsg_data=[34]}], msg_controllen=24, msg_flags=0}, 0 <unfinished ...>
4125  close(36 <unfinished ...>
4124  lseek(34, 0, SEEK_CUR <unfinished ...>
4123  <... close resumed>)              = 0
4122  <... close resumed>)              = 0
4120  <... close resumed>)              = 0
4125  <... close resumed>)              = 0
4124  <... lseek resumed>)              = 838
4122  close(27 <unfinished ...>
2238  <... sendmsg resumed>)            = 32
4124  lseek(34, 0, SEEK_CUR <unfinished ...>
4123  mprotect(0x7fec8a739000, 12288, PROT_READ <unfinished ...>
4122  <... close resumed>)              = 0
4120  mmap(NULL, 241664, PROT_READ|PROT_WRITE, MAP_PRIVATE|MAP_ANONYMOUS, -1, 0 <unfinished ...>
4125  openat(AT_FDCWD, "/etc/group", O_RDONLY|O_CLOEXEC <unfinished ...>
4124  <... lseek resumed>)              = 838
4123  <... mprotect resumed>)           = 0
4122  close(28 <unfinished ...>
2238  sendmsg(14, {msg_name=NULL, msg_namelen=0, msg_iov=[{iov_base="\1\0\0\0\0\0\0\0\35\20\0\0\0\0\0\0\r\0\0\0\0\0\0\0\"\0\0\0\0\0\0\0", iov_len=32}], msg_iovlen=1, msg_control=[{cmsg_len=20, cmsg_level=SOL_SOCKET, cmsg_type=SCM_RIGHTS, cmsg_data=[34]}], msg_controllen=24, msg_flags=0}, 0 <unfinished ...>
4125  <... openat resumed>)             = 36
4124  lseek(34, 0, SEEK_CUR <unfinished ...>
4123  munmap(0x7fec8c97e000, 34796 <unfinished ...>
4122  <... close resumed>)              = 0
4120  <... mmap resumed>)               = 0x7fec8a6c6000
4125  lseek(36, 0, SEEK_CUR <unfinished ...>
4124  <... lseek resumed>)              = 838
4123  <... munmap resumed>)             = 0
4122  epoll_ctl(30, EPOLL_CTL_ADD, 29, {EPOLLIN|EPOLLRDHUP, {u32=2322358984, u64=140653911368392}} <unfinished ...>
2238  <... sendmsg resumed>)            = 32
4125  <... lseek resumed>)              = 0
4124  lseek(34, 0, SEEK_CUR <unfinished ...>
4123  rt_sigprocmask(SIG_BLOCK, [HUP USR1 USR2 PIPE ALRM CHLD TSTP URG VTALRM PROF WINCH IO],  <unfinished ...>
4122  <... epoll_ctl resumed>)          = 0
4120  brk(0x55f3bae99000 <unfinished ...>
4125  fstat(36,  <unfinished ...>
4124  <... lseek resumed>)              = 838
4123  <... rt_sigprocmask resumed>[HUP INT QUIT USR1 USR2 ALRM TERM CHLD WINCH IO], 8) = 0
4122  epoll_wait(30,  <unfinished ...>
2238  sendmsg(16, {msg_name=NULL, msg_namelen=0, msg_iov=[{iov_base="\1\0\0\0\0\0\0\0\35\20\0\0\0\0\0\0\r\0\0\0\0\0\0\0\"\0\0\0\0\0\0\0", iov_len=32}], msg_iovlen=1, msg_control=[{cmsg_len=20, cmsg_level=SOL_SOCKET, cmsg_type=SCM_RIGHTS, cmsg_data=[34]}], msg_controllen=24, msg_flags=0}, 0 <unfinished ...>
4125  <... fstat resumed>{st_dev=makedev(0x8, 0x10), st_ino=42400, st_mode=S_IFREG|0644, st_nlink=1, st_uid=1000, st_gid=0, st_blksize=4096, st_blocks=8, st_size=838, st_atime=1632839147 /* 2021-09-28T10:25:47.587438700-0400 */, st_atime_nsec=587438700, st_mtime=1631463555 /* 2021-09-12T12:19:15.316844700-0400 */, st_mtime_nsec=316844700, st_ctime=1631542796 /* 2021-09-13T10:19:56.578701800-0400 */, st_ctime_nsec=578701800}) = 0
4124  lseek(34, 0, SEEK_CUR <unfinished ...>
4123  gettid( <unfinished ...>
4122  <... epoll_wait resumed>[{EPOLLIN, {u32=2322358984, u64=140653911368392}}], 512, -1) = 1
4120  <... brk resumed>)                = 0x55f3bae99000
4125  read(36,  <unfinished ...>
4124  <... lseek resumed>)              = 838
4123  <... gettid resumed>)             = 4123
4122  recvmsg(29,  <unfinished ...>
2238  <... sendmsg resumed>)            = 32
4125  <... read resumed>"root:x:0:\ndaemon:x:1:\nbin:x:2:\nsys:x:3:\nadm:x:4:syslog,ssyeda\ntty:x:5:syslog\ndisk:x:6:\nlp:x:7:\nmail:x:8:\nnews:x:9:\nuucp:x:10:\nman:x:12:\nproxy:x:13:\nkmem:x:15:\ndialout:x:20:ssyeda\nfax:x:21:\nvoice:x:22:\ncdrom:x:24:ssyeda\nfloppy:x:25:ssyeda\ntape:x:26:\nsudo:x:27:ssyeda\naudio:x:29:ssyeda\ndip:x:30:ssyeda\nwww-data:x:33:\nbackup:x:34:\noperator:x:37:\nlist:x:38:\nirc:x:39:\nsrc:x:40:\ngnats:x:41:\nshadow:x:42:\nutmp:x:43:\nvideo:x:44:ssyeda\nsasl:x:45:\nplugdev:x:46:ssyeda\nstaff:x:50:\ngames:x:60:\nusers:x:100:\nnogroup:x:65534:\nsystemd-journal:x:101:\nsystemd-network:x:102:\nsystemd-resolve:x:103:\nsystemd-timesync:x:104:\ncrontab:x:105:\nmessagebus:x:106:\ninput:x:107:\nkvm:x:108:\nrender:x:109:\nsyslog:x:110:\ntss:x:111:\nuuidd:x:112:\ntcpdump:x:113:\nssh:x:114:\nlandscape:x:115:\nadmin:x:116:\nnetdev:x:117:ssyeda\nlxd:x:118:\nssyeda:x:1000:\ndocker:x:1001:ssyeda\n", 4096) = 838
4124  lseek(34, 0, SEEK_CUR <unfinished ...>
4123  socket(AF_UNIX, SOCK_DGRAM|SOCK_CLOEXEC, 0 <unfinished ...>
4122  <... recvmsg resumed>{msg_name=NULL, msg_namelen=0, msg_iov=[{iov_base="\1\0\0\0\0\0\0\0\33\20\0\0\0\0\0\0\v\0\0\0\0\0\0\0\36\0\0\0\0\0\0\0", iov_len=32}], msg_iovlen=1, msg_control=[{cmsg_len=20, cmsg_level=SOL_SOCKET, cmsg_type=SCM_RIGHTS, cmsg_data=[5]}], msg_controllen=24, msg_flags=0}, 0) = 32
4120  epoll_ctl(26, EPOLL_CTL_ADD, 6, {EPOLLIN|EPOLLEXCLUSIVE, {u32=2322358288, u64=140653911367696}} <unfinished ...>
4125  lseek(36, 0, SEEK_CUR <unfinished ...>
4124  <... lseek resumed>)              = 838
4123  <... socket resumed>)             = 32
4122  recvmsg(29,  <unfinished ...>
2238  sendmsg(18, {msg_name=NULL, msg_namelen=0, msg_iov=[{iov_base="\1\0\0\0\0\0\0\0\35\20\0\0\0\0\0\0\r\0\0\0\0\0\0\0\"\0\0\0\0\0\0\0", iov_len=32}], msg_iovlen=1, msg_control=[{cmsg_len=20, cmsg_level=SOL_SOCKET, cmsg_type=SCM_RIGHTS, cmsg_data=[34]}], msg_controllen=24, msg_flags=0}, 0 <unfinished ...>
4125  <... lseek resumed>)              = 838
4124  lseek(34, 0, SEEK_CUR <unfinished ...>
4123  connect(32, {sa_family=AF_UNIX, sun_path=@"userdb-eb3761406df010d60d7749d0ebce4c68"}, 42 <unfinished ...>
4122  <... recvmsg resumed>{msg_name=NULL, msg_namelen=0, msg_iov=[{iov_base="\1\0\0\0\0\0\0\0\34\20\0\0\0\0\0\0\f\0\0\0\0\0\0\0 \0\0\0\0\0\0\0", iov_len=32}], msg_iovlen=1, msg_control=[{cmsg_len=20, cmsg_level=SOL_SOCKET, cmsg_type=SCM_RIGHTS, cmsg_data=[9]}], msg_controllen=24, msg_flags=0}, 0) = 32
4120  <... epoll_ctl resumed>)          = 0
4125  lseek(36, 0, SEEK_CUR <unfinished ...>
4124  <... lseek resumed>)              = 838
4123  <... connect resumed>)            = -1 ECONNREFUSED (Connection refused)
4122  recvmsg(29,  <unfinished ...>
2238  <... sendmsg resumed>)            = 32
4125  <... lseek resumed>)              = 838
4124  lseek(34, 0, SEEK_CUR <unfinished ...>
4123  close(32 <unfinished ...>
4122  <... recvmsg resumed>{msg_namelen=0}, 0) = -1 EAGAIN (Resource temporarily unavailable)
4120  epoll_ctl(26, EPOLL_CTL_ADD, 7, {EPOLLIN|EPOLLEXCLUSIVE, {u32=2322358520, u64=140653911367928}} <unfinished ...>
4125  lseek(36, 0, SEEK_CUR <unfinished ...>
4124  <... lseek resumed>)              = 838
4123  <... close resumed>)              = 0
4122  epoll_wait(30,  <unfinished ...>
2238  sendmsg(20, {msg_name=NULL, msg_namelen=0, msg_iov=[{iov_base="\1\0\0\0\0\0\0\0\35\20\0\0\0\0\0\0\r\0\0\0\0\0\0\0\"\0\0\0\0\0\0\0", iov_len=32}], msg_iovlen=1, msg_control=[{cmsg_len=20, cmsg_level=SOL_SOCKET, cmsg_type=SCM_RIGHTS, cmsg_data=[34]}], msg_controllen=24, msg_flags=0}, 0 <unfinished ...>
4125  <... lseek resumed>)              = 838
4124  lseek(34, 0, SEEK_CUR <unfinished ...>
4123  openat(AT_FDCWD, "/run/systemd/userdb/", O_RDONLY|O_NONBLOCK|O_CLOEXEC|O_DIRECTORY <unfinished ...>
4120  <... epoll_ctl resumed>)          = 0
4125  lseek(36, 0, SEEK_CUR <unfinished ...>
4124  <... lseek resumed>)              = 838
4123  <... openat resumed>)             = -1 ENOENT (No such file or directory)
2238  <... sendmsg resumed>)            = 32
4125  <... lseek resumed>)              = 838
4124  lseek(34, 0, SEEK_CUR <unfinished ...>
4123  rt_sigprocmask(SIG_SETMASK, [HUP INT QUIT USR1 USR2 ALRM TERM CHLD WINCH IO],  <unfinished ...>
4120  epoll_ctl(26, EPOLL_CTL_ADD, 8, {EPOLLIN|EPOLLEXCLUSIVE, {u32=2322358752, u64=140653911368160}} <unfinished ...>
4125  lseek(36, 0, SEEK_CUR <unfinished ...>
4124  <... lseek resumed>)              = 838
4123  <... rt_sigprocmask resumed>NULL, 8) = 0
2238  sendmsg(22, {msg_name=NULL, msg_namelen=0, msg_iov=[{iov_base="\1\0\0\0\0\0\0\0\35\20\0\0\0\0\0\0\r\0\0\0\0\0\0\0\"\0\0\0\0\0\0\0", iov_len=32}], msg_iovlen=1, msg_control=[{cmsg_len=20, cmsg_level=SOL_SOCKET, cmsg_type=SCM_RIGHTS, cmsg_data=[34]}], msg_controllen=24, msg_flags=0}, 0 <unfinished ...>
4125  <... lseek resumed>)              = 838
4124  lseek(34, 0, SEEK_CUR <unfinished ...>
4123  setgroups(1, [33] <unfinished ...>
4120  <... epoll_ctl resumed>)          = 0
4125  lseek(36, 0, SEEK_CUR <unfinished ...>
4124  <... lseek resumed>)              = 838
4123  <... setgroups resumed>)          = 0
2238  <... sendmsg resumed>)            = 32
4125  <... lseek resumed>)              = 838
4124  lseek(34, 0, SEEK_CUR <unfinished ...>
4123  setuid(33 <unfinished ...>
4120  close(9 <unfinished ...>
4125  lseek(36, 0, SEEK_CUR <unfinished ...>
4124  <... lseek resumed>)              = 838
4123  <... setuid resumed>)             = 0
2238  sendmsg(4, {msg_name=NULL, msg_namelen=0, msg_iov=[{iov_base="\1\0\0\0\0\0\0\0\35\20\0\0\0\0\0\0\r\0\0\0\0\0\0\0\"\0\0\0\0\0\0\0", iov_len=32}], msg_iovlen=1, msg_control=[{cmsg_len=20, cmsg_level=SOL_SOCKET, cmsg_type=SCM_RIGHTS, cmsg_data=[34]}], msg_controllen=24, msg_flags=0}, 0 <unfinished ...>
4125  <... lseek resumed>)              = 838
4124  lseek(34, 0, SEEK_CUR <unfinished ...>
4123  prctl(PR_SET_DUMPABLE, SUID_DUMP_USER <unfinished ...>
4120  <... close resumed>)              = 0
4125  lseek(36, 0, SEEK_CUR <unfinished ...>
4124  <... lseek resumed>)              = 838
4123  <... prctl resumed>)              = 0
2238  <... sendmsg resumed>)            = 32
4125  <... lseek resumed>)              = 838
4124  lseek(34, 0, SEEK_CUR <unfinished ...>
4123  rt_sigprocmask(SIG_SETMASK, [],  <unfinished ...>
4120  close(11 <unfinished ...>
4125  lseek(36, 0, SEEK_CUR <unfinished ...>
4124  <... lseek resumed>)              = 838
4123  <... rt_sigprocmask resumed>NULL, 8) = 0
2238  sendmsg(26, {msg_name=NULL, msg_namelen=0, msg_iov=[{iov_base="\1\0\0\0\0\0\0\0\35\20\0\0\0\0\0\0\r\0\0\0\0\0\0\0\"\0\0\0\0\0\0\0", iov_len=32}], msg_iovlen=1, msg_control=[{cmsg_len=20, cmsg_level=SOL_SOCKET, cmsg_type=SCM_RIGHTS, cmsg_data=[34]}], msg_controllen=24, msg_flags=0}, 0 <unfinished ...>
4125  <... lseek resumed>)              = 838
4124  lseek(34, 0, SEEK_CUR <unfinished ...>
4123  epoll_create(512 <unfinished ...>
4120  <... close resumed>)              = 0
4125  lseek(36, 0, SEEK_CUR <unfinished ...>
4124  <... lseek resumed>)              = 838
4123  <... epoll_create resumed>)       = 32
4121  <... epoll_wait resumed>[{EPOLLIN, {u32=2322358984, u64=140653911368392}}], 512, -1) = 1
2238  <... sendmsg resumed>)            = 32
4125  <... lseek resumed>)              = 838
4124  lseek(34, 0, SEEK_CUR <unfinished ...>
4123  eventfd2(0, 0 <unfinished ...>
4121  recvmsg(27,  <unfinished ...>
4120  close(13 <unfinished ...>
4125  lseek(36, 0, SEEK_CUR <unfinished ...>
4124  <... lseek resumed>)              = 838
4123  <... eventfd2 resumed>)           = 33
4121  <... recvmsg resumed>{msg_name=NULL, msg_namelen=0, msg_iov=[{iov_base="\1\0\0\0\0\0\0\0\35\20\0\0\0\0\0\0\r\0\0\0\0\0\0\0\"\0\0\0\0\0\0\0", iov_len=32}], msg_iovlen=1, msg_control=[{cmsg_len=20, cmsg_level=SOL_SOCKET, cmsg_type=SCM_RIGHTS, cmsg_data=[13]}], msg_controllen=24, msg_flags=0}, 0) = 32
2238  sendmsg(28, {msg_name=NULL, msg_namelen=0, msg_iov=[{iov_base="\1\0\0\0\0\0\0\0\35\20\0\0\0\0\0\0\r\0\0\0\0\0\0\0\"\0\0\0\0\0\0\0", iov_len=32}], msg_iovlen=1, msg_control=[{cmsg_len=20, cmsg_level=SOL_SOCKET, cmsg_type=SCM_RIGHTS, cmsg_data=[34]}], msg_controllen=24, msg_flags=0}, 0 <unfinished ...>
4120  <... close resumed>)              = 0
4125  <... lseek resumed>)              = 838
4124  lseek(34, 0, SEEK_CUR <unfinished ...>
4123  epoll_ctl(32, EPOLL_CTL_ADD, 33, {EPOLLIN|EPOLLET, {u32=3106930592, u64=94505272344480}} <unfinished ...>
4122  <... epoll_wait resumed>[{EPOLLIN, {u32=2322358984, u64=140653911368392}}], 512, -1) = 1
4121  recvmsg(27,  <unfinished ...>
2238  <... sendmsg resumed>)            = 32
4125  lseek(36, 0, SEEK_CUR <unfinished ...>
4124  <... lseek resumed>)              = 838
4123  <... epoll_ctl resumed>)          = 0
4122  recvmsg(29,  <unfinished ...>
4121  <... recvmsg resumed>{msg_namelen=0}, 0) = -1 EAGAIN (Resource temporarily unavailable)
4120  close(15 <unfinished ...>
2238  sendmsg(30, {msg_name=NULL, msg_namelen=0, msg_iov=[{iov_base="\1\0\0\0\0\0\0\0\35\20\0\0\0\0\0\0\r\0\0\0\0\0\0\0\"\0\0\0\0\0\0\0", iov_len=32}], msg_iovlen=1, msg_control=[{cmsg_len=20, cmsg_level=SOL_SOCKET, cmsg_type=SCM_RIGHTS, cmsg_data=[34]}], msg_controllen=24, msg_flags=0}, 0 <unfinished ...>
4125  <... lseek resumed>)              = 838
4124  lseek(34, 0, SEEK_CUR <unfinished ...>
4123  socketpair(AF_UNIX, SOCK_STREAM, 0 <unfinished ...>
4122  <... recvmsg resumed>{msg_name=NULL, msg_namelen=0, msg_iov=[{iov_base="\1\0\0\0\0\0\0\0\35\20\0\0\0\0\0\0\r\0\0\0\0\0\0\0\"\0\0\0\0\0\0\0", iov_len=32}], msg_iovlen=1, msg_control=[{cmsg_len=20, cmsg_level=SOL_SOCKET, cmsg_type=SCM_RIGHTS, cmsg_data=[11]}], msg_controllen=24, msg_flags=0}, 0) = 32
4121  epoll_wait(28,  <unfinished ...>
4120  <... close resumed>)              = 0
2238  <... sendmsg resumed>)            = 32
4125  lseek(36, 0, SEEK_CUR <unfinished ...>
4124  <... lseek resumed>)              = 838
4123  <... socketpair resumed>, [34, 35]) = 0
4122  recvmsg(29,  <unfinished ...>
4120  close(17 <unfinished ...>
4125  <... lseek resumed>)              = 838
4124  lseek(34, 0, SEEK_CUR <unfinished ...>
4123  epoll_ctl(32, EPOLL_CTL_ADD, 34, {EPOLLIN|EPOLLRDHUP|EPOLLET, {u32=3106930592, u64=94505272344480}} <unfinished ...>
4122  <... recvmsg resumed>{msg_namelen=0}, 0) = -1 EAGAIN (Resource temporarily unavailable)
2238  sendmsg(32, {msg_name=NULL, msg_namelen=0, msg_iov=[{iov_base="\1\0\0\0\0\0\0\0\35\20\0\0\0\0\0\0\r\0\0\0\0\0\0\0\"\0\0\0\0\0\0\0", iov_len=32}], msg_iovlen=1, msg_control=[{cmsg_len=20, cmsg_level=SOL_SOCKET, cmsg_type=SCM_RIGHTS, cmsg_data=[34]}], msg_controllen=24, msg_flags=0}, 0 <unfinished ...>
4125  lseek(36, 0, SEEK_CUR <unfinished ...>
4124  <... lseek resumed>)              = 838
4123  <... epoll_ctl resumed>)          = 0
4122  epoll_wait(30,  <unfinished ...>
4120  <... close resumed>)              = 0
4125  <... lseek resumed>)              = 838
4124  lseek(34, 0, SEEK_CUR <unfinished ...>
4123  close(35 <unfinished ...>
2238  <... sendmsg resumed>)            = 32
4125  lseek(36, 0, SEEK_CUR <unfinished ...>
4124  <... lseek resumed>)              = 838
4123  <... close resumed>)              = 0
4120  close(19 <unfinished ...>
2238  socketpair(AF_UNIX, SOCK_STREAM, 0 <unfinished ...>
4125  <... lseek resumed>)              = 838
4124  lseek(34, 0, SEEK_CUR <unfinished ...>
4123  epoll_wait(32,  <unfinished ...>
4120  <... close resumed>)              = 0
4125  lseek(36, 0, SEEK_CUR <unfinished ...>
4124  <... lseek resumed>)              = 838
4123  <... epoll_wait resumed>[{EPOLLIN|EPOLLHUP|EPOLLRDHUP, {u32=3106930592, u64=94505272344480}}], 1, 5000) = 1
2238  <... socketpair resumed>, [36, 37]) = 0
4125  <... lseek resumed>)              = 838
4124  lseek(34, 0, SEEK_CUR <unfinished ...>
4123  close(34 <unfinished ...>
4120  close(21 <unfinished ...>
4125  lseek(36, 0, SEEK_CUR <unfinished ...>
4124  <... lseek resumed>)              = 838
4123  <... close resumed>)              = 0
2238  ioctl(36, FIONBIO, [1] <unfinished ...>
4125  <... lseek resumed>)              = 838
4124  lseek(34, 0, SEEK_CUR <unfinished ...>
4123  mmap(NULL, 241664, PROT_READ|PROT_WRITE, MAP_PRIVATE|MAP_ANONYMOUS, -1, 0 <unfinished ...>
4120  <... close resumed>)              = 0
4125  lseek(36, 0, SEEK_CUR <unfinished ...>
4124  <... lseek resumed>)              = 838
4123  <... mmap resumed>)               = 0x7fec8a6c6000
2238  <... ioctl resumed>)              = 0
4125  <... lseek resumed>)              = 838
4124  read(34,  <unfinished ...>
4120  close(23 <unfinished ...>
4125  lseek(36, 0, SEEK_CUR <unfinished ...>
4124  <... read resumed>"", 4096)       = 0
4123  brk(0x55f3bae99000 <unfinished ...>
2238  ioctl(37, FIONBIO, [1] <unfinished ...>
4125  <... lseek resumed>)              = 838
4124  close(34 <unfinished ...>
4123  <... brk resumed>)                = 0x55f3bae99000
4120  <... close resumed>)              = 0
4125  lseek(36, 0, SEEK_CUR <unfinished ...>
4124  <... close resumed>)              = 0
2238  <... ioctl resumed>)              = 0
4125  <... lseek resumed>)              = 838
4123  epoll_ctl(32, EPOLL_CTL_ADD, 6, {EPOLLIN|EPOLLEXCLUSIVE, {u32=2322358288, u64=140653911367696}} <unfinished ...>
4120  close(4 <unfinished ...>
4125  lseek(36, 0, SEEK_CUR <unfinished ...>
4124  openat(AT_FDCWD, "/etc/ld.so.cache", O_RDONLY|O_CLOEXEC <unfinished ...>
4123  <... epoll_ctl resumed>)          = 0
2238  ioctl(36, FIOASYNC, [1] <unfinished ...>
4125  <... lseek resumed>)              = 838
4124  <... openat resumed>)             = 34
4123  epoll_ctl(32, EPOLL_CTL_ADD, 7, {EPOLLIN|EPOLLEXCLUSIVE, {u32=2322358520, u64=140653911367928}} <unfinished ...>
4120  <... close resumed>)              = 0
4125  lseek(36, 0, SEEK_CUR <unfinished ...>
4124  fstat(34,  <unfinished ...>
4123  <... epoll_ctl resumed>)          = 0
2238  <... ioctl resumed>)              = 0
4125  <... lseek resumed>)              = 838
4124  <... fstat resumed>{st_dev=makedev(0x8, 0x10), st_ino=1852, st_mode=S_IFREG|0644, st_nlink=1, st_uid=0, st_gid=0, st_blksize=4096, st_blocks=72, st_size=34796, st_atime=1632839147 /* 2021-09-28T10:25:47.477438700-0400 */, st_atime_nsec=477438700, st_mtime=1631636554 /* 2021-09-14T12:22:34.745926600-0400 */, st_mtime_nsec=745926600, st_ctime=1631636554 /* 2021-09-14T12:22:34.755926600-0400 */, st_ctime_nsec=755926600}) = 0
4123  epoll_ctl(32, EPOLL_CTL_ADD, 8, {EPOLLIN|EPOLLEXCLUSIVE, {u32=2322358752, u64=140653911368160}} <unfinished ...>
4120  epoll_ctl(26, EPOLL_CTL_ADD, 5, {EPOLLIN|EPOLLRDHUP, {u32=2322358984, u64=140653911368392}} <unfinished ...>
4125  lseek(36, 0, SEEK_CUR <unfinished ...>
4124  mmap(NULL, 34796, PROT_READ, MAP_PRIVATE, 34, 0 <unfinished ...>
4123  <... epoll_ctl resumed>)          = 0
2238  fcntl(36, F_SETOWN, 2238 <unfinished ...>
4125  <... lseek resumed>)              = 838
4124  <... mmap resumed>)               = 0x7fec8c97e000
4123  close(9 <unfinished ...>
4120  <... epoll_ctl resumed>)          = 0
4125  lseek(36, 0, SEEK_CUR <unfinished ...>
4124  close(34 <unfinished ...>
4123  <... close resumed>)              = 0
2238  <... fcntl resumed>)              = 0
4125  <... lseek resumed>)              = 838
4124  <... close resumed>)              = 0
4123  close(11 <unfinished ...>
4120  epoll_wait(26,  <unfinished ...>
4125  lseek(36, 0, SEEK_CUR <unfinished ...>
4124  openat(AT_FDCWD, "/lib/x86_64-linux-gnu/libnss_systemd.so.2", O_RDONLY|O_CLOEXEC <unfinished ...>
4123  <... close resumed>)              = 0
2238  fcntl(36, F_SETFD, FD_CLOEXEC <unfinished ...>
4125  <... lseek resumed>)              = 838
4124  <... openat resumed>)             = 34
4123  close(13 <unfinished ...>
4120  <... epoll_wait resumed>[{EPOLLIN, {u32=2322358984, u64=140653911368392}}], 512, -1) = 1
2238  <... fcntl resumed>)              = 0
4125  lseek(36, 0, SEEK_CUR <unfinished ...>
4124  read(34,  <unfinished ...>
4123  <... close resumed>)              = 0
4120  recvmsg(5,  <unfinished ...>
4125  <... lseek resumed>)              = 838
4124  <... read resumed>"\177ELF\2\1\1\0\0\0\0\0\0\0\0\0\3\0>\0\1\0\0\0\240o\0\0\0\0\0\0@\0\0\0\0\0\0\0\330\241\3\0\0\0\0\0\0\0\0\0@\08\0\f\0@\0\35\0\34\0\1\0\0\0\4\0\0\0\0\0\0\0\0\0\0\0\0\0\0\0\0\0\0\0\0\0\0\0\0\0\0\0\300P\0\0\0\0\0\0\300P\0\0\0\0\0\0\0\20\0\0\0\0\0\0\1\0\0\0\5\0\0\0\0`\0\0\0\0\0\0\0`\0\0\0\0\0\0\0`\0\0\0\0\0\0\rS\2\0\0\0\0\0\rS\2\0\0\0\0\0\0\20\0\0\0\0\0\0\1\0\0\0\4\0\0\0\0\300\2\0\0\0\0\0\0\300\2\0\0\0\0\0\0\300\2\0\0\0\0\0\20\262\0\0\0\0\0\0\20\262\0\0\0\0\0\0\0\20\0\0\0\0\0\0\1\0\0\0\6\0\0\0\320t\3\0\0\0\0\0\320\204\3\0\0\0\0\0\320\204\3\0\0\0\0\0\300+\0\0\0\0\0\0\3304\0\0\0\0\0\0\0\20\0\0\0\0\0\0\2\0\0\0\6\0\0\0\230\231\3\0\0\0\0\0\230\251\3\0\0\0\0\0\230\251\3\0\0\0\0\0 \2\0\0\0\0\0\0 \2\0\0\0\0\0\0\10\0\0\0\0\0\0\0\4\0\0\0\4\0\0\0\340\2\0\0\0\0\0\0\340\2\0\0\0\0\0\0\340\2\0\0\0\0\0\0 \0\0\0\0\0\0\0 \0\0\0\0\0\0\0\10\0\0\0\0\0\0\0\4\0\0\0\4\0\0\0\0\3\0\0\0\0\0\0\0\3\0\0\0\0\0\0\0\3\0\0\0\0\0\0$\0\0\0\0\0\0\0$\0\0\0\0\0\0\0\4\0\0\0\0\0\0\0\7\0\0\0\4\0\0\0\320t\3\0\0\0\0\0\320\204\3\0\0\0\0\0\320\204\3\0\0\0\0\0\0\0\0\0\0\0\0\0,\0\0\0\0\0\0\0\10\0\0\0\0\0\0\0S\345td\4\0\0\0\340\2\0\0\0\0\0\0\340\2\0\0\0\0\0\0\340\2\0\0\0\0\0\0 \0\0\0\0\0\0\0 \0\0\0\0\0\0\0\10\0\0\0\0\0\0\0P\345td\4\0\0\0\30\30\3\0\0\0\0\0\30\30\3\0\0\0\0\0\30\30\3\0\0\0\0\0L\n\0\0\0\0\0\0L\n\0\0\0\0\0\0\4\0\0\0\0\0\0\0Q\345td\6\0\0\0\0\0\0\0\0\0\0\0\0\0\0\0\0\0\0\0\0\0\0\0\0\0\0\0\0\0\0\0\0\0\0\0\0\0\0\0\0\0\0\0\20\0\0\0\0\0\0\0R\345td\4\0\0\0\320t\3\0\0\0\0\0\320\204\3\0\0\0\0\0\320\204\3\0\0\0\0\0000+\0\0\0\0\0\0000+\0\0\0\0\0\0\1\0\0\0\0\0\0\0\4\0\0\0\20\0\0\0\5\0\0\0GNU\0\2\0\0\300\4\0\0\0\3\0\0\0\0\0\0\0\4\0\0\0\24\0\0\0\3\0\0\0GNU\0\206\5\245\243;&,\2073\1l\26CM\342hGWG\335\0\0\0\0\3\0\0\0\203\0\0\0\1\0\0\0\6\0\0\0\220\2I\252`H\212D", 832) = 832
4123  close(15 <unfinished ...>
2238  fcntl(37, F_SETFD, FD_CLOEXEC <unfinished ...>
4125  lseek(36, 0, SEEK_CUR <unfinished ...>
4124  fstat(34,  <unfinished ...>
4123  <... close resumed>)              = 0
4120  <... recvmsg resumed>{msg_name=NULL, msg_namelen=0, msg_iov=[{iov_base="\1\0\0\0\0\0\0\0\31\20\0\0\0\0\0\0\t\0\0\0\0\0\0\0\32\0\0\0\0\0\0\0", iov_len=32}], msg_iovlen=1, msg_control=[{cmsg_len=20, cmsg_level=SOL_SOCKET, cmsg_type=SCM_RIGHTS, cmsg_data=[4]}], msg_controllen=24, msg_flags=0}, 0) = 32
4125  <... lseek resumed>)              = 838
4124  <... fstat resumed>{st_dev=makedev(0x8, 0x10), st_ino=19069, st_mode=S_IFREG|0644, st_nlink=1, st_uid=0, st_gid=0, st_blksize=4096, st_blocks=472, st_size=239896, st_atime=1632839337 /* 2021-09-28T10:28:57.277438700-0400 */, st_atime_nsec=277438700, st_mtime=1626894021 /* 2021-07-21T15:00:21-0400 */, st_mtime_nsec=0, st_ctime=1631636411 /* 2021-09-14T12:20:11.265926600-0400 */, st_ctime_nsec=265926600}) = 0
4123  close(17 <unfinished ...>
2238  <... fcntl resumed>)              = 0
4125  lseek(36, 0, SEEK_CUR <unfinished ...>
4124  mmap(NULL, 244136, PROT_READ, MAP_PRIVATE|MAP_DENYWRITE, 34, 0 <unfinished ...>
4123  <... close resumed>)              = 0
4120  recvmsg(5,  <unfinished ...>
4125  <... lseek resumed>)              = 838
4124  <... mmap resumed>)               = 0x7fec8a701000
4123  close(19 <unfinished ...>
2238  clone(child_stack=NULL, flags=CLONE_CHILD_CLEARTID|CLONE_CHILD_SETTID|SIGCHLD <unfinished ...>
4125  lseek(36, 0, SEEK_CUR <unfinished ...>
4124  mmap(0x7fec8a707000, 155648, PROT_READ|PROT_EXEC, MAP_PRIVATE|MAP_FIXED|MAP_DENYWRITE, 34, 0x6000 <unfinished ...>
4123  <... close resumed>)              = 0
4120  <... recvmsg resumed>{msg_name=NULL, msg_namelen=0, msg_iov=[{iov_base="\1\0\0\0\0\0\0\0\32\20\0\0\0\0\0\0\n\0\0\0\0\0\0\0\34\0\0\0\0\0\0\0", iov_len=32}], msg_iovlen=1, msg_control=[{cmsg_len=20, cmsg_level=SOL_SOCKET, cmsg_type=SCM_RIGHTS, cmsg_data=[9]}], msg_controllen=24, msg_flags=0}, 0) = 32
4125  <... lseek resumed>)              = 838
4124  <... mmap resumed>)               = 0x7fec8a707000
4123  close(21 <unfinished ...>
4125  lseek(36, 0, SEEK_CUR <unfinished ...>
4124  mmap(0x7fec8a72d000, 49152, PROT_READ, MAP_PRIVATE|MAP_FIXED|MAP_DENYWRITE, 34, 0x2c000 <unfinished ...>
4120  recvmsg(5,  <unfinished ...>
4125  <... lseek resumed>)              = 838
4124  <... mmap resumed>)               = 0x7fec8a72d000
4123  <... close resumed>)              = 0
4120  <... recvmsg resumed>{msg_name=NULL, msg_namelen=0, msg_iov=[{iov_base="\1\0\0\0\0\0\0\0\33\20\0\0\0\0\0\0\v\0\0\0\0\0\0\0\36\0\0\0\0\0\0\0", iov_len=32}], msg_iovlen=1, msg_control=[{cmsg_len=20, cmsg_level=SOL_SOCKET, cmsg_type=SCM_RIGHTS, cmsg_data=[11]}], msg_controllen=24, msg_flags=0}, 0) = 32
4126  set_robust_list(0x7fec8d4c2e60, 24 <unfinished ...>
4125  lseek(36, 0, SEEK_CUR <unfinished ...>
4124  mmap(0x7fec8a739000, 16384, PROT_READ|PROT_WRITE, MAP_PRIVATE|MAP_FIXED|MAP_DENYWRITE, 34, 0x37000 <unfinished ...>
4123  close(23 <unfinished ...>
4120  recvmsg(5,  <unfinished ...>
4126  <... set_robust_list resumed>)    = 0
4125  <... lseek resumed>)              = 838
4124  <... mmap resumed>)               = 0x7fec8a739000
4123  <... close resumed>)              = 0
2238  <... clone resumed>, child_tidptr=0x7fec8d4c2e50) = 4126
4126  getpid( <unfinished ...>
4125  lseek(36, 0, SEEK_CUR <unfinished ...>
4124  close(34 <unfinished ...>
4123  close(5 <unfinished ...>
4120  <... recvmsg resumed>{msg_name=NULL, msg_namelen=0, msg_iov=[{iov_base="\1\0\0\0\0\0\0\0\34\20\0\0\0\0\0\0\f\0\0\0\0\0\0\0 \0\0\0\0\0\0\0", iov_len=32}], msg_iovlen=1, msg_control=[{cmsg_len=20, cmsg_level=SOL_SOCKET, cmsg_type=SCM_RIGHTS, cmsg_data=[13]}], msg_controllen=24, msg_flags=0}, 0) = 32
4126  <... getpid resumed>)             = 4126
4125  <... lseek resumed>)              = 838
4124  <... close resumed>)              = 0
4123  <... close resumed>)              = 0
2238  sendmsg(3, {msg_name=NULL, msg_namelen=0, msg_iov=[{iov_base="\1\0\0\0\0\0\0\0\36\20\0\0\0\0\0\0\16\0\0\0\0\0\0\0$\0\0\0\0\0\0\0", iov_len=32}], msg_iovlen=1, msg_control=[{cmsg_len=20, cmsg_level=SOL_SOCKET, cmsg_type=SCM_RIGHTS, cmsg_data=[36]}], msg_controllen=24, msg_flags=0}, 0 <unfinished ...>
4126  geteuid( <unfinished ...>
4125  lseek(36, 0, SEEK_CUR <unfinished ...>
4123  close(27 <unfinished ...>
4120  recvmsg(5,  <unfinished ...>
4126  <... geteuid resumed>)            = 0
4125  <... lseek resumed>)              = 838
4124  mprotect(0x7fec8a739000, 12288, PROT_READ <unfinished ...>
4123  <... close resumed>)              = 0
2238  <... sendmsg resumed>)            = 32
4126  setgid(33 <unfinished ...>
4125  lseek(36, 0, SEEK_CUR <unfinished ...>
4124  <... mprotect resumed>)           = 0
4123  close(29 <unfinished ...>
4120  <... recvmsg resumed>{msg_name=NULL, msg_namelen=0, msg_iov=[{iov_base="\1\0\0\0\0\0\0\0\35\20\0\0\0\0\0\0\r\0\0\0\0\0\0\0\"\0\0\0\0\0\0\0", iov_len=32}], msg_iovlen=1, msg_control=[{cmsg_len=20, cmsg_level=SOL_SOCKET, cmsg_type=SCM_RIGHTS, cmsg_data=[15]}], msg_controllen=24, msg_flags=0}, 0) = 32
4126  <... setgid resumed>)             = 0
4125  <... lseek resumed>)              = 838
4124  munmap(0x7fec8c97e000, 34796 <unfinished ...>
4123  <... close resumed>)              = 0
2238  sendmsg(10, {msg_name=NULL, msg_namelen=0, msg_iov=[{iov_base="\1\0\0\0\0\0\0\0\36\20\0\0\0\0\0\0\16\0\0\0\0\0\0\0$\0\0\0\0\0\0\0", iov_len=32}], msg_iovlen=1, msg_control=[{cmsg_len=20, cmsg_level=SOL_SOCKET, cmsg_type=SCM_RIGHTS, cmsg_data=[36]}], msg_controllen=24, msg_flags=0}, 0 <unfinished ...>
4120  recvmsg(5,  <unfinished ...>
4126  openat(AT_FDCWD, "/proc/sys/kernel/ngroups_max", O_RDONLY <unfinished ...>
4125  lseek(36, 0, SEEK_CUR <unfinished ...>
4124  <... munmap resumed>)             = 0
4123  close(30 <unfinished ...>
2238  <... sendmsg resumed>)            = 32
4126  <... openat resumed>)             = 38
4125  <... lseek resumed>)              = 838
4124  rt_sigprocmask(SIG_BLOCK, [HUP USR1 USR2 PIPE ALRM CHLD TSTP URG VTALRM PROF WINCH IO],  <unfinished ...>
4123  <... close resumed>)              = 0
4120  <... recvmsg resumed>{msg_namelen=0}, 0) = -1 EAGAIN (Resource temporarily unavailable)
4126  read(38,  <unfinished ...>
4125  lseek(36, 0, SEEK_CUR <unfinished ...>
4124  <... rt_sigprocmask resumed>[HUP INT QUIT USR1 USR2 ALRM TERM CHLD WINCH IO], 8) = 0
4123  epoll_ctl(32, EPOLL_CTL_ADD, 31, {EPOLLIN|EPOLLRDHUP, {u32=2322358984, u64=140653911368392}} <unfinished ...>
2238  sendmsg(12, {msg_name=NULL, msg_namelen=0, msg_iov=[{iov_base="\1\0\0\0\0\0\0\0\36\20\0\0\0\0\0\0\16\0\0\0\0\0\0\0$\0\0\0\0\0\0\0", iov_len=32}], msg_iovlen=1, msg_control=[{cmsg_len=20, cmsg_level=SOL_SOCKET, cmsg_type=SCM_RIGHTS, cmsg_data=[36]}], msg_controllen=24, msg_flags=0}, 0 <unfinished ...>
4126  <... read resumed>"65536\n", 31)  = 6
4125  <... lseek resumed>)              = 838
4124  gettid( <unfinished ...>
4123  <... epoll_ctl resumed>)          = 0
4120  epoll_wait(26,  <unfinished ...>
4126  close(38 <unfinished ...>
4125  lseek(36, 0, SEEK_CUR <unfinished ...>
4124  <... gettid resumed>)             = 4124
4123  epoll_wait(32,  <unfinished ...>
2238  <... sendmsg resumed>)            = 32
4126  <... close resumed>)              = 0
4125  <... lseek resumed>)              = 838
4124  socket(AF_UNIX, SOCK_DGRAM|SOCK_CLOEXEC, 0 <unfinished ...>
4123  <... epoll_wait resumed>[{EPOLLIN, {u32=2322358984, u64=140653911368392}}], 512, -1) = 1
4126  openat(AT_FDCWD, "/etc/group", O_RDONLY|O_CLOEXEC <unfinished ...>
4125  lseek(36, 0, SEEK_CUR <unfinished ...>
4124  <... socket resumed>)             = 34
2238  sendmsg(14, {msg_name=NULL, msg_namelen=0, msg_iov=[{iov_base="\1\0\0\0\0\0\0\0\36\20\0\0\0\0\0\0\16\0\0\0\0\0\0\0$\0\0\0\0\0\0\0", iov_len=32}], msg_iovlen=1, msg_control=[{cmsg_len=20, cmsg_level=SOL_SOCKET, cmsg_type=SCM_RIGHTS, cmsg_data=[36]}], msg_controllen=24, msg_flags=0}, 0 <unfinished ...>
4126  <... openat resumed>)             = 38
4125  <... lseek resumed>)              = 838
4124  connect(34, {sa_family=AF_UNIX, sun_path=@"userdb-9bb5f5fde32c4b896665db4273936cf7"}, 42 <unfinished ...>
4123  recvmsg(31,  <unfinished ...>
4126  lseek(38, 0, SEEK_CUR <unfinished ...>
4125  lseek(36, 0, SEEK_CUR <unfinished ...>
4124  <... connect resumed>)            = -1 ECONNREFUSED (Connection refused)
2238  <... sendmsg resumed>)            = 32
4126  <... lseek resumed>)              = 0
4125  <... lseek resumed>)              = 838
4124  close(34 <unfinished ...>
4123  <... recvmsg resumed>{msg_name=NULL, msg_namelen=0, msg_iov=[{iov_base="\1\0\0\0\0\0\0\0\34\20\0\0\0\0\0\0\f\0\0\0\0\0\0\0 \0\0\0\0\0\0\0", iov_len=32}], msg_iovlen=1, msg_control=[{cmsg_len=20, cmsg_level=SOL_SOCKET, cmsg_type=SCM_RIGHTS, cmsg_data=[5]}], msg_controllen=24, msg_flags=0}, 0) = 32
4126  fstat(38,  <unfinished ...>
4125  lseek(36, 0, SEEK_CUR <unfinished ...>
4124  <... close resumed>)              = 0
2238  sendmsg(16, {msg_name=NULL, msg_namelen=0, msg_iov=[{iov_base="\1\0\0\0\0\0\0\0\36\20\0\0\0\0\0\0\16\0\0\0\0\0\0\0$\0\0\0\0\0\0\0", iov_len=32}], msg_iovlen=1, msg_control=[{cmsg_len=20, cmsg_level=SOL_SOCKET, cmsg_type=SCM_RIGHTS, cmsg_data=[36]}], msg_controllen=24, msg_flags=0}, 0 <unfinished ...>
4126  <... fstat resumed>{st_dev=makedev(0x8, 0x10), st_ino=42400, st_mode=S_IFREG|0644, st_nlink=1, st_uid=1000, st_gid=0, st_blksize=4096, st_blocks=8, st_size=838, st_atime=1632839147 /* 2021-09-28T10:25:47.587438700-0400 */, st_atime_nsec=587438700, st_mtime=1631463555 /* 2021-09-12T12:19:15.316844700-0400 */, st_mtime_nsec=316844700, st_ctime=1631542796 /* 2021-09-13T10:19:56.578701800-0400 */, st_ctime_nsec=578701800}) = 0
4125  <... lseek resumed>)              = 838
4124  openat(AT_FDCWD, "/run/systemd/userdb/", O_RDONLY|O_NONBLOCK|O_CLOEXEC|O_DIRECTORY <unfinished ...>
4123  recvmsg(31,  <unfinished ...>
4126  read(38,  <unfinished ...>
4125  lseek(36, 0, SEEK_CUR <unfinished ...>
4124  <... openat resumed>)             = -1 ENOENT (No such file or directory)
2238  <... sendmsg resumed>)            = 32
4126  <... read resumed>"root:x:0:\ndaemon:x:1:\nbin:x:2:\nsys:x:3:\nadm:x:4:syslog,ssyeda\ntty:x:5:syslog\ndisk:x:6:\nlp:x:7:\nmail:x:8:\nnews:x:9:\nuucp:x:10:\nman:x:12:\nproxy:x:13:\nkmem:x:15:\ndialout:x:20:ssyeda\nfax:x:21:\nvoice:x:22:\ncdrom:x:24:ssyeda\nfloppy:x:25:ssyeda\ntape:x:26:\nsudo:x:27:ssyeda\naudio:x:29:ssyeda\ndip:x:30:ssyeda\nwww-data:x:33:\nbackup:x:34:\noperator:x:37:\nlist:x:38:\nirc:x:39:\nsrc:x:40:\ngnats:x:41:\nshadow:x:42:\nutmp:x:43:\nvideo:x:44:ssyeda\nsasl:x:45:\nplugdev:x:46:ssyeda\nstaff:x:50:\ngames:x:60:\nusers:x:100:\nnogroup:x:65534:\nsystemd-journal:x:101:\nsystemd-network:x:102:\nsystemd-resolve:x:103:\nsystemd-timesync:x:104:\ncrontab:x:105:\nmessagebus:x:106:\ninput:x:107:\nkvm:x:108:\nrender:x:109:\nsyslog:x:110:\ntss:x:111:\nuuidd:x:112:\ntcpdump:x:113:\nssh:x:114:\nlandscape:x:115:\nadmin:x:116:\nnetdev:x:117:ssyeda\nlxd:x:118:\nssyeda:x:1000:\ndocker:x:1001:ssyeda\n", 4096) = 838
4125  <... lseek resumed>)              = 838
4124  rt_sigprocmask(SIG_SETMASK, [HUP INT QUIT USR1 USR2 ALRM TERM CHLD WINCH IO],  <unfinished ...>
4123  <... recvmsg resumed>{msg_name=NULL, msg_namelen=0, msg_iov=[{iov_base="\1\0\0\0\0\0\0\0\35\20\0\0\0\0\0\0\r\0\0\0\0\0\0\0\"\0\0\0\0\0\0\0", iov_len=32}], msg_iovlen=1, msg_control=[{cmsg_len=20, cmsg_level=SOL_SOCKET, cmsg_type=SCM_RIGHTS, cmsg_data=[9]}], msg_controllen=24, msg_flags=0}, 0) = 32
4126  lseek(38, 0, SEEK_CUR <unfinished ...>
4125  lseek(36, 0, SEEK_CUR <unfinished ...>
4124  <... rt_sigprocmask resumed>NULL, 8) = 0
2238  sendmsg(18, {msg_name=NULL, msg_namelen=0, msg_iov=[{iov_base="\1\0\0\0\0\0\0\0\36\20\0\0\0\0\0\0\16\0\0\0\0\0\0\0$\0\0\0\0\0\0\0", iov_len=32}], msg_iovlen=1, msg_control=[{cmsg_len=20, cmsg_level=SOL_SOCKET, cmsg_type=SCM_RIGHTS, cmsg_data=[36]}], msg_controllen=24, msg_flags=0}, 0 <unfinished ...>
4126  <... lseek resumed>)              = 838
4125  <... lseek resumed>)              = 838
4124  setgroups(1, [33] <unfinished ...>
4123  recvmsg(31,  <unfinished ...>
4126  lseek(38, 0, SEEK_CUR <unfinished ...>
4125  lseek(36, 0, SEEK_CUR <unfinished ...>
4124  <... setgroups resumed>)          = 0
2238  <... sendmsg resumed>)            = 32
4126  <... lseek resumed>)              = 838
4125  <... lseek resumed>)              = 838
4124  setuid(33 <unfinished ...>
4123  <... recvmsg resumed>{msg_namelen=0}, 0) = -1 EAGAIN (Resource temporarily unavailable)
4126  lseek(38, 0, SEEK_CUR <unfinished ...>
4125  lseek(36, 0, SEEK_CUR <unfinished ...>
4124  <... setuid resumed>)             = 0
2238  sendmsg(20, {msg_name=NULL, msg_namelen=0, msg_iov=[{iov_base="\1\0\0\0\0\0\0\0\36\20\0\0\0\0\0\0\16\0\0\0\0\0\0\0$\0\0\0\0\0\0\0", iov_len=32}], msg_iovlen=1, msg_control=[{cmsg_len=20, cmsg_level=SOL_SOCKET, cmsg_type=SCM_RIGHTS, cmsg_data=[36]}], msg_controllen=24, msg_flags=0}, 0 <unfinished ...>
4126  <... lseek resumed>)              = 838
4125  <... lseek resumed>)              = 838
4124  prctl(PR_SET_DUMPABLE, SUID_DUMP_USER <unfinished ...>
4123  epoll_wait(32,  <unfinished ...>
4126  lseek(38, 0, SEEK_CUR <unfinished ...>
4125  lseek(36, 0, SEEK_CUR <unfinished ...>
4124  <... prctl resumed>)              = 0
2238  <... sendmsg resumed>)            = 32
4126  <... lseek resumed>)              = 838
4125  <... lseek resumed>)              = 838
4124  rt_sigprocmask(SIG_SETMASK, [],  <unfinished ...>
4126  lseek(38, 0, SEEK_CUR <unfinished ...>
4125  lseek(36, 0, SEEK_CUR <unfinished ...>
2238  sendmsg(22, {msg_name=NULL, msg_namelen=0, msg_iov=[{iov_base="\1\0\0\0\0\0\0\0\36\20\0\0\0\0\0\0\16\0\0\0\0\0\0\0$\0\0\0\0\0\0\0", iov_len=32}], msg_iovlen=1, msg_control=[{cmsg_len=20, cmsg_level=SOL_SOCKET, cmsg_type=SCM_RIGHTS, cmsg_data=[36]}], msg_controllen=24, msg_flags=0}, 0 <unfinished ...>
4126  <... lseek resumed>)              = 838
4125  <... lseek resumed>)              = 838
4124  <... rt_sigprocmask resumed>NULL, 8) = 0
4126  lseek(38, 0, SEEK_CUR <unfinished ...>
4125  lseek(36, 0, SEEK_CUR <unfinished ...>
2238  <... sendmsg resumed>)            = 32
4126  <... lseek resumed>)              = 838
4125  <... lseek resumed>)              = 838
4124  epoll_create(512 <unfinished ...>
4126  lseek(38, 0, SEEK_CUR <unfinished ...>
4125  lseek(36, 0, SEEK_CUR <unfinished ...>
2238  sendmsg(4, {msg_name=NULL, msg_namelen=0, msg_iov=[{iov_base="\1\0\0\0\0\0\0\0\36\20\0\0\0\0\0\0\16\0\0\0\0\0\0\0$\0\0\0\0\0\0\0", iov_len=32}], msg_iovlen=1, msg_control=[{cmsg_len=20, cmsg_level=SOL_SOCKET, cmsg_type=SCM_RIGHTS, cmsg_data=[36]}], msg_controllen=24, msg_flags=0}, 0 <unfinished ...>
4126  <... lseek resumed>)              = 838
4125  <... lseek resumed>)              = 838
4124  <... epoll_create resumed>)       = 34
4126  lseek(38, 0, SEEK_CUR <unfinished ...>
4125  lseek(36, 0, SEEK_CUR <unfinished ...>
4120  <... epoll_wait resumed>[{EPOLLIN, {u32=2322358984, u64=140653911368392}}], 512, -1) = 1
2238  <... sendmsg resumed>)            = 32
4126  <... lseek resumed>)              = 838
4125  <... lseek resumed>)              = 838
4124  eventfd2(0, 0 <unfinished ...>
4120  recvmsg(5,  <unfinished ...>
4126  lseek(38, 0, SEEK_CUR <unfinished ...>
4125  lseek(36, 0, SEEK_CUR <unfinished ...>
4124  <... eventfd2 resumed>)           = 35
2238  sendmsg(26, {msg_name=NULL, msg_namelen=0, msg_iov=[{iov_base="\1\0\0\0\0\0\0\0\36\20\0\0\0\0\0\0\16\0\0\0\0\0\0\0$\0\0\0\0\0\0\0", iov_len=32}], msg_iovlen=1, msg_control=[{cmsg_len=20, cmsg_level=SOL_SOCKET, cmsg_type=SCM_RIGHTS, cmsg_data=[36]}], msg_controllen=24, msg_flags=0}, 0 <unfinished ...>
4126  <... lseek resumed>)              = 838
4125  <... lseek resumed>)              = 838
4124  epoll_ctl(34, EPOLL_CTL_ADD, 35, {EPOLLIN|EPOLLET, {u32=3106930592, u64=94505272344480}} <unfinished ...>
4120  <... recvmsg resumed>{msg_name=NULL, msg_namelen=0, msg_iov=[{iov_base="\1\0\0\0\0\0\0\0\36\20\0\0\0\0\0\0\16\0\0\0\0\0\0\0$\0\0\0\0\0\0\0", iov_len=32}], msg_iovlen=1, msg_control=[{cmsg_len=20, cmsg_level=SOL_SOCKET, cmsg_type=SCM_RIGHTS, cmsg_data=[17]}], msg_controllen=24, msg_flags=0}, 0) = 32
4126  lseek(38, 0, SEEK_CUR <unfinished ...>
4125  lseek(36, 0, SEEK_CUR <unfinished ...>
4124  <... epoll_ctl resumed>)          = 0
4121  <... epoll_wait resumed>[{EPOLLIN, {u32=2322358984, u64=140653911368392}}], 512, -1) = 1
2238  <... sendmsg resumed>)            = 32
4126  <... lseek resumed>)              = 838
4125  <... lseek resumed>)              = 838
4124  socketpair(AF_UNIX, SOCK_STREAM, 0 <unfinished ...>
4121  recvmsg(27,  <unfinished ...>
4120  recvmsg(5,  <unfinished ...>
4126  lseek(38, 0, SEEK_CUR <unfinished ...>
4125  lseek(36, 0, SEEK_CUR <unfinished ...>
4124  <... socketpair resumed>, [36, 37]) = 0
4121  <... recvmsg resumed>{msg_name=NULL, msg_namelen=0, msg_iov=[{iov_base="\1\0\0\0\0\0\0\0\36\20\0\0\0\0\0\0\16\0\0\0\0\0\0\0$\0\0\0\0\0\0\0", iov_len=32}], msg_iovlen=1, msg_control=[{cmsg_len=20, cmsg_level=SOL_SOCKET, cmsg_type=SCM_RIGHTS, cmsg_data=[15]}], msg_controllen=24, msg_flags=0}, 0) = 32
2238  sendmsg(28, {msg_name=NULL, msg_namelen=0, msg_iov=[{iov_base="\1\0\0\0\0\0\0\0\36\20\0\0\0\0\0\0\16\0\0\0\0\0\0\0$\0\0\0\0\0\0\0", iov_len=32}], msg_iovlen=1, msg_control=[{cmsg_len=20, cmsg_level=SOL_SOCKET, cmsg_type=SCM_RIGHTS, cmsg_data=[36]}], msg_controllen=24, msg_flags=0}, 0 <unfinished ...>
4120  <... recvmsg resumed>{msg_namelen=0}, 0) = -1 EAGAIN (Resource temporarily unavailable)
4126  <... lseek resumed>)              = 838
4125  <... lseek resumed>)              = 838
4124  epoll_ctl(34, EPOLL_CTL_ADD, 36, {EPOLLIN|EPOLLRDHUP|EPOLLET, {u32=3106930592, u64=94505272344480}} <unfinished ...>
4121  recvmsg(27,  <unfinished ...>
2238  <... sendmsg resumed>)            = 32
4126  lseek(38, 0, SEEK_CUR <unfinished ...>
4125  lseek(36, 0, SEEK_CUR <unfinished ...>
4124  <... epoll_ctl resumed>)          = 0
4122  <... epoll_wait resumed>[{EPOLLIN, {u32=2322358984, u64=140653911368392}}], 512, -1) = 1
4121  <... recvmsg resumed>{msg_namelen=0}, 0) = -1 EAGAIN (Resource temporarily unavailable)
4120  epoll_wait(26,  <unfinished ...>
4126  <... lseek resumed>)              = 838
4125  <... lseek resumed>)              = 838
4124  close(37 <unfinished ...>
4122  recvmsg(29,  <unfinished ...>
4121  epoll_wait(28,  <unfinished ...>
2238  sendmsg(30, {msg_name=NULL, msg_namelen=0, msg_iov=[{iov_base="\1\0\0\0\0\0\0\0\36\20\0\0\0\0\0\0\16\0\0\0\0\0\0\0$\0\0\0\0\0\0\0", iov_len=32}], msg_iovlen=1, msg_control=[{cmsg_len=20, cmsg_level=SOL_SOCKET, cmsg_type=SCM_RIGHTS, cmsg_data=[36]}], msg_controllen=24, msg_flags=0}, 0 <unfinished ...>
4126  lseek(38, 0, SEEK_CUR <unfinished ...>
4125  lseek(36, 0, SEEK_CUR <unfinished ...>
4124  <... close resumed>)              = 0
4122  <... recvmsg resumed>{msg_name=NULL, msg_namelen=0, msg_iov=[{iov_base="\1\0\0\0\0\0\0\0\36\20\0\0\0\0\0\0\16\0\0\0\0\0\0\0$\0\0\0\0\0\0\0", iov_len=32}], msg_iovlen=1, msg_control=[{cmsg_len=20, cmsg_level=SOL_SOCKET, cmsg_type=SCM_RIGHTS, cmsg_data=[13]}], msg_controllen=24, msg_flags=0}, 0) = 32
4126  <... lseek resumed>)              = 838
4125  <... lseek resumed>)              = 838
4124  epoll_wait(34,  <unfinished ...>
4123  <... epoll_wait resumed>[{EPOLLIN, {u32=2322358984, u64=140653911368392}}], 512, -1) = 1
2238  <... sendmsg resumed>)            = 32
4126  lseek(38, 0, SEEK_CUR <unfinished ...>
4125  lseek(36, 0, SEEK_CUR <unfinished ...>
