4121  <... recvmsg resumed>{msg_namelen=0}, 0) = -1 EAGAIN (Resource temporarily unavailable)
4120  <... recvmsg resumed>{msg_namelen=0}, 0) = -1 EAGAIN (Resource temporarily unavailable)
4123  <... epoll_wait resumed>[{EPOLLIN, {u32=2322358984, u64=140653911368392}}], 512, -1) = 1
4122  <... close resumed>)              = 0
4121  epoll_wait(28,  <unfinished ...>
2238  <... sendmsg resumed>)            = 32
4123  recvmsg(31,  <unfinished ...>
4122  recvmsg(29,  <unfinished ...>
4120  epoll_wait(26,  <unfinished ...>
4123  <... recvmsg resumed>{msg_name=NULL, msg_namelen=0, msg_iov=[{iov_base="\2\0\0\0\0\0\0\0\306\10\0\0\0\0\0\0\6\0\0\0\0\0\0\0\377\377\377\377\0\0\0\0", iov_len=32}], msg_iovlen=1, msg_controllen=0, msg_flags=0}, 0) = 32
4122  <... recvmsg resumed>{msg_namelen=0}, 0) = -1 EAGAIN (Resource temporarily unavailable)
2238  sendmsg(32, {msg_name=NULL, msg_namelen=0, msg_iov=[{iov_base="\2\0\0\0\0\0\0\0\306\10\0\0\0\0\0\0\6\0\0\0\0\0\0\0\377\377\377\377\0\0\0\0", iov_len=32}], msg_iovlen=1, msg_controllen=0, msg_flags=0}, 0 <unfinished ...>
4123  close(20 <unfinished ...>
4122  epoll_wait(30,  <unfinished ...>
4124  <... epoll_wait resumed>[{EPOLLIN, {u32=2322358984, u64=140653911368392}}], 512, -1) = 1
4123  <... close resumed>)              = 0
2238  <... sendmsg resumed>)            = 32
4124  recvmsg(33,  <unfinished ...>
4123  recvmsg(31,  <unfinished ...>
4124  <... recvmsg resumed>{msg_name=NULL, msg_namelen=0, msg_iov=[{iov_base="\2\0\0\0\0\0\0\0\306\10\0\0\0\0\0\0\6\0\0\0\0\0\0\0\377\377\377\377\0\0\0\0", iov_len=32}], msg_iovlen=1, msg_controllen=0, msg_flags=0}, 0) = 32
2238  sendmsg(34, {msg_name=NULL, msg_namelen=0, msg_iov=[{iov_base="\2\0\0\0\0\0\0\0\306\10\0\0\0\0\0\0\6\0\0\0\0\0\0\0\377\377\377\377\0\0\0\0", iov_len=32}], msg_iovlen=1, msg_controllen=0, msg_flags=0}, 0 <unfinished ...>
4124  close(20 <unfinished ...>
4123  <... recvmsg resumed>{msg_namelen=0}, 0) = -1 EAGAIN (Resource temporarily unavailable)
4125  <... epoll_wait resumed>[{EPOLLIN, {u32=2322358984, u64=140653911368392}}], 512, -1) = 1
4124  <... close resumed>)              = 0
2238  <... sendmsg resumed>)            = 32
4125  recvmsg(35,  <unfinished ...>
4124  recvmsg(33,  <unfinished ...>
4123  epoll_wait(32,  <unfinished ...>
4125  <... recvmsg resumed>{msg_name=NULL, msg_namelen=0, msg_iov=[{iov_base="\2\0\0\0\0\0\0\0\306\10\0\0\0\0\0\0\6\0\0\0\0\0\0\0\377\377\377\377\0\0\0\0", iov_len=32}], msg_iovlen=1, msg_controllen=0, msg_flags=0}, 0) = 32
4124  <... recvmsg resumed>{msg_namelen=0}, 0) = -1 EAGAIN (Resource temporarily unavailable)
2238  sendmsg(36, {msg_name=NULL, msg_namelen=0, msg_iov=[{iov_base="\2\0\0\0\0\0\0\0\306\10\0\0\0\0\0\0\6\0\0\0\0\0\0\0\377\377\377\377\0\0\0\0", iov_len=32}], msg_iovlen=1, msg_controllen=0, msg_flags=0}, 0 <unfinished ...>
4125  close(20 <unfinished ...>
4124  epoll_wait(34,  <unfinished ...>
4126  <... epoll_wait resumed>[{EPOLLIN, {u32=2322358984, u64=140653911368392}}], 512, -1) = 1
4125  <... close resumed>)              = 0
2238  <... sendmsg resumed>)            = 32
4126  recvmsg(37,  <unfinished ...>
4125  recvmsg(35,  <unfinished ...>
4126  <... recvmsg resumed>{msg_name=NULL, msg_namelen=0, msg_iov=[{iov_base="\2\0\0\0\0\0\0\0\306\10\0\0\0\0\0\0\6\0\0\0\0\0\0\0\377\377\377\377\0\0\0\0", iov_len=32}], msg_iovlen=1, msg_controllen=0, msg_flags=0}, 0) = 32
2238  sendmsg(38, {msg_name=NULL, msg_namelen=0, msg_iov=[{iov_base="\2\0\0\0\0\0\0\0\306\10\0\0\0\0\0\0\6\0\0\0\0\0\0\0\377\377\377\377\0\0\0\0", iov_len=32}], msg_iovlen=1, msg_controllen=0, msg_flags=0}, 0 <unfinished ...>
4126  close(20 <unfinished ...>
4125  <... recvmsg resumed>{msg_namelen=0}, 0) = -1 EAGAIN (Resource temporarily unavailable)
4127  <... epoll_wait resumed>[{EPOLLIN, {u32=2322358984, u64=140653911368392}}], 512, -1) = 1
4126  <... close resumed>)              = 0
2238  <... sendmsg resumed>)            = 32
4127  recvmsg(39,  <unfinished ...>
4126  recvmsg(37,  <unfinished ...>
4125  epoll_wait(36,  <unfinished ...>
4127  <... recvmsg resumed>{msg_name=NULL, msg_namelen=0, msg_iov=[{iov_base="\2\0\0\0\0\0\0\0\306\10\0\0\0\0\0\0\6\0\0\0\0\0\0\0\377\377\377\377\0\0\0\0", iov_len=32}], msg_iovlen=1, msg_controllen=0, msg_flags=0}, 0) = 32
4126  <... recvmsg resumed>{msg_namelen=0}, 0) = -1 EAGAIN (Resource temporarily unavailable)
2238  close(22 <unfinished ...>
4127  close(20 <unfinished ...>
4126  epoll_wait(38,  <unfinished ...>
4127  <... close resumed>)              = 0
2238  <... close resumed>)              = 0
4127  recvmsg(39,  <unfinished ...>
2238  close(23 <unfinished ...>
4127  <... recvmsg resumed>{msg_namelen=0}, 0) = -1 EAGAIN (Resource temporarily unavailable)
2238  <... close resumed>)              = 0
4127  epoll_wait(40,  <unfinished ...>
2238  sendmsg(4, {msg_name=NULL, msg_namelen=0, msg_iov=[{iov_base="\2\0\0\0\0\0\0\0\310\10\0\0\0\0\0\0\7\0\0\0\0\0\0\0\377\377\377\377\0\0\0\0", iov_len=32}], msg_iovlen=1, msg_controllen=0, msg_flags=0}, 0 <unfinished ...>
4120  <... epoll_wait resumed>[{EPOLLIN, {u32=2322358984, u64=140653911368392}}], 512, -1) = 1
2238  <... sendmsg resumed>)            = 32
4120  recvmsg(5,  <unfinished ...>
2238  sendmsg(26, {msg_name=NULL, msg_namelen=0, msg_iov=[{iov_base="\2\0\0\0\0\0\0\0\310\10\0\0\0\0\0\0\7\0\0\0\0\0\0\0\377\377\377\377\0\0\0\0", iov_len=32}], msg_iovlen=1, msg_controllen=0, msg_flags=0}, 0 <unfinished ...>
4120  <... recvmsg resumed>{msg_name=NULL, msg_namelen=0, msg_iov=[{iov_base="\2\0\0\0\0\0\0\0\310\10\0\0\0\0\0\0\7\0\0\0\0\0\0\0\377\377\377\377\0\0\0\0", iov_len=32}], msg_iovlen=1, msg_controllen=0, msg_flags=0}, 0) = 32
4121  <... epoll_wait resumed>[{EPOLLIN, {u32=2322358984, u64=140653911368392}}], 512, -1) = 1
2238  <... sendmsg resumed>)            = 32
4121  recvmsg(27,  <unfinished ...>
4120  close(22 <unfinished ...>
4121  <... recvmsg resumed>{msg_name=NULL, msg_namelen=0, msg_iov=[{iov_base="\2\0\0\0\0\0\0\0\310\10\0\0\0\0\0\0\7\0\0\0\0\0\0\0\377\377\377\377\0\0\0\0", iov_len=32}], msg_iovlen=1, msg_controllen=0, msg_flags=0}, 0) = 32
2238  sendmsg(28, {msg_name=NULL, msg_namelen=0, msg_iov=[{iov_base="\2\0\0\0\0\0\0\0\310\10\0\0\0\0\0\0\7\0\0\0\0\0\0\0\377\377\377\377\0\0\0\0", iov_len=32}], msg_iovlen=1, msg_controllen=0, msg_flags=0}, 0 <unfinished ...>
4121  close(22 <unfinished ...>
4120  <... close resumed>)              = 0
4122  <... epoll_wait resumed>[{EPOLLIN, {u32=2322358984, u64=140653911368392}}], 512, -1) = 1
4121  <... close resumed>)              = 0
2238  <... sendmsg resumed>)            = 32
4122  recvmsg(29,  <unfinished ...>
4121  recvmsg(27,  <unfinished ...>
4120  recvmsg(5,  <unfinished ...>
4122  <... recvmsg resumed>{msg_name=NULL, msg_namelen=0, msg_iov=[{iov_base="\2\0\0\0\0\0\0\0\310\10\0\0\0\0\0\0\7\0\0\0\0\0\0\0\377\377\377\377\0\0\0\0", iov_len=32}], msg_iovlen=1, msg_controllen=0, msg_flags=0}, 0) = 32
4121  <... recvmsg resumed>{msg_namelen=0}, 0) = -1 EAGAIN (Resource temporarily unavailable)
2238  sendmsg(30, {msg_name=NULL, msg_namelen=0, msg_iov=[{iov_base="\2\0\0\0\0\0\0\0\310\10\0\0\0\0\0\0\7\0\0\0\0\0\0\0\377\377\377\377\0\0\0\0", iov_len=32}], msg_iovlen=1, msg_controllen=0, msg_flags=0}, 0 <unfinished ...>
4122  close(22 <unfinished ...>
4121  epoll_wait(28,  <unfinished ...>
4120  <... recvmsg resumed>{msg_namelen=0}, 0) = -1 EAGAIN (Resource temporarily unavailable)
4123  <... epoll_wait resumed>[{EPOLLIN, {u32=2322358984, u64=140653911368392}}], 512, -1) = 1
4122  <... close resumed>)              = 0
2238  <... sendmsg resumed>)            = 32
4123  recvmsg(31,  <unfinished ...>
4122  recvmsg(29,  <unfinished ...>
4120  epoll_wait(26,  <unfinished ...>
4123  <... recvmsg resumed>{msg_name=NULL, msg_namelen=0, msg_iov=[{iov_base="\2\0\0\0\0\0\0\0\310\10\0\0\0\0\0\0\7\0\0\0\0\0\0\0\377\377\377\377\0\0\0\0", iov_len=32}], msg_iovlen=1, msg_controllen=0, msg_flags=0}, 0) = 32
4122  <... recvmsg resumed>{msg_namelen=0}, 0) = -1 EAGAIN (Resource temporarily unavailable)
2238  sendmsg(32, {msg_name=NULL, msg_namelen=0, msg_iov=[{iov_base="\2\0\0\0\0\0\0\0\310\10\0\0\0\0\0\0\7\0\0\0\0\0\0\0\377\377\377\377\0\0\0\0", iov_len=32}], msg_iovlen=1, msg_controllen=0, msg_flags=0}, 0 <unfinished ...>
4123  close(22 <unfinished ...>
4122  epoll_wait(30,  <unfinished ...>
4124  <... epoll_wait resumed>[{EPOLLIN, {u32=2322358984, u64=140653911368392}}], 512, -1) = 1
4123  <... close resumed>)              = 0
2238  <... sendmsg resumed>)            = 32
4124  recvmsg(33,  <unfinished ...>
4123  recvmsg(31,  <unfinished ...>
4124  <... recvmsg resumed>{msg_name=NULL, msg_namelen=0, msg_iov=[{iov_base="\2\0\0\0\0\0\0\0\310\10\0\0\0\0\0\0\7\0\0\0\0\0\0\0\377\377\377\377\0\0\0\0", iov_len=32}], msg_iovlen=1, msg_controllen=0, msg_flags=0}, 0) = 32
2238  sendmsg(34, {msg_name=NULL, msg_namelen=0, msg_iov=[{iov_base="\2\0\0\0\0\0\0\0\310\10\0\0\0\0\0\0\7\0\0\0\0\0\0\0\377\377\377\377\0\0\0\0", iov_len=32}], msg_iovlen=1, msg_controllen=0, msg_flags=0}, 0 <unfinished ...>
4124  close(22 <unfinished ...>
4123  <... recvmsg resumed>{msg_namelen=0}, 0) = -1 EAGAIN (Resource temporarily unavailable)
4125  <... epoll_wait resumed>[{EPOLLIN, {u32=2322358984, u64=140653911368392}}], 512, -1) = 1
4124  <... close resumed>)              = 0
2238  <... sendmsg resumed>)            = 32
4125  recvmsg(35,  <unfinished ...>
4124  recvmsg(33,  <unfinished ...>
4123  epoll_wait(32,  <unfinished ...>
4125  <... recvmsg resumed>{msg_name=NULL, msg_namelen=0, msg_iov=[{iov_base="\2\0\0\0\0\0\0\0\310\10\0\0\0\0\0\0\7\0\0\0\0\0\0\0\377\377\377\377\0\0\0\0", iov_len=32}], msg_iovlen=1, msg_controllen=0, msg_flags=0}, 0) = 32
4124  <... recvmsg resumed>{msg_namelen=0}, 0) = -1 EAGAIN (Resource temporarily unavailable)
2238  sendmsg(36, {msg_name=NULL, msg_namelen=0, msg_iov=[{iov_base="\2\0\0\0\0\0\0\0\310\10\0\0\0\0\0\0\7\0\0\0\0\0\0\0\377\377\377\377\0\0\0\0", iov_len=32}], msg_iovlen=1, msg_controllen=0, msg_flags=0}, 0 <unfinished ...>
4125  close(22 <unfinished ...>
4124  epoll_wait(34,  <unfinished ...>
4126  <... epoll_wait resumed>[{EPOLLIN, {u32=2322358984, u64=140653911368392}}], 512, -1) = 1
4125  <... close resumed>)              = 0
2238  <... sendmsg resumed>)            = 32
4126  recvmsg(37,  <unfinished ...>
4125  recvmsg(35,  <unfinished ...>
4126  <... recvmsg resumed>{msg_name=NULL, msg_namelen=0, msg_iov=[{iov_base="\2\0\0\0\0\0\0\0\310\10\0\0\0\0\0\0\7\0\0\0\0\0\0\0\377\377\377\377\0\0\0\0", iov_len=32}], msg_iovlen=1, msg_controllen=0, msg_flags=0}, 0) = 32
2238  sendmsg(38, {msg_name=NULL, msg_namelen=0, msg_iov=[{iov_base="\2\0\0\0\0\0\0\0\310\10\0\0\0\0\0\0\7\0\0\0\0\0\0\0\377\377\377\377\0\0\0\0", iov_len=32}], msg_iovlen=1, msg_controllen=0, msg_flags=0}, 0 <unfinished ...>
4126  close(22 <unfinished ...>
4125  <... recvmsg resumed>{msg_namelen=0}, 0) = -1 EAGAIN (Resource temporarily unavailable)
4127  <... epoll_wait resumed>[{EPOLLIN, {u32=2322358984, u64=140653911368392}}], 512, -1) = 1
4126  <... close resumed>)              = 0
2238  <... sendmsg resumed>)            = 32
4127  recvmsg(39,  <unfinished ...>
4126  recvmsg(37,  <unfinished ...>
4125  epoll_wait(36,  <unfinished ...>
4127  <... recvmsg resumed>{msg_name=NULL, msg_namelen=0, msg_iov=[{iov_base="\2\0\0\0\0\0\0\0\310\10\0\0\0\0\0\0\7\0\0\0\0\0\0\0\377\377\377\377\0\0\0\0", iov_len=32}], msg_iovlen=1, msg_controllen=0, msg_flags=0}, 0) = 32
4126  <... recvmsg resumed>{msg_namelen=0}, 0) = -1 EAGAIN (Resource temporarily unavailable)
2238  rt_sigsuspend([], 8 <unfinished ...>
4127  close(22 <unfinished ...>
4126  epoll_wait(38,  <unfinished ...>
2238  <... rt_sigsuspend resumed>)      = ? ERESTARTNOHAND (To be restarted if no handler)
4127  <... close resumed>)              = 0
2238  --- SIGCHLD {si_signo=SIGCHLD, si_code=CLD_EXITED, si_pid=2248, si_uid=33, si_status=0, si_utime=0, si_stime=0} ---
4127  recvmsg(39,  <unfinished ...>
2238  --- SIGIO {si_signo=SIGIO, si_code=SI_KERNEL} ---
4127  <... recvmsg resumed>{msg_namelen=0}, 0) = -1 EAGAIN (Resource temporarily unavailable)
2238  rt_sigreturn({mask=[CHLD]} <unfinished ...>
4127  epoll_wait(40,  <unfinished ...>
2238  <... rt_sigreturn resumed>)       = 0
2238  wait4(-1, 0x7fffd95424f4, WNOHANG, NULL) = 0
2238  rt_sigreturn({mask=[HUP INT QUIT USR1 USR2 ALRM TERM CHLD WINCH IO]}) = -1 EINTR (Interrupted system call)
2238  rt_sigsuspend([], 8 <unfinished ...>
4121  <... epoll_wait resumed>[{EPOLLIN, {u32=2322358752, u64=140653911368160}}], 512, -1) = 1
4121  accept4(8, {sa_family=AF_UNIX}, [112->2], SOCK_NONBLOCK) = 3
4121  epoll_ctl(28, EPOLL_CTL_ADD, 3, {EPOLLIN|EPOLLRDHUP|EPOLLET, {u32=2322359216, u64=140653911368624}}) = 0
4121  epoll_wait(28, [{EPOLLIN, {u32=2322359216, u64=140653911368624}}], 512, 60000) = 1
4121  recvfrom(3, "GET / HTTP/1.1\r\nHost: localhost\r\nUser-Agent: curl/7.68.0\r\nAccept: */*\r\n\r\n", 1024, 0, NULL, NULL) = 73
4121  stat("/var/www/warmup/", {st_dev=makedev(0x8, 0x10), st_ino=45929, st_mode=S_IFDIR|0755, st_nlink=8, st_uid=1000, st_gid=0, st_blksize=4096, st_blocks=8, st_size=4096, st_atime=1632417324 /* 2021-09-23T13:15:24.335621400-0400 */, st_atime_nsec=335621400, st_mtime=1631551417 /* 2021-09-13T12:43:37.641428700-0400 */, st_mtime_nsec=641428700, st_ctime=1631551417 /* 2021-09-13T12:43:37.641428700-0400 */, st_ctime_nsec=641428700}) = 0
4121  stat("/var/www/warmup/", {st_dev=makedev(0x8, 0x10), st_ino=45929, st_mode=S_IFDIR|0755, st_nlink=8, st_uid=1000, st_gid=0, st_blksize=4096, st_blocks=8, st_size=4096, st_atime=1632417324 /* 2021-09-23T13:15:24.335621400-0400 */, st_atime_nsec=335621400, st_mtime=1631551417 /* 2021-09-13T12:43:37.641428700-0400 */, st_mtime_nsec=641428700, st_ctime=1631551417 /* 2021-09-13T12:43:37.641428700-0400 */, st_ctime_nsec=641428700}) = 0
4121  stat("/var/www/warmup/index.html", {st_dev=makedev(0x8, 0x10), st_ino=45958, st_mode=S_IFREG|0644, st_nlink=1, st_uid=1000, st_gid=0, st_blksize=4096, st_blocks=8, st_size=216, st_atime=1632839924 /* 2021-09-28T10:38:44.617438700-0400 */, st_atime_nsec=617438700, st_mtime=1631553057 /* 2021-09-13T13:10:57.651428700-0400 */, st_mtime_nsec=651428700, st_ctime=1631553057 /* 2021-09-13T13:10:57.651428700-0400 */, st_ctime_nsec=651428700}) = 0
4121  stat("/var/www/warmup/index.html", {st_dev=makedev(0x8, 0x10), st_ino=45958, st_mode=S_IFREG|0644, st_nlink=1, st_uid=1000, st_gid=0, st_blksize=4096, st_blocks=8, st_size=216, st_atime=1632839924 /* 2021-09-28T10:38:44.617438700-0400 */, st_atime_nsec=617438700, st_mtime=1631553057 /* 2021-09-13T13:10:57.651428700-0400 */, st_mtime_nsec=651428700, st_ctime=1631553057 /* 2021-09-13T13:10:57.651428700-0400 */, st_ctime_nsec=651428700}) = 0
4121  openat(AT_FDCWD, "/var/www/warmup/index.html", O_RDONLY|O_NONBLOCK) = 10
4121  fstat(10, {st_dev=makedev(0x8, 0x10), st_ino=45958, st_mode=S_IFREG|0644, st_nlink=1, st_uid=1000, st_gid=0, st_blksize=4096, st_blocks=8, st_size=216, st_atime=1632839924 /* 2021-09-28T10:38:44.617438700-0400 */, st_atime_nsec=617438700, st_mtime=1631553057 /* 2021-09-13T13:10:57.651428700-0400 */, st_mtime_nsec=651428700, st_ctime=1631553057 /* 2021-09-13T13:10:57.651428700-0400 */, st_ctime_nsec=651428700}) = 0
4121  writev(3, [{iov_base="HTTP/1.1 200 OK\r\nServer: nginx/1.18.0 (Ubuntu)\r\nDate: Tue, 28 Sep 2021 15:10:01 GMT\r\nContent-Type: text/html\r\nContent-Length: 216\r\nLast-Modified: Mon, 13 Sep 2021 17:10:57 GMT\r\nConnection: keep-alive\r\nETag: \"613f8621-d8\"\r\nAccept-Ranges: bytes\r\n\r\n", iov_len=246}], 1) = 246
4121  sendfile(3, 10, [0] => [216], 216) = 216
4121  write(24, "unix: - - [28/Sep/2021:11:10:01 -0400] \"GET / HTTP/1.1\" 200 216 \"-\" \"curl/7.68.0\"\n", 82) = 82
4121  close(10)                         = 0
4121  epoll_wait(28, [{EPOLLIN|EPOLLHUP|EPOLLRDHUP, {u32=2322359216, u64=140653911368624}}], 512, 65000) = 1
4121  recvfrom(3, "", 1024, 0, NULL, NULL) = 0
4121  close(3)                          = 0
4121  epoll_wait(28,  <detached ...>
